[2019-10-08T08:13:42.013+0000][0.020s] Using Concurrent Mark Sweep
[2019-10-08T08:13:42.014+0000][0.020s] Heap address: 0x00000005c0000000, size: 8192 MB, Compressed Oops mode: Zero based, Oop shift amount: 3
[2019-10-08T08:13:46.041+0000][4.048s] GC(0) Pause Initial Mark
[2019-10-08T08:13:46.081+0000][4.087s] GC(0) Pause Initial Mark 518M->518M(7850M) 39.510ms
[2019-10-08T08:13:46.081+0000][4.087s] GC(0) User=0.08s Sys=0.01s Real=0.03s
[2019-10-08T08:13:46.086+0000][4.092s] GC(0) Concurrent Mark
[2019-10-08T08:13:46.086+0000][4.092s] GC(0) Using 4 workers of 4 for marking
[2019-10-08T08:13:46.114+0000][4.120s] GC(0) Concurrent Mark 27.718ms
[2019-10-08T08:13:46.114+0000][4.120s] GC(0) User=0.05s Sys=0.00s Real=0.03s
[2019-10-08T08:13:46.121+0000][4.128s] GC(0) Concurrent Preclean
[2019-10-08T08:13:46.156+0000][4.163s] GC(0) Concurrent Preclean 34.687ms
[2019-10-08T08:13:46.156+0000][4.163s] GC(0) User=0.07s Sys=0.00s Real=0.03s
[2019-10-08T08:13:46.156+0000][4.163s] GC(0) Concurrent Abortable Preclean
[2019-10-08T08:13:49.481+0000][7.488s] GC(1) Pause Young (Allocation Failure)
[2019-10-08T08:13:49.481+0000][7.488s] GC(1) Using 4 workers of 4 for evacuation
[2019-10-08T08:13:49.533+0000][7.539s] GC(1) ParNew: 1398144K->16369K(1747648K)
[2019-10-08T08:13:49.533+0000][7.539s] GC(1) CMS: 0K->0K(6291456K)
[2019-10-08T08:13:49.533+0000][7.539s] GC(1) Metaspace: 40473K->40473K(1087488K)
[2019-10-08T08:13:49.533+0000][7.539s] GC(1) Pause Young (Allocation Failure) 1365M->15M(7850M) 51.342ms
[2019-10-08T08:13:49.533+0000][7.539s] GC(1) User=0.19s Sys=0.00s Real=0.04s
[2019-10-08T08:13:51.810+0000][9.817s] GC(0) Concurrent Abortable Preclean 5654.074ms
[2019-10-08T08:13:51.810+0000][9.817s] GC(0) User=15.88s Sys=0.69s Real=5.65s
[2019-10-08T08:13:51.811+0000][9.817s] GC(0) Pause Remark
[2019-10-08T08:13:51.811+0000][9.817s] GC(2) Pause Young (CMS Final Remark)
[2019-10-08T08:13:51.811+0000][9.817s] GC(2) Using 4 workers of 4 for evacuation
[2019-10-08T08:13:51.880+0000][9.886s] GC(2) ParNew: 750640K->44421K(1747648K)
[2019-10-08T08:13:51.880+0000][9.886s] GC(2) CMS: 0K->0K(6291456K)
[2019-10-08T08:13:51.880+0000][9.886s] GC(2) Metaspace: 48137K->48137K(1093632K)
[2019-10-08T08:13:51.880+0000][9.886s] GC(2) Pause Young (CMS Final Remark) 733M->43M(7850M) 69.038ms
[2019-10-08T08:13:51.880+0000][9.886s] GC(2) User=0.23s Sys=0.03s Real=0.07s
[2019-10-08T08:13:51.910+0000][9.916s] GC(0) Pause Remark 733M->43M(7850M) 99.270ms
[2019-10-08T08:13:51.910+0000][9.916s] GC(0) User=0.30s Sys=0.03s Real=0.10s
[2019-10-08T08:13:51.923+0000][9.930s] GC(0) Concurrent Sweep
[2019-10-08T08:13:51.923+0000][9.930s] GC(0) Concurrent Sweep 0.046ms
[2019-10-08T08:13:51.923+0000][9.930s] GC(0) User=0.00s Sys=0.00s Real=0.00s
[2019-10-08T08:13:51.924+0000][9.930s] GC(0) Concurrent Reset
[2019-10-08T08:13:52.023+0000][10.029s] GC(0) Concurrent Reset 98.898ms
[2019-10-08T08:13:52.024+0000][10.031s] GC(0) User=0.31s Sys=0.06s Real=0.10s
[2019-10-08T08:13:52.025+0000][10.031s] GC(0) Old: 0K->0K(6291456K)
[2019-10-08T08:14:37.368+0000][55.776s] GC(3) Pause Young (Allocation Failure)
[2019-10-08T08:14:37.368+0000][55.776s] GC(3) Using 4 workers of 4 for evacuation
[2019-10-08T08:14:37.448+0000][55.855s] GC(3) ParNew: 1442565K->177424K(1747648K)
[2019-10-08T08:14:37.448+0000][55.855s] GC(3) CMS: 0K->0K(6291456K)
[2019-10-08T08:14:37.448+0000][55.855s] GC(3) Metaspace: 54884K->54884K(1099776K)
[2019-10-08T08:14:37.448+0000][55.855s] GC(3) Pause Young (Allocation Failure) 1408M->173M(7850M) 79.731ms
[2019-10-08T08:14:37.448+0000][55.855s] GC(3) User=0.25s Sys=0.07s Real=0.08s
[2019-10-08T08:15:44.943+0000][123.351s] GC(4) Pause Young (Allocation Failure)
[2019-10-08T08:15:44.943+0000][123.351s] GC(4) Using 4 workers of 4 for evacuation
[2019-10-08T08:15:45.030+0000][123.437s] GC(4) ParNew: 1575568K->305602K(1747648K)
[2019-10-08T08:15:45.030+0000][123.438s] GC(4) CMS: 0K->0K(6291456K)
[2019-10-08T08:15:45.030+0000][123.438s] GC(4) Metaspace: 55801K->55801K(1099776K)
[2019-10-08T08:15:45.030+0000][123.438s] GC(4) Pause Young (Allocation Failure) 1538M->298M(7850M) 86.986ms
[2019-10-08T08:15:45.030+0000][123.438s] GC(4) User=0.25s Sys=0.09s Real=0.08s
[2019-10-08T08:17:03.714+0000][202.122s] GC(5) Pause Young (Allocation Failure)
[2019-10-08T08:17:03.714+0000][202.122s] GC(5) Using 4 workers of 4 for evacuation
[2019-10-08T08:17:03.797+0000][202.204s] GC(5) ParNew: 1703746K->303919K(1747648K)
[2019-10-08T08:17:03.797+0000][202.204s] GC(5) CMS: 0K->0K(6291456K)
[2019-10-08T08:17:03.797+0000][202.204s] GC(5) Metaspace: 56609K->56609K(1101824K)
[2019-10-08T08:17:03.797+0000][202.204s] GC(5) Pause Young (Allocation Failure) 1663M->296M(7850M) 82.288ms
[2019-10-08T08:17:03.797+0000][202.204s] GC(5) User=0.28s Sys=0.05s Real=0.08s
[2019-10-08T08:18:38.644+0000][297.051s] GC(6) Pause Young (Allocation Failure)
[2019-10-08T08:18:38.644+0000][297.051s] GC(6) Using 4 workers of 4 for evacuation
[2019-10-08T08:18:38.733+0000][297.141s] GC(6) ParNew: 1702063K->349504K(1747648K)
[2019-10-08T08:18:38.733+0000][297.141s] GC(6) CMS: 0K->9750K(6291456K)
[2019-10-08T08:18:38.733+0000][297.141s] GC(6) Metaspace: 56925K->56925K(1101824K)
[2019-10-08T08:18:38.734+0000][297.141s] GC(6) Pause Young (Allocation Failure) 1662M->350M(7850M) 89.838ms
[2019-10-08T08:18:38.734+0000][297.141s] GC(6) User=0.28s Sys=0.07s Real=0.09s
[2019-10-08T08:20:06.949+0000][385.356s] GC(7) Pause Young (Allocation Failure)
[2019-10-08T08:20:06.949+0000][385.356s] GC(7) Using 4 workers of 4 for evacuation
[2019-10-08T08:20:07.036+0000][385.443s] GC(7) ParNew: 1747648K->349504K(1747648K)
[2019-10-08T08:20:07.036+0000][385.444s] GC(7) CMS: 9750K->9750K(6291456K)
[2019-10-08T08:20:07.036+0000][385.444s] GC(7) Metaspace: 57009K->57009K(1101824K)
[2019-10-08T08:20:07.036+0000][385.444s] GC(7) Pause Young (Allocation Failure) 1716M->350M(7850M) 87.253ms
[2019-10-08T08:20:07.036+0000][385.444s] GC(7) User=0.30s Sys=0.05s Real=0.09s
[2019-10-08T08:21:38.102+0000][476.510s] GC(8) Pause Young (Allocation Failure)
[2019-10-08T08:21:38.102+0000][476.510s] GC(8) Using 4 workers of 4 for evacuation
[2019-10-08T08:21:38.188+0000][476.596s] GC(8) ParNew: 1747648K->349504K(1747648K)
[2019-10-08T08:21:38.189+0000][476.596s] GC(8) CMS: 9750K->36526K(6291456K)
[2019-10-08T08:21:38.189+0000][476.596s] GC(8) Metaspace: 57022K->57022K(1101824K)
[2019-10-08T08:21:38.189+0000][476.596s] GC(8) Pause Young (Allocation Failure) 1716M->376M(7850M) 86.141ms
[2019-10-08T08:21:38.189+0000][476.596s] GC(8) User=0.29s Sys=0.05s Real=0.08s
[2019-10-08T08:23:03.366+0000][561.774s] GC(9) Pause Young (Allocation Failure)
[2019-10-08T08:23:03.367+0000][561.774s] GC(9) Using 4 workers of 4 for evacuation
[2019-10-08T08:23:03.529+0000][561.936s] GC(9) ParNew: 1747648K->349504K(1747648K)
[2019-10-08T08:23:03.529+0000][561.936s] GC(9) CMS: 36526K->138993K(6291456K)
[2019-10-08T08:23:03.529+0000][561.936s] GC(9) Metaspace: 57139K->57139K(1101824K)
[2019-10-08T08:23:03.529+0000][561.936s] GC(9) Pause Young (Allocation Failure) 1742M->477M(7850M) 162.157ms
[2019-10-08T08:23:03.529+0000][561.936s] GC(9) User=0.47s Sys=0.05s Real=0.16s
[2019-10-08T08:24:05.304+0000][623.712s] GC(10) Pause Young (Allocation Failure)
[2019-10-08T08:24:05.304+0000][623.712s] GC(10) Using 4 workers of 4 for evacuation
[2019-10-08T08:24:05.373+0000][623.780s] GC(10) ParNew: 1747648K->314587K(1747648K)
[2019-10-08T08:24:05.373+0000][623.780s] GC(10) CMS: 138993K->149846K(6291456K)
[2019-10-08T08:24:05.373+0000][623.780s] GC(10) Metaspace: 57413K->57413K(1101824K)
[2019-10-08T08:24:05.373+0000][623.780s] GC(10) Pause Young (Allocation Failure) 1842M->453M(7850M) 68.593ms
[2019-10-08T08:24:05.373+0000][623.780s] GC(10) User=0.26s Sys=0.00s Real=0.07s
[2019-10-08T08:25:38.796+0000][717.203s] GC(11) Pause Young (Allocation Failure)
[2019-10-08T08:25:38.796+0000][717.203s] GC(11) Using 4 workers of 4 for evacuation
[2019-10-08T08:25:38.872+0000][717.279s] GC(11) ParNew: 1712731K->228789K(1747648K)
[2019-10-08T08:25:38.872+0000][717.279s] GC(11) CMS: 149846K->217264K(6291456K)
[2019-10-08T08:25:38.872+0000][717.279s] GC(11) Metaspace: 57486K->57486K(1101824K)
[2019-10-08T08:25:38.872+0000][717.279s] GC(11) Pause Young (Allocation Failure) 1818M->435M(7850M) 75.740ms
[2019-10-08T08:25:38.872+0000][717.279s] GC(11) User=0.28s Sys=0.02s Real=0.07s
[2019-10-08T08:27:07.766+0000][806.173s] GC(12) Pause Young (Allocation Failure)
[2019-10-08T08:27:07.766+0000][806.174s] GC(12) Using 4 workers of 4 for evacuation
[2019-10-08T08:27:07.814+0000][806.221s] GC(12) ParNew: 1626933K->199167K(1747648K)
[2019-10-08T08:27:07.814+0000][806.221s] GC(12) CMS: 217264K->246949K(6291456K)
[2019-10-08T08:27:07.814+0000][806.221s] GC(12) Metaspace: 57539K->57539K(1101824K)
[2019-10-08T08:27:07.814+0000][806.221s] GC(12) Pause Young (Allocation Failure) 1800M->435M(7850M) 48.008ms
[2019-10-08T08:27:07.814+0000][806.221s] GC(12) User=0.17s Sys=0.03s Real=0.05s
[2019-10-08T08:28:33.386+0000][891.793s] GC(13) Pause Young (Allocation Failure)
[2019-10-08T08:28:33.386+0000][891.793s] GC(13) Using 4 workers of 4 for evacuation
[2019-10-08T08:28:33.428+0000][891.836s] GC(13) ParNew: 1597311K->213212K(1747648K)
[2019-10-08T08:28:33.428+0000][891.836s] GC(13) CMS: 246949K->270357K(6291456K)
[2019-10-08T08:28:33.428+0000][891.836s] GC(13) Metaspace: 57575K->57575K(1101824K)
[2019-10-08T08:28:33.429+0000][891.836s] GC(13) Pause Young (Allocation Failure) 1801M->472M(7850M) 42.875ms
[2019-10-08T08:28:33.429+0000][891.836s] GC(13) User=0.14s Sys=0.02s Real=0.04s
[2019-10-08T08:30:07.749+0000][986.156s] GC(14) Pause Young (Allocation Failure)
[2019-10-08T08:30:07.749+0000][986.157s] GC(14) Using 4 workers of 4 for evacuation
[2019-10-08T08:30:07.789+0000][986.196s] GC(14) ParNew: 1611356K->140992K(1747648K)
[2019-10-08T08:30:07.789+0000][986.197s] GC(14) CMS: 270357K->294930K(6291456K)
[2019-10-08T08:30:07.789+0000][986.197s] GC(14) Metaspace: 57621K->57621K(1101824K)
[2019-10-08T08:30:07.789+0000][986.197s] GC(14) Pause Young (Allocation Failure) 1837M->425M(7850M) 40.104ms
[2019-10-08T08:30:07.789+0000][986.197s] GC(14) User=0.14s Sys=0.02s Real=0.04s
[2019-10-08T08:31:47.365+0000][1085.772s] GC(15) Pause Young (Allocation Failure)
[2019-10-08T08:31:47.365+0000][1085.772s] GC(15) Using 4 workers of 4 for evacuation
[2019-10-08T08:31:47.401+0000][1085.808s] GC(15) ParNew: 1539136K->157658K(1747648K)
[2019-10-08T08:31:47.401+0000][1085.808s] GC(15) CMS: 294930K->295074K(6291456K)
[2019-10-08T08:31:47.401+0000][1085.808s] GC(15) Metaspace: 57652K->57652K(1101824K)
[2019-10-08T08:31:47.401+0000][1085.808s] GC(15) Pause Young (Allocation Failure) 1791M->442M(7850M) 35.821ms
[2019-10-08T08:31:47.401+0000][1085.808s] GC(15) User=0.14s Sys=0.00s Real=0.04s
[2019-10-08T08:33:14.893+0000][1173.300s] GC(16) Pause Young (Allocation Failure)
[2019-10-08T08:33:14.893+0000][1173.300s] GC(16) Using 4 workers of 4 for evacuation
[2019-10-08T08:33:14.930+0000][1173.337s] GC(16) ParNew: 1555802K->160420K(1747648K)
[2019-10-08T08:33:14.930+0000][1173.337s] GC(16) CMS: 295074K->295252K(6291456K)
[2019-10-08T08:33:14.930+0000][1173.337s] GC(16) Metaspace: 57683K->57683K(1101824K)
[2019-10-08T08:33:14.930+0000][1173.337s] GC(16) Pause Young (Allocation Failure) 1807M->444M(7850M) 37.322ms
[2019-10-08T08:33:14.930+0000][1173.337s] GC(16) User=0.15s Sys=0.00s Real=0.03s
[2019-10-08T08:34:37.985+0000][1256.393s] GC(17) Pause Young (Allocation Failure)
[2019-10-08T08:34:37.985+0000][1256.393s] GC(17) Using 4 workers of 4 for evacuation
[2019-10-08T08:34:38.025+0000][1256.433s] GC(17) ParNew: 1558564K->108815K(1747648K)
[2019-10-08T08:34:38.025+0000][1256.433s] GC(17) CMS: 295252K->332533K(6291456K)
[2019-10-08T08:34:38.025+0000][1256.433s] GC(17) Metaspace: 57734K->57734K(1101824K)
[2019-10-08T08:34:38.025+0000][1256.433s] GC(17) Pause Young (Allocation Failure) 1810M->431M(7850M) 39.983ms
[2019-10-08T08:34:38.025+0000][1256.433s] GC(17) User=0.13s Sys=0.02s Real=0.04s
[2019-10-08T08:36:07.971+0000][1346.378s] GC(18) Pause Young (Allocation Failure)
[2019-10-08T08:36:07.971+0000][1346.378s] GC(18) Using 4 workers of 4 for evacuation
[2019-10-08T08:36:08.003+0000][1346.410s] GC(18) ParNew: 1506959K->89913K(1747648K)
[2019-10-08T08:36:08.003+0000][1346.410s] GC(18) CMS: 332533K->333019K(6291456K)
[2019-10-08T08:36:08.003+0000][1346.410s] GC(18) Metaspace: 57743K->57743K(1101824K)
[2019-10-08T08:36:08.003+0000][1346.410s] GC(18) Pause Young (Allocation Failure) 1796M->413M(7850M) 32.182ms
[2019-10-08T08:36:08.003+0000][1346.410s] GC(18) User=0.12s Sys=0.00s Real=0.04s
[2019-10-08T08:37:11.345+0000][1409.753s] GC(19) Pause Young (Allocation Failure)
[2019-10-08T08:37:11.345+0000][1409.753s] GC(19) Using 4 workers of 4 for evacuation
[2019-10-08T08:37:11.379+0000][1409.787s] GC(19) ParNew: 1488057K->116229K(1747648K)
[2019-10-08T08:37:11.379+0000][1409.787s] GC(19) CMS: 333019K->333347K(6291456K)
[2019-10-08T08:37:11.379+0000][1409.787s] GC(19) Metaspace: 57746K->57746K(1101824K)
[2019-10-08T08:37:11.379+0000][1409.787s] GC(19) Pause Young (Allocation Failure) 1778M->439M(7850M) 33.853ms
[2019-10-08T08:37:11.379+0000][1409.787s] GC(19) User=0.13s Sys=0.00s Real=0.03s
[2019-10-08T08:38:28.811+0000][1487.218s] GC(20) Pause Young (Allocation Failure)
[2019-10-08T08:38:28.811+0000][1487.219s] GC(20) Using 4 workers of 4 for evacuation
[2019-10-08T08:38:28.847+0000][1487.255s] GC(20) ParNew: 1514373K->53933K(1747648K)
[2019-10-08T08:38:28.847+0000][1487.255s] GC(20) CMS: 333347K->377283K(6291456K)
[2019-10-08T08:38:28.847+0000][1487.255s] GC(20) Metaspace: 57766K->57766K(1101824K)
[2019-10-08T08:38:28.847+0000][1487.255s] GC(20) Pause Young (Allocation Failure) 1804M->421M(7850M) 36.299ms
[2019-10-08T08:38:28.847+0000][1487.255s] GC(20) User=0.12s Sys=0.03s Real=0.04s
[2019-10-08T08:40:06.028+0000][1584.435s] GC(21) Pause Young (Allocation Failure)
[2019-10-08T08:40:06.028+0000][1584.435s] GC(21) Using 4 workers of 4 for evacuation
[2019-10-08T08:40:06.053+0000][1584.461s] GC(21) ParNew: 1452077K->43710K(1747648K)
[2019-10-08T08:40:06.053+0000][1584.461s] GC(21) CMS: 377283K->377408K(6291456K)
[2019-10-08T08:40:06.053+0000][1584.461s] GC(21) Metaspace: 57766K->57766K(1101824K)
[2019-10-08T08:40:06.053+0000][1584.461s] GC(21) Pause Young (Allocation Failure) 1786M->411M(7850M) 25.832ms
[2019-10-08T08:40:06.053+0000][1584.461s] GC(21) User=0.09s Sys=0.00s Real=0.03s
[2019-10-08T08:41:16.090+0000][1654.498s] GC(22) Pause Young (Allocation Failure)
[2019-10-08T08:41:16.091+0000][1654.498s] GC(22) Using 4 workers of 4 for evacuation
[2019-10-08T08:41:16.114+0000][1654.522s] GC(22) ParNew: 1441854K->37878K(1747648K)
[2019-10-08T08:41:16.115+0000][1654.522s] GC(22) CMS: 377408K->377548K(6291456K)
[2019-10-08T08:41:16.115+0000][1654.522s] GC(22) Metaspace: 57771K->57771K(1101824K)
[2019-10-08T08:41:16.115+0000][1654.522s] GC(22) Pause Young (Allocation Failure) 1776M->405M(7850M) 24.065ms
[2019-10-08T08:41:16.115+0000][1654.522s] GC(22) User=0.09s Sys=0.00s Real=0.03s
[2019-10-08T08:42:41.620+0000][1740.028s] GC(23) Pause Young (Allocation Failure)
[2019-10-08T08:42:41.620+0000][1740.028s] GC(23) Using 4 workers of 4 for evacuation
[2019-10-08T08:42:41.645+0000][1740.053s] GC(23) ParNew: 1436022K->44988K(1747648K)
[2019-10-08T08:42:41.646+0000][1740.053s] GC(23) CMS: 377548K->377666K(6291456K)
[2019-10-08T08:42:41.646+0000][1740.053s] GC(23) Metaspace: 57782K->57782K(1101824K)
[2019-10-08T08:42:41.646+0000][1740.053s] GC(23) Pause Young (Allocation Failure) 1771M->412M(7850M) 25.165ms
[2019-10-08T08:42:41.646+0000][1740.053s] GC(23) User=0.09s Sys=0.00s Real=0.02s
[2019-10-08T08:44:00.418+0000][1818.826s] GC(24) Pause Young (Allocation Failure)
[2019-10-08T08:44:00.418+0000][1818.826s] GC(24) Using 4 workers of 4 for evacuation
[2019-10-08T08:44:00.449+0000][1818.857s] GC(24) ParNew: 1443132K->52032K(1747648K)
[2019-10-08T08:44:00.449+0000][1818.857s] GC(24) CMS: 377666K->377827K(6291456K)
[2019-10-08T08:44:00.449+0000][1818.857s] GC(24) Metaspace: 57797K->57797K(1101824K)
[2019-10-08T08:44:00.449+0000][1818.857s] GC(24) Pause Young (Allocation Failure) 1778M->419M(7850M) 31.216ms
[2019-10-08T08:44:00.449+0000][1818.857s] GC(24) User=0.10s Sys=0.00s Real=0.03s
[2019-10-08T08:45:21.943+0000][1900.351s] GC(25) Pause Young (Allocation Failure)
[2019-10-08T08:45:21.943+0000][1900.351s] GC(25) Using 4 workers of 4 for evacuation
[2019-10-08T08:45:21.969+0000][1900.377s] GC(25) ParNew: 1450176K->41785K(1747648K)
[2019-10-08T08:45:21.969+0000][1900.377s] GC(25) CMS: 377827K->378599K(6291456K)
[2019-10-08T08:45:21.969+0000][1900.377s] GC(25) Metaspace: 57840K->57840K(1101824K)
[2019-10-08T08:45:21.969+0000][1900.377s] GC(25) Pause Young (Allocation Failure) 1785M->410M(7850M) 25.847ms
[2019-10-08T08:45:21.969+0000][1900.377s] GC(25) User=0.10s Sys=0.00s Real=0.02s
[2019-10-08T08:46:46.608+0000][1985.016s] GC(26) Pause Young (Allocation Failure)
[2019-10-08T08:46:46.609+0000][1985.016s] GC(26) Using 4 workers of 4 for evacuation
[2019-10-08T08:46:46.636+0000][1985.044s] GC(26) ParNew: 1439929K->42895K(1747648K)
[2019-10-08T08:46:46.636+0000][1985.044s] GC(26) CMS: 378599K->378830K(6291456K)
[2019-10-08T08:46:46.636+0000][1985.044s] GC(26) Metaspace: 57848K->57848K(1101824K)
[2019-10-08T08:46:46.636+0000][1985.044s] GC(26) Pause Young (Allocation Failure) 1775M->411M(7850M) 27.788ms
[2019-10-08T08:46:46.636+0000][1985.044s] GC(26) User=0.10s Sys=0.00s Real=0.03s
[2019-10-08T08:48:07.440+0000][2065.848s] GC(27) Pause Young (Allocation Failure)
[2019-10-08T08:48:07.440+0000][2065.848s] GC(27) Using 4 workers of 4 for evacuation
[2019-10-08T08:48:07.469+0000][2065.876s] GC(27) ParNew: 1441039K->41146K(1747648K)
[2019-10-08T08:48:07.469+0000][2065.876s] GC(27) CMS: 378830K->378964K(6291456K)
[2019-10-08T08:48:07.469+0000][2065.876s] GC(27) Metaspace: 57860K->57860K(1101824K)
[2019-10-08T08:48:07.469+0000][2065.876s] GC(27) Pause Young (Allocation Failure) 1777M->410M(7850M) 28.301ms
[2019-10-08T08:48:07.469+0000][2065.876s] GC(27) User=0.11s Sys=0.00s Real=0.02s
[2019-10-08T08:49:23.326+0000][2141.733s] GC(28) Pause Young (Allocation Failure)
[2019-10-08T08:49:23.326+0000][2141.733s] GC(28) Using 4 workers of 4 for evacuation
[2019-10-08T08:49:23.350+0000][2141.758s] GC(28) ParNew: 1439290K->50611K(1747648K)
[2019-10-08T08:49:23.350+0000][2141.758s] GC(28) CMS: 378964K->379097K(6291456K)
[2019-10-08T08:49:23.350+0000][2141.758s] GC(28) Metaspace: 57895K->57895K(1101824K)
[2019-10-08T08:49:23.351+0000][2141.758s] GC(28) Pause Young (Allocation Failure) 1775M->419M(7850M) 24.599ms
[2019-10-08T08:49:23.351+0000][2141.758s] GC(28) User=0.10s Sys=0.00s Real=0.02s
[2019-10-08T08:50:37.058+0000][2215.465s] GC(29) Pause Young (Allocation Failure)
[2019-10-08T08:50:37.058+0000][2215.466s] GC(29) Using 4 workers of 4 for evacuation
[2019-10-08T08:50:37.084+0000][2215.492s] GC(29) ParNew: 1448755K->38644K(1747648K)
[2019-10-08T08:50:37.084+0000][2215.492s] GC(29) CMS: 379097K->381167K(6291456K)
[2019-10-08T08:50:37.084+0000][2215.492s] GC(29) Metaspace: 57944K->57944K(1101824K)
[2019-10-08T08:50:37.084+0000][2215.492s] GC(29) Pause Young (Allocation Failure) 1785M->409M(7850M) 26.261ms
[2019-10-08T08:50:37.084+0000][2215.492s] GC(29) User=0.11s Sys=0.00s Real=0.03s
[2019-10-08T08:51:59.277+0000][2297.684s] GC(30) Pause Young (Allocation Failure)
[2019-10-08T08:51:59.277+0000][2297.684s] GC(30) Using 4 workers of 4 for evacuation
[2019-10-08T08:51:59.302+0000][2297.710s] GC(30) ParNew: 1436788K->47655K(1747648K)
[2019-10-08T08:51:59.302+0000][2297.710s] GC(30) CMS: 381167K->381281K(6291456K)
[2019-10-08T08:51:59.302+0000][2297.710s] GC(30) Metaspace: 57958K->57958K(1101824K)
[2019-10-08T08:51:59.302+0000][2297.710s] GC(30) Pause Young (Allocation Failure) 1775M->418M(7850M) 25.181ms
[2019-10-08T08:51:59.302+0000][2297.710s] GC(30) User=0.09s Sys=0.00s Real=0.03s
[2019-10-08T08:53:16.271+0000][2374.679s] GC(31) Pause Young (Allocation Failure)
[2019-10-08T08:53:16.271+0000][2374.679s] GC(31) Using 4 workers of 4 for evacuation
[2019-10-08T08:53:16.298+0000][2374.706s] GC(31) ParNew: 1445799K->40049K(1747648K)
[2019-10-08T08:53:16.298+0000][2374.706s] GC(31) CMS: 381281K->381606K(6291456K)
[2019-10-08T08:53:16.298+0000][2374.706s] GC(31) Metaspace: 57971K->57971K(1101824K)
[2019-10-08T08:53:16.298+0000][2374.706s] GC(31) Pause Young (Allocation Failure) 1784M->411M(7850M) 27.270ms
[2019-10-08T08:53:16.298+0000][2374.706s] GC(31) User=0.10s Sys=0.00s Real=0.03s
[2019-10-08T08:54:25.400+0000][2443.807s] GC(32) Pause Young (Allocation Failure)
[2019-10-08T08:54:25.400+0000][2443.807s] GC(32) Using 4 workers of 4 for evacuation
[2019-10-08T08:54:25.433+0000][2443.840s] GC(32) ParNew: 1438193K->40938K(1747648K)
[2019-10-08T08:54:25.433+0000][2443.840s] GC(32) CMS: 381606K->381819K(6291456K)
[2019-10-08T08:54:25.433+0000][2443.840s] GC(32) Metaspace: 57982K->57982K(1101824K)
[2019-10-08T08:54:25.433+0000][2443.840s] GC(32) Pause Young (Allocation Failure) 1777M->412M(7850M) 33.386ms
[2019-10-08T08:54:25.433+0000][2443.840s] GC(32) User=0.10s Sys=0.00s Real=0.04s
[2019-10-08T08:55:35.192+0000][2513.599s] GC(33) Pause Young (Allocation Failure)
[2019-10-08T08:55:35.192+0000][2513.599s] GC(33) Using 4 workers of 4 for evacuation
[2019-10-08T08:55:35.217+0000][2513.624s] GC(33) ParNew: 1439082K->40307K(1747648K)
[2019-10-08T08:55:35.217+0000][2513.624s] GC(33) CMS: 381819K->382415K(6291456K)
[2019-10-08T08:55:35.217+0000][2513.624s] GC(33) Metaspace: 57986K->57986K(1101824K)
[2019-10-08T08:55:35.217+0000][2513.624s] GC(33) Pause Young (Allocation Failure) 1778M->412M(7850M) 24.998ms
[2019-10-08T08:55:35.217+0000][2513.624s] GC(33) User=0.10s Sys=0.00s Real=0.03s
[2019-10-08T08:56:58.701+0000][2597.108s] GC(34) Pause Young (Allocation Failure)
[2019-10-08T08:56:58.701+0000][2597.108s] GC(34) Using 4 workers of 4 for evacuation
[2019-10-08T08:56:58.726+0000][2597.133s] GC(34) ParNew: 1438451K->38820K(1747648K)
[2019-10-08T08:56:58.726+0000][2597.133s] GC(34) CMS: 382415K->383931K(6291456K)
[2019-10-08T08:56:58.726+0000][2597.133s] GC(34) Metaspace: 58001K->58001K(1101824K)
[2019-10-08T08:56:58.726+0000][2597.133s] GC(34) Pause Young (Allocation Failure) 1778M->412M(7850M) 25.478ms
[2019-10-08T08:56:58.726+0000][2597.133s] GC(34) User=0.10s Sys=0.00s Real=0.02s
[2019-10-08T08:58:12.171+0000][2670.578s] GC(35) Pause Young (Allocation Failure)
[2019-10-08T08:58:12.171+0000][2670.578s] GC(35) Using 4 workers of 4 for evacuation
[2019-10-08T08:58:12.197+0000][2670.604s] GC(35) ParNew: 1436964K->32205K(1747648K)
[2019-10-08T08:58:12.197+0000][2670.604s] GC(35) CMS: 383931K->385604K(6291456K)
[2019-10-08T08:58:12.197+0000][2670.604s] GC(35) Metaspace: 58008K->58008K(1101824K)
[2019-10-08T08:58:12.197+0000][2670.604s] GC(35) Pause Young (Allocation Failure) 1778M->408M(7850M) 26.021ms
[2019-10-08T08:58:12.197+0000][2670.604s] GC(35) User=0.09s Sys=0.00s Real=0.03s
[2019-10-08T08:59:43.287+0000][2761.694s] GC(36) Pause Young (Allocation Failure)
[2019-10-08T08:59:43.287+0000][2761.694s] GC(36) Using 4 workers of 4 for evacuation
[2019-10-08T08:59:43.313+0000][2761.720s] GC(36) ParNew: 1430349K->37251K(1747648K)
[2019-10-08T08:59:43.313+0000][2761.720s] GC(36) CMS: 385604K->386059K(6291456K)
[2019-10-08T08:59:43.313+0000][2761.720s] GC(36) Metaspace: 58062K->58062K(1103872K)
[2019-10-08T08:59:43.313+0000][2761.720s] GC(36) Pause Young (Allocation Failure) 1773M->413M(7850M) 25.667ms
[2019-10-08T08:59:43.313+0000][2761.720s] GC(36) User=0.10s Sys=0.00s Real=0.03s
[2019-10-08T09:01:03.374+0000][2841.781s] GC(37) Pause Young (Allocation Failure)
[2019-10-08T09:01:03.374+0000][2841.781s] GC(37) Using 4 workers of 4 for evacuation
[2019-10-08T09:01:03.398+0000][2841.805s] GC(37) ParNew: 1435395K->42513K(1747648K)
[2019-10-08T09:01:03.398+0000][2841.806s] GC(37) CMS: 386059K->386203K(6291456K)
[2019-10-08T09:01:03.398+0000][2841.806s] GC(37) Metaspace: 58076K->58076K(1103872K)
[2019-10-08T09:01:03.398+0000][2841.806s] GC(37) Pause Young (Allocation Failure) 1778M->418M(7850M) 24.154ms
[2019-10-08T09:01:03.398+0000][2841.806s] GC(37) User=0.10s Sys=0.00s Real=0.02s
[2019-10-08T09:02:30.304+0000][2928.712s] GC(38) Pause Young (Allocation Failure)
[2019-10-08T09:02:30.304+0000][2928.712s] GC(38) Using 4 workers of 4 for evacuation
[2019-10-08T09:02:30.329+0000][2928.736s] GC(38) ParNew: 1440657K->41589K(1747648K)
[2019-10-08T09:02:30.329+0000][2928.736s] GC(38) CMS: 386203K->386385K(6291456K)
[2019-10-08T09:02:30.329+0000][2928.736s] GC(38) Metaspace: 58080K->58080K(1103872K)
[2019-10-08T09:02:30.329+0000][2928.736s] GC(38) Pause Young (Allocation Failure) 1784M->417M(7850M) 24.672ms
[2019-10-08T09:02:30.329+0000][2928.736s] GC(38) User=0.09s Sys=0.00s Real=0.02s
[2019-10-08T09:04:00.561+0000][3018.969s] GC(39) Pause Young (Allocation Failure)
[2019-10-08T09:04:00.561+0000][3018.969s] GC(39) Using 4 workers of 4 for evacuation
[2019-10-08T09:04:00.588+0000][3018.995s] GC(39) ParNew: 1439733K->43693K(1747648K)
[2019-10-08T09:04:00.588+0000][3018.995s] GC(39) CMS: 386385K->386626K(6291456K)
[2019-10-08T09:04:00.588+0000][3018.995s] GC(39) Metaspace: 58107K->58107K(1103872K)
[2019-10-08T09:04:00.588+0000][3018.995s] GC(39) Pause Young (Allocation Failure) 1783M->420M(7850M) 26.318ms
[2019-10-08T09:04:00.588+0000][3018.995s] GC(39) User=0.11s Sys=0.00s Real=0.02s
[2019-10-08T09:05:14.511+0000][3092.918s] GC(40) Pause Young (Allocation Failure)
[2019-10-08T09:05:14.511+0000][3092.918s] GC(40) Using 4 workers of 4 for evacuation
[2019-10-08T09:05:14.537+0000][3092.944s] GC(40) ParNew: 1441837K->44219K(1747648K)
[2019-10-08T09:05:14.537+0000][3092.944s] GC(40) CMS: 386626K->387305K(6291456K)
[2019-10-08T09:05:14.537+0000][3092.944s] GC(40) Metaspace: 58131K->58131K(1103872K)
[2019-10-08T09:05:14.537+0000][3092.944s] GC(40) Pause Young (Allocation Failure) 1785M->421M(7850M) 25.768ms
[2019-10-08T09:05:14.537+0000][3092.944s] GC(40) User=0.10s Sys=0.00s Real=0.03s
[2019-10-08T09:06:39.350+0000][3177.757s] GC(41) Pause Young (Allocation Failure)
[2019-10-08T09:06:39.350+0000][3177.757s] GC(41) Using 4 workers of 4 for evacuation
[2019-10-08T09:06:39.375+0000][3177.783s] GC(41) ParNew: 1442363K->43978K(1747648K)
[2019-10-08T09:06:39.375+0000][3177.783s] GC(41) CMS: 387305K->387500K(6291456K)
[2019-10-08T09:06:39.375+0000][3177.783s] GC(41) Metaspace: 58132K->58132K(1103872K)
[2019-10-08T09:06:39.375+0000][3177.783s] GC(41) Pause Young (Allocation Failure) 1786M->421M(7850M) 25.718ms
[2019-10-08T09:06:39.375+0000][3177.783s] GC(41) User=0.10s Sys=0.00s Real=0.03s
[2019-10-08T09:07:56.652+0000][3255.059s] GC(42) Pause Young (Allocation Failure)
[2019-10-08T09:07:56.652+0000][3255.060s] GC(42) Using 4 workers of 4 for evacuation
[2019-10-08T09:07:56.679+0000][3255.087s] GC(42) ParNew: 1442122K->46306K(1747648K)
[2019-10-08T09:07:56.679+0000][3255.087s] GC(42) CMS: 387500K->387694K(6291456K)
[2019-10-08T09:07:56.679+0000][3255.087s] GC(42) Metaspace: 58145K->58145K(1103872K)
[2019-10-08T09:07:56.679+0000][3255.087s] GC(42) Pause Young (Allocation Failure) 1786M->423M(7850M) 27.151ms
[2019-10-08T09:07:56.679+0000][3255.087s] GC(42) User=0.11s Sys=0.00s Real=0.03s
[2019-10-08T09:09:28.497+0000][3346.904s] GC(43) Pause Young (Allocation Failure)
[2019-10-08T09:09:28.497+0000][3346.905s] GC(43) Using 4 workers of 4 for evacuation
[2019-10-08T09:09:28.524+0000][3346.931s] GC(43) ParNew: 1444450K->49497K(1747648K)
[2019-10-08T09:09:28.524+0000][3346.931s] GC(43) CMS: 387694K->387861K(6291456K)
[2019-10-08T09:09:28.524+0000][3346.931s] GC(43) Metaspace: 58145K->58145K(1103872K)
[2019-10-08T09:09:28.524+0000][3346.931s] GC(43) Pause Young (Allocation Failure) 1789M->427M(7850M) 26.630ms
[2019-10-08T09:09:28.524+0000][3346.931s] GC(43) User=0.10s Sys=0.00s Real=0.03s
[2019-10-08T09:10:48.412+0000][3426.819s] GC(44) Pause Young (Allocation Failure)
[2019-10-08T09:10:48.412+0000][3426.819s] GC(44) Using 4 workers of 4 for evacuation
[2019-10-08T09:10:48.448+0000][3426.855s] GC(44) ParNew: 1447641K->49100K(1747648K)
[2019-10-08T09:10:48.448+0000][3426.855s] GC(44) CMS: 387861K->388115K(6291456K)
[2019-10-08T09:10:48.448+0000][3426.855s] GC(44) Metaspace: 58174K->58174K(1103872K)
[2019-10-08T09:10:48.448+0000][3426.855s] GC(44) Pause Young (Allocation Failure) 1792M->426M(7850M) 36.395ms
[2019-10-08T09:10:48.448+0000][3426.855s] GC(44) User=0.11s Sys=0.00s Real=0.04s
[2019-10-08T09:12:06.684+0000][3505.091s] GC(45) Pause Young (Allocation Failure)
[2019-10-08T09:12:06.684+0000][3505.091s] GC(45) Using 4 workers of 4 for evacuation
[2019-10-08T09:12:06.711+0000][3505.118s] GC(45) ParNew: 1447244K->54112K(1747648K)
[2019-10-08T09:12:06.711+0000][3505.118s] GC(45) CMS: 388115K->388278K(6291456K)
[2019-10-08T09:12:06.711+0000][3505.118s] GC(45) Metaspace: 58174K->58174K(1103872K)
[2019-10-08T09:12:06.711+0000][3505.118s] GC(45) Pause Young (Allocation Failure) 1792M->432M(7850M) 26.961ms
[2019-10-08T09:12:06.711+0000][3505.118s] GC(45) User=0.11s Sys=0.00s Real=0.02s
[2019-10-08T09:13:36.783+0000][3595.190s] GC(46) Pause Young (Allocation Failure)
[2019-10-08T09:13:36.783+0000][3595.190s] GC(46) Using 4 workers of 4 for evacuation
[2019-10-08T09:13:36.808+0000][3595.215s] GC(46) ParNew: 1452256K->45247K(1747648K)
[2019-10-08T09:13:36.808+0000][3595.215s] GC(46) CMS: 388278K->388469K(6291456K)
[2019-10-08T09:13:36.808+0000][3595.215s] GC(46) Metaspace: 58178K->58178K(1103872K)
[2019-10-08T09:13:36.808+0000][3595.215s] GC(46) Pause Young (Allocation Failure) 1797M->423M(7850M) 25.261ms
[2019-10-08T09:13:36.808+0000][3595.215s] GC(46) User=0.10s Sys=0.00s Real=0.02s
[2019-10-08T09:14:55.105+0000][3673.512s] GC(47) Pause Young (Allocation Failure)
[2019-10-08T09:14:55.105+0000][3673.512s] GC(47) Using 4 workers of 4 for evacuation
[2019-10-08T09:14:55.135+0000][3673.542s] GC(47) ParNew: 1443391K->45501K(1747648K)
[2019-10-08T09:14:55.135+0000][3673.542s] GC(47) CMS: 388469K->388710K(6291456K)
[2019-10-08T09:14:55.135+0000][3673.542s] GC(47) Metaspace: 58196K->58196K(1103872K)
[2019-10-08T09:14:55.135+0000][3673.542s] GC(47) Pause Young (Allocation Failure) 1788M->424M(7850M) 30.463ms
[2019-10-08T09:14:55.135+0000][3673.542s] GC(47) User=0.12s Sys=0.00s Real=0.03s
[2019-10-08T09:16:24.982+0000][3763.390s] GC(48) Pause Young (Allocation Failure)
[2019-10-08T09:16:24.982+0000][3763.390s] GC(48) Using 4 workers of 4 for evacuation
[2019-10-08T09:16:25.012+0000][3763.420s] GC(48) ParNew: 1443645K->51939K(1747648K)
[2019-10-08T09:16:25.012+0000][3763.420s] GC(48) CMS: 388710K->389378K(6291456K)
[2019-10-08T09:16:25.012+0000][3763.420s] GC(48) Metaspace: 58209K->58209K(1103872K)
[2019-10-08T09:16:25.012+0000][3763.420s] GC(48) Pause Young (Allocation Failure) 1789M->430M(7850M) 30.111ms
[2019-10-08T09:16:25.012+0000][3763.420s] GC(48) User=0.12s Sys=0.00s Real=0.03s
[2019-10-08T09:17:51.056+0000][3849.463s] GC(49) Pause Young (Allocation Failure)
[2019-10-08T09:17:51.056+0000][3849.463s] GC(49) Using 4 workers of 4 for evacuation
[2019-10-08T09:17:51.085+0000][3849.492s] GC(49) ParNew: 1450083K->58930K(1747648K)
[2019-10-08T09:17:51.085+0000][3849.492s] GC(49) CMS: 389378K->389591K(6291456K)
[2019-10-08T09:17:51.085+0000][3849.492s] GC(49) Metaspace: 58212K->58212K(1103872K)
[2019-10-08T09:17:51.085+0000][3849.492s] GC(49) Pause Young (Allocation Failure) 1796M->438M(7850M) 28.956ms
[2019-10-08T09:17:51.085+0000][3849.492s] GC(49) User=0.12s Sys=0.00s Real=0.03s
[2019-10-08T09:19:15.036+0000][3933.444s] GC(50) Pause Young (Allocation Failure)
[2019-10-08T09:19:15.036+0000][3933.444s] GC(50) Using 4 workers of 4 for evacuation
[2019-10-08T09:19:15.065+0000][3933.472s] GC(50) ParNew: 1457074K->43803K(1747648K)
[2019-10-08T09:19:15.065+0000][3933.472s] GC(50) CMS: 389591K->389739K(6291456K)
[2019-10-08T09:19:15.065+0000][3933.472s] GC(50) Metaspace: 58212K->58212K(1103872K)
[2019-10-08T09:19:15.065+0000][3933.472s] GC(50) Pause Young (Allocation Failure) 1803M->423M(7850M) 28.574ms
[2019-10-08T09:19:15.065+0000][3933.472s] GC(50) User=0.11s Sys=0.01s Real=0.03s
[2019-10-08T09:20:45.780+0000][4024.188s] GC(51) Pause Young (Allocation Failure)
[2019-10-08T09:20:45.780+0000][4024.188s] GC(51) Using 4 workers of 4 for evacuation
[2019-10-08T09:20:45.809+0000][4024.217s] GC(51) ParNew: 1441947K->48692K(1747648K)
[2019-10-08T09:20:45.809+0000][4024.217s] GC(51) CMS: 389739K->389982K(6291456K)
[2019-10-08T09:20:45.809+0000][4024.217s] GC(51) Metaspace: 58217K->58217K(1103872K)
[2019-10-08T09:20:45.810+0000][4024.217s] GC(51) Pause Young (Allocation Failure) 1788M->428M(7850M) 29.361ms
[2019-10-08T09:20:45.810+0000][4024.217s] GC(51) User=0.11s Sys=0.00s Real=0.02s
[2019-10-08T09:22:15.643+0000][4114.051s] GC(52) Pause Young (Allocation Failure)
[2019-10-08T09:22:15.643+0000][4114.051s] GC(52) Using 4 workers of 4 for evacuation
[2019-10-08T09:22:15.673+0000][4114.081s] GC(52) ParNew: 1446836K->49245K(1747648K)
[2019-10-08T09:22:15.673+0000][4114.081s] GC(52) CMS: 389982K->390257K(6291456K)
[2019-10-08T09:22:15.673+0000][4114.081s] GC(52) Metaspace: 58217K->58217K(1103872K)
[2019-10-08T09:22:15.673+0000][4114.081s] GC(52) Pause Young (Allocation Failure) 1793M->429M(7850M) 30.291ms
[2019-10-08T09:22:15.673+0000][4114.081s] GC(52) User=0.11s Sys=0.00s Real=0.03s
[2019-10-08T09:23:33.034+0000][4191.442s] GC(53) Pause Young (Allocation Failure)
[2019-10-08T09:23:33.034+0000][4191.442s] GC(53) Using 4 workers of 4 for evacuation
[2019-10-08T09:23:33.064+0000][4191.471s] GC(53) ParNew: 1447389K->52328K(1747648K)
[2019-10-08T09:23:33.064+0000][4191.471s] GC(53) CMS: 390257K->390476K(6291456K)
[2019-10-08T09:23:33.064+0000][4191.471s] GC(53) Metaspace: 58218K->58218K(1103872K)
[2019-10-08T09:23:33.064+0000][4191.471s] GC(53) Pause Young (Allocation Failure) 1794M->432M(7850M) 29.720ms
[2019-10-08T09:23:33.064+0000][4191.471s] GC(53) User=0.12s Sys=0.00s Real=0.03s
[2019-10-08T09:24:58.953+0000][4277.360s] GC(54) Pause Young (Allocation Failure)
[2019-10-08T09:24:58.953+0000][4277.360s] GC(54) Using 4 workers of 4 for evacuation
[2019-10-08T09:24:58.980+0000][4277.387s] GC(54) ParNew: 1450472K->51978K(1747648K)
[2019-10-08T09:24:58.980+0000][4277.387s] GC(54) CMS: 390476K->390663K(6291456K)
[2019-10-08T09:24:58.980+0000][4277.387s] GC(54) Metaspace: 58228K->58228K(1103872K)
[2019-10-08T09:24:58.980+0000][4277.387s] GC(54) Pause Young (Allocation Failure) 1797M->432M(7850M) 27.442ms
[2019-10-08T09:24:58.980+0000][4277.387s] GC(54) User=0.10s Sys=0.00s Real=0.02s
[2019-10-08T09:26:33.590+0000][4371.997s] GC(55) Pause Young (Allocation Failure)
[2019-10-08T09:26:33.590+0000][4371.997s] GC(55) Using 4 workers of 4 for evacuation
[2019-10-08T09:26:33.625+0000][4372.032s] GC(55) ParNew: 1450122K->43564K(1747648K)
[2019-10-08T09:26:33.625+0000][4372.032s] GC(55) CMS: 390663K->393830K(6291456K)
[2019-10-08T09:26:33.625+0000][4372.032s] GC(55) Metaspace: 58284K->58284K(1103872K)
[2019-10-08T09:26:33.625+0000][4372.032s] GC(55) Pause Young (Allocation Failure) 1797M->427M(7850M) 34.874ms
[2019-10-08T09:26:33.625+0000][4372.032s] GC(55) User=0.14s Sys=0.00s Real=0.04s
[2019-10-08T09:27:58.967+0000][4457.374s] GC(56) Pause Young (Allocation Failure)
[2019-10-08T09:27:58.967+0000][4457.374s] GC(56) Using 4 workers of 4 for evacuation
[2019-10-08T09:27:58.993+0000][4457.400s] GC(56) ParNew: 1441708K->62458K(1747648K)
[2019-10-08T09:27:58.993+0000][4457.400s] GC(56) CMS: 393830K->393908K(6291456K)
[2019-10-08T09:27:58.993+0000][4457.400s] GC(56) Metaspace: 58285K->58285K(1103872K)
[2019-10-08T09:27:58.993+0000][4457.400s] GC(56) Pause Young (Allocation Failure) 1792M->445M(7850M) 25.929ms
[2019-10-08T09:27:58.993+0000][4457.400s] GC(56) User=0.10s Sys=0.00s Real=0.03s
[2019-10-08T09:29:22.221+0000][4540.629s] GC(57) Pause Young (Allocation Failure)
[2019-10-08T09:29:22.221+0000][4540.629s] GC(57) Using 4 workers of 4 for evacuation
[2019-10-08T09:29:22.247+0000][4540.654s] GC(57) ParNew: 1460602K->47445K(1747648K)
[2019-10-08T09:29:22.247+0000][4540.654s] GC(57) CMS: 393908K->393997K(6291456K)
[2019-10-08T09:29:22.247+0000][4540.654s] GC(57) Metaspace: 58286K->58286K(1103872K)
[2019-10-08T09:29:22.247+0000][4540.654s] GC(57) Pause Young (Allocation Failure) 1811M->431M(7850M) 25.260ms
[2019-10-08T09:29:22.247+0000][4540.654s] GC(57) User=0.10s Sys=0.00s Real=0.02s
[2019-10-08T09:31:05.837+0000][4644.244s] GC(58) Pause Young (Allocation Failure)
[2019-10-08T09:31:05.837+0000][4644.244s] GC(58) Using 4 workers of 4 for evacuation
[2019-10-08T09:31:05.862+0000][4644.270s] GC(58) ParNew: 1445559K->49427K(1747648K)
[2019-10-08T09:31:05.862+0000][4644.270s] GC(58) CMS: 393997K->394072K(6291456K)
[2019-10-08T09:31:05.862+0000][4644.270s] GC(58) Metaspace: 58289K->58289K(1103872K)
[2019-10-08T09:31:05.862+0000][4644.270s] GC(58) Pause Young (Allocation Failure) 1796M->433M(7850M) 25.314ms
[2019-10-08T09:31:05.862+0000][4644.270s] GC(58) User=0.10s Sys=0.00s Real=0.03s
[2019-10-08T09:32:40.510+0000][4738.918s] GC(59) Pause Young (Allocation Failure)
[2019-10-08T09:32:40.510+0000][4738.918s] GC(59) Using 4 workers of 4 for evacuation
[2019-10-08T09:32:40.535+0000][4738.942s] GC(59) ParNew: 1447571K->46709K(1747648K)
[2019-10-08T09:32:40.535+0000][4738.942s] GC(59) CMS: 394072K->394270K(6291456K)
[2019-10-08T09:32:40.535+0000][4738.942s] GC(59) Metaspace: 58293K->58293K(1103872K)
[2019-10-08T09:32:40.535+0000][4738.942s] GC(59) Pause Young (Allocation Failure) 1798M->430M(7850M) 24.416ms
[2019-10-08T09:32:40.535+0000][4738.942s] GC(59) User=0.10s Sys=0.00s Real=0.03s
[2019-10-08T09:34:32.023+0000][4850.431s] GC(60) Pause Young (Allocation Failure)
[2019-10-08T09:34:32.023+0000][4850.431s] GC(60) Using 4 workers of 4 for evacuation
[2019-10-08T09:34:32.048+0000][4850.456s] GC(60) ParNew: 1444851K->64866K(1747648K)
[2019-10-08T09:34:32.048+0000][4850.456s] GC(60) CMS: 394270K->394351K(6291456K)
[2019-10-08T09:34:32.048+0000][4850.456s] GC(60) Metaspace: 58295K->58295K(1103872K)
[2019-10-08T09:34:32.048+0000][4850.456s] GC(60) Pause Young (Allocation Failure) 1796M->448M(7850M) 25.089ms
[2019-10-08T09:34:32.049+0000][4850.456s] GC(60) User=0.10s Sys=0.00s Real=0.02s
[2019-10-08T09:36:11.114+0000][4949.522s] GC(61) Pause Young (Allocation Failure)
[2019-10-08T09:36:11.114+0000][4949.522s] GC(61) Using 4 workers of 4 for evacuation
[2019-10-08T09:36:11.141+0000][4949.548s] GC(61) ParNew: 1463010K->47487K(1747648K)
[2019-10-08T09:36:11.141+0000][4949.548s] GC(61) CMS: 394351K->394436K(6291456K)
[2019-10-08T09:36:11.141+0000][4949.548s] GC(61) Metaspace: 58337K->58337K(1103872K)
[2019-10-08T09:36:11.141+0000][4949.548s] GC(61) Pause Young (Allocation Failure) 1813M->431M(7850M) 26.157ms
[2019-10-08T09:36:11.141+0000][4949.548s] GC(61) User=0.10s Sys=0.00s Real=0.03s
[2019-10-08T09:37:48.055+0000][5046.462s] GC(62) Pause Young (Allocation Failure)
[2019-10-08T09:37:48.055+0000][5046.462s] GC(62) Using 4 workers of 4 for evacuation
[2019-10-08T09:37:48.084+0000][5046.491s] GC(62) ParNew: 1445631K->48917K(1747648K)
[2019-10-08T09:37:48.084+0000][5046.492s] GC(62) CMS: 394436K->396974K(6291456K)
[2019-10-08T09:37:48.084+0000][5046.492s] GC(62) Metaspace: 58368K->58368K(1103872K)
[2019-10-08T09:37:48.084+0000][5046.492s] GC(62) Pause Young (Allocation Failure) 1796M->435M(7850M) 29.221ms
[2019-10-08T09:37:48.084+0000][5046.492s] GC(62) User=0.10s Sys=0.00s Real=0.03s
[2019-10-08T09:39:18.027+0000][5136.434s] GC(63) Pause Young (Allocation Failure)
[2019-10-08T09:39:18.027+0000][5136.434s] GC(63) Using 4 workers of 4 for evacuation
[2019-10-08T09:39:18.054+0000][5136.462s] GC(63) ParNew: 1447061K->44196K(1747648K)
[2019-10-08T09:39:18.055+0000][5136.462s] GC(63) CMS: 396974K->397082K(6291456K)
[2019-10-08T09:39:18.055+0000][5136.462s] GC(63) Metaspace: 58381K->58381K(1103872K)
[2019-10-08T09:39:18.055+0000][5136.462s] GC(63) Pause Young (Allocation Failure) 1800M->430M(7850M) 27.669ms
[2019-10-08T09:39:18.055+0000][5136.462s] GC(63) User=0.11s Sys=0.00s Real=0.03s
[2019-10-08T09:40:57.214+0000][5235.621s] GC(64) Pause Young (Allocation Failure)
[2019-10-08T09:40:57.214+0000][5235.621s] GC(64) Using 4 workers of 4 for evacuation
[2019-10-08T09:40:57.240+0000][5235.648s] GC(64) ParNew: 1442340K->50876K(1747648K)
[2019-10-08T09:40:57.240+0000][5235.648s] GC(64) CMS: 397082K->399109K(6291456K)
[2019-10-08T09:40:57.240+0000][5235.648s] GC(64) Metaspace: 58382K->58382K(1103872K)
[2019-10-08T09:40:57.240+0000][5235.648s] GC(64) Pause Young (Allocation Failure) 1796M->439M(7850M) 26.427ms
[2019-10-08T09:40:57.240+0000][5235.648s] GC(64) User=0.10s Sys=0.00s Real=0.03s
[2019-10-08T09:42:39.411+0000][5337.818s] GC(65) Pause Young (Allocation Failure)
[2019-10-08T09:42:39.411+0000][5337.819s] GC(65) Using 4 workers of 4 for evacuation
[2019-10-08T09:42:39.438+0000][5337.846s] GC(65) ParNew: 1449020K->42014K(1747648K)
[2019-10-08T09:42:39.438+0000][5337.846s] GC(65) CMS: 399109K->400294K(6291456K)
[2019-10-08T09:42:39.438+0000][5337.846s] GC(65) Metaspace: 58407K->58407K(1103872K)
[2019-10-08T09:42:39.438+0000][5337.846s] GC(65) Pause Young (Allocation Failure) 1804M->431M(7850M) 27.135ms
[2019-10-08T09:42:39.438+0000][5337.846s] GC(65) User=0.11s Sys=0.00s Real=0.03s
[2019-10-08T09:44:15.730+0000][5434.137s] GC(66) Pause Young (Allocation Failure)
[2019-10-08T09:44:15.730+0000][5434.137s] GC(66) Using 4 workers of 4 for evacuation
[2019-10-08T09:44:15.755+0000][5434.163s] GC(66) ParNew: 1440158K->44541K(1747648K)
[2019-10-08T09:44:15.755+0000][5434.163s] GC(66) CMS: 400294K->401558K(6291456K)
[2019-10-08T09:44:15.755+0000][5434.163s] GC(66) Metaspace: 58407K->58407K(1103872K)
[2019-10-08T09:44:15.756+0000][5434.163s] GC(66) Pause Young (Allocation Failure) 1797M->435M(7850M) 25.810ms
[2019-10-08T09:44:15.756+0000][5434.163s] GC(66) User=0.10s Sys=0.00s Real=0.03s
[2019-10-08T09:45:57.931+0000][5536.338s] GC(67) Pause Young (Allocation Failure)
[2019-10-08T09:45:57.931+0000][5536.339s] GC(67) Using 4 workers of 4 for evacuation
[2019-10-08T09:45:57.958+0000][5536.366s] GC(67) ParNew: 1442685K->39327K(1747648K)
[2019-10-08T09:45:57.958+0000][5536.366s] GC(67) CMS: 401558K->404663K(6291456K)
[2019-10-08T09:45:57.958+0000][5536.366s] GC(67) Metaspace: 58409K->58409K(1103872K)
[2019-10-08T09:45:57.958+0000][5536.366s] GC(67) Pause Young (Allocation Failure) 1801M->433M(7850M) 27.198ms
[2019-10-08T09:45:57.958+0000][5536.366s] GC(67) User=0.11s Sys=0.00s Real=0.03s
[2019-10-08T09:47:31.479+0000][5629.886s] GC(68) Pause Young (Allocation Failure)
[2019-10-08T09:47:31.479+0000][5629.886s] GC(68) Using 4 workers of 4 for evacuation
[2019-10-08T09:47:31.506+0000][5629.914s] GC(68) ParNew: 1437458K->36167K(1747648K)
[2019-10-08T09:47:31.506+0000][5629.914s] GC(68) CMS: 404663K->406385K(6291456K)
[2019-10-08T09:47:31.506+0000][5629.914s] GC(68) Metaspace: 58409K->58409K(1103872K)
[2019-10-08T09:47:31.506+0000][5629.914s] GC(68) Pause Young (Allocation Failure) 1798M->432M(7850M) 27.638ms
[2019-10-08T09:47:31.506+0000][5629.914s] GC(68) User=0.11s Sys=0.00s Real=0.03s
[2019-10-08T09:49:24.198+0000][5742.605s] GC(69) Pause Young (Allocation Failure)
[2019-10-08T09:49:24.198+0000][5742.605s] GC(69) Using 4 workers of 4 for evacuation
[2019-10-08T09:49:24.224+0000][5742.632s] GC(69) ParNew: 1434311K->48099K(1747648K)
[2019-10-08T09:49:24.224+0000][5742.632s] GC(69) CMS: 406385K->406585K(6291456K)
[2019-10-08T09:49:24.224+0000][5742.632s] GC(69) Metaspace: 58412K->58412K(1103872K)
[2019-10-08T09:49:24.224+0000][5742.632s] GC(69) Pause Young (Allocation Failure) 1797M->444M(7850M) 26.567ms
[2019-10-08T09:49:24.224+0000][5742.632s] GC(69) User=0.09s Sys=0.00s Real=0.03s
[2019-10-08T09:51:07.558+0000][5845.965s] GC(70) Pause Young (Allocation Failure)
[2019-10-08T09:51:07.558+0000][5845.965s] GC(70) Using 4 workers of 4 for evacuation
[2019-10-08T09:51:07.583+0000][5845.990s] GC(70) ParNew: 1446243K->35917K(1747648K)
[2019-10-08T09:51:07.583+0000][5845.990s] GC(70) CMS: 406585K->406706K(6291456K)
[2019-10-08T09:51:07.583+0000][5845.990s] GC(70) Metaspace: 58412K->58412K(1103872K)
[2019-10-08T09:51:07.583+0000][5845.990s] GC(70) Pause Young (Allocation Failure) 1809M->432M(7850M) 25.083ms
[2019-10-08T09:51:07.583+0000][5845.990s] GC(70) User=0.09s Sys=0.00s Real=0.03s
[2019-10-08T09:52:46.534+0000][5944.941s] GC(71) Pause Young (Allocation Failure)
[2019-10-08T09:52:46.534+0000][5944.942s] GC(71) Using 4 workers of 4 for evacuation
[2019-10-08T09:52:46.561+0000][5944.968s] GC(71) ParNew: 1434061K->47003K(1747648K)
[2019-10-08T09:52:46.561+0000][5944.968s] GC(71) CMS: 406706K->407378K(6291456K)
[2019-10-08T09:52:46.561+0000][5944.968s] GC(71) Metaspace: 58419K->58419K(1103872K)
[2019-10-08T09:52:46.561+0000][5944.968s] GC(71) Pause Young (Allocation Failure) 1797M->443M(7850M) 26.832ms
[2019-10-08T09:52:46.561+0000][5944.968s] GC(71) User=0.10s Sys=0.00s Real=0.03s
[2019-10-08T09:54:35.927+0000][6054.334s] GC(72) Pause Young (Allocation Failure)
[2019-10-08T09:54:35.927+0000][6054.334s] GC(72) Using 4 workers of 4 for evacuation
[2019-10-08T09:54:35.952+0000][6054.359s] GC(72) ParNew: 1445147K->42685K(1747648K)
[2019-10-08T09:54:35.952+0000][6054.359s] GC(72) CMS: 407378K->407520K(6291456K)
[2019-10-08T09:54:35.952+0000][6054.359s] GC(72) Metaspace: 58422K->58422K(1103872K)
[2019-10-08T09:54:35.952+0000][6054.359s] GC(72) Pause Young (Allocation Failure) 1809M->439M(7850M) 25.318ms
[2019-10-08T09:54:35.952+0000][6054.359s] GC(72) User=0.09s Sys=0.00s Real=0.02s
[2019-10-08T09:55:59.772+0000][6138.179s] GC(73) Pause Young (Allocation Failure)
[2019-10-08T09:55:59.772+0000][6138.179s] GC(73) Using 4 workers of 4 for evacuation
[2019-10-08T09:55:59.799+0000][6138.206s] GC(73) ParNew: 1440829K->41527K(1747648K)
[2019-10-08T09:55:59.799+0000][6138.206s] GC(73) CMS: 407520K->407671K(6291456K)
[2019-10-08T09:55:59.799+0000][6138.206s] GC(73) Metaspace: 58424K->58424K(1103872K)
[2019-10-08T09:55:59.799+0000][6138.206s] GC(73) Pause Young (Allocation Failure) 1805M->438M(7850M) 27.229ms
[2019-10-08T09:55:59.799+0000][6138.206s] GC(73) User=0.10s Sys=0.00s Real=0.03s
[2019-10-08T09:57:27.759+0000][6226.167s] GC(74) Pause Young (Allocation Failure)
[2019-10-08T09:57:27.759+0000][6226.167s] GC(74) Using 4 workers of 4 for evacuation
[2019-10-08T09:57:27.787+0000][6226.194s] GC(74) ParNew: 1439671K->44347K(1747648K)
[2019-10-08T09:57:27.787+0000][6226.194s] GC(74) CMS: 407671K->407959K(6291456K)
[2019-10-08T09:57:27.787+0000][6226.194s] GC(74) Metaspace: 58430K->58430K(1103872K)
[2019-10-08T09:57:27.787+0000][6226.194s] GC(74) Pause Young (Allocation Failure) 1804M->441M(7850M) 27.688ms
[2019-10-08T09:57:27.787+0000][6226.194s] GC(74) User=0.10s Sys=0.00s Real=0.03s
[2019-10-08T09:59:02.522+0000][6320.930s] GC(75) Pause Young (Allocation Failure)
[2019-10-08T09:59:02.522+0000][6320.930s] GC(75) Using 4 workers of 4 for evacuation
[2019-10-08T09:59:02.547+0000][6320.954s] GC(75) ParNew: 1442491K->42235K(1747648K)
[2019-10-08T09:59:02.547+0000][6320.954s] GC(75) CMS: 407959K->408511K(6291456K)
[2019-10-08T09:59:02.547+0000][6320.954s] GC(75) Metaspace: 58430K->58430K(1103872K)
[2019-10-08T09:59:02.547+0000][6320.954s] GC(75) Pause Young (Allocation Failure) 1807M->440M(7850M) 24.714ms
[2019-10-08T09:59:02.547+0000][6320.954s] GC(75) User=0.10s Sys=0.00s Real=0.02s
[2019-10-08T10:00:38.159+0000][6416.566s] GC(76) Pause Young (Allocation Failure)
[2019-10-08T10:00:38.159+0000][6416.566s] GC(76) Using 4 workers of 4 for evacuation
[2019-10-08T10:00:38.186+0000][6416.593s] GC(76) ParNew: 1440379K->40877K(1747648K)
[2019-10-08T10:00:38.186+0000][6416.593s] GC(76) CMS: 408511K->408845K(6291456K)
[2019-10-08T10:00:38.186+0000][6416.593s] GC(76) Metaspace: 58440K->58440K(1103872K)
[2019-10-08T10:00:38.186+0000][6416.593s] GC(76) Pause Young (Allocation Failure) 1805M->439M(7850M) 27.163ms
[2019-10-08T10:00:38.186+0000][6416.593s] GC(76) User=0.11s Sys=0.00s Real=0.03s
[2019-10-08T10:01:56.368+0000][6494.775s] GC(77) Pause Young (Allocation Failure)
[2019-10-08T10:01:56.368+0000][6494.775s] GC(77) Using 4 workers of 4 for evacuation
[2019-10-08T10:01:56.395+0000][6494.802s] GC(77) ParNew: 1439021K->45007K(1747648K)
[2019-10-08T10:01:56.395+0000][6494.802s] GC(77) CMS: 408845K->409257K(6291456K)
[2019-10-08T10:01:56.395+0000][6494.802s] GC(77) Metaspace: 58440K->58440K(1103872K)
[2019-10-08T10:01:56.395+0000][6494.802s] GC(77) Pause Young (Allocation Failure) 1804M->443M(7850M) 27.327ms
[2019-10-08T10:01:56.395+0000][6494.802s] GC(77) User=0.11s Sys=0.00s Real=0.03s
[2019-10-08T10:03:39.840+0000][6598.247s] GC(78) Pause Young (Allocation Failure)
[2019-10-08T10:03:39.840+0000][6598.247s] GC(78) Using 4 workers of 4 for evacuation
[2019-10-08T10:03:39.873+0000][6598.280s] GC(78) ParNew: 1443151K->45909K(1747648K)
[2019-10-08T10:03:39.873+0000][6598.280s] GC(78) CMS: 409257K->409427K(6291456K)
[2019-10-08T10:03:39.873+0000][6598.280s] GC(78) Metaspace: 58443K->58443K(1103872K)
[2019-10-08T10:03:39.873+0000][6598.280s] GC(78) Pause Young (Allocation Failure) 1808M->444M(7850M) 33.053ms
[2019-10-08T10:03:39.873+0000][6598.280s] GC(78) User=0.10s Sys=0.00s Real=0.04s
[2019-10-08T10:05:10.861+0000][6689.268s] GC(79) Pause Young (Allocation Failure)
[2019-10-08T10:05:10.861+0000][6689.268s] GC(79) Using 4 workers of 4 for evacuation
[2019-10-08T10:05:10.889+0000][6689.296s] GC(79) ParNew: 1444053K->54944K(1747648K)
[2019-10-08T10:05:10.889+0000][6689.296s] GC(79) CMS: 409427K->409604K(6291456K)
[2019-10-08T10:05:10.889+0000][6689.296s] GC(79) Metaspace: 58458K->58458K(1103872K)
[2019-10-08T10:05:10.889+0000][6689.297s] GC(79) Pause Young (Allocation Failure) 1810M->453M(7850M) 28.234ms
[2019-10-08T10:05:10.889+0000][6689.297s] GC(79) User=0.11s Sys=0.00s Real=0.02s
[2019-10-08T10:06:56.355+0000][6794.763s] GC(80) Pause Young (Allocation Failure)
[2019-10-08T10:06:56.355+0000][6794.763s] GC(80) Using 4 workers of 4 for evacuation
[2019-10-08T10:06:56.382+0000][6794.790s] GC(80) ParNew: 1453088K->49864K(1747648K)
[2019-10-08T10:06:56.382+0000][6794.790s] GC(80) CMS: 409604K->410232K(6291456K)
[2019-10-08T10:06:56.382+0000][6794.790s] GC(80) Metaspace: 58460K->58460K(1103872K)
[2019-10-08T10:06:56.382+0000][6794.790s] GC(80) Pause Young (Allocation Failure) 1819M->449M(7850M) 27.112ms
[2019-10-08T10:06:56.382+0000][6794.790s] GC(80) User=0.10s Sys=0.00s Real=0.03s
[2019-10-08T10:08:37.892+0000][6896.299s] GC(81) Pause Young (Allocation Failure)
[2019-10-08T10:08:37.892+0000][6896.299s] GC(81) Using 4 workers of 4 for evacuation
[2019-10-08T10:08:37.918+0000][6896.325s] GC(81) ParNew: 1448008K->60864K(1747648K)
[2019-10-08T10:08:37.918+0000][6896.326s] GC(81) CMS: 410232K->410448K(6291456K)
[2019-10-08T10:08:37.918+0000][6896.326s] GC(81) Metaspace: 58460K->58460K(1103872K)
[2019-10-08T10:08:37.918+0000][6896.326s] GC(81) Pause Young (Allocation Failure) 1814M->460M(7850M) 26.428ms
[2019-10-08T10:08:37.918+0000][6896.326s] GC(81) User=0.11s Sys=0.00s Real=0.03s
[2019-10-08T10:10:27.185+0000][7005.592s] GC(82) Pause Young (Allocation Failure)
[2019-10-08T10:10:27.185+0000][7005.592s] GC(82) Using 4 workers of 4 for evacuation
[2019-10-08T10:10:27.211+0000][7005.619s] GC(82) ParNew: 1459008K->46084K(1747648K)
[2019-10-08T10:10:27.211+0000][7005.619s] GC(82) CMS: 410448K->410594K(6291456K)
[2019-10-08T10:10:27.211+0000][7005.619s] GC(82) Metaspace: 58464K->58464K(1103872K)
[2019-10-08T10:10:27.211+0000][7005.619s] GC(82) Pause Young (Allocation Failure) 1825M->445M(7850M) 26.807ms
[2019-10-08T10:10:27.211+0000][7005.619s] GC(82) User=0.11s Sys=0.00s Real=0.02s
[2019-10-08T10:12:23.371+0000][7121.778s] GC(83) Pause Young (Allocation Failure)
[2019-10-08T10:12:23.371+0000][7121.778s] GC(83) Using 4 workers of 4 for evacuation
[2019-10-08T10:12:23.399+0000][7121.807s] GC(83) ParNew: 1444228K->59658K(1747648K)
[2019-10-08T10:12:23.399+0000][7121.807s] GC(83) CMS: 410594K->410761K(6291456K)
[2019-10-08T10:12:23.399+0000][7121.807s] GC(83) Metaspace: 58465K->58465K(1103872K)
[2019-10-08T10:12:23.399+0000][7121.807s] GC(83) Pause Young (Allocation Failure) 1811M->459M(7850M) 28.568ms
[2019-10-08T10:12:23.399+0000][7121.807s] GC(83) User=0.11s Sys=0.00s Real=0.03s
[2019-10-08T10:13:47.496+0000][7205.903s] GC(84) Pause Young (Allocation Failure)
[2019-10-08T10:13:47.496+0000][7205.903s] GC(84) Using 4 workers of 4 for evacuation
[2019-10-08T10:13:47.525+0000][7205.932s] GC(84) ParNew: 1457802K->45999K(1747648K)
[2019-10-08T10:13:47.525+0000][7205.932s] GC(84) CMS: 410761K->411043K(6291456K)
[2019-10-08T10:13:47.525+0000][7205.932s] GC(84) Metaspace: 58466K->58466K(1103872K)
[2019-10-08T10:13:47.525+0000][7205.932s] GC(84) Pause Young (Allocation Failure) 1824M->446M(7850M) 28.567ms
[2019-10-08T10:13:47.525+0000][7205.932s] GC(84) User=0.11s Sys=0.00s Real=0.03s
[2019-10-08T10:15:33.989+0000][7312.397s] GC(85) Pause Young (Allocation Failure)
[2019-10-08T10:15:33.989+0000][7312.397s] GC(85) Using 4 workers of 4 for evacuation
[2019-10-08T10:15:34.019+0000][7312.427s] GC(85) ParNew: 1444139K->57694K(1747648K)
[2019-10-08T10:15:34.019+0000][7312.427s] GC(85) CMS: 411043K->411139K(6291456K)
[2019-10-08T10:15:34.019+0000][7312.427s] GC(85) Metaspace: 58467K->58467K(1103872K)
[2019-10-08T10:15:34.019+0000][7312.427s] GC(85) Pause Young (Allocation Failure) 1811M->457M(7850M) 30.266ms
[2019-10-08T10:15:34.019+0000][7312.427s] GC(85) User=0.12s Sys=0.00s Real=0.03s
[2019-10-08T10:17:37.339+0000][7435.747s] GC(86) Pause Young (Allocation Failure)
[2019-10-08T10:17:37.339+0000][7435.747s] GC(86) Using 4 workers of 4 for evacuation
[2019-10-08T10:17:37.369+0000][7435.776s] GC(86) ParNew: 1455838K->53642K(1747648K)
[2019-10-08T10:17:37.369+0000][7435.776s] GC(86) CMS: 411139K->411265K(6291456K)
[2019-10-08T10:17:37.369+0000][7435.776s] GC(86) Metaspace: 58469K->58469K(1103872K)
[2019-10-08T10:17:37.369+0000][7435.776s] GC(86) Pause Young (Allocation Failure) 1823M->454M(7850M) 29.337ms
[2019-10-08T10:17:37.369+0000][7435.776s] GC(86) User=0.12s Sys=0.00s Real=0.03s
[2019-10-08T10:19:27.101+0000][7545.508s] GC(87) Pause Young (Allocation Failure)
[2019-10-08T10:19:27.101+0000][7545.508s] GC(87) Using 4 workers of 4 for evacuation
[2019-10-08T10:19:27.130+0000][7545.537s] GC(87) ParNew: 1451763K->48274K(1747648K)
[2019-10-08T10:19:27.130+0000][7545.537s] GC(87) CMS: 411265K->411914K(6291456K)
[2019-10-08T10:19:27.130+0000][7545.537s] GC(87) Metaspace: 58470K->58470K(1103872K)
[2019-10-08T10:19:27.130+0000][7545.537s] GC(87) Pause Young (Allocation Failure) 1819M->449M(7850M) 28.740ms
[2019-10-08T10:19:27.130+0000][7545.537s] GC(87) User=0.11s Sys=0.00s Real=0.02s
[2019-10-08T10:21:11.694+0000][7650.102s] GC(88) Pause Young (Allocation Failure)
[2019-10-08T10:21:11.694+0000][7650.102s] GC(88) Using 4 workers of 4 for evacuation
[2019-10-08T10:21:11.724+0000][7650.131s] GC(88) ParNew: 1446418K->60337K(1747648K)
[2019-10-08T10:21:11.724+0000][7650.131s] GC(88) CMS: 411914K->412141K(6291456K)
[2019-10-08T10:21:11.724+0000][7650.131s] GC(88) Metaspace: 58479K->58479K(1103872K)
[2019-10-08T10:21:11.724+0000][7650.131s] GC(88) Pause Young (Allocation Failure) 1814M->461M(7850M) 29.452ms
[2019-10-08T10:21:11.724+0000][7650.131s] GC(88) User=0.12s Sys=0.00s Real=0.03s
[2019-10-08T10:22:51.929+0000][7750.336s] GC(89) Pause Young (Allocation Failure)
[2019-10-08T10:22:51.929+0000][7750.336s] GC(89) Using 4 workers of 4 for evacuation
[2019-10-08T10:22:51.957+0000][7750.364s] GC(89) ParNew: 1458481K->50624K(1747648K)
[2019-10-08T10:22:51.957+0000][7750.364s] GC(89) CMS: 412141K->412257K(6291456K)
[2019-10-08T10:22:51.957+0000][7750.364s] GC(89) Metaspace: 58484K->58484K(1103872K)
[2019-10-08T10:22:51.957+0000][7750.365s] GC(89) Pause Young (Allocation Failure) 1826M->452M(7850M) 28.485ms
[2019-10-08T10:22:51.957+0000][7750.365s] GC(89) User=0.12s Sys=0.00s Real=0.03s
[2019-10-08T10:24:48.795+0000][7867.202s] GC(90) Pause Young (Allocation Failure)
[2019-10-08T10:24:48.795+0000][7867.202s] GC(90) Using 4 workers of 4 for evacuation
[2019-10-08T10:24:48.824+0000][7867.232s] GC(90) ParNew: 1448768K->70971K(1747648K)
[2019-10-08T10:24:48.824+0000][7867.232s] GC(90) CMS: 412257K->412471K(6291456K)
[2019-10-08T10:24:48.824+0000][7867.232s] GC(90) Metaspace: 58490K->58490K(1103872K)
[2019-10-08T10:24:48.824+0000][7867.232s] GC(90) Pause Young (Allocation Failure) 1817M->472M(7850M) 29.355ms
[2019-10-08T10:24:48.824+0000][7867.232s] GC(90) User=0.12s Sys=0.00s Real=0.03s
[2019-10-08T10:26:49.883+0000][7988.291s] GC(91) Pause Young (Allocation Failure)
[2019-10-08T10:26:49.883+0000][7988.291s] GC(91) Using 4 workers of 4 for evacuation
[2019-10-08T10:26:49.912+0000][7988.319s] GC(91) ParNew: 1469115K->47455K(1747648K)
[2019-10-08T10:26:49.912+0000][7988.319s] GC(91) CMS: 412471K->412605K(6291456K)
[2019-10-08T10:26:49.912+0000][7988.319s] GC(91) Metaspace: 58490K->58490K(1103872K)
[2019-10-08T10:26:49.912+0000][7988.319s] GC(91) Pause Young (Allocation Failure) 1837M->449M(7850M) 28.462ms
[2019-10-08T10:26:49.912+0000][7988.319s] GC(91) User=0.12s Sys=0.00s Real=0.02s
[2019-10-08T10:28:52.963+0000][8111.370s] GC(92) Pause Young (Allocation Failure)
[2019-10-08T10:28:52.963+0000][8111.370s] GC(92) Using 4 workers of 4 for evacuation
[2019-10-08T10:28:52.990+0000][8111.398s] GC(92) ParNew: 1445599K->63410K(1747648K)
[2019-10-08T10:28:52.990+0000][8111.398s] GC(92) CMS: 412605K->412758K(6291456K)
[2019-10-08T10:28:52.990+0000][8111.398s] GC(92) Metaspace: 58502K->58502K(1103872K)
[2019-10-08T10:28:52.990+0000][8111.398s] GC(92) Pause Young (Allocation Failure) 1814M->465M(7850M) 27.650ms
[2019-10-08T10:28:52.990+0000][8111.398s] GC(92) User=0.11s Sys=0.00s Real=0.02s
[2019-10-08T10:30:55.643+0000][8234.051s] GC(93) Pause Young (Allocation Failure)
[2019-10-08T10:30:55.643+0000][8234.051s] GC(93) Using 4 workers of 4 for evacuation
[2019-10-08T10:30:55.676+0000][8234.083s] GC(93) ParNew: 1461554K->42926K(1747648K)
[2019-10-08T10:30:55.676+0000][8234.083s] GC(93) CMS: 412758K->415772K(6291456K)
[2019-10-08T10:30:55.676+0000][8234.083s] GC(93) Metaspace: 58507K->58507K(1103872K)
[2019-10-08T10:30:55.676+0000][8234.083s] GC(93) Pause Young (Allocation Failure) 1830M->447M(7850M) 32.683ms
[2019-10-08T10:30:55.676+0000][8234.083s] GC(93) User=0.13s Sys=0.00s Real=0.03s
[2019-10-08T10:32:58.742+0000][8357.150s] GC(94) Pause Young (Allocation Failure)
[2019-10-08T10:32:58.742+0000][8357.150s] GC(94) Using 4 workers of 4 for evacuation
[2019-10-08T10:32:58.768+0000][8357.175s] GC(94) ParNew: 1441070K->56378K(1747648K)
[2019-10-08T10:32:58.768+0000][8357.175s] GC(94) CMS: 415772K->415961K(6291456K)
[2019-10-08T10:32:58.768+0000][8357.175s] GC(94) Metaspace: 58548K->58548K(1103872K)
[2019-10-08T10:32:58.768+0000][8357.175s] GC(94) Pause Young (Allocation Failure) 1813M->461M(7850M) 25.303ms
[2019-10-08T10:32:58.768+0000][8357.175s] GC(94) User=0.10s Sys=0.00s Real=0.02s
[2019-10-08T10:34:48.207+0000][8466.615s] GC(95) Pause Young (Allocation Failure)
[2019-10-08T10:34:48.207+0000][8466.615s] GC(95) Using 4 workers of 4 for evacuation
[2019-10-08T10:34:48.232+0000][8466.639s] GC(95) ParNew: 1454522K->51320K(1747648K)
[2019-10-08T10:34:48.232+0000][8466.639s] GC(95) CMS: 415961K->416057K(6291456K)
[2019-10-08T10:34:48.232+0000][8466.639s] GC(95) Metaspace: 58550K->58550K(1103872K)
[2019-10-08T10:34:48.232+0000][8466.639s] GC(95) Pause Young (Allocation Failure) 1826M->456M(7850M) 24.904ms
[2019-10-08T10:34:48.232+0000][8466.639s] GC(95) User=0.10s Sys=0.00s Real=0.02s
[2019-10-08T10:36:32.623+0000][8571.031s] GC(96) Pause Young (Allocation Failure)
[2019-10-08T10:36:32.623+0000][8571.031s] GC(96) Using 4 workers of 4 for evacuation
[2019-10-08T10:36:32.648+0000][8571.056s] GC(96) ParNew: 1449464K->43303K(1747648K)
[2019-10-08T10:36:32.648+0000][8571.056s] GC(96) CMS: 416057K->416141K(6291456K)
[2019-10-08T10:36:32.648+0000][8571.056s] GC(96) Metaspace: 58552K->58552K(1103872K)
[2019-10-08T10:36:32.648+0000][8571.056s] GC(96) Pause Young (Allocation Failure) 1821M->448M(7850M) 25.132ms
[2019-10-08T10:36:32.649+0000][8571.056s] GC(96) User=0.10s Sys=0.00s Real=0.02s
[2019-10-08T10:37:59.142+0000][8657.549s] GC(97) Pause Young (Allocation Failure)
[2019-10-08T10:37:59.142+0000][8657.549s] GC(97) Using 4 workers of 4 for evacuation
[2019-10-08T10:37:59.169+0000][8657.576s] GC(97) ParNew: 1441447K->57025K(1747648K)
[2019-10-08T10:37:59.169+0000][8657.576s] GC(97) CMS: 416141K->416221K(6291456K)
[2019-10-08T10:37:59.169+0000][8657.576s] GC(97) Metaspace: 58568K->58568K(1103872K)
[2019-10-08T10:37:59.169+0000][8657.576s] GC(97) Pause Young (Allocation Failure) 1814M->462M(7850M) 27.255ms
[2019-10-08T10:37:59.169+0000][8657.576s] GC(97) User=0.10s Sys=0.00s Real=0.02s
[2019-10-08T10:39:33.709+0000][8752.116s] GC(98) Pause Young (Allocation Failure)
[2019-10-08T10:39:33.709+0000][8752.116s] GC(98) Using 4 workers of 4 for evacuation
[2019-10-08T10:39:33.738+0000][8752.145s] GC(98) ParNew: 1455169K->55681K(1747648K)
[2019-10-08T10:39:33.738+0000][8752.145s] GC(98) CMS: 416221K->416860K(6291456K)
[2019-10-08T10:39:33.738+0000][8752.145s] GC(98) Metaspace: 58571K->58571K(1103872K)
[2019-10-08T10:39:33.738+0000][8752.145s] GC(98) Pause Young (Allocation Failure) 1827M->461M(7850M) 29.290ms
[2019-10-08T10:39:33.738+0000][8752.145s] GC(98) User=0.10s Sys=0.00s Real=0.03s
[2019-10-08T10:41:32.355+0000][8870.763s] GC(99) Pause Young (Allocation Failure)
[2019-10-08T10:41:32.355+0000][8870.763s] GC(99) Using 4 workers of 4 for evacuation
[2019-10-08T10:41:32.381+0000][8870.788s] GC(99) ParNew: 1453825K->47211K(1747648K)
[2019-10-08T10:41:32.381+0000][8870.788s] GC(99) CMS: 416860K->416940K(6291456K)
[2019-10-08T10:41:32.381+0000][8870.788s] GC(99) Metaspace: 58572K->58572K(1103872K)
[2019-10-08T10:41:32.381+0000][8870.789s] GC(99) Pause Young (Allocation Failure) 1826M->453M(7850M) 25.959ms
[2019-10-08T10:41:32.381+0000][8870.789s] GC(99) User=0.10s Sys=0.00s Real=0.03s
[2019-10-08T10:43:49.473+0000][9007.880s] GC(100) Pause Young (Allocation Failure)
[2019-10-08T10:43:49.473+0000][9007.880s] GC(100) Using 4 workers of 4 for evacuation
[2019-10-08T10:43:49.501+0000][9007.908s] GC(100) ParNew: 1445355K->50304K(1747648K)
[2019-10-08T10:43:49.501+0000][9007.908s] GC(100) CMS: 416940K->417021K(6291456K)
[2019-10-08T10:43:49.501+0000][9007.908s] GC(100) Metaspace: 58580K->58580K(1103872K)
[2019-10-08T10:43:49.501+0000][9007.908s] GC(100) Pause Young (Allocation Failure) 1818M->456M(7850M) 28.156ms
[2019-10-08T10:43:49.501+0000][9007.908s] GC(100) User=0.10s Sys=0.00s Real=0.03s
[2019-10-08T10:45:34.734+0000][9113.141s] GC(101) Pause Young (Allocation Failure)
[2019-10-08T10:45:34.734+0000][9113.142s] GC(101) Using 4 workers of 4 for evacuation
[2019-10-08T10:45:34.761+0000][9113.168s] GC(101) ParNew: 1448448K->51387K(1747648K)
[2019-10-08T10:45:34.761+0000][9113.168s] GC(101) CMS: 417021K->417111K(6291456K)
[2019-10-08T10:45:34.761+0000][9113.168s] GC(101) Metaspace: 58600K->58600K(1103872K)
[2019-10-08T10:45:34.761+0000][9113.168s] GC(101) Pause Young (Allocation Failure) 1821M->457M(7850M) 26.907ms
[2019-10-08T10:45:34.761+0000][9113.168s] GC(101) User=0.11s Sys=0.00s Real=0.03s
[2019-10-08T10:47:37.717+0000][9236.124s] GC(102) Pause Young (Allocation Failure)
[2019-10-08T10:47:37.717+0000][9236.124s] GC(102) Using 4 workers of 4 for evacuation
[2019-10-08T10:47:37.742+0000][9236.149s] GC(102) ParNew: 1449531K->45690K(1747648K)
[2019-10-08T10:47:37.742+0000][9236.149s] GC(102) CMS: 417111K->417292K(6291456K)
[2019-10-08T10:47:37.742+0000][9236.149s] GC(102) Metaspace: 58600K->58600K(1103872K)
[2019-10-08T10:47:37.742+0000][9236.149s] GC(102) Pause Young (Allocation Failure) 1822M->452M(7850M) 24.748ms
[2019-10-08T10:47:37.742+0000][9236.149s] GC(102) User=0.10s Sys=0.00s Real=0.03s
[2019-10-08T10:49:21.442+0000][9339.849s] GC(103) Pause Young (Allocation Failure)
[2019-10-08T10:49:21.442+0000][9339.849s] GC(103) Using 4 workers of 4 for evacuation
[2019-10-08T10:49:21.468+0000][9339.876s] GC(103) ParNew: 1443834K->58546K(1747648K)
[2019-10-08T10:49:21.468+0000][9339.876s] GC(103) CMS: 417292K->417889K(6291456K)
[2019-10-08T10:49:21.468+0000][9339.876s] GC(103) Metaspace: 58636K->58636K(1103872K)
[2019-10-08T10:49:21.469+0000][9339.876s] GC(103) Pause Young (Allocation Failure) 1817M->465M(7850M) 26.611ms
[2019-10-08T10:49:21.469+0000][9339.876s] GC(103) User=0.10s Sys=0.00s Real=0.02s
[2019-10-08T10:51:16.357+0000][9454.765s] GC(104) Pause Young (Allocation Failure)
[2019-10-08T10:51:16.358+0000][9454.765s] GC(104) Using 4 workers of 4 for evacuation
[2019-10-08T10:51:16.384+0000][9454.791s] GC(104) ParNew: 1456690K->49609K(1747648K)
[2019-10-08T10:51:16.384+0000][9454.791s] GC(104) CMS: 417889K->418048K(6291456K)
[2019-10-08T10:51:16.384+0000][9454.791s] GC(104) Metaspace: 58640K->58640K(1103872K)
[2019-10-08T10:51:16.384+0000][9454.791s] GC(104) Pause Young (Allocation Failure) 1830M->456M(7850M) 26.170ms
[2019-10-08T10:51:16.384+0000][9454.791s] GC(104) User=0.11s Sys=0.00s Real=0.03s
[2019-10-08T10:52:48.579+0000][9546.987s] GC(105) Pause Young (Allocation Failure)
[2019-10-08T10:52:48.579+0000][9546.987s] GC(105) Using 4 workers of 4 for evacuation
[2019-10-08T10:52:48.603+0000][9547.011s] GC(105) ParNew: 1447753K->46594K(1747648K)
[2019-10-08T10:52:48.603+0000][9547.011s] GC(105) CMS: 418048K->418158K(6291456K)
[2019-10-08T10:52:48.603+0000][9547.011s] GC(105) Metaspace: 58647K->58647K(1103872K)
[2019-10-08T10:52:48.603+0000][9547.011s] GC(105) Pause Young (Allocation Failure) 1822M->453M(7850M) 24.122ms
[2019-10-08T10:52:48.603+0000][9547.011s] GC(105) User=0.09s Sys=0.00s Real=0.03s
[2019-10-08T10:54:27.404+0000][9645.812s] GC(106) Pause Young (Allocation Failure)
[2019-10-08T10:54:27.404+0000][9645.812s] GC(106) Using 4 workers of 4 for evacuation
[2019-10-08T10:54:27.431+0000][9645.839s] GC(106) ParNew: 1444738K->54021K(1747648K)
[2019-10-08T10:54:27.431+0000][9645.839s] GC(106) CMS: 418158K->418268K(6291456K)
[2019-10-08T10:54:27.431+0000][9645.839s] GC(106) Metaspace: 58647K->58647K(1103872K)
[2019-10-08T10:54:27.431+0000][9645.839s] GC(106) Pause Young (Allocation Failure) 1819M->461M(7850M) 26.905ms
[2019-10-08T10:54:27.431+0000][9645.839s] GC(106) User=0.10s Sys=0.00s Real=0.02s
[2019-10-08T10:56:05.397+0000][9743.804s] GC(107) Pause Young (Allocation Failure)
[2019-10-08T10:56:05.397+0000][9743.804s] GC(107) Using 4 workers of 4 for evacuation
[2019-10-08T10:56:05.425+0000][9743.833s] GC(107) ParNew: 1452139K->49065K(1747648K)
[2019-10-08T10:56:05.425+0000][9743.833s] GC(107) CMS: 418268K->418452K(6291456K)
[2019-10-08T10:56:05.425+0000][9743.833s] GC(107) Metaspace: 58658K->58658K(1103872K)
[2019-10-08T10:56:05.425+0000][9743.833s] GC(107) Pause Young (Allocation Failure) 1826M->456M(7850M) 28.329ms
[2019-10-08T10:56:05.425+0000][9743.833s] GC(107) User=0.11s Sys=0.00s Real=0.03s
[2019-10-08T10:57:29.729+0000][9828.137s] GC(108) Pause Young (Allocation Failure)
[2019-10-08T10:57:29.729+0000][9828.137s] GC(108) Using 4 workers of 4 for evacuation
[2019-10-08T10:57:29.755+0000][9828.162s] GC(108) ParNew: 1447209K->60978K(1747648K)
[2019-10-08T10:57:29.755+0000][9828.162s] GC(108) CMS: 418452K->418720K(6291456K)
[2019-10-08T10:57:29.755+0000][9828.162s] GC(108) Metaspace: 58669K->58669K(1103872K)
[2019-10-08T10:57:29.755+0000][9828.162s] GC(108) Pause Young (Allocation Failure) 1821M->468M(7850M) 25.618ms
[2019-10-08T10:57:29.755+0000][9828.162s] GC(108) User=0.10s Sys=0.00s Real=0.03s
[2019-10-08T10:59:04.578+0000][9922.985s] GC(109) Pause Young (Allocation Failure)
[2019-10-08T10:59:04.578+0000][9922.985s] GC(109) Using 4 workers of 4 for evacuation
[2019-10-08T10:59:04.603+0000][9923.011s] GC(109) ParNew: 1459099K->50947K(1747648K)
[2019-10-08T10:59:04.603+0000][9923.011s] GC(109) CMS: 418720K->419429K(6291456K)
[2019-10-08T10:59:04.603+0000][9923.011s] GC(109) Metaspace: 58669K->58669K(1103872K)
[2019-10-08T10:59:04.603+0000][9923.011s] GC(109) Pause Young (Allocation Failure) 1833M->459M(7850M) 25.512ms
[2019-10-08T10:59:04.603+0000][9923.011s] GC(109) User=0.10s Sys=0.00s Real=0.03s
[2019-10-08T11:01:04.192+0000][10042.600s] GC(110) Pause Young (Allocation Failure)
[2019-10-08T11:01:04.192+0000][10042.600s] GC(110) Using 4 workers of 4 for evacuation
[2019-10-08T11:01:04.218+0000][10042.625s] GC(110) ParNew: 1449091K->48376K(1747648K)
[2019-10-08T11:01:04.218+0000][10042.625s] GC(110) CMS: 419429K->419628K(6291456K)
[2019-10-08T11:01:04.218+0000][10042.625s] GC(110) Metaspace: 58669K->58669K(1103872K)
[2019-10-08T11:01:04.218+0000][10042.625s] GC(110) Pause Young (Allocation Failure) 1824M->457M(7850M) 25.788ms
[2019-10-08T11:01:04.218+0000][10042.625s] GC(110) User=0.11s Sys=0.00s Real=0.02s
[2019-10-08T11:02:28.137+0000][10126.545s] GC(111) Pause Young (Allocation Failure)
[2019-10-08T11:02:28.137+0000][10126.545s] GC(111) Using 4 workers of 4 for evacuation
[2019-10-08T11:02:28.163+0000][10126.570s] GC(111) ParNew: 1446520K->53178K(1747648K)
[2019-10-08T11:02:28.163+0000][10126.570s] GC(111) CMS: 419628K->419801K(6291456K)
[2019-10-08T11:02:28.163+0000][10126.570s] GC(111) Metaspace: 58669K->58669K(1103872K)
[2019-10-08T11:02:28.163+0000][10126.570s] GC(111) Pause Young (Allocation Failure) 1822M->461M(7850M) 25.247ms
[2019-10-08T11:02:28.163+0000][10126.570s] GC(111) User=0.10s Sys=0.00s Real=0.03s
[2019-10-08T11:04:20.117+0000][10238.524s] GC(112) Pause Young (Allocation Failure)
[2019-10-08T11:04:20.117+0000][10238.524s] GC(112) Using 4 workers of 4 for evacuation
[2019-10-08T11:04:20.143+0000][10238.550s] GC(112) ParNew: 1451322K->45053K(1747648K)
[2019-10-08T11:04:20.143+0000][10238.550s] GC(112) CMS: 419801K->421473K(6291456K)
[2019-10-08T11:04:20.143+0000][10238.550s] GC(112) Metaspace: 58669K->58669K(1103872K)
[2019-10-08T11:04:20.143+0000][10238.550s] GC(112) Pause Young (Allocation Failure) 1827M->455M(7850M) 25.920ms
[2019-10-08T11:04:20.143+0000][10238.550s] GC(112) User=0.10s Sys=0.00s Real=0.03s
[2019-10-08T11:06:02.425+0000][10340.833s] GC(113) Pause Young (Allocation Failure)
[2019-10-08T11:06:02.425+0000][10340.833s] GC(113) Using 4 workers of 4 for evacuation
[2019-10-08T11:06:02.451+0000][10340.859s] GC(113) ParNew: 1443197K->56630K(1747648K)
[2019-10-08T11:06:02.451+0000][10340.859s] GC(113) CMS: 421473K->421675K(6291456K)
[2019-10-08T11:06:02.451+0000][10340.859s] GC(113) Metaspace: 58672K->58672K(1103872K)
[2019-10-08T11:06:02.451+0000][10340.859s] GC(113) Pause Young (Allocation Failure) 1820M->467M(7850M) 25.967ms
[2019-10-08T11:06:02.451+0000][10340.859s] GC(113) User=0.10s Sys=0.00s Real=0.02s
[2019-10-08T11:07:35.704+0000][10434.111s] GC(114) Pause Young (Allocation Failure)
[2019-10-08T11:07:35.704+0000][10434.111s] GC(114) Using 4 workers of 4 for evacuation
[2019-10-08T11:07:35.730+0000][10434.137s] GC(114) ParNew: 1454774K->48146K(1747648K)
[2019-10-08T11:07:35.730+0000][10434.137s] GC(114) CMS: 421675K->421856K(6291456K)
[2019-10-08T11:07:35.730+0000][10434.138s] GC(114) Metaspace: 58672K->58672K(1103872K)
[2019-10-08T11:07:35.730+0000][10434.138s] GC(114) Pause Young (Allocation Failure) 1832M->458M(7850M) 26.381ms
[2019-10-08T11:07:35.730+0000][10434.138s] GC(114) User=0.11s Sys=0.00s Real=0.02s
[2019-10-08T11:09:31.873+0000][10550.280s] GC(115) Pause Young (Allocation Failure)
[2019-10-08T11:09:31.873+0000][10550.281s] GC(115) Using 4 workers of 4 for evacuation
[2019-10-08T11:09:31.899+0000][10550.307s] GC(115) ParNew: 1446290K->66062K(1747648K)
[2019-10-08T11:09:31.899+0000][10550.307s] GC(115) CMS: 421856K->422420K(6291456K)
[2019-10-08T11:09:31.899+0000][10550.307s] GC(115) Metaspace: 58673K->58673K(1103872K)
[2019-10-08T11:09:31.899+0000][10550.307s] GC(115) Pause Young (Allocation Failure) 1824M->477M(7850M) 26.306ms
[2019-10-08T11:09:31.899+0000][10550.307s] GC(115) User=0.10s Sys=0.00s Real=0.02s
[2019-10-08T11:11:23.923+0000][10662.330s] GC(116) Pause Young (Allocation Failure)
[2019-10-08T11:11:23.923+0000][10662.330s] GC(116) Using 4 workers of 4 for evacuation
[2019-10-08T11:11:23.949+0000][10662.356s] GC(116) ParNew: 1464206K->50977K(1747648K)
[2019-10-08T11:11:23.949+0000][10662.356s] GC(116) CMS: 422420K->423777K(6291456K)
[2019-10-08T11:11:23.949+0000][10662.356s] GC(116) Metaspace: 58674K->58674K(1103872K)
[2019-10-08T11:11:23.949+0000][10662.356s] GC(116) Pause Young (Allocation Failure) 1842M->463M(7850M) 26.240ms
[2019-10-08T11:11:23.949+0000][10662.356s] GC(116) User=0.10s Sys=0.01s Real=0.02s
[2019-10-08T11:13:14.577+0000][10772.985s] GC(117) Pause Young (Allocation Failure)
[2019-10-08T11:13:14.577+0000][10772.985s] GC(117) Using 4 workers of 4 for evacuation
[2019-10-08T11:13:14.605+0000][10773.012s] GC(117) ParNew: 1449121K->48102K(1747648K)
[2019-10-08T11:13:14.605+0000][10773.012s] GC(117) CMS: 423777K->423880K(6291456K)
[2019-10-08T11:13:14.605+0000][10773.012s] GC(117) Metaspace: 58674K->58674K(1103872K)
[2019-10-08T11:13:14.605+0000][10773.012s] GC(117) Pause Young (Allocation Failure) 1829M->460M(7850M) 27.309ms
[2019-10-08T11:13:14.605+0000][10773.012s] GC(117) User=0.10s Sys=0.00s Real=0.03s
[2019-10-08T11:14:54.874+0000][10873.282s] GC(118) Pause Young (Allocation Failure)
[2019-10-08T11:14:54.874+0000][10873.282s] GC(118) Using 4 workers of 4 for evacuation
[2019-10-08T11:14:54.903+0000][10873.310s] GC(118) ParNew: 1446246K->60312K(1747648K)
[2019-10-08T11:14:54.903+0000][10873.310s] GC(118) CMS: 423880K->423988K(6291456K)
[2019-10-08T11:14:54.903+0000][10873.310s] GC(118) Metaspace: 58674K->58674K(1103872K)
[2019-10-08T11:14:54.903+0000][10873.310s] GC(118) Pause Young (Allocation Failure) 1826M->472M(7850M) 28.352ms
[2019-10-08T11:14:54.903+0000][10873.310s] GC(118) User=0.11s Sys=0.00s Real=0.03s
[2019-10-08T11:16:33.966+0000][10972.373s] GC(119) Pause Young (Allocation Failure)
[2019-10-08T11:16:33.966+0000][10972.373s] GC(119) Using 4 workers of 4 for evacuation
[2019-10-08T11:16:33.994+0000][10972.402s] GC(119) ParNew: 1458456K->59718K(1747648K)
[2019-10-08T11:16:33.994+0000][10972.402s] GC(119) CMS: 423988K->424093K(6291456K)
[2019-10-08T11:16:33.994+0000][10972.402s] GC(119) Metaspace: 58679K->58679K(1103872K)
[2019-10-08T11:16:33.994+0000][10972.402s] GC(119) Pause Young (Allocation Failure) 1838M->472M(7850M) 28.574ms
[2019-10-08T11:16:33.994+0000][10972.402s] GC(119) User=0.11s Sys=0.00s Real=0.03s
[2019-10-08T11:18:30.885+0000][11089.292s] GC(120) Pause Young (Allocation Failure)
[2019-10-08T11:18:30.885+0000][11089.292s] GC(120) Using 4 workers of 4 for evacuation
[2019-10-08T11:18:30.914+0000][11089.322s] GC(120) ParNew: 1457862K->57378K(1747648K)
[2019-10-08T11:18:30.914+0000][11089.322s] GC(120) CMS: 424093K->424188K(6291456K)
[2019-10-08T11:18:30.914+0000][11089.322s] GC(120) Metaspace: 58681K->58681K(1103872K)
[2019-10-08T11:18:30.914+0000][11089.322s] GC(120) Pause Young (Allocation Failure) 1837M->470M(7850M) 29.410ms
[2019-10-08T11:18:30.914+0000][11089.322s] GC(120) User=0.12s Sys=0.00s Real=0.03s
[2019-10-08T11:20:10.680+0000][11189.088s] GC(121) Pause Young (Allocation Failure)
[2019-10-08T11:20:10.680+0000][11189.088s] GC(121) Using 4 workers of 4 for evacuation
[2019-10-08T11:20:10.713+0000][11189.120s] GC(121) ParNew: 1455522K->54566K(1747648K)
[2019-10-08T11:20:10.713+0000][11189.120s] GC(121) CMS: 424188K->425003K(6291456K)
[2019-10-08T11:20:10.713+0000][11189.120s] GC(121) Metaspace: 58681K->58681K(1103872K)
[2019-10-08T11:20:10.713+0000][11189.120s] GC(121) Pause Young (Allocation Failure) 1835M->468M(7850M) 32.455ms
[2019-10-08T11:20:10.713+0000][11189.120s] GC(121) User=0.12s Sys=0.00s Real=0.03s
[2019-10-08T11:21:49.978+0000][11288.386s] GC(122) Pause Young (Allocation Failure)
[2019-10-08T11:21:49.978+0000][11288.386s] GC(122) Using 4 workers of 4 for evacuation
[2019-10-08T11:21:50.007+0000][11288.414s] GC(122) ParNew: 1452710K->65422K(1747648K)
[2019-10-08T11:21:50.007+0000][11288.414s] GC(122) CMS: 425003K->425091K(6291456K)
[2019-10-08T11:21:50.007+0000][11288.414s] GC(122) Metaspace: 58681K->58681K(1103872K)
[2019-10-08T11:21:50.007+0000][11288.414s] GC(122) Pause Young (Allocation Failure) 1833M->479M(7850M) 28.425ms
[2019-10-08T11:21:50.007+0000][11288.414s] GC(122) User=0.11s Sys=0.00s Real=0.03s
[2019-10-08T11:23:33.075+0000][11391.482s] GC(123) Pause Young (Allocation Failure)
[2019-10-08T11:23:33.075+0000][11391.482s] GC(123) Using 4 workers of 4 for evacuation
[2019-10-08T11:23:33.104+0000][11391.512s] GC(123) ParNew: 1463566K->48856K(1747648K)
[2019-10-08T11:23:33.104+0000][11391.512s] GC(123) CMS: 425091K->425200K(6291456K)
[2019-10-08T11:23:33.104+0000][11391.512s] GC(123) Metaspace: 58682K->58682K(1103872K)
[2019-10-08T11:23:33.104+0000][11391.512s] GC(123) Pause Young (Allocation Failure) 1844M->462M(7850M) 29.267ms
[2019-10-08T11:23:33.104+0000][11391.512s] GC(123) User=0.12s Sys=0.00s Real=0.03s
[2019-10-08T11:25:04.169+0000][11482.576s] GC(124) Pause Young (Allocation Failure)
[2019-10-08T11:25:04.169+0000][11482.576s] GC(124) Using 4 workers of 4 for evacuation
[2019-10-08T11:25:04.199+0000][11482.607s] GC(124) ParNew: 1446990K->57474K(1747648K)
[2019-10-08T11:25:04.199+0000][11482.607s] GC(124) CMS: 425200K->425327K(6291456K)
[2019-10-08T11:25:04.199+0000][11482.607s] GC(124) Metaspace: 58694K->58694K(1103872K)
[2019-10-08T11:25:04.199+0000][11482.607s] GC(124) Pause Young (Allocation Failure) 1828M->471M(7850M) 30.291ms
[2019-10-08T11:25:04.199+0000][11482.607s] GC(124) User=0.11s Sys=0.00s Real=0.03s
[2019-10-08T11:26:31.411+0000][11569.819s] GC(125) Pause Young (Allocation Failure)
[2019-10-08T11:26:31.412+0000][11569.819s] GC(125) Using 4 workers of 4 for evacuation
[2019-10-08T11:26:31.440+0000][11569.848s] GC(125) ParNew: 1455618K->56276K(1747648K)
[2019-10-08T11:26:31.440+0000][11569.848s] GC(125) CMS: 425327K->425510K(6291456K)
[2019-10-08T11:26:31.440+0000][11569.848s] GC(125) Metaspace: 58697K->58697K(1103872K)
[2019-10-08T11:26:31.440+0000][11569.848s] GC(125) Pause Young (Allocation Failure) 1836M->470M(7850M) 28.777ms
[2019-10-08T11:26:31.440+0000][11569.848s] GC(125) User=0.11s Sys=0.00s Real=0.04s
[2019-10-08T11:28:02.794+0000][11661.201s] GC(126) Pause Young (Allocation Failure)
[2019-10-08T11:28:02.794+0000][11661.201s] GC(126) Using 4 workers of 4 for evacuation
[2019-10-08T11:28:02.828+0000][11661.236s] GC(126) ParNew: 1454420K->58674K(1747648K)
[2019-10-08T11:28:02.829+0000][11661.236s] GC(126) CMS: 425510K->428150K(6291456K)
[2019-10-08T11:28:02.829+0000][11661.236s] GC(126) Metaspace: 58699K->58699K(1103872K)
[2019-10-08T11:28:02.829+0000][11661.236s] GC(126) Pause Young (Allocation Failure) 1835M->475M(7850M) 34.717ms
[2019-10-08T11:28:02.829+0000][11661.236s] GC(126) User=0.13s Sys=0.00s Real=0.03s
[2019-10-08T11:29:36.423+0000][11754.831s] GC(127) Pause Young (Allocation Failure)
[2019-10-08T11:29:36.423+0000][11754.831s] GC(127) Using 4 workers of 4 for evacuation
[2019-10-08T11:29:36.449+0000][11754.856s] GC(127) ParNew: 1456818K->55152K(1747648K)
[2019-10-08T11:29:36.449+0000][11754.856s] GC(127) CMS: 428150K->428594K(6291456K)
[2019-10-08T11:29:36.449+0000][11754.856s] GC(127) Metaspace: 58700K->58700K(1103872K)
[2019-10-08T11:29:36.449+0000][11754.856s] GC(127) Pause Young (Allocation Failure) 1840M->472M(7850M) 25.662ms
[2019-10-08T11:29:36.449+0000][11754.856s] GC(127) User=0.10s Sys=0.01s Real=0.02s
[2019-10-08T11:30:52.559+0000][11830.967s] GC(128) Pause Young (Allocation Failure)
[2019-10-08T11:30:52.559+0000][11830.967s] GC(128) Using 4 workers of 4 for evacuation
[2019-10-08T11:30:52.586+0000][11830.993s] GC(128) ParNew: 1453296K->48521K(1747648K)
[2019-10-08T11:30:52.586+0000][11830.993s] GC(128) CMS: 428594K->428833K(6291456K)
[2019-10-08T11:30:52.586+0000][11830.993s] GC(128) Metaspace: 58700K->58700K(1103872K)
[2019-10-08T11:30:52.586+0000][11830.993s] GC(128) Pause Young (Allocation Failure) 1837M->466M(7850M) 26.657ms
[2019-10-08T11:30:52.586+0000][11830.993s] GC(128) User=0.11s Sys=0.00s Real=0.03s
[2019-10-08T11:32:30.550+0000][11928.957s] GC(129) Pause Young (Allocation Failure)
[2019-10-08T11:32:30.550+0000][11928.957s] GC(129) Using 4 workers of 4 for evacuation
[2019-10-08T11:32:30.575+0000][11928.983s] GC(129) ParNew: 1446665K->61320K(1747648K)
[2019-10-08T11:32:30.575+0000][11928.983s] GC(129) CMS: 428833K->428967K(6291456K)
[2019-10-08T11:32:30.575+0000][11928.983s] GC(129) Metaspace: 58711K->58711K(1103872K)
[2019-10-08T11:32:30.575+0000][11928.983s] GC(129) Pause Young (Allocation Failure) 1831M->478M(7850M) 25.633ms
[2019-10-08T11:32:30.575+0000][11928.983s] GC(129) User=0.10s Sys=0.00s Real=0.03s
[2019-10-08T11:34:00.206+0000][12018.613s] GC(130) Pause Young (Allocation Failure)
[2019-10-08T11:34:00.206+0000][12018.613s] GC(130) Using 4 workers of 4 for evacuation
[2019-10-08T11:34:00.233+0000][12018.640s] GC(130) ParNew: 1459464K->45053K(1747648K)
[2019-10-08T11:34:00.233+0000][12018.640s] GC(130) CMS: 428967K->429155K(6291456K)
[2019-10-08T11:34:00.233+0000][12018.640s] GC(130) Metaspace: 58711K->58711K(1103872K)
[2019-10-08T11:34:00.233+0000][12018.640s] GC(130) Pause Young (Allocation Failure) 1844M->463M(7850M) 26.909ms
[2019-10-08T11:34:00.233+0000][12018.640s] GC(130) User=0.10s Sys=0.00s Real=0.03s
[2019-10-08T11:35:35.797+0000][12114.204s] GC(131) Pause Young (Allocation Failure)
[2019-10-08T11:35:35.797+0000][12114.204s] GC(131) Using 4 workers of 4 for evacuation
[2019-10-08T11:35:35.821+0000][12114.228s] GC(131) ParNew: 1443197K->49031K(1747648K)
[2019-10-08T11:35:35.821+0000][12114.228s] GC(131) CMS: 429155K->429259K(6291456K)
[2019-10-08T11:35:35.821+0000][12114.228s] GC(131) Metaspace: 58714K->58714K(1103872K)
[2019-10-08T11:35:35.821+0000][12114.228s] GC(131) Pause Young (Allocation Failure) 1828M->467M(7850M) 24.433ms
[2019-10-08T11:35:35.821+0000][12114.228s] GC(131) User=0.10s Sys=0.00s Real=0.03s
[2019-10-08T11:37:08.530+0000][12206.938s] GC(132) Pause Young (Allocation Failure)
[2019-10-08T11:37:08.530+0000][12206.938s] GC(132) Using 4 workers of 4 for evacuation
[2019-10-08T11:37:08.555+0000][12206.963s] GC(132) ParNew: 1447175K->43112K(1747648K)
[2019-10-08T11:37:08.555+0000][12206.963s] GC(132) CMS: 429259K->429727K(6291456K)
[2019-10-08T11:37:08.555+0000][12206.963s] GC(132) Metaspace: 58722K->58722K(1103872K)
[2019-10-08T11:37:08.555+0000][12206.963s] GC(132) Pause Young (Allocation Failure) 1832M->461M(7850M) 25.014ms
[2019-10-08T11:37:08.555+0000][12206.963s] GC(132) User=0.10s Sys=0.00s Real=0.03s
[2019-10-08T11:38:33.126+0000][12291.533s] GC(133) Pause Young (Allocation Failure)
[2019-10-08T11:38:33.126+0000][12291.534s] GC(133) Using 4 workers of 4 for evacuation
[2019-10-08T11:38:33.154+0000][12291.561s] GC(133) ParNew: 1441256K->50286K(1747648K)
[2019-10-08T11:38:33.154+0000][12291.561s] GC(133) CMS: 429727K->430022K(6291456K)
[2019-10-08T11:38:33.154+0000][12291.561s] GC(133) Metaspace: 58723K->58723K(1103872K)
[2019-10-08T11:38:33.154+0000][12291.561s] GC(133) Pause Young (Allocation Failure) 1827M->469M(7850M) 28.026ms
[2019-10-08T11:38:33.154+0000][12291.561s] GC(133) User=0.11s Sys=0.00s Real=0.03s
[2019-10-08T11:39:53.872+0000][12372.279s] GC(134) Pause Young (Allocation Failure)
[2019-10-08T11:39:53.872+0000][12372.279s] GC(134) Using 4 workers of 4 for evacuation
[2019-10-08T11:39:53.899+0000][12372.306s] GC(134) ParNew: 1448430K->56760K(1747648K)
[2019-10-08T11:39:53.899+0000][12372.306s] GC(134) CMS: 430022K->430109K(6291456K)
[2019-10-08T11:39:53.899+0000][12372.306s] GC(134) Metaspace: 58764K->58764K(1103872K)
[2019-10-08T11:39:53.899+0000][12372.306s] GC(134) Pause Young (Allocation Failure) 1834M->475M(7850M) 27.139ms
[2019-10-08T11:39:53.899+0000][12372.306s] GC(134) User=0.10s Sys=0.00s Real=0.03s
[2019-10-08T11:41:18.621+0000][12457.028s] GC(135) Pause Young (Allocation Failure)
[2019-10-08T11:41:18.621+0000][12457.028s] GC(135) Using 4 workers of 4 for evacuation
[2019-10-08T11:41:18.647+0000][12457.055s] GC(135) ParNew: 1454904K->53908K(1747648K)
[2019-10-08T11:41:18.647+0000][12457.055s] GC(135) CMS: 430109K->431744K(6291456K)
[2019-10-08T11:41:18.647+0000][12457.055s] GC(135) Metaspace: 58768K->58768K(1103872K)
[2019-10-08T11:41:18.647+0000][12457.055s] GC(135) Pause Young (Allocation Failure) 1840M->474M(7850M) 26.564ms
[2019-10-08T11:41:18.647+0000][12457.055s] GC(135) User=0.10s Sys=0.00s Real=0.02s
[2019-10-08T11:43:05.032+0000][12563.440s] GC(136) Pause Young (Allocation Failure)
[2019-10-08T11:43:05.032+0000][12563.440s] GC(136) Using 4 workers of 4 for evacuation
[2019-10-08T11:43:05.058+0000][12563.465s] GC(136) ParNew: 1452052K->46078K(1747648K)
[2019-10-08T11:43:05.058+0000][12563.465s] GC(136) CMS: 431744K->431868K(6291456K)
[2019-10-08T11:43:05.058+0000][12563.465s] GC(136) Metaspace: 58772K->58772K(1103872K)
[2019-10-08T11:43:05.058+0000][12563.465s] GC(136) Pause Young (Allocation Failure) 1839M->466M(7850M) 25.588ms
[2019-10-08T11:43:05.058+0000][12563.465s] GC(136) User=0.10s Sys=0.00s Real=0.02s
[2019-10-08T11:44:27.274+0000][12645.681s] GC(137) Pause Young (Allocation Failure)
[2019-10-08T11:44:27.274+0000][12645.682s] GC(137) Using 4 workers of 4 for evacuation
[2019-10-08T11:44:27.300+0000][12645.707s] GC(137) ParNew: 1444222K->57750K(1747648K)
[2019-10-08T11:44:27.300+0000][12645.707s] GC(137) CMS: 431868K->433601K(6291456K)
[2019-10-08T11:44:27.300+0000][12645.707s] GC(137) Metaspace: 58781K->58781K(1103872K)
[2019-10-08T11:44:27.300+0000][12645.707s] GC(137) Pause Young (Allocation Failure) 1832M->479M(7850M) 25.690ms
[2019-10-08T11:44:27.300+0000][12645.707s] GC(137) User=0.10s Sys=0.00s Real=0.02s
[2019-10-08T11:46:07.255+0000][12745.662s] GC(138) Pause Young (Allocation Failure)
[2019-10-08T11:46:07.255+0000][12745.662s] GC(138) Using 4 workers of 4 for evacuation
[2019-10-08T11:46:07.281+0000][12745.688s] GC(138) ParNew: 1455894K->37306K(1747648K)
[2019-10-08T11:46:07.281+0000][12745.688s] GC(138) CMS: 433601K->435252K(6291456K)
[2019-10-08T11:46:07.281+0000][12745.688s] GC(138) Metaspace: 58781K->58781K(1103872K)
[2019-10-08T11:46:07.281+0000][12745.688s] GC(138) Pause Young (Allocation Failure) 1845M->461M(7850M) 26.032ms
[2019-10-08T11:46:07.281+0000][12745.688s] GC(138) User=0.11s Sys=0.00s Real=0.03s
[2019-10-08T11:47:55.204+0000][12853.611s] GC(139) Pause Young (Allocation Failure)
[2019-10-08T11:47:55.204+0000][12853.611s] GC(139) Using 4 workers of 4 for evacuation
[2019-10-08T11:47:55.230+0000][12853.638s] GC(139) ParNew: 1435450K->49250K(1747648K)
[2019-10-08T11:47:55.230+0000][12853.638s] GC(139) CMS: 435252K->437483K(6291456K)
[2019-10-08T11:47:55.230+0000][12853.638s] GC(139) Metaspace: 58787K->58787K(1103872K)
[2019-10-08T11:47:55.230+0000][12853.638s] GC(139) Pause Young (Allocation Failure) 1826M->475M(7850M) 26.240ms
[2019-10-08T11:47:55.230+0000][12853.638s] GC(139) User=0.09s Sys=0.01s Real=0.02s
[2019-10-08T11:49:43.791+0000][12962.199s] GC(140) Pause Young (Allocation Failure)
[2019-10-08T11:49:43.792+0000][12962.199s] GC(140) Using 4 workers of 4 for evacuation
[2019-10-08T11:49:43.817+0000][12962.224s] GC(140) ParNew: 1447394K->45556K(1747648K)
[2019-10-08T11:49:43.817+0000][12962.224s] GC(140) CMS: 437483K->437667K(6291456K)
[2019-10-08T11:49:43.817+0000][12962.224s] GC(140) Metaspace: 58787K->58787K(1103872K)
[2019-10-08T11:49:43.817+0000][12962.224s] GC(140) Pause Young (Allocation Failure) 1840M->471M(7850M) 25.489ms
[2019-10-08T11:49:43.817+0000][12962.224s] GC(140) User=0.10s Sys=0.00s Real=0.03s
[2019-10-08T11:51:16.475+0000][13054.883s] GC(141) Pause Young (Allocation Failure)
[2019-10-08T11:51:16.475+0000][13054.883s] GC(141) Using 4 workers of 4 for evacuation
[2019-10-08T11:51:16.501+0000][13054.908s] GC(141) ParNew: 1443697K->39684K(1747648K)
[2019-10-08T11:51:16.501+0000][13054.908s] GC(141) CMS: 437667K->440042K(6291456K)
[2019-10-08T11:51:16.501+0000][13054.908s] GC(141) Metaspace: 58788K->58788K(1103872K)
[2019-10-08T11:51:16.501+0000][13054.908s] GC(141) Pause Young (Allocation Failure) 1837M->468M(7850M) 25.383ms
[2019-10-08T11:51:16.501+0000][13054.908s] GC(141) User=0.08s Sys=0.01s Real=0.03s
[2019-10-08T11:53:02.650+0000][13161.058s] GC(142) Pause Young (Allocation Failure)
[2019-10-08T11:53:02.650+0000][13161.058s] GC(142) Using 4 workers of 4 for evacuation
[2019-10-08T11:53:02.676+0000][13161.083s] GC(142) ParNew: 1437807K->43511K(1747648K)
[2019-10-08T11:53:02.676+0000][13161.083s] GC(142) CMS: 440042K->440261K(6291456K)
[2019-10-08T11:53:02.676+0000][13161.083s] GC(142) Metaspace: 58795K->58795K(1103872K)
[2019-10-08T11:53:02.676+0000][13161.083s] GC(142) Pause Young (Allocation Failure) 1833M->472M(7850M) 25.674ms
[2019-10-08T11:53:02.676+0000][13161.083s] GC(142) User=0.10s Sys=0.00s Real=0.03s
[2019-10-08T11:54:41.472+0000][13259.879s] GC(143) Pause Young (Allocation Failure)
[2019-10-08T11:54:41.472+0000][13259.879s] GC(143) Using 4 workers of 4 for evacuation
[2019-10-08T11:54:41.498+0000][13259.905s] GC(143) ParNew: 1441655K->44825K(1747648K)
[2019-10-08T11:54:41.498+0000][13259.905s] GC(143) CMS: 440261K->440518K(6291456K)
[2019-10-08T11:54:41.498+0000][13259.905s] GC(143) Metaspace: 58802K->58802K(1103872K)
[2019-10-08T11:54:41.498+0000][13259.905s] GC(143) Pause Young (Allocation Failure) 1837M->473M(7850M) 26.118ms
[2019-10-08T11:54:41.498+0000][13259.905s] GC(143) User=0.11s Sys=0.00s Real=0.03s
[2019-10-08T11:56:04.142+0000][13342.549s] GC(144) Pause Young (Allocation Failure)
[2019-10-08T11:56:04.142+0000][13342.549s] GC(144) Using 4 workers of 4 for evacuation
[2019-10-08T11:56:04.168+0000][13342.576s] GC(144) ParNew: 1442969K->38567K(1747648K)
[2019-10-08T11:56:04.168+0000][13342.576s] GC(144) CMS: 440518K->440861K(6291456K)
[2019-10-08T11:56:04.168+0000][13342.576s] GC(144) Metaspace: 58829K->58829K(1103872K)
[2019-10-08T11:56:04.168+0000][13342.576s] GC(144) Pause Young (Allocation Failure) 1839M->468M(7850M) 26.334ms
[2019-10-08T11:56:04.168+0000][13342.576s] GC(144) User=0.10s Sys=0.00s Real=0.02s
[2019-10-08T11:57:47.703+0000][13446.110s] GC(145) Pause Young (Allocation Failure)
[2019-10-08T11:57:47.703+0000][13446.110s] GC(145) Using 4 workers of 4 for evacuation
[2019-10-08T11:57:47.728+0000][13446.136s] GC(145) ParNew: 1436711K->46945K(1747648K)
[2019-10-08T11:57:47.728+0000][13446.136s] GC(145) CMS: 440861K->440998K(6291456K)
[2019-10-08T11:57:47.728+0000][13446.136s] GC(145) Metaspace: 58829K->58829K(1103872K)
[2019-10-08T11:57:47.728+0000][13446.136s] GC(145) Pause Young (Allocation Failure) 1833M->476M(7850M) 25.318ms
[2019-10-08T11:57:47.728+0000][13446.136s] GC(145) User=0.10s Sys=0.00s Real=0.02s
[2019-10-08T11:59:13.634+0000][13532.041s] GC(146) Pause Young (Allocation Failure)
[2019-10-08T11:59:13.634+0000][13532.041s] GC(146) Using 4 workers of 4 for evacuation
[2019-10-08T11:59:13.661+0000][13532.068s] GC(146) ParNew: 1445089K->47682K(1747648K)
[2019-10-08T11:59:13.661+0000][13532.068s] GC(146) CMS: 440998K->441719K(6291456K)
[2019-10-08T11:59:13.661+0000][13532.068s] GC(146) Metaspace: 58829K->58829K(1103872K)
[2019-10-08T11:59:13.661+0000][13532.068s] GC(146) Pause Young (Allocation Failure) 1841M->477M(7850M) 27.311ms
[2019-10-08T11:59:13.661+0000][13532.069s] GC(146) User=0.11s Sys=0.00s Real=0.03s
[2019-10-08T12:00:44.017+0000][13622.424s] GC(147) Pause Young (Allocation Failure)
[2019-10-08T12:00:44.017+0000][13622.424s] GC(147) Using 4 workers of 4 for evacuation
[2019-10-08T12:00:44.047+0000][13622.454s] GC(147) ParNew: 1445826K->49402K(1747648K)
[2019-10-08T12:00:44.047+0000][13622.454s] GC(147) CMS: 441719K->443755K(6291456K)
[2019-10-08T12:00:44.047+0000][13622.454s] GC(147) Metaspace: 58829K->58829K(1103872K)
[2019-10-08T12:00:44.047+0000][13622.455s] GC(147) Pause Young (Allocation Failure) 1843M->481M(7850M) 30.182ms
[2019-10-08T12:00:44.047+0000][13622.455s] GC(147) User=0.11s Sys=0.00s Real=0.03s
[2019-10-08T12:02:13.901+0000][13712.309s] GC(148) Pause Young (Allocation Failure)
[2019-10-08T12:02:13.901+0000][13712.309s] GC(148) Using 4 workers of 4 for evacuation
[2019-10-08T12:02:13.927+0000][13712.334s] GC(148) ParNew: 1447546K->38897K(1747648K)
[2019-10-08T12:02:13.927+0000][13712.334s] GC(148) CMS: 443755K->443924K(6291456K)
[2019-10-08T12:02:13.927+0000][13712.334s] GC(148) Metaspace: 58829K->58829K(1103872K)
[2019-10-08T12:02:13.927+0000][13712.334s] GC(148) Pause Young (Allocation Failure) 1846M->471M(7850M) 25.493ms
[2019-10-08T12:02:13.927+0000][13712.334s] GC(148) User=0.10s Sys=0.00s Real=0.02s
[2019-10-08T12:03:48.830+0000][13807.238s] GC(149) Pause Young (Allocation Failure)
[2019-10-08T12:03:48.831+0000][13807.238s] GC(149) Using 4 workers of 4 for evacuation
[2019-10-08T12:03:48.857+0000][13807.264s] GC(149) ParNew: 1437041K->51285K(1747648K)
[2019-10-08T12:03:48.857+0000][13807.264s] GC(149) CMS: 443924K->445280K(6291456K)
[2019-10-08T12:03:48.857+0000][13807.264s] GC(149) Metaspace: 58831K->58831K(1103872K)
[2019-10-08T12:03:48.857+0000][13807.264s] GC(149) Pause Young (Allocation Failure) 1836M->484M(7850M) 26.156ms
[2019-10-08T12:03:48.857+0000][13807.264s] GC(149) User=0.10s Sys=0.00s Real=0.03s
[2019-10-08T12:05:12.514+0000][13890.921s] GC(150) Pause Young (Allocation Failure)
[2019-10-08T12:05:12.514+0000][13890.921s] GC(150) Using 4 workers of 4 for evacuation
[2019-10-08T12:05:12.539+0000][13890.947s] GC(150) ParNew: 1449429K->34645K(1747648K)
[2019-10-08T12:05:12.539+0000][13890.947s] GC(150) CMS: 445280K->445448K(6291456K)
[2019-10-08T12:05:12.539+0000][13890.947s] GC(150) Metaspace: 58831K->58831K(1103872K)
[2019-10-08T12:05:12.539+0000][13890.947s] GC(150) Pause Young (Allocation Failure) 1850M->468M(7850M) 25.473ms
[2019-10-08T12:05:12.539+0000][13890.947s] GC(150) User=0.10s Sys=0.00s Real=0.02s
[2019-10-08T12:06:52.798+0000][13991.205s] GC(151) Pause Young (Allocation Failure)
[2019-10-08T12:06:52.798+0000][13991.205s] GC(151) Using 4 workers of 4 for evacuation
[2019-10-08T12:06:52.825+0000][13991.233s] GC(151) ParNew: 1432789K->45520K(1747648K)
[2019-10-08T12:06:52.826+0000][13991.233s] GC(151) CMS: 445448K->445675K(6291456K)
[2019-10-08T12:06:52.826+0000][13991.233s] GC(151) Metaspace: 58832K->58832K(1103872K)
[2019-10-08T12:06:52.826+0000][13991.233s] GC(151) Pause Young (Allocation Failure) 1834M->479M(7850M) 27.727ms
[2019-10-08T12:06:52.826+0000][13991.233s] GC(151) User=0.10s Sys=0.00s Real=0.03s
[2019-10-08T12:08:19.282+0000][14077.690s] GC(152) Pause Young (Allocation Failure)
[2019-10-08T12:08:19.282+0000][14077.690s] GC(152) Using 4 workers of 4 for evacuation
[2019-10-08T12:08:19.308+0000][14077.716s] GC(152) ParNew: 1443664K->41919K(1747648K)
[2019-10-08T12:08:19.308+0000][14077.716s] GC(152) CMS: 445675K->446430K(6291456K)
[2019-10-08T12:08:19.308+0000][14077.716s] GC(152) Metaspace: 58832K->58832K(1103872K)
[2019-10-08T12:08:19.308+0000][14077.716s] GC(152) Pause Young (Allocation Failure) 1845M->476M(7850M) 26.241ms
[2019-10-08T12:08:19.308+0000][14077.716s] GC(152) User=0.10s Sys=0.00s Real=0.02s
[2019-10-08T12:09:56.578+0000][14174.985s] GC(153) Pause Young (Allocation Failure)
[2019-10-08T12:09:56.578+0000][14174.985s] GC(153) Using 4 workers of 4 for evacuation
[2019-10-08T12:09:56.603+0000][14175.011s] GC(153) ParNew: 1440063K->51034K(1747648K)
[2019-10-08T12:09:56.603+0000][14175.011s] GC(153) CMS: 446430K->446577K(6291456K)
[2019-10-08T12:09:56.603+0000][14175.011s] GC(153) Metaspace: 58832K->58832K(1103872K)
[2019-10-08T12:09:56.603+0000][14175.011s] GC(153) Pause Young (Allocation Failure) 1842M->485M(7850M) 25.473ms
[2019-10-08T12:09:56.603+0000][14175.011s] GC(153) User=0.10s Sys=0.00s Real=0.03s
[2019-10-08T12:11:33.154+0000][14271.561s] GC(154) Pause Young (Allocation Failure)
[2019-10-08T12:11:33.154+0000][14271.561s] GC(154) Using 4 workers of 4 for evacuation
[2019-10-08T12:11:33.179+0000][14271.587s] GC(154) ParNew: 1449178K->46206K(1747648K)
[2019-10-08T12:11:33.179+0000][14271.587s] GC(154) CMS: 446577K->446736K(6291456K)
[2019-10-08T12:11:33.179+0000][14271.587s] GC(154) Metaspace: 58832K->58832K(1103872K)
[2019-10-08T12:11:33.179+0000][14271.587s] GC(154) Pause Young (Allocation Failure) 1851M->481M(7850M) 25.584ms
[2019-10-08T12:11:33.179+0000][14271.587s] GC(154) User=0.10s Sys=0.00s Real=0.02s
[2019-10-08T12:13:16.463+0000][14374.870s] GC(155) Pause Young (Allocation Failure)
[2019-10-08T12:13:16.463+0000][14374.871s] GC(155) Using 4 workers of 4 for evacuation
[2019-10-08T12:13:16.488+0000][14374.896s] GC(155) ParNew: 1444350K->38386K(1747648K)
[2019-10-08T12:13:16.488+0000][14374.896s] GC(155) CMS: 446736K->446869K(6291456K)
[2019-10-08T12:13:16.488+0000][14374.896s] GC(155) Metaspace: 58866K->58866K(1103872K)
[2019-10-08T12:13:16.488+0000][14374.896s] GC(155) Pause Young (Allocation Failure) 1846M->473M(7850M) 25.405ms
[2019-10-08T12:13:16.489+0000][14374.896s] GC(155) User=0.10s Sys=0.00s Real=0.02s
[2019-10-08T12:14:40.715+0000][14459.122s] GC(156) Pause Young (Allocation Failure)
[2019-10-08T12:14:40.715+0000][14459.122s] GC(156) Using 4 workers of 4 for evacuation
[2019-10-08T12:14:40.744+0000][14459.151s] GC(156) ParNew: 1436530K->50922K(1747648K)
[2019-10-08T12:14:40.744+0000][14459.151s] GC(156) CMS: 446869K->447023K(6291456K)
[2019-10-08T12:14:40.744+0000][14459.151s] GC(156) Metaspace: 58866K->58866K(1103872K)
[2019-10-08T12:14:40.744+0000][14459.151s] GC(156) Pause Young (Allocation Failure) 1839M->486M(7850M) 29.180ms
[2019-10-08T12:14:40.744+0000][14459.151s] GC(156) User=0.12s Sys=0.00s Real=0.03s
[2019-10-08T12:16:11.910+0000][14550.317s] GC(157) Pause Young (Allocation Failure)
[2019-10-08T12:16:11.910+0000][14550.317s] GC(157) Using 4 workers of 4 for evacuation
[2019-10-08T12:16:11.949+0000][14550.356s] GC(157) ParNew: 1449066K->52386K(1747648K)
[2019-10-08T12:16:11.949+0000][14550.356s] GC(157) CMS: 447023K->447135K(6291456K)
[2019-10-08T12:16:11.949+0000][14550.356s] GC(157) Metaspace: 58866K->58866K(1103872K)
[2019-10-08T12:16:11.949+0000][14550.356s] GC(157) Pause Young (Allocation Failure) 1851M->487M(7850M) 39.369ms
[2019-10-08T12:16:11.949+0000][14550.356s] GC(157) User=0.12s Sys=0.00s Real=0.04s
[2019-10-08T12:17:32.597+0000][14631.004s] GC(158) Pause Young (Allocation Failure)
[2019-10-08T12:17:32.597+0000][14631.004s] GC(158) Using 4 workers of 4 for evacuation
[2019-10-08T12:17:32.626+0000][14631.034s] GC(158) ParNew: 1450500K->53973K(1747648K)
[2019-10-08T12:17:32.626+0000][14631.034s] GC(158) CMS: 447135K->447681K(6291456K)
[2019-10-08T12:17:32.626+0000][14631.034s] GC(158) Metaspace: 58866K->58866K(1103872K)
[2019-10-08T12:17:32.627+0000][14631.034s] GC(158) Pause Young (Allocation Failure) 1853M->489M(7850M) 29.619ms
[2019-10-08T12:17:32.627+0000][14631.034s] GC(158) User=0.12s Sys=0.00s Real=0.03s
[2019-10-08T12:19:02.099+0000][14720.506s] GC(159) Pause Young (Allocation Failure)
[2019-10-08T12:19:02.099+0000][14720.506s] GC(159) Using 4 workers of 4 for evacuation
[2019-10-08T12:19:02.128+0000][14720.535s] GC(159) ParNew: 1452117K->61516K(1747648K)
[2019-10-08T12:19:02.128+0000][14720.535s] GC(159) CMS: 447681K->447936K(6291456K)
[2019-10-08T12:19:02.128+0000][14720.535s] GC(159) Metaspace: 58867K->58867K(1103872K)
[2019-10-08T12:19:02.128+0000][14720.535s] GC(159) Pause Young (Allocation Failure) 1855M->497M(7850M) 28.771ms
[2019-10-08T12:19:02.128+0000][14720.535s] GC(159) User=0.12s Sys=0.00s Real=0.03s
[2019-10-08T12:20:29.798+0000][14808.206s] GC(160) Pause Young (Allocation Failure)
[2019-10-08T12:20:29.798+0000][14808.206s] GC(160) Using 4 workers of 4 for evacuation
[2019-10-08T12:20:29.835+0000][14808.243s] GC(160) ParNew: 1459643K->59713K(1747648K)
[2019-10-08T12:20:29.835+0000][14808.243s] GC(160) CMS: 447936K->448104K(6291456K)
[2019-10-08T12:20:29.835+0000][14808.243s] GC(160) Metaspace: 58867K->58867K(1103872K)
[2019-10-08T12:20:29.835+0000][14808.243s] GC(160) Pause Young (Allocation Failure) 1862M->495M(7850M) 37.047ms
[2019-10-08T12:20:29.835+0000][14808.243s] GC(160) User=0.13s Sys=0.00s Real=0.04s
[2019-10-08T12:21:54.752+0000][14893.159s] GC(161) Pause Young (Allocation Failure)
[2019-10-08T12:21:54.752+0000][14893.159s] GC(161) Using 4 workers of 4 for evacuation
[2019-10-08T12:21:54.780+0000][14893.187s] GC(161) ParNew: 1457857K->51564K(1747648K)
[2019-10-08T12:21:54.780+0000][14893.187s] GC(161) CMS: 448104K->448310K(6291456K)
[2019-10-08T12:21:54.780+0000][14893.187s] GC(161) Metaspace: 58867K->58867K(1103872K)
[2019-10-08T12:21:54.780+0000][14893.187s] GC(161) Pause Young (Allocation Failure) 1861M->488M(7850M) 27.987ms
[2019-10-08T12:21:54.780+0000][14893.187s] GC(161) User=0.11s Sys=0.00s Real=0.03s
[2019-10-08T12:23:30.332+0000][14988.739s] GC(162) Pause Young (Allocation Failure)
[2019-10-08T12:23:30.332+0000][14988.739s] GC(162) Using 4 workers of 4 for evacuation
[2019-10-08T12:23:30.364+0000][14988.771s] GC(162) ParNew: 1449708K->64744K(1747648K)
[2019-10-08T12:23:30.364+0000][14988.771s] GC(162) CMS: 448310K->449721K(6291456K)
[2019-10-08T12:23:30.364+0000][14988.771s] GC(162) Metaspace: 58868K->58868K(1103872K)
[2019-10-08T12:23:30.364+0000][14988.771s] GC(162) Pause Young (Allocation Failure) 1853M->502M(7850M) 31.866ms
[2019-10-08T12:23:30.364+0000][14988.771s] GC(162) User=0.12s Sys=0.00s Real=0.04s
[2019-10-08T12:25:02.597+0000][15081.005s] GC(163) Pause Young (Allocation Failure)
[2019-10-08T12:25:02.598+0000][15081.005s] GC(163) Using 4 workers of 4 for evacuation
[2019-10-08T12:25:02.627+0000][15081.034s] GC(163) ParNew: 1462888K->50067K(1747648K)
[2019-10-08T12:25:02.627+0000][15081.034s] GC(163) CMS: 449721K->449852K(6291456K)
[2019-10-08T12:25:02.627+0000][15081.034s] GC(163) Metaspace: 58868K->58868K(1103872K)
[2019-10-08T12:25:02.627+0000][15081.034s] GC(163) Pause Young (Allocation Failure) 1867M->488M(7850M) 29.099ms
[2019-10-08T12:25:02.627+0000][15081.034s] GC(163) User=0.11s Sys=0.00s Real=0.03s
[2019-10-08T12:26:31.935+0000][15170.342s] GC(164) Pause Young (Allocation Failure)
[2019-10-08T12:26:31.935+0000][15170.342s] GC(164) Using 4 workers of 4 for evacuation
[2019-10-08T12:26:31.971+0000][15170.379s] GC(164) ParNew: 1448211K->63253K(1747648K)
[2019-10-08T12:26:31.971+0000][15170.379s] GC(164) CMS: 449852K->452444K(6291456K)
[2019-10-08T12:26:31.971+0000][15170.379s] GC(164) Metaspace: 58869K->58869K(1103872K)
[2019-10-08T12:26:31.971+0000][15170.379s] GC(164) Pause Young (Allocation Failure) 1853M->503M(7850M) 36.453ms
[2019-10-08T12:26:31.972+0000][15170.379s] GC(164) User=0.15s Sys=0.00s Real=0.03s
[2019-10-08T12:27:42.930+0000][15241.338s] GC(165) Pause Young (Allocation Failure)
[2019-10-08T12:27:42.931+0000][15241.338s] GC(165) Using 4 workers of 4 for evacuation
[2019-10-08T12:27:42.956+0000][15241.363s] GC(165) ParNew: 1461397K->46809K(1747648K)
[2019-10-08T12:27:42.956+0000][15241.363s] GC(165) CMS: 452444K->453139K(6291456K)
[2019-10-08T12:27:42.956+0000][15241.363s] GC(165) Metaspace: 58870K->58870K(1103872K)
[2019-10-08T12:27:42.956+0000][15241.363s] GC(165) Pause Young (Allocation Failure) 1868M->488M(7850M) 25.573ms
[2019-10-08T12:27:42.956+0000][15241.363s] GC(165) User=0.10s Sys=0.00s Real=0.03s
[2019-10-08T12:29:26.738+0000][15345.146s] GC(166) Pause Young (Allocation Failure)
[2019-10-08T12:29:26.739+0000][15345.146s] GC(166) Using 4 workers of 4 for evacuation
[2019-10-08T12:29:26.765+0000][15345.172s] GC(166) ParNew: 1444953K->59580K(1747648K)
[2019-10-08T12:29:26.765+0000][15345.172s] GC(166) CMS: 453139K->453267K(6291456K)
[2019-10-08T12:29:26.765+0000][15345.172s] GC(166) Metaspace: 58878K->58878K(1103872K)
[2019-10-08T12:29:26.765+0000][15345.172s] GC(166) Pause Young (Allocation Failure) 1853M->500M(7850M) 26.655ms
[2019-10-08T12:29:26.765+0000][15345.172s] GC(166) User=0.10s Sys=0.00s Real=0.03s
[2019-10-08T12:30:45.725+0000][15424.133s] GC(167) Pause Young (Allocation Failure)
[2019-10-08T12:30:45.725+0000][15424.133s] GC(167) Using 4 workers of 4 for evacuation
[2019-10-08T12:30:45.751+0000][15424.158s] GC(167) ParNew: 1457724K->54874K(1747648K)
[2019-10-08T12:30:45.751+0000][15424.158s] GC(167) CMS: 453267K->453478K(6291456K)
[2019-10-08T12:30:45.751+0000][15424.158s] GC(167) Metaspace: 58895K->58895K(1103872K)
[2019-10-08T12:30:45.751+0000][15424.158s] GC(167) Pause Young (Allocation Failure) 1866M->496M(7850M) 25.361ms
[2019-10-08T12:30:45.751+0000][15424.158s] GC(167) User=0.10s Sys=0.00s Real=0.02s
[2019-10-08T12:32:13.618+0000][15512.025s] GC(168) Pause Young (Allocation Failure)
[2019-10-08T12:32:13.618+0000][15512.026s] GC(168) Using 4 workers of 4 for evacuation
[2019-10-08T12:32:13.645+0000][15512.052s] GC(168) ParNew: 1453018K->46759K(1747648K)
[2019-10-08T12:32:13.645+0000][15512.052s] GC(168) CMS: 453478K->453574K(6291456K)
[2019-10-08T12:32:13.645+0000][15512.052s] GC(168) Metaspace: 58895K->58895K(1103872K)
[2019-10-08T12:32:13.645+0000][15512.052s] GC(168) Pause Young (Allocation Failure) 1861M->488M(7850M) 26.516ms
[2019-10-08T12:32:13.645+0000][15512.052s] GC(168) User=0.10s Sys=0.00s Real=0.03s
[2019-10-08T12:33:39.160+0000][15597.567s] GC(169) Pause Young (Allocation Failure)
[2019-10-08T12:33:39.160+0000][15597.567s] GC(169) Using 4 workers of 4 for evacuation
[2019-10-08T12:33:39.193+0000][15597.601s] GC(169) ParNew: 1444903K->52736K(1747648K)
[2019-10-08T12:33:39.193+0000][15597.601s] GC(169) CMS: 453574K->453649K(6291456K)
[2019-10-08T12:33:39.193+0000][15597.601s] GC(169) Metaspace: 58895K->58895K(1103872K)
[2019-10-08T12:33:39.193+0000][15597.601s] GC(169) Pause Young (Allocation Failure) 1853M->494M(7850M) 33.375ms
[2019-10-08T12:33:39.193+0000][15597.601s] GC(169) User=0.11s Sys=0.00s Real=0.04s
[2019-10-08T12:35:20.741+0000][15699.148s] GC(170) Pause Young (Allocation Failure)
[2019-10-08T12:35:20.741+0000][15699.148s] GC(170) Using 4 workers of 4 for evacuation
[2019-10-08T12:35:20.767+0000][15699.175s] GC(170) ParNew: 1450880K->54326K(1747648K)
[2019-10-08T12:35:20.768+0000][15699.175s] GC(170) CMS: 453649K->453743K(6291456K)
[2019-10-08T12:35:20.768+0000][15699.175s] GC(170) Metaspace: 58895K->58895K(1103872K)
[2019-10-08T12:35:20.768+0000][15699.175s] GC(170) Pause Young (Allocation Failure) 1859M->496M(7850M) 26.693ms
[2019-10-08T12:35:20.768+0000][15699.175s] GC(170) User=0.10s Sys=0.00s Real=0.02s
[2019-10-08T12:36:43.177+0000][15781.584s] GC(171) Pause Young (Allocation Failure)
[2019-10-08T12:36:43.177+0000][15781.584s] GC(171) Using 4 workers of 4 for evacuation
[2019-10-08T12:36:43.205+0000][15781.612s] GC(171) ParNew: 1452470K->58352K(1747648K)
[2019-10-08T12:36:43.205+0000][15781.612s] GC(171) CMS: 453743K->454020K(6291456K)
[2019-10-08T12:36:43.205+0000][15781.613s] GC(171) Metaspace: 58895K->58895K(1103872K)
[2019-10-08T12:36:43.205+0000][15781.613s] GC(171) Pause Young (Allocation Failure) 1861M->500M(7850M) 28.340ms
[2019-10-08T12:36:43.205+0000][15781.613s] GC(171) User=0.10s Sys=0.01s Real=0.03s
[2019-10-08T12:38:07.098+0000][15865.505s] GC(172) Pause Young (Allocation Failure)
[2019-10-08T12:38:07.098+0000][15865.505s] GC(172) Using 4 workers of 4 for evacuation
[2019-10-08T12:38:07.124+0000][15865.531s] GC(172) ParNew: 1456496K->62356K(1747648K)
[2019-10-08T12:38:07.124+0000][15865.531s] GC(172) CMS: 454020K->454429K(6291456K)
[2019-10-08T12:38:07.124+0000][15865.531s] GC(172) Metaspace: 58895K->58895K(1103872K)
[2019-10-08T12:38:07.124+0000][15865.531s] GC(172) Pause Young (Allocation Failure) 1865M->504M(7850M) 26.018ms
[2019-10-08T12:38:07.124+0000][15865.531s] GC(172) User=0.10s Sys=0.00s Real=0.03s
[2019-10-08T12:39:37.933+0000][15956.341s] GC(173) Pause Young (Allocation Failure)
[2019-10-08T12:39:37.934+0000][15956.341s] GC(173) Using 4 workers of 4 for evacuation
[2019-10-08T12:39:37.960+0000][15956.367s] GC(173) ParNew: 1460500K->58797K(1747648K)
[2019-10-08T12:39:37.960+0000][15956.367s] GC(173) CMS: 454429K->454633K(6291456K)
[2019-10-08T12:39:37.960+0000][15956.367s] GC(173) Metaspace: 58895K->58895K(1103872K)
[2019-10-08T12:39:37.960+0000][15956.367s] GC(173) Pause Young (Allocation Failure) 1870M->501M(7850M) 26.396ms
[2019-10-08T12:39:37.960+0000][15956.367s] GC(173) User=0.11s Sys=0.00s Real=0.02s
[2019-10-08T12:40:56.100+0000][16034.508s] GC(174) Pause Young (Allocation Failure)
[2019-10-08T12:40:56.101+0000][16034.508s] GC(174) Using 4 workers of 4 for evacuation
[2019-10-08T12:40:56.128+0000][16034.535s] GC(174) ParNew: 1456941K->55127K(1747648K)
[2019-10-08T12:40:56.128+0000][16034.536s] GC(174) CMS: 454633K->454911K(6291456K)
[2019-10-08T12:40:56.128+0000][16034.536s] GC(174) Metaspace: 58895K->58895K(1103872K)
[2019-10-08T12:40:56.128+0000][16034.536s] GC(174) Pause Young (Allocation Failure) 1866M->498M(7850M) 27.719ms
[2019-10-08T12:40:56.128+0000][16034.536s] GC(174) User=0.11s Sys=0.00s Real=0.02s
[2019-10-08T12:42:22.913+0000][16121.320s] GC(175) Pause Young (Allocation Failure)
[2019-10-08T12:42:22.913+0000][16121.320s] GC(175) Using 4 workers of 4 for evacuation
[2019-10-08T12:42:22.941+0000][16121.349s] GC(175) ParNew: 1453271K->53528K(1747648K)
[2019-10-08T12:42:22.941+0000][16121.349s] GC(175) CMS: 454911K->455057K(6291456K)
[2019-10-08T12:42:22.941+0000][16121.349s] GC(175) Metaspace: 58895K->58895K(1103872K)
[2019-10-08T12:42:22.941+0000][16121.349s] GC(175) Pause Young (Allocation Failure) 1863M->496M(7850M) 28.363ms
[2019-10-08T12:42:22.941+0000][16121.349s] GC(175) User=0.11s Sys=0.00s Real=0.03s
[2019-10-08T12:43:48.486+0000][16206.893s] GC(176) Pause Young (Allocation Failure)
[2019-10-08T12:43:48.486+0000][16206.893s] GC(176) Using 4 workers of 4 for evacuation
[2019-10-08T12:43:48.513+0000][16206.920s] GC(176) ParNew: 1451672K->58285K(1747648K)
[2019-10-08T12:43:48.513+0000][16206.920s] GC(176) CMS: 455057K->455194K(6291456K)
[2019-10-08T12:43:48.513+0000][16206.920s] GC(176) Metaspace: 58895K->58895K(1103872K)
[2019-10-08T12:43:48.513+0000][16206.920s] GC(176) Pause Young (Allocation Failure) 1862M->501M(7850M) 27.137ms
[2019-10-08T12:43:48.513+0000][16206.920s] GC(176) User=0.11s Sys=0.00s Real=0.03s
[2019-10-08T12:45:19.911+0000][16298.319s] GC(177) Pause Young (Allocation Failure)
[2019-10-08T12:45:19.912+0000][16298.319s] GC(177) Using 4 workers of 4 for evacuation
[2019-10-08T12:45:19.941+0000][16298.349s] GC(177) ParNew: 1456429K->55164K(1747648K)
[2019-10-08T12:45:19.941+0000][16298.349s] GC(177) CMS: 455194K->455337K(6291456K)
[2019-10-08T12:45:19.941+0000][16298.349s] GC(177) Metaspace: 58896K->58896K(1103872K)
[2019-10-08T12:45:19.941+0000][16298.349s] GC(177) Pause Young (Allocation Failure) 1866M->498M(7850M) 29.884ms
[2019-10-08T12:45:19.941+0000][16298.349s] GC(177) User=0.10s Sys=0.00s Real=0.04s
[2019-10-08T12:46:49.351+0000][16387.758s] GC(178) Pause Young (Allocation Failure)
[2019-10-08T12:46:49.351+0000][16387.758s] GC(178) Using 4 workers of 4 for evacuation
[2019-10-08T12:46:49.377+0000][16387.785s] GC(178) ParNew: 1453308K->49968K(1747648K)
[2019-10-08T12:46:49.377+0000][16387.785s] GC(178) CMS: 455337K->455917K(6291456K)
[2019-10-08T12:46:49.377+0000][16387.785s] GC(178) Metaspace: 58896K->58896K(1103872K)
[2019-10-08T12:46:49.378+0000][16387.785s] GC(178) Pause Young (Allocation Failure) 1863M->494M(7850M) 26.808ms
[2019-10-08T12:46:49.378+0000][16387.785s] GC(178) User=0.10s Sys=0.00s Real=0.03s
[2019-10-08T12:47:57.235+0000][16455.643s] GC(179) Pause Young (Allocation Failure)
[2019-10-08T12:47:57.235+0000][16455.643s] GC(179) Using 4 workers of 4 for evacuation
[2019-10-08T12:47:57.263+0000][16455.670s] GC(179) ParNew: 1448112K->64890K(1747648K)
[2019-10-08T12:47:57.263+0000][16455.671s] GC(179) CMS: 455917K->456291K(6291456K)
[2019-10-08T12:47:57.263+0000][16455.671s] GC(179) Metaspace: 58896K->58896K(1103872K)
[2019-10-08T12:47:57.263+0000][16455.671s] GC(179) Pause Young (Allocation Failure) 1859M->508M(7850M) 27.738ms
[2019-10-08T12:47:57.263+0000][16455.671s] GC(179) User=0.11s Sys=0.00s Real=0.03s
[2019-10-08T12:49:43.368+0000][16561.775s] GC(180) Pause Young (Allocation Failure)
[2019-10-08T12:49:43.368+0000][16561.775s] GC(180) Using 4 workers of 4 for evacuation
[2019-10-08T12:49:43.395+0000][16561.803s] GC(180) ParNew: 1463034K->54217K(1747648K)
[2019-10-08T12:49:43.395+0000][16561.803s] GC(180) CMS: 456291K->456468K(6291456K)
[2019-10-08T12:49:43.395+0000][16561.803s] GC(180) Metaspace: 58896K->58896K(1103872K)
[2019-10-08T12:49:43.395+0000][16561.803s] GC(180) Pause Young (Allocation Failure) 1874M->498M(7850M) 27.622ms
[2019-10-08T12:49:43.395+0000][16561.803s] GC(180) User=0.11s Sys=0.00s Real=0.03s
[2019-10-08T12:51:21.850+0000][16660.258s] GC(181) Pause Young (Allocation Failure)
[2019-10-08T12:51:21.850+0000][16660.258s] GC(181) Using 4 workers of 4 for evacuation
[2019-10-08T12:51:21.877+0000][16660.285s] GC(181) ParNew: 1452361K->50088K(1747648K)
[2019-10-08T12:51:21.878+0000][16660.285s] GC(181) CMS: 456468K->457778K(6291456K)
[2019-10-08T12:51:21.878+0000][16660.285s] GC(181) Metaspace: 58896K->58896K(1103872K)
[2019-10-08T12:51:21.878+0000][16660.285s] GC(181) Pause Young (Allocation Failure) 1864M->495M(7850M) 27.145ms
[2019-10-08T12:51:21.878+0000][16660.285s] GC(181) User=0.10s Sys=0.00s Real=0.03s
[2019-10-08T12:52:52.873+0000][16751.281s] GC(182) Pause Young (Allocation Failure)
[2019-10-08T12:52:52.873+0000][16751.281s] GC(182) Using 4 workers of 4 for evacuation
[2019-10-08T12:52:52.900+0000][16751.308s] GC(182) ParNew: 1448232K->47705K(1747648K)
[2019-10-08T12:52:52.900+0000][16751.308s] GC(182) CMS: 457778K->458154K(6291456K)
[2019-10-08T12:52:52.900+0000][16751.308s] GC(182) Metaspace: 58896K->58896K(1103872K)
[2019-10-08T12:52:52.900+0000][16751.308s] GC(182) Pause Young (Allocation Failure) 1861M->494M(7850M) 27.192ms
[2019-10-08T12:52:52.900+0000][16751.308s] GC(182) User=0.10s Sys=0.00s Real=0.03s
[2019-10-08T12:54:13.605+0000][16832.012s] GC(183) Pause Young (Allocation Failure)
[2019-10-08T12:54:13.605+0000][16832.012s] GC(183) Using 4 workers of 4 for evacuation
[2019-10-08T12:54:13.634+0000][16832.041s] GC(183) ParNew: 1445849K->50742K(1747648K)
[2019-10-08T12:54:13.634+0000][16832.041s] GC(183) CMS: 458154K->458356K(6291456K)
[2019-10-08T12:54:13.634+0000][16832.041s] GC(183) Metaspace: 58896K->58896K(1103872K)
[2019-10-08T12:54:13.634+0000][16832.041s] GC(183) Pause Young (Allocation Failure) 1859M->497M(7850M) 28.866ms
[2019-10-08T12:54:13.634+0000][16832.041s] GC(183) User=0.12s Sys=0.00s Real=0.03s
[2019-10-08T12:55:45.599+0000][16924.006s] GC(184) Pause Young (Allocation Failure)
[2019-10-08T12:55:45.599+0000][16924.006s] GC(184) Using 4 workers of 4 for evacuation
[2019-10-08T12:55:45.626+0000][16924.033s] GC(184) ParNew: 1448886K->58178K(1747648K)
[2019-10-08T12:55:45.626+0000][16924.033s] GC(184) CMS: 458356K->460214K(6291456K)
[2019-10-08T12:55:45.626+0000][16924.033s] GC(184) Metaspace: 58903K->58903K(1103872K)
[2019-10-08T12:55:45.626+0000][16924.033s] GC(184) Pause Young (Allocation Failure) 1862M->506M(7850M) 27.381ms
[2019-10-08T12:55:45.626+0000][16924.033s] GC(184) User=0.10s Sys=0.00s Real=0.03s
[2019-10-08T12:57:02.460+0000][17000.868s] GC(185) Pause Young (Allocation Failure)
[2019-10-08T12:57:02.461+0000][17000.868s] GC(185) Using 4 workers of 4 for evacuation
[2019-10-08T12:57:02.488+0000][17000.895s] GC(185) ParNew: 1456322K->56899K(1747648K)
[2019-10-08T12:57:02.488+0000][17000.895s] GC(185) CMS: 460214K->460706K(6291456K)
[2019-10-08T12:57:02.488+0000][17000.895s] GC(185) Metaspace: 58904K->58904K(1103872K)
[2019-10-08T12:57:02.488+0000][17000.895s] GC(185) Pause Young (Allocation Failure) 1871M->505M(7850M) 27.599ms
[2019-10-08T12:57:02.488+0000][17000.895s] GC(185) User=0.11s Sys=0.00s Real=0.02s
[2019-10-08T12:58:39.369+0000][17097.776s] GC(186) Pause Young (Allocation Failure)
[2019-10-08T12:58:39.369+0000][17097.776s] GC(186) Using 4 workers of 4 for evacuation
[2019-10-08T12:58:39.396+0000][17097.803s] GC(186) ParNew: 1455043K->49658K(1747648K)
[2019-10-08T12:58:39.396+0000][17097.803s] GC(186) CMS: 460706K->461190K(6291456K)
[2019-10-08T12:58:39.396+0000][17097.803s] GC(186) Metaspace: 58907K->58907K(1103872K)
[2019-10-08T12:58:39.396+0000][17097.803s] GC(186) Pause Young (Allocation Failure) 1870M->498M(7850M) 27.388ms
[2019-10-08T12:58:39.396+0000][17097.803s] GC(186) User=0.11s Sys=0.00s Real=0.03s
[2019-10-08T13:00:01.339+0000][17179.746s] GC(187) Pause Young (Allocation Failure)
[2019-10-08T13:00:01.339+0000][17179.746s] GC(187) Using 4 workers of 4 for evacuation
[2019-10-08T13:00:01.366+0000][17179.774s] GC(187) ParNew: 1447802K->62336K(1747648K)
[2019-10-08T13:00:01.366+0000][17179.774s] GC(187) CMS: 461190K->461427K(6291456K)
[2019-10-08T13:00:01.366+0000][17179.774s] GC(187) Metaspace: 58909K->58909K(1103872K)
[2019-10-08T13:00:01.366+0000][17179.774s] GC(187) Pause Young (Allocation Failure) 1864M->511M(7850M) 27.335ms
[2019-10-08T13:00:01.366+0000][17179.774s] GC(187) User=0.10s Sys=0.00s Real=0.03s
[2019-10-08T13:01:15.020+0000][17253.427s] GC(188) Pause Young (Allocation Failure)
[2019-10-08T13:01:15.020+0000][17253.427s] GC(188) Using 4 workers of 4 for evacuation
[2019-10-08T13:01:15.047+0000][17253.454s] GC(188) ParNew: 1460480K->48170K(1747648K)
[2019-10-08T13:01:15.047+0000][17253.455s] GC(188) CMS: 461427K->461597K(6291456K)
[2019-10-08T13:01:15.047+0000][17253.455s] GC(188) Metaspace: 58909K->58909K(1103872K)
[2019-10-08T13:01:15.047+0000][17253.455s] GC(188) Pause Young (Allocation Failure) 1876M->497M(7850M) 27.574ms
[2019-10-08T13:01:15.047+0000][17253.455s] GC(188) User=0.10s Sys=0.00s Real=0.03s
[2019-10-08T13:02:46.079+0000][17344.486s] GC(189) Pause Young (Allocation Failure)
[2019-10-08T13:02:46.079+0000][17344.486s] GC(189) Using 4 workers of 4 for evacuation
[2019-10-08T13:02:46.106+0000][17344.513s] GC(189) ParNew: 1446314K->63687K(1747648K)
[2019-10-08T13:02:46.106+0000][17344.513s] GC(189) CMS: 461597K->461790K(6291456K)
[2019-10-08T13:02:46.106+0000][17344.513s] GC(189) Metaspace: 58941K->58941K(1103872K)
[2019-10-08T13:02:46.106+0000][17344.513s] GC(189) Pause Young (Allocation Failure) 1863M->513M(7850M) 27.258ms
[2019-10-08T13:02:46.106+0000][17344.513s] GC(189) User=0.11s Sys=0.00s Real=0.03s
[2019-10-08T13:04:08.838+0000][17427.245s] GC(190) Pause Young (Allocation Failure)
[2019-10-08T13:04:08.838+0000][17427.245s] GC(190) Using 4 workers of 4 for evacuation
[2019-10-08T13:04:08.866+0000][17427.273s] GC(190) ParNew: 1461831K->56447K(1747648K)
[2019-10-08T13:04:08.866+0000][17427.273s] GC(190) CMS: 461790K->462076K(6291456K)
[2019-10-08T13:04:08.866+0000][17427.273s] GC(190) Metaspace: 58941K->58941K(1103872K)
[2019-10-08T13:04:08.866+0000][17427.273s] GC(190) Pause Young (Allocation Failure) 1878M->506M(7850M) 27.990ms
[2019-10-08T13:04:08.866+0000][17427.273s] GC(190) User=0.11s Sys=0.00s Real=0.03s
[2019-10-08T13:05:24.221+0000][17502.629s] GC(191) Pause Young (Allocation Failure)
[2019-10-08T13:05:24.221+0000][17502.629s] GC(191) Using 4 workers of 4 for evacuation
[2019-10-08T13:05:24.248+0000][17502.656s] GC(191) ParNew: 1454591K->53665K(1747648K)
[2019-10-08T13:05:24.248+0000][17502.656s] GC(191) CMS: 462076K->462280K(6291456K)
[2019-10-08T13:05:24.248+0000][17502.656s] GC(191) Metaspace: 58951K->58951K(1103872K)
[2019-10-08T13:05:24.248+0000][17502.656s] GC(191) Pause Young (Allocation Failure) 1871M->503M(7850M) 27.232ms
[2019-10-08T13:05:24.248+0000][17502.656s] GC(191) User=0.11s Sys=0.00s Real=0.02s
[2019-10-08T13:06:44.712+0000][17583.119s] GC(192) Pause Young (Allocation Failure)
[2019-10-08T13:06:44.712+0000][17583.119s] GC(192) Using 4 workers of 4 for evacuation
[2019-10-08T13:06:44.740+0000][17583.147s] GC(192) ParNew: 1451809K->58811K(1747648K)
[2019-10-08T13:06:44.740+0000][17583.147s] GC(192) CMS: 462280K->463082K(6291456K)
[2019-10-08T13:06:44.740+0000][17583.147s] GC(192) Metaspace: 58956K->58956K(1103872K)
[2019-10-08T13:06:44.740+0000][17583.147s] GC(192) Pause Young (Allocation Failure) 1869M->509M(7850M) 27.971ms
[2019-10-08T13:06:44.740+0000][17583.147s] GC(192) User=0.11s Sys=0.00s Real=0.03s
[2019-10-08T13:07:57.579+0000][17655.986s] GC(193) Pause Young (Allocation Failure)
[2019-10-08T13:07:57.579+0000][17655.986s] GC(193) Using 4 workers of 4 for evacuation
[2019-10-08T13:07:57.605+0000][17656.013s] GC(193) ParNew: 1456955K->49923K(1747648K)
[2019-10-08T13:07:57.605+0000][17656.013s] GC(193) CMS: 463082K->463243K(6291456K)
[2019-10-08T13:07:57.605+0000][17656.013s] GC(193) Metaspace: 58956K->58956K(1103872K)
[2019-10-08T13:07:57.606+0000][17656.013s] GC(193) Pause Young (Allocation Failure) 1875M->501M(7850M) 26.556ms
[2019-10-08T13:07:57.606+0000][17656.013s] GC(193) User=0.10s Sys=0.00s Real=0.03s
[2019-10-08T13:09:15.488+0000][17733.895s] GC(194) Pause Young (Allocation Failure)
[2019-10-08T13:09:15.488+0000][17733.895s] GC(194) Using 4 workers of 4 for evacuation
[2019-10-08T13:09:15.515+0000][17733.922s] GC(194) ParNew: 1448067K->56724K(1747648K)
[2019-10-08T13:09:15.515+0000][17733.922s] GC(194) CMS: 463243K->463450K(6291456K)
[2019-10-08T13:09:15.515+0000][17733.922s] GC(194) Metaspace: 58956K->58956K(1103872K)
[2019-10-08T13:09:15.515+0000][17733.922s] GC(194) Pause Young (Allocation Failure) 1866M->507M(7850M) 26.926ms
[2019-10-08T13:09:15.515+0000][17733.922s] GC(194) User=0.10s Sys=0.00s Real=0.03s
[2019-10-08T13:10:45.642+0000][17824.049s] GC(195) Pause Young (Allocation Failure)
[2019-10-08T13:10:45.642+0000][17824.049s] GC(195) Using 4 workers of 4 for evacuation
[2019-10-08T13:10:45.670+0000][17824.077s] GC(195) ParNew: 1454868K->51596K(1747648K)
[2019-10-08T13:10:45.670+0000][17824.078s] GC(195) CMS: 463450K->463641K(6291456K)
[2019-10-08T13:10:45.670+0000][17824.078s] GC(195) Metaspace: 58956K->58956K(1103872K)
[2019-10-08T13:10:45.670+0000][17824.078s] GC(195) Pause Young (Allocation Failure) 1873M->503M(7850M) 28.271ms
[2019-10-08T13:10:45.670+0000][17824.078s] GC(195) User=0.10s Sys=0.01s Real=0.02s
[2019-10-08T13:11:57.376+0000][17895.783s] GC(196) Pause Young (Allocation Failure)
[2019-10-08T13:11:57.376+0000][17895.783s] GC(196) Using 4 workers of 4 for evacuation
[2019-10-08T13:11:57.404+0000][17895.812s] GC(196) ParNew: 1449740K->56908K(1747648K)
[2019-10-08T13:11:57.404+0000][17895.812s] GC(196) CMS: 463641K->463941K(6291456K)
[2019-10-08T13:11:57.404+0000][17895.812s] GC(196) Metaspace: 58956K->58956K(1103872K)
[2019-10-08T13:11:57.404+0000][17895.812s] GC(196) Pause Young (Allocation Failure) 1868M->508M(7850M) 28.586ms
[2019-10-08T13:11:57.404+0000][17895.812s] GC(196) User=0.12s Sys=0.00s Real=0.03s
[2019-10-08T13:13:37.382+0000][17995.790s] GC(197) Pause Young (Allocation Failure)
[2019-10-08T13:13:37.382+0000][17995.790s] GC(197) Using 4 workers of 4 for evacuation
[2019-10-08T13:13:37.410+0000][17995.817s] GC(197) ParNew: 1455052K->50747K(1747648K)
[2019-10-08T13:13:37.410+0000][17995.817s] GC(197) CMS: 463941K->466862K(6291456K)
[2019-10-08T13:13:37.410+0000][17995.817s] GC(197) Metaspace: 58958K->58958K(1103872K)
[2019-10-08T13:13:37.410+0000][17995.817s] GC(197) Pause Young (Allocation Failure) 1874M->505M(7850M) 27.286ms
[2019-10-08T13:13:37.410+0000][17995.817s] GC(197) User=0.11s Sys=0.00s Real=0.02s
[2019-10-08T13:14:52.224+0000][18070.632s] GC(198) Pause Young (Allocation Failure)
[2019-10-08T13:14:52.224+0000][18070.632s] GC(198) Using 4 workers of 4 for evacuation
[2019-10-08T13:14:52.254+0000][18070.661s] GC(198) ParNew: 1448891K->50841K(1747648K)
[2019-10-08T13:14:52.254+0000][18070.662s] GC(198) CMS: 466862K->467041K(6291456K)
[2019-10-08T13:14:52.254+0000][18070.662s] GC(198) Metaspace: 58962K->58962K(1103872K)
[2019-10-08T13:14:52.254+0000][18070.662s] GC(198) Pause Young (Allocation Failure) 1870M->505M(7850M) 30.031ms
[2019-10-08T13:14:52.254+0000][18070.662s] GC(198) User=0.12s Sys=0.00s Real=0.03s
[2019-10-08T13:16:21.212+0000][18159.619s] GC(199) Pause Young (Allocation Failure)
[2019-10-08T13:16:21.212+0000][18159.619s] GC(199) Using 4 workers of 4 for evacuation
[2019-10-08T13:16:21.241+0000][18159.649s] GC(199) ParNew: 1448985K->65694K(1747648K)
[2019-10-08T13:16:21.241+0000][18159.649s] GC(199) CMS: 467041K->467524K(6291456K)
[2019-10-08T13:16:21.241+0000][18159.649s] GC(199) Metaspace: 58966K->58966K(1103872K)
[2019-10-08T13:16:21.241+0000][18159.649s] GC(199) Pause Young (Allocation Failure) 1871M->520M(7850M) 29.773ms
[2019-10-08T13:16:21.241+0000][18159.649s] GC(199) User=0.12s Sys=0.00s Real=0.04s
[2019-10-08T13:17:46.006+0000][18244.414s] GC(200) Pause Young (Allocation Failure)
[2019-10-08T13:17:46.007+0000][18244.414s] GC(200) Using 4 workers of 4 for evacuation
[2019-10-08T13:17:46.036+0000][18244.443s] GC(200) ParNew: 1463838K->51766K(1747648K)
[2019-10-08T13:17:46.036+0000][18244.443s] GC(200) CMS: 467524K->467886K(6291456K)
[2019-10-08T13:17:46.036+0000][18244.443s] GC(200) Metaspace: 58968K->58968K(1103872K)
[2019-10-08T13:17:46.036+0000][18244.443s] GC(200) Pause Young (Allocation Failure) 1886M->507M(7850M) 29.575ms
[2019-10-08T13:17:46.036+0000][18244.443s] GC(200) User=0.12s Sys=0.00s Real=0.03s
[2019-10-08T13:19:07.362+0000][18325.769s] GC(201) Pause Young (Allocation Failure)
[2019-10-08T13:19:07.362+0000][18325.770s] GC(201) Using 4 workers of 4 for evacuation
[2019-10-08T13:19:07.394+0000][18325.801s] GC(201) ParNew: 1449910K->58075K(1747648K)
[2019-10-08T13:19:07.394+0000][18325.801s] GC(201) CMS: 467886K->468016K(6291456K)
[2019-10-08T13:19:07.394+0000][18325.801s] GC(201) Metaspace: 58968K->58968K(1103872K)
[2019-10-08T13:19:07.394+0000][18325.801s] GC(201) Pause Young (Allocation Failure) 1872M->513M(7850M) 31.612ms
[2019-10-08T13:19:07.394+0000][18325.801s] GC(201) User=0.12s Sys=0.00s Real=0.03s
[2019-10-08T13:20:32.500+0000][18410.908s] GC(202) Pause Young (Allocation Failure)
[2019-10-08T13:20:32.500+0000][18410.908s] GC(202) Using 4 workers of 4 for evacuation
[2019-10-08T13:20:32.532+0000][18410.940s] GC(202) ParNew: 1456219K->58980K(1747648K)
[2019-10-08T13:20:32.532+0000][18410.940s] GC(202) CMS: 468016K->469590K(6291456K)
[2019-10-08T13:20:32.532+0000][18410.940s] GC(202) Metaspace: 58968K->58968K(1103872K)
[2019-10-08T13:20:32.532+0000][18410.940s] GC(202) Pause Young (Allocation Failure) 1879M->516M(7850M) 32.130ms
[2019-10-08T13:20:32.532+0000][18410.940s] GC(202) User=0.12s Sys=0.00s Real=0.03s
[2019-10-08T13:21:51.452+0000][18489.859s] GC(203) Pause Young (Allocation Failure)
[2019-10-08T13:21:51.452+0000][18489.859s] GC(203) Using 4 workers of 4 for evacuation
[2019-10-08T13:21:51.484+0000][18489.891s] GC(203) ParNew: 1457124K->62045K(1747648K)
[2019-10-08T13:21:51.484+0000][18489.891s] GC(203) CMS: 469590K->469735K(6291456K)
[2019-10-08T13:21:51.484+0000][18489.891s] GC(203) Metaspace: 58968K->58968K(1103872K)
[2019-10-08T13:21:51.484+0000][18489.891s] GC(203) Pause Young (Allocation Failure) 1881M->519M(7850M) 32.450ms
[2019-10-08T13:21:51.484+0000][18489.892s] GC(203) User=0.12s Sys=0.00s Real=0.04s
[2019-10-08T13:23:10.531+0000][18568.939s] GC(204) Pause Young (Allocation Failure)
[2019-10-08T13:23:10.532+0000][18568.939s] GC(204) Using 4 workers of 4 for evacuation
[2019-10-08T13:23:10.565+0000][18568.972s] GC(204) ParNew: 1460189K->58247K(1747648K)
[2019-10-08T13:23:10.565+0000][18568.972s] GC(204) CMS: 469735K->469893K(6291456K)
[2019-10-08T13:23:10.565+0000][18568.972s] GC(204) Metaspace: 58968K->58968K(1103872K)
[2019-10-08T13:23:10.565+0000][18568.972s] GC(204) Pause Young (Allocation Failure) 1884M->515M(7850M) 33.371ms
[2019-10-08T13:23:10.565+0000][18568.972s] GC(204) User=0.12s Sys=0.00s Real=0.04s
[2019-10-08T13:24:37.251+0000][18655.658s] GC(205) Pause Young (Allocation Failure)
[2019-10-08T13:24:37.251+0000][18655.658s] GC(205) Using 4 workers of 4 for evacuation
[2019-10-08T13:24:37.281+0000][18655.688s] GC(205) ParNew: 1456388K->50233K(1747648K)
[2019-10-08T13:24:37.281+0000][18655.688s] GC(205) CMS: 469893K->471654K(6291456K)
[2019-10-08T13:24:37.281+0000][18655.688s] GC(205) Metaspace: 58968K->58968K(1103872K)
[2019-10-08T13:24:37.281+0000][18655.688s] GC(205) Pause Young (Allocation Failure) 1881M->509M(7850M) 30.251ms
[2019-10-08T13:24:37.281+0000][18655.688s] GC(205) User=0.11s Sys=0.00s Real=0.04s
[2019-10-08T13:26:03.848+0000][18742.256s] GC(206) Pause Young (Allocation Failure)
[2019-10-08T13:26:03.848+0000][18742.256s] GC(206) Using 4 workers of 4 for evacuation
[2019-10-08T13:26:03.883+0000][18742.291s] GC(206) ParNew: 1448377K->62205K(1747648K)
[2019-10-08T13:26:03.883+0000][18742.291s] GC(206) CMS: 471654K->475927K(6291456K)
[2019-10-08T13:26:03.883+0000][18742.291s] GC(206) Metaspace: 58994K->58994K(1103872K)
[2019-10-08T13:26:03.883+0000][18742.291s] GC(206) Pause Young (Allocation Failure) 1875M->525M(7850M) 34.834ms
[2019-10-08T13:26:03.883+0000][18742.291s] GC(206) User=0.13s Sys=0.01s Real=0.04s
[2019-10-08T13:27:25.388+0000][18823.796s] GC(207) Pause Young (Allocation Failure)
[2019-10-08T13:27:25.389+0000][18823.796s] GC(207) Using 4 workers of 4 for evacuation
[2019-10-08T13:27:25.415+0000][18823.822s] GC(207) ParNew: 1460349K->56092K(1747648K)
[2019-10-08T13:27:25.415+0000][18823.822s] GC(207) CMS: 475927K->476540K(6291456K)
[2019-10-08T13:27:25.415+0000][18823.822s] GC(207) Metaspace: 59009K->59009K(1103872K)
[2019-10-08T13:27:25.415+0000][18823.822s] GC(207) Pause Young (Allocation Failure) 1890M->520M(7850M) 26.335ms
[2019-10-08T13:27:25.415+0000][18823.822s] GC(207) User=0.11s Sys=0.00s Real=0.03s
[2019-10-08T13:28:40.817+0000][18899.225s] GC(208) Pause Young (Allocation Failure)
[2019-10-08T13:28:40.817+0000][18899.225s] GC(208) Using 4 workers of 4 for evacuation
[2019-10-08T13:28:40.844+0000][18899.251s] GC(208) ParNew: 1454236K->51420K(1747648K)
[2019-10-08T13:28:40.844+0000][18899.251s] GC(208) CMS: 476540K->476665K(6291456K)
[2019-10-08T13:28:40.844+0000][18899.251s] GC(208) Metaspace: 59009K->59009K(1103872K)
[2019-10-08T13:28:40.844+0000][18899.251s] GC(208) Pause Young (Allocation Failure) 1885M->515M(7850M) 26.630ms
[2019-10-08T13:28:40.844+0000][18899.251s] GC(208) User=0.10s Sys=0.00s Real=0.03s
[2019-10-08T13:30:08.302+0000][18986.709s] GC(209) Pause Young (Allocation Failure)
[2019-10-08T13:30:08.302+0000][18986.709s] GC(209) Using 4 workers of 4 for evacuation
[2019-10-08T13:30:08.328+0000][18986.736s] GC(209) ParNew: 1449564K->63387K(1747648K)
[2019-10-08T13:30:08.328+0000][18986.736s] GC(209) CMS: 476665K->478428K(6291456K)
[2019-10-08T13:30:08.328+0000][18986.736s] GC(209) Metaspace: 59009K->59009K(1103872K)
[2019-10-08T13:30:08.328+0000][18986.736s] GC(209) Pause Young (Allocation Failure) 1881M->529M(7850M) 26.537ms
[2019-10-08T13:30:08.328+0000][18986.736s] GC(209) User=0.10s Sys=0.00s Real=0.02s
[2019-10-08T13:31:31.855+0000][19070.263s] GC(210) Pause Young (Allocation Failure)
[2019-10-08T13:31:31.855+0000][19070.263s] GC(210) Using 4 workers of 4 for evacuation
[2019-10-08T13:31:31.881+0000][19070.289s] GC(210) ParNew: 1461531K->53753K(1747648K)
[2019-10-08T13:31:31.881+0000][19070.289s] GC(210) CMS: 478428K->478681K(6291456K)
[2019-10-08T13:31:31.881+0000][19070.289s] GC(210) Metaspace: 59009K->59009K(1103872K)
[2019-10-08T13:31:31.881+0000][19070.289s] GC(210) Pause Young (Allocation Failure) 1894M->519M(7850M) 26.260ms
[2019-10-08T13:31:31.881+0000][19070.289s] GC(210) User=0.10s Sys=0.00s Real=0.03s
[2019-10-08T13:32:44.206+0000][19142.614s] GC(211) Pause Young (Allocation Failure)
[2019-10-08T13:32:44.206+0000][19142.614s] GC(211) Using 4 workers of 4 for evacuation
[2019-10-08T13:32:44.232+0000][19142.639s] GC(211) ParNew: 1451897K->65610K(1747648K)
[2019-10-08T13:32:44.232+0000][19142.639s] GC(211) CMS: 478681K->478796K(6291456K)
[2019-10-08T13:32:44.232+0000][19142.639s] GC(211) Metaspace: 59009K->59009K(1103872K)
[2019-10-08T13:32:44.232+0000][19142.639s] GC(211) Pause Young (Allocation Failure) 1885M->531M(7850M) 25.842ms
[2019-10-08T13:32:44.232+0000][19142.639s] GC(211) User=0.10s Sys=0.00s Real=0.02s
[2019-10-08T13:34:16.316+0000][19234.724s] GC(212) Pause Young (Allocation Failure)
[2019-10-08T13:34:16.316+0000][19234.724s] GC(212) Using 4 workers of 4 for evacuation
[2019-10-08T13:34:16.343+0000][19234.750s] GC(212) ParNew: 1463754K->48797K(1747648K)
[2019-10-08T13:34:16.343+0000][19234.750s] GC(212) CMS: 478796K->478869K(6291456K)
[2019-10-08T13:34:16.343+0000][19234.750s] GC(212) Metaspace: 59009K->59009K(1103872K)
[2019-10-08T13:34:16.343+0000][19234.750s] GC(212) Pause Young (Allocation Failure) 1897M->515M(7850M) 26.301ms
[2019-10-08T13:34:16.343+0000][19234.750s] GC(212) User=0.10s Sys=0.00s Real=0.03s
[2019-10-08T13:35:38.147+0000][19316.555s] GC(213) Pause Young (Allocation Failure)
[2019-10-08T13:35:38.147+0000][19316.555s] GC(213) Using 4 workers of 4 for evacuation
[2019-10-08T13:35:38.174+0000][19316.582s] GC(213) ParNew: 1446941K->52581K(1747648K)
[2019-10-08T13:35:38.174+0000][19316.582s] GC(213) CMS: 478869K->480632K(6291456K)
[2019-10-08T13:35:38.174+0000][19316.582s] GC(213) Metaspace: 59009K->59009K(1103872K)
[2019-10-08T13:35:38.174+0000][19316.582s] GC(213) Pause Young (Allocation Failure) 1880M->520M(7850M) 27.158ms
[2019-10-08T13:35:38.174+0000][19316.582s] GC(213) User=0.10s Sys=0.00s Real=0.03s
[2019-10-08T13:36:52.283+0000][19390.690s] GC(214) Pause Young (Allocation Failure)
[2019-10-08T13:36:52.283+0000][19390.690s] GC(214) Using 4 workers of 4 for evacuation
[2019-10-08T13:36:52.318+0000][19390.725s] GC(214) ParNew: 1450725K->51819K(1747648K)
[2019-10-08T13:36:52.318+0000][19390.725s] GC(214) CMS: 480632K->481390K(6291456K)
[2019-10-08T13:36:52.318+0000][19390.725s] GC(214) Metaspace: 59015K->59015K(1103872K)
[2019-10-08T13:36:52.318+0000][19390.725s] GC(214) Pause Young (Allocation Failure) 1886M->520M(7850M) 35.356ms
[2019-10-08T13:36:52.318+0000][19390.725s] GC(214) User=0.10s Sys=0.00s Real=0.03s
[2019-10-08T13:38:14.298+0000][19472.706s] GC(215) Pause Young (Allocation Failure)
[2019-10-08T13:38:14.298+0000][19472.706s] GC(215) Using 4 workers of 4 for evacuation
[2019-10-08T13:38:14.325+0000][19472.732s] GC(215) ParNew: 1449963K->65615K(1747648K)
[2019-10-08T13:38:14.325+0000][19472.732s] GC(215) CMS: 481390K->481526K(6291456K)
[2019-10-08T13:38:14.325+0000][19472.732s] GC(215) Metaspace: 59017K->59017K(1103872K)
[2019-10-08T13:38:14.325+0000][19472.732s] GC(215) Pause Young (Allocation Failure) 1886M->534M(7850M) 26.709ms
[2019-10-08T13:38:14.325+0000][19472.732s] GC(215) User=0.10s Sys=0.00s Real=0.03s
[2019-10-08T13:39:31.070+0000][19549.477s] GC(216) Pause Young (Allocation Failure)
[2019-10-08T13:39:31.070+0000][19549.478s] GC(216) Using 4 workers of 4 for evacuation
[2019-10-08T13:39:31.100+0000][19549.508s] GC(216) ParNew: 1463759K->60610K(1747648K)
[2019-10-08T13:39:31.100+0000][19549.508s] GC(216) CMS: 481526K->483216K(6291456K)
[2019-10-08T13:39:31.100+0000][19549.508s] GC(216) Metaspace: 59017K->59017K(1103872K)
[2019-10-08T13:39:31.100+0000][19549.508s] GC(216) Pause Young (Allocation Failure) 1899M->531M(7850M) 30.209ms
[2019-10-08T13:39:31.100+0000][19549.508s] GC(216) User=0.12s Sys=0.00s Real=0.04s
[2019-10-08T13:40:57.656+0000][19636.063s] GC(217) Pause Young (Allocation Failure)
[2019-10-08T13:40:57.656+0000][19636.063s] GC(217) Using 4 workers of 4 for evacuation
[2019-10-08T13:40:57.690+0000][19636.097s] GC(217) ParNew: 1458754K->50463K(1747648K)
[2019-10-08T13:40:57.690+0000][19636.097s] GC(217) CMS: 483216K->483750K(6291456K)
[2019-10-08T13:40:57.690+0000][19636.097s] GC(217) Metaspace: 59017K->59017K(1103872K)
[2019-10-08T13:40:57.690+0000][19636.097s] GC(217) Pause Young (Allocation Failure) 1896M->521M(7850M) 34.201ms
[2019-10-08T13:40:57.690+0000][19636.097s] GC(217) User=0.12s Sys=0.00s Real=0.03s
[2019-10-08T13:42:23.789+0000][19722.197s] GC(218) Pause Young (Allocation Failure)
[2019-10-08T13:42:23.789+0000][19722.197s] GC(218) Using 4 workers of 4 for evacuation
[2019-10-08T13:42:23.816+0000][19722.223s] GC(218) ParNew: 1448607K->45898K(1747648K)
[2019-10-08T13:42:23.816+0000][19722.223s] GC(218) CMS: 483750K->483912K(6291456K)
[2019-10-08T13:42:23.816+0000][19722.223s] GC(218) Metaspace: 59017K->59017K(1103872K)
[2019-10-08T13:42:23.816+0000][19722.223s] GC(218) Pause Young (Allocation Failure) 1887M->517M(7850M) 26.650ms
[2019-10-08T13:42:23.816+0000][19722.223s] GC(218) User=0.11s Sys=0.00s Real=0.03s
[2019-10-08T13:43:46.616+0000][19805.023s] GC(219) Pause Young (Allocation Failure)
[2019-10-08T13:43:46.616+0000][19805.023s] GC(219) Using 4 workers of 4 for evacuation
[2019-10-08T13:43:46.643+0000][19805.050s] GC(219) ParNew: 1444042K->66256K(1747648K)
[2019-10-08T13:43:46.643+0000][19805.050s] GC(219) CMS: 483912K->484022K(6291456K)
[2019-10-08T13:43:46.643+0000][19805.050s] GC(219) Metaspace: 59017K->59017K(1103872K)
[2019-10-08T13:43:46.643+0000][19805.050s] GC(219) Pause Young (Allocation Failure) 1882M->537M(7850M) 27.077ms
[2019-10-08T13:43:46.643+0000][19805.051s] GC(219) User=0.10s Sys=0.00s Real=0.03s
[2019-10-08T13:45:09.428+0000][19887.835s] GC(220) Pause Young (Allocation Failure)
[2019-10-08T13:45:09.428+0000][19887.835s] GC(220) Using 4 workers of 4 for evacuation
[2019-10-08T13:45:09.465+0000][19887.873s] GC(220) ParNew: 1464400K->50586K(1747648K)
[2019-10-08T13:45:09.465+0000][19887.873s] GC(220) CMS: 484022K->484137K(6291456K)
[2019-10-08T13:45:09.465+0000][19887.873s] GC(220) Metaspace: 59017K->59017K(1103872K)
[2019-10-08T13:45:09.465+0000][19887.873s] GC(220) Pause Young (Allocation Failure) 1902M->522M(7850M) 37.763ms
[2019-10-08T13:45:09.465+0000][19887.873s] GC(220) User=0.12s Sys=0.00s Real=0.04s
[2019-10-08T13:46:49.213+0000][19987.620s] GC(221) Pause Young (Allocation Failure)
[2019-10-08T13:46:49.213+0000][19987.620s] GC(221) Using 4 workers of 4 for evacuation
[2019-10-08T13:46:49.240+0000][19987.648s] GC(221) ParNew: 1448730K->63263K(1747648K)
[2019-10-08T13:46:49.240+0000][19987.648s] GC(221) CMS: 484137K->484625K(6291456K)
[2019-10-08T13:46:49.240+0000][19987.648s] GC(221) Metaspace: 59017K->59017K(1103872K)
[2019-10-08T13:46:49.240+0000][19987.648s] GC(221) Pause Young (Allocation Failure) 1887M->535M(7850M) 27.358ms
[2019-10-08T13:46:49.240+0000][19987.648s] GC(221) User=0.10s Sys=0.00s Real=0.03s
[2019-10-08T13:48:19.951+0000][20078.358s] GC(222) Pause Young (Allocation Failure)
[2019-10-08T13:48:19.951+0000][20078.358s] GC(222) Using 4 workers of 4 for evacuation
[2019-10-08T13:48:19.979+0000][20078.387s] GC(222) ParNew: 1461407K->49789K(1747648K)
[2019-10-08T13:48:19.979+0000][20078.387s] GC(222) CMS: 484625K->486276K(6291456K)
[2019-10-08T13:48:19.979+0000][20078.387s] GC(222) Metaspace: 59017K->59017K(1103872K)
[2019-10-08T13:48:19.979+0000][20078.387s] GC(222) Pause Young (Allocation Failure) 1900M->523M(7850M) 28.896ms
[2019-10-08T13:48:19.979+0000][20078.387s] GC(222) User=0.11s Sys=0.00s Real=0.03s
[2019-10-08T13:49:54.447+0000][20172.854s] GC(223) Pause Young (Allocation Failure)
[2019-10-08T13:49:54.447+0000][20172.854s] GC(223) Using 4 workers of 4 for evacuation
[2019-10-08T13:49:54.474+0000][20172.881s] GC(223) ParNew: 1447933K->63713K(1747648K)
[2019-10-08T13:49:54.474+0000][20172.881s] GC(223) CMS: 486276K->486381K(6291456K)
[2019-10-08T13:49:54.474+0000][20172.881s] GC(223) Metaspace: 59017K->59017K(1103872K)
[2019-10-08T13:49:54.474+0000][20172.881s] GC(223) Pause Young (Allocation Failure) 1888M->537M(7850M) 27.126ms
[2019-10-08T13:49:54.474+0000][20172.881s] GC(223) User=0.11s Sys=0.00s Real=0.03s
[2019-10-08T13:51:25.221+0000][20263.628s] GC(224) Pause Young (Allocation Failure)
[2019-10-08T13:51:25.221+0000][20263.628s] GC(224) Using 4 workers of 4 for evacuation
[2019-10-08T13:51:25.248+0000][20263.655s] GC(224) ParNew: 1461857K->44181K(1747648K)
[2019-10-08T13:51:25.248+0000][20263.655s] GC(224) CMS: 486381K->488059K(6291456K)
[2019-10-08T13:51:25.248+0000][20263.655s] GC(224) Metaspace: 59018K->59018K(1103872K)
[2019-10-08T13:51:25.248+0000][20263.655s] GC(224) Pause Young (Allocation Failure) 1902M->519M(7850M) 27.110ms
[2019-10-08T13:51:25.248+0000][20263.655s] GC(224) User=0.11s Sys=0.00s Real=0.02s
[2019-10-08T13:52:54.265+0000][20352.673s] GC(225) Pause Young (Allocation Failure)
[2019-10-08T13:52:54.265+0000][20352.673s] GC(225) Using 4 workers of 4 for evacuation
[2019-10-08T13:52:54.292+0000][20352.699s] GC(225) ParNew: 1442325K->42337K(1747648K)
[2019-10-08T13:52:54.292+0000][20352.699s] GC(225) CMS: 488059K->488512K(6291456K)
[2019-10-08T13:52:54.292+0000][20352.699s] GC(225) Metaspace: 59021K->59021K(1103872K)
[2019-10-08T13:52:54.292+0000][20352.699s] GC(225) Pause Young (Allocation Failure) 1885M->518M(7850M) 26.767ms
[2019-10-08T13:52:54.292+0000][20352.699s] GC(225) User=0.10s Sys=0.00s Real=0.02s
[2019-10-08T13:54:16.160+0000][20434.568s] GC(226) Pause Young (Allocation Failure)
[2019-10-08T13:54:16.160+0000][20434.568s] GC(226) Using 4 workers of 4 for evacuation
[2019-10-08T13:54:16.188+0000][20434.595s] GC(226) ParNew: 1440481K->46977K(1747648K)
[2019-10-08T13:54:16.188+0000][20434.595s] GC(226) CMS: 488512K->488658K(6291456K)
[2019-10-08T13:54:16.188+0000][20434.595s] GC(226) Metaspace: 59021K->59021K(1103872K)
[2019-10-08T13:54:16.188+0000][20434.595s] GC(226) Pause Young (Allocation Failure) 1883M->523M(7850M) 27.451ms
[2019-10-08T13:54:16.188+0000][20434.595s] GC(226) User=0.11s Sys=0.00s Real=0.02s
[2019-10-08T13:55:42.505+0000][20520.912s] GC(227) Pause Young (Allocation Failure)
[2019-10-08T13:55:42.505+0000][20520.913s] GC(227) Using 4 workers of 4 for evacuation
[2019-10-08T13:55:42.531+0000][20520.939s] GC(227) ParNew: 1445121K->49994K(1747648K)
[2019-10-08T13:55:42.531+0000][20520.939s] GC(227) CMS: 488658K->488899K(6291456K)
[2019-10-08T13:55:42.531+0000][20520.939s] GC(227) Metaspace: 59021K->59021K(1103872K)
[2019-10-08T13:55:42.531+0000][20520.939s] GC(227) Pause Young (Allocation Failure) 1888M->526M(7850M) 26.085ms
[2019-10-08T13:55:42.531+0000][20520.939s] GC(227) User=0.10s Sys=0.00s Real=0.02s
[2019-10-08T13:57:17.544+0000][20615.952s] GC(228) Pause Young (Allocation Failure)
[2019-10-08T13:57:17.545+0000][20615.952s] GC(228) Using 4 workers of 4 for evacuation
[2019-10-08T13:57:17.571+0000][20615.978s] GC(228) ParNew: 1448138K->54030K(1747648K)
[2019-10-08T13:57:17.571+0000][20615.978s] GC(228) CMS: 488899K->489173K(6291456K)
[2019-10-08T13:57:17.571+0000][20615.978s] GC(228) Metaspace: 59021K->59021K(1103872K)
[2019-10-08T13:57:17.571+0000][20615.978s] GC(228) Pause Young (Allocation Failure) 1891M->530M(7850M) 26.634ms
[2019-10-08T13:57:17.571+0000][20615.978s] GC(228) User=0.10s Sys=0.00s Real=0.02s
[2019-10-08T13:58:40.590+0000][20698.997s] GC(229) Pause Young (Allocation Failure)
[2019-10-08T13:58:40.590+0000][20698.997s] GC(229) Using 4 workers of 4 for evacuation
[2019-10-08T13:58:40.616+0000][20699.023s] GC(229) ParNew: 1452174K->47403K(1747648K)
[2019-10-08T13:58:40.616+0000][20699.023s] GC(229) CMS: 489173K->489870K(6291456K)
[2019-10-08T13:58:40.616+0000][20699.023s] GC(229) Metaspace: 59021K->59021K(1103872K)
[2019-10-08T13:58:40.616+0000][20699.023s] GC(229) Pause Young (Allocation Failure) 1895M->524M(7850M) 26.122ms
[2019-10-08T13:58:40.616+0000][20699.023s] GC(229) User=0.10s Sys=0.00s Real=0.03s
[2019-10-08T14:00:00.681+0000][20779.088s] GC(230) Pause Young (Allocation Failure)
[2019-10-08T14:00:00.681+0000][20779.088s] GC(230) Using 4 workers of 4 for evacuation
[2019-10-08T14:00:00.707+0000][20779.115s] GC(230) ParNew: 1445547K->51287K(1747648K)
[2019-10-08T14:00:00.707+0000][20779.115s] GC(230) CMS: 489870K->490046K(6291456K)
[2019-10-08T14:00:00.707+0000][20779.115s] GC(230) Metaspace: 59021K->59021K(1103872K)
[2019-10-08T14:00:00.707+0000][20779.115s] GC(230) Pause Young (Allocation Failure) 1890M->528M(7850M) 26.374ms
[2019-10-08T14:00:00.707+0000][20779.115s] GC(230) User=0.10s Sys=0.00s Real=0.02s
[2019-10-08T14:01:22.085+0000][20860.492s] GC(231) Pause Young (Allocation Failure)
[2019-10-08T14:01:22.085+0000][20860.492s] GC(231) Using 4 workers of 4 for evacuation
[2019-10-08T14:01:22.114+0000][20860.521s] GC(231) ParNew: 1449431K->46249K(1747648K)
[2019-10-08T14:01:22.114+0000][20860.521s] GC(231) CMS: 490046K->490214K(6291456K)
[2019-10-08T14:01:22.114+0000][20860.521s] GC(231) Metaspace: 59021K->59021K(1103872K)
[2019-10-08T14:01:22.114+0000][20860.521s] GC(231) Pause Young (Allocation Failure) 1894M->523M(7850M) 28.642ms
[2019-10-08T14:01:22.114+0000][20860.521s] GC(231) User=0.11s Sys=0.00s Real=0.03s
[2019-10-08T14:02:39.390+0000][20937.798s] GC(232) Pause Young (Allocation Failure)
[2019-10-08T14:02:39.390+0000][20937.798s] GC(232) Using 4 workers of 4 for evacuation
[2019-10-08T14:02:39.419+0000][20937.826s] GC(232) ParNew: 1444393K->53133K(1747648K)
[2019-10-08T14:02:39.419+0000][20937.826s] GC(232) CMS: 490214K->490376K(6291456K)
[2019-10-08T14:02:39.419+0000][20937.826s] GC(232) Metaspace: 59021K->59021K(1103872K)
[2019-10-08T14:02:39.419+0000][20937.826s] GC(232) Pause Young (Allocation Failure) 1889M->530M(7850M) 28.467ms
[2019-10-08T14:02:39.419+0000][20937.826s] GC(232) User=0.10s Sys=0.00s Real=0.03s
[2019-10-08T14:04:00.854+0000][21019.261s] GC(233) Pause Young (Allocation Failure)
[2019-10-08T14:04:00.854+0000][21019.261s] GC(233) Using 4 workers of 4 for evacuation
[2019-10-08T14:04:00.891+0000][21019.298s] GC(233) ParNew: 1451277K->46977K(1747648K)
[2019-10-08T14:04:00.891+0000][21019.298s] GC(233) CMS: 490376K->492100K(6291456K)
[2019-10-08T14:04:00.891+0000][21019.298s] GC(233) Metaspace: 59021K->59021K(1103872K)
[2019-10-08T14:04:00.891+0000][21019.298s] GC(233) Pause Young (Allocation Failure) 1896M->526M(7850M) 36.728ms
[2019-10-08T14:04:00.891+0000][21019.298s] GC(233) User=0.12s Sys=0.00s Real=0.03s
[2019-10-08T14:05:18.494+0000][21096.901s] GC(234) Pause Young (Allocation Failure)
[2019-10-08T14:05:18.494+0000][21096.901s] GC(234) Using 4 workers of 4 for evacuation
[2019-10-08T14:05:18.522+0000][21096.929s] GC(234) ParNew: 1445121K->59526K(1747648K)
[2019-10-08T14:05:18.522+0000][21096.929s] GC(234) CMS: 492100K->493864K(6291456K)
[2019-10-08T14:05:18.522+0000][21096.929s] GC(234) Metaspace: 59021K->59021K(1103872K)
[2019-10-08T14:05:18.522+0000][21096.929s] GC(234) Pause Young (Allocation Failure) 1891M->540M(7850M) 28.363ms
[2019-10-08T14:05:18.522+0000][21096.929s] GC(234) User=0.11s Sys=0.01s Real=0.03s
[2019-10-08T14:06:49.027+0000][21187.434s] GC(235) Pause Young (Allocation Failure)
[2019-10-08T14:06:49.027+0000][21187.434s] GC(235) Using 4 workers of 4 for evacuation
[2019-10-08T14:06:49.056+0000][21187.463s] GC(235) ParNew: 1457670K->59940K(1747648K)
[2019-10-08T14:06:49.056+0000][21187.463s] GC(235) CMS: 493864K->494394K(6291456K)
[2019-10-08T14:06:49.056+0000][21187.463s] GC(235) Metaspace: 59021K->59021K(1103872K)
[2019-10-08T14:06:49.056+0000][21187.463s] GC(235) Pause Young (Allocation Failure) 1905M->541M(7850M) 28.890ms
[2019-10-08T14:06:49.056+0000][21187.463s] GC(235) User=0.10s Sys=0.00s Real=0.03s
[2019-10-08T14:08:10.466+0000][21268.874s] GC(236) Pause Young (Allocation Failure)
[2019-10-08T14:08:10.466+0000][21268.874s] GC(236) Using 4 workers of 4 for evacuation
[2019-10-08T14:08:10.495+0000][21268.902s] GC(236) ParNew: 1458084K->49603K(1747648K)
[2019-10-08T14:08:10.495+0000][21268.902s] GC(236) CMS: 494394K->494841K(6291456K)
[2019-10-08T14:08:10.495+0000][21268.902s] GC(236) Metaspace: 59021K->59021K(1103872K)
[2019-10-08T14:08:10.495+0000][21268.902s] GC(236) Pause Young (Allocation Failure) 1906M->531M(7850M) 28.640ms
[2019-10-08T14:08:10.495+0000][21268.902s] GC(236) User=0.12s Sys=0.00s Real=0.03s
[2019-10-08T14:09:51.052+0000][21369.459s] GC(237) Pause Young (Allocation Failure)
[2019-10-08T14:09:51.052+0000][21369.459s] GC(237) Using 4 workers of 4 for evacuation
[2019-10-08T14:09:51.079+0000][21369.486s] GC(237) ParNew: 1447747K->54162K(1747648K)
[2019-10-08T14:09:51.079+0000][21369.486s] GC(237) CMS: 494841K->494992K(6291456K)
[2019-10-08T14:09:51.079+0000][21369.486s] GC(237) Metaspace: 59021K->59021K(1103872K)
[2019-10-08T14:09:51.079+0000][21369.486s] GC(237) Pause Young (Allocation Failure) 1897M->536M(7850M) 27.245ms
[2019-10-08T14:09:51.079+0000][21369.486s] GC(237) User=0.11s Sys=0.00s Real=0.03s
[2019-10-08T14:11:05.673+0000][21444.081s] GC(238) Pause Young (Allocation Failure)
[2019-10-08T14:11:05.673+0000][21444.081s] GC(238) Using 4 workers of 4 for evacuation
[2019-10-08T14:11:05.701+0000][21444.108s] GC(238) ParNew: 1452306K->62988K(1747648K)
[2019-10-08T14:11:05.701+0000][21444.108s] GC(238) CMS: 494992K->495152K(6291456K)
[2019-10-08T14:11:05.701+0000][21444.108s] GC(238) Metaspace: 59021K->59021K(1103872K)
[2019-10-08T14:11:05.701+0000][21444.108s] GC(238) Pause Young (Allocation Failure) 1901M->545M(7850M) 27.291ms
[2019-10-08T14:11:05.701+0000][21444.108s] GC(238) User=0.11s Sys=0.00s Real=0.03s
[2019-10-08T14:12:13.278+0000][21511.685s] GC(239) Pause Young (Allocation Failure)
[2019-10-08T14:12:13.278+0000][21511.685s] GC(239) Using 4 workers of 4 for evacuation
[2019-10-08T14:12:13.306+0000][21511.713s] GC(239) ParNew: 1461132K->52064K(1747648K)
[2019-10-08T14:12:13.306+0000][21511.713s] GC(239) CMS: 495152K->495352K(6291456K)
[2019-10-08T14:12:13.306+0000][21511.713s] GC(239) Metaspace: 59022K->59022K(1103872K)
[2019-10-08T14:12:13.306+0000][21511.713s] GC(239) Pause Young (Allocation Failure) 1910M->534M(7850M) 28.057ms
[2019-10-08T14:12:13.306+0000][21511.713s] GC(239) User=0.11s Sys=0.00s Real=0.03s
[2019-10-08T14:13:48.165+0000][21606.572s] GC(240) Pause Young (Allocation Failure)
[2019-10-08T14:13:48.165+0000][21606.573s] GC(240) Using 4 workers of 4 for evacuation
[2019-10-08T14:13:48.195+0000][21606.602s] GC(240) ParNew: 1450208K->62901K(1747648K)
[2019-10-08T14:13:48.195+0000][21606.602s] GC(240) CMS: 495352K->495531K(6291456K)
[2019-10-08T14:13:48.195+0000][21606.603s] GC(240) Metaspace: 59022K->59022K(1103872K)
[2019-10-08T14:13:48.195+0000][21606.603s] GC(240) Pause Young (Allocation Failure) 1899M->545M(7850M) 30.039ms
[2019-10-08T14:13:48.195+0000][21606.603s] GC(240) User=0.10s Sys=0.00s Real=0.03s
[2019-10-08T14:15:13.793+0000][21692.201s] GC(241) Pause Young (Allocation Failure)
[2019-10-08T14:15:13.793+0000][21692.201s] GC(241) Using 4 workers of 4 for evacuation
[2019-10-08T14:15:13.824+0000][21692.232s] GC(241) ParNew: 1461014K->57749K(1747648K)
[2019-10-08T14:15:13.824+0000][21692.232s] GC(241) CMS: 495531K->495691K(6291456K)
[2019-10-08T14:15:13.824+0000][21692.232s] GC(241) Metaspace: 59022K->59022K(1103872K)
[2019-10-08T14:15:13.824+0000][21692.232s] GC(241) Pause Young (Allocation Failure) 1910M->540M(7850M) 31.206ms
[2019-10-08T14:15:13.824+0000][21692.232s] GC(241) User=0.12s Sys=0.00s Real=0.03s
[2019-10-08T14:16:43.172+0000][21781.580s] GC(242) Pause Young (Allocation Failure)
[2019-10-08T14:16:43.172+0000][21781.580s] GC(242) Using 4 workers of 4 for evacuation
[2019-10-08T14:16:43.203+0000][21781.611s] GC(242) ParNew: 1455893K->53518K(1747648K)
[2019-10-08T14:16:43.203+0000][21781.611s] GC(242) CMS: 495691K->495973K(6291456K)
[2019-10-08T14:16:43.203+0000][21781.611s] GC(242) Metaspace: 59022K->59022K(1103872K)
[2019-10-08T14:16:43.203+0000][21781.611s] GC(242) Pause Young (Allocation Failure) 1905M->536M(7850M) 31.037ms
[2019-10-08T14:16:43.203+0000][21781.611s] GC(242) User=0.12s Sys=0.00s Real=0.03s
[2019-10-08T14:18:21.229+0000][21879.636s] GC(243) Pause Young (Allocation Failure)
[2019-10-08T14:18:21.229+0000][21879.636s] GC(243) Using 4 workers of 4 for evacuation
[2019-10-08T14:18:21.260+0000][21879.667s] GC(243) ParNew: 1451662K->69078K(1747648K)
[2019-10-08T14:18:21.260+0000][21879.667s] GC(243) CMS: 495973K->496682K(6291456K)
[2019-10-08T14:18:21.260+0000][21879.667s] GC(243) Metaspace: 59022K->59022K(1103872K)
[2019-10-08T14:18:21.260+0000][21879.667s] GC(243) Pause Young (Allocation Failure) 1901M->552M(7850M) 31.090ms
[2019-10-08T14:18:21.260+0000][21879.667s] GC(243) User=0.12s Sys=0.00s Real=0.03s
[2019-10-08T14:19:50.118+0000][21968.526s] GC(244) Pause Young (Allocation Failure)
[2019-10-08T14:19:50.118+0000][21968.526s] GC(244) Using 4 workers of 4 for evacuation
[2019-10-08T14:19:50.149+0000][21968.556s] GC(244) ParNew: 1467222K->55401K(1747648K)
[2019-10-08T14:19:50.149+0000][21968.556s] GC(244) CMS: 496682K->496829K(6291456K)
[2019-10-08T14:19:50.149+0000][21968.556s] GC(244) Metaspace: 59025K->59025K(1103872K)
[2019-10-08T14:19:50.149+0000][21968.556s] GC(244) Pause Young (Allocation Failure) 1917M->539M(7850M) 30.235ms
[2019-10-08T14:19:50.149+0000][21968.556s] GC(244) User=0.12s Sys=0.00s Real=0.03s
[2019-10-08T14:21:19.354+0000][22057.761s] GC(245) Pause Young (Allocation Failure)
[2019-10-08T14:21:19.354+0000][22057.761s] GC(245) Using 4 workers of 4 for evacuation
[2019-10-08T14:21:19.388+0000][22057.795s] GC(245) ParNew: 1453545K->60797K(1747648K)
[2019-10-08T14:21:19.388+0000][22057.795s] GC(245) CMS: 496829K->497124K(6291456K)
[2019-10-08T14:21:19.388+0000][22057.795s] GC(245) Metaspace: 59025K->59025K(1103872K)
[2019-10-08T14:21:19.388+0000][22057.795s] GC(245) Pause Young (Allocation Failure) 1904M->544M(7850M) 33.904ms
[2019-10-08T14:21:19.388+0000][22057.795s] GC(245) User=0.12s Sys=0.00s Real=0.03s
[2019-10-08T14:22:56.323+0000][22154.731s] GC(246) Pause Young (Allocation Failure)
[2019-10-08T14:22:56.323+0000][22154.731s] GC(246) Using 4 workers of 4 for evacuation
[2019-10-08T14:22:56.355+0000][22154.762s] GC(246) ParNew: 1458941K->61375K(1747648K)
[2019-10-08T14:22:56.355+0000][22154.762s] GC(246) CMS: 497124K->499979K(6291456K)
[2019-10-08T14:22:56.355+0000][22154.762s] GC(246) Metaspace: 59029K->59029K(1103872K)
[2019-10-08T14:22:56.355+0000][22154.762s] GC(246) Pause Young (Allocation Failure) 1910M->548M(7850M) 31.476ms
[2019-10-08T14:22:56.355+0000][22154.762s] GC(246) User=0.12s Sys=0.00s Real=0.03s
[2019-10-08T14:24:18.189+0000][22236.597s] GC(247) Pause Young (Allocation Failure)
[2019-10-08T14:24:18.189+0000][22236.597s] GC(247) Using 4 workers of 4 for evacuation
[2019-10-08T14:24:18.218+0000][22236.626s] GC(247) ParNew: 1459519K->51246K(1747648K)
[2019-10-08T14:24:18.218+0000][22236.626s] GC(247) CMS: 499979K->500130K(6291456K)
[2019-10-08T14:24:18.218+0000][22236.626s] GC(247) Metaspace: 59029K->59029K(1103872K)
[2019-10-08T14:24:18.218+0000][22236.626s] GC(247) Pause Young (Allocation Failure) 1913M->538M(7850M) 28.948ms
[2019-10-08T14:24:18.218+0000][22236.626s] GC(247) User=0.12s Sys=0.01s Real=0.03s
[2019-10-08T14:25:51.103+0000][22329.510s] GC(248) Pause Young (Allocation Failure)
[2019-10-08T14:25:51.103+0000][22329.510s] GC(248) Using 4 workers of 4 for evacuation
[2019-10-08T14:25:51.131+0000][22329.538s] GC(248) ParNew: 1449390K->66169K(1747648K)
[2019-10-08T14:25:51.131+0000][22329.539s] GC(248) CMS: 500130K->500300K(6291456K)
[2019-10-08T14:25:51.131+0000][22329.539s] GC(248) Metaspace: 59029K->59029K(1103872K)
[2019-10-08T14:25:51.131+0000][22329.539s] GC(248) Pause Young (Allocation Failure) 1903M->553M(7850M) 28.580ms
[2019-10-08T14:25:51.131+0000][22329.539s] GC(248) User=0.11s Sys=0.00s Real=0.02s
[2019-10-08T14:27:26.179+0000][22424.587s] GC(249) Pause Young (Allocation Failure)
[2019-10-08T14:27:26.179+0000][22424.587s] GC(249) Using 4 workers of 4 for evacuation
[2019-10-08T14:27:26.214+0000][22424.622s] GC(249) ParNew: 1464313K->54414K(1747648K)
[2019-10-08T14:27:26.214+0000][22424.622s] GC(249) CMS: 500300K->502964K(6291456K)
[2019-10-08T14:27:26.214+0000][22424.622s] GC(249) Metaspace: 59029K->59029K(1103872K)
[2019-10-08T14:27:26.214+0000][22424.622s] GC(249) Pause Young (Allocation Failure) 1918M->544M(7850M) 35.038ms
[2019-10-08T14:27:26.214+0000][22424.622s] GC(249) User=0.14s Sys=0.00s Real=0.04s
[2019-10-08T14:28:43.551+0000][22501.958s] GC(250) Pause Young (Allocation Failure)
[2019-10-08T14:28:43.551+0000][22501.959s] GC(250) Using 4 workers of 4 for evacuation
[2019-10-08T14:28:43.578+0000][22501.985s] GC(250) ParNew: 1452558K->48263K(1747648K)
[2019-10-08T14:28:43.578+0000][22501.985s] GC(250) CMS: 502964K->503504K(6291456K)
[2019-10-08T14:28:43.578+0000][22501.985s] GC(250) Metaspace: 59037K->59037K(1103872K)
[2019-10-08T14:28:43.578+0000][22501.985s] GC(250) Pause Young (Allocation Failure) 1909M->538M(7850M) 26.677ms
[2019-10-08T14:28:43.578+0000][22501.985s] GC(250) User=0.11s Sys=0.00s Real=0.03s
[2019-10-08T14:30:16.572+0000][22594.979s] GC(251) Pause Young (Allocation Failure)
[2019-10-08T14:30:16.572+0000][22594.979s] GC(251) Using 4 workers of 4 for evacuation
[2019-10-08T14:30:16.598+0000][22595.005s] GC(251) ParNew: 1446407K->59655K(1747648K)
[2019-10-08T14:30:16.598+0000][22595.005s] GC(251) CMS: 503504K->503583K(6291456K)
[2019-10-08T14:30:16.598+0000][22595.005s] GC(251) Metaspace: 59037K->59037K(1103872K)
[2019-10-08T14:30:16.598+0000][22595.005s] GC(251) Pause Young (Allocation Failure) 1904M->550M(7850M) 26.510ms
[2019-10-08T14:30:16.598+0000][22595.006s] GC(251) User=0.11s Sys=0.00s Real=0.03s
[2019-10-08T14:31:47.180+0000][22685.587s] GC(252) Pause Young (Allocation Failure)
[2019-10-08T14:31:47.180+0000][22685.587s] GC(252) Using 4 workers of 4 for evacuation
[2019-10-08T14:31:47.207+0000][22685.614s] GC(252) ParNew: 1457799K->58051K(1747648K)
[2019-10-08T14:31:47.207+0000][22685.614s] GC(252) CMS: 503583K->505301K(6291456K)
[2019-10-08T14:31:47.207+0000][22685.614s] GC(252) Metaspace: 59041K->59041K(1103872K)
[2019-10-08T14:31:47.207+0000][22685.614s] GC(252) Pause Young (Allocation Failure) 1915M->550M(7850M) 26.893ms
[2019-10-08T14:31:47.207+0000][22685.614s] GC(252) User=0.11s Sys=0.00s Real=0.03s
[2019-10-08T14:33:32.276+0000][22790.684s] GC(253) Pause Young (Allocation Failure)
[2019-10-08T14:33:32.276+0000][22790.684s] GC(253) Using 4 workers of 4 for evacuation
[2019-10-08T14:33:32.303+0000][22790.710s] GC(253) ParNew: 1456195K->54752K(1747648K)
[2019-10-08T14:33:32.303+0000][22790.710s] GC(253) CMS: 505301K->505483K(6291456K)
[2019-10-08T14:33:32.303+0000][22790.710s] GC(253) Metaspace: 59042K->59042K(1103872K)
[2019-10-08T14:33:32.303+0000][22790.710s] GC(253) Pause Young (Allocation Failure) 1915M->547M(7850M) 26.247ms
[2019-10-08T14:33:32.303+0000][22790.710s] GC(253) User=0.10s Sys=0.00s Real=0.03s
[2019-10-08T14:35:04.554+0000][22882.962s] GC(254) Pause Young (Allocation Failure)
[2019-10-08T14:35:04.554+0000][22882.962s] GC(254) Using 4 workers of 4 for evacuation
[2019-10-08T14:35:04.581+0000][22882.988s] GC(254) ParNew: 1452896K->51680K(1747648K)
[2019-10-08T14:35:04.581+0000][22882.988s] GC(254) CMS: 505483K->507251K(6291456K)
[2019-10-08T14:35:04.581+0000][22882.988s] GC(254) Metaspace: 59042K->59042K(1103872K)
[2019-10-08T14:35:04.581+0000][22882.988s] GC(254) Pause Young (Allocation Failure) 1912M->545M(7850M) 26.548ms
[2019-10-08T14:35:04.581+0000][22882.988s] GC(254) User=0.10s Sys=0.00s Real=0.03s
[2019-10-08T14:36:41.208+0000][22979.615s] GC(255) Pause Young (Allocation Failure)
[2019-10-08T14:36:41.208+0000][22979.615s] GC(255) Using 4 workers of 4 for evacuation
[2019-10-08T14:36:41.235+0000][22979.642s] GC(255) ParNew: 1449824K->64748K(1747648K)
[2019-10-08T14:36:41.235+0000][22979.642s] GC(255) CMS: 507251K->507326K(6291456K)
[2019-10-08T14:36:41.235+0000][22979.642s] GC(255) Metaspace: 59042K->59042K(1103872K)
[2019-10-08T14:36:41.235+0000][22979.642s] GC(255) Pause Young (Allocation Failure) 1911M->558M(7850M) 26.594ms
[2019-10-08T14:36:41.235+0000][22979.642s] GC(255) User=0.10s Sys=0.00s Real=0.03s
[2019-10-08T14:38:20.714+0000][23079.121s] GC(256) Pause Young (Allocation Failure)
[2019-10-08T14:38:20.714+0000][23079.121s] GC(256) Using 4 workers of 4 for evacuation
[2019-10-08T14:38:20.741+0000][23079.149s] GC(256) ParNew: 1462892K->54345K(1747648K)
[2019-10-08T14:38:20.741+0000][23079.149s] GC(256) CMS: 507326K->507839K(6291456K)
[2019-10-08T14:38:20.741+0000][23079.149s] GC(256) Metaspace: 59069K->59069K(1103872K)
[2019-10-08T14:38:20.741+0000][23079.149s] GC(256) Pause Young (Allocation Failure) 1924M->549M(7850M) 27.332ms
[2019-10-08T14:38:20.741+0000][23079.149s] GC(256) User=0.11s Sys=0.00s Real=0.03s
[2019-10-08T14:39:40.154+0000][23158.562s] GC(257) Pause Young (Allocation Failure)
[2019-10-08T14:39:40.154+0000][23158.562s] GC(257) Using 4 workers of 4 for evacuation
[2019-10-08T14:39:40.182+0000][23158.590s] GC(257) ParNew: 1452489K->58877K(1747648K)
[2019-10-08T14:39:40.182+0000][23158.590s] GC(257) CMS: 507839K->508203K(6291456K)
[2019-10-08T14:39:40.182+0000][23158.590s] GC(257) Metaspace: 59069K->59069K(1103872K)
[2019-10-08T14:39:40.182+0000][23158.590s] GC(257) Pause Young (Allocation Failure) 1914M->553M(7850M) 28.070ms
[2019-10-08T14:39:40.182+0000][23158.590s] GC(257) User=0.11s Sys=0.00s Real=0.03s
[2019-10-08T14:41:29.023+0000][23267.430s] GC(258) Pause Young (Allocation Failure)
[2019-10-08T14:41:29.023+0000][23267.430s] GC(258) Using 4 workers of 4 for evacuation
[2019-10-08T14:41:29.049+0000][23267.456s] GC(258) ParNew: 1457021K->52017K(1747648K)
[2019-10-08T14:41:29.049+0000][23267.456s] GC(258) CMS: 508203K->508287K(6291456K)
[2019-10-08T14:41:29.049+0000][23267.456s] GC(258) Metaspace: 59069K->59069K(1103872K)
[2019-10-08T14:41:29.049+0000][23267.456s] GC(258) Pause Young (Allocation Failure) 1919M->547M(7850M) 26.284ms
[2019-10-08T14:41:29.049+0000][23267.456s] GC(258) User=0.10s Sys=0.00s Real=0.02s
[2019-10-08T14:42:53.455+0000][23351.862s] GC(259) Pause Young (Allocation Failure)
[2019-10-08T14:42:53.455+0000][23351.862s] GC(259) Using 4 workers of 4 for evacuation
[2019-10-08T14:42:53.481+0000][23351.888s] GC(259) ParNew: 1450161K->65907K(1747648K)
[2019-10-08T14:42:53.481+0000][23351.888s] GC(259) CMS: 508287K->508383K(6291456K)
[2019-10-08T14:42:53.481+0000][23351.888s] GC(259) Metaspace: 59069K->59069K(1103872K)
[2019-10-08T14:42:53.481+0000][23351.888s] GC(259) Pause Young (Allocation Failure) 1912M->560M(7850M) 26.324ms
[2019-10-08T14:42:53.481+0000][23351.888s] GC(259) User=0.10s Sys=0.00s Real=0.03s
[2019-10-08T14:44:22.707+0000][23441.114s] GC(260) Pause Young (Allocation Failure)
[2019-10-08T14:44:22.707+0000][23441.114s] GC(260) Using 4 workers of 4 for evacuation
[2019-10-08T14:44:22.735+0000][23441.142s] GC(260) ParNew: 1464051K->54749K(1747648K)
[2019-10-08T14:44:22.735+0000][23441.142s] GC(260) CMS: 508383K->508743K(6291456K)
[2019-10-08T14:44:22.735+0000][23441.142s] GC(260) Metaspace: 59069K->59069K(1103872K)
[2019-10-08T14:44:22.735+0000][23441.142s] GC(260) Pause Young (Allocation Failure) 1926M->550M(7850M) 28.080ms
[2019-10-08T14:44:22.735+0000][23441.142s] GC(260) User=0.11s Sys=0.00s Real=0.03s
[2019-10-08T14:45:45.800+0000][23524.208s] GC(261) Pause Young (Allocation Failure)
[2019-10-08T14:45:45.801+0000][23524.208s] GC(261) Using 4 workers of 4 for evacuation
[2019-10-08T14:45:45.827+0000][23524.234s] GC(261) ParNew: 1452893K->51671K(1747648K)
[2019-10-08T14:45:45.827+0000][23524.234s] GC(261) CMS: 508743K->508853K(6291456K)
[2019-10-08T14:45:45.827+0000][23524.234s] GC(261) Metaspace: 59069K->59069K(1103872K)
[2019-10-08T14:45:45.827+0000][23524.234s] GC(261) Pause Young (Allocation Failure) 1915M->547M(7850M) 26.501ms
[2019-10-08T14:45:45.827+0000][23524.234s] GC(261) User=0.10s Sys=0.00s Real=0.02s
[2019-10-08T14:47:22.983+0000][23621.390s] GC(262) Pause Young (Allocation Failure)
[2019-10-08T14:47:22.983+0000][23621.390s] GC(262) Using 4 workers of 4 for evacuation
[2019-10-08T14:47:23.011+0000][23621.418s] GC(262) ParNew: 1449815K->64238K(1747648K)
[2019-10-08T14:47:23.011+0000][23621.418s] GC(262) CMS: 508853K->510598K(6291456K)
[2019-10-08T14:47:23.011+0000][23621.418s] GC(262) Metaspace: 59069K->59069K(1103872K)
[2019-10-08T14:47:23.011+0000][23621.418s] GC(262) Pause Young (Allocation Failure) 1912M->561M(7850M) 28.223ms
[2019-10-08T14:47:23.011+0000][23621.418s] GC(262) User=0.10s Sys=0.01s Real=0.02s
[2019-10-08T14:48:48.017+0000][23706.424s] GC(263) Pause Young (Allocation Failure)
[2019-10-08T14:48:48.017+0000][23706.424s] GC(263) Using 4 workers of 4 for evacuation
[2019-10-08T14:48:48.046+0000][23706.453s] GC(263) ParNew: 1462369K->63555K(1747648K)
[2019-10-08T14:48:48.046+0000][23706.453s] GC(263) CMS: 510598K->511341K(6291456K)
[2019-10-08T14:48:48.046+0000][23706.453s] GC(263) Metaspace: 59069K->59069K(1103872K)
[2019-10-08T14:48:48.046+0000][23706.453s] GC(263) Pause Young (Allocation Failure) 1926M->561M(7850M) 28.932ms
[2019-10-08T14:48:48.046+0000][23706.453s] GC(263) User=0.12s Sys=0.00s Real=0.03s
[2019-10-08T14:50:22.040+0000][23800.448s] GC(264) Pause Young (Allocation Failure)
[2019-10-08T14:50:22.040+0000][23800.448s] GC(264) Using 4 workers of 4 for evacuation
[2019-10-08T14:50:22.068+0000][23800.475s] GC(264) ParNew: 1461699K->57149K(1747648K)
[2019-10-08T14:50:22.068+0000][23800.475s] GC(264) CMS: 511341K->511458K(6291456K)
[2019-10-08T14:50:22.068+0000][23800.475s] GC(264) Metaspace: 59069K->59069K(1103872K)
[2019-10-08T14:50:22.068+0000][23800.475s] GC(264) Pause Young (Allocation Failure) 1926M->555M(7850M) 27.866ms
[2019-10-08T14:50:22.068+0000][23800.475s] GC(264) User=0.11s Sys=0.00s Real=0.02s
[2019-10-08T14:51:55.094+0000][23893.501s] GC(265) Pause Young (Allocation Failure)
[2019-10-08T14:51:55.094+0000][23893.501s] GC(265) Using 4 workers of 4 for evacuation
[2019-10-08T14:51:55.120+0000][23893.527s] GC(265) ParNew: 1455293K->49189K(1747648K)
[2019-10-08T14:51:55.120+0000][23893.527s] GC(265) CMS: 511458K->513210K(6291456K)
[2019-10-08T14:51:55.120+0000][23893.527s] GC(265) Metaspace: 59070K->59070K(1103872K)
[2019-10-08T14:51:55.120+0000][23893.528s] GC(265) Pause Young (Allocation Failure) 1920M->549M(7850M) 26.179ms
[2019-10-08T14:51:55.120+0000][23893.528s] GC(265) User=0.10s Sys=0.01s Real=0.03s
[2019-10-08T14:53:21.504+0000][23979.912s] GC(266) Pause Young (Allocation Failure)
[2019-10-08T14:53:21.504+0000][23979.912s] GC(266) Using 4 workers of 4 for evacuation
[2019-10-08T14:53:21.531+0000][23979.938s] GC(266) ParNew: 1447333K->61785K(1747648K)
[2019-10-08T14:53:21.531+0000][23979.938s] GC(266) CMS: 513210K->513335K(6291456K)
[2019-10-08T14:53:21.531+0000][23979.938s] GC(266) Metaspace: 59070K->59070K(1103872K)
[2019-10-08T14:53:21.531+0000][23979.938s] GC(266) Pause Young (Allocation Failure) 1914M->561M(7850M) 26.223ms
[2019-10-08T14:53:21.531+0000][23979.938s] GC(266) User=0.10s Sys=0.00s Real=0.02s
[2019-10-08T14:54:51.218+0000][24069.625s] GC(267) Pause Young (Allocation Failure)
[2019-10-08T14:54:51.218+0000][24069.625s] GC(267) Using 4 workers of 4 for evacuation
[2019-10-08T14:54:51.243+0000][24069.651s] GC(267) ParNew: 1459929K->55902K(1747648K)
[2019-10-08T14:54:51.243+0000][24069.651s] GC(267) CMS: 513335K->513585K(6291456K)
[2019-10-08T14:54:51.243+0000][24069.651s] GC(267) Metaspace: 59070K->59070K(1103872K)
[2019-10-08T14:54:51.243+0000][24069.651s] GC(267) Pause Young (Allocation Failure) 1927M->556M(7850M) 25.890ms
[2019-10-08T14:54:51.243+0000][24069.651s] GC(267) User=0.10s Sys=0.00s Real=0.03s
[2019-10-08T14:56:34.333+0000][24172.741s] GC(268) Pause Young (Allocation Failure)
[2019-10-08T14:56:34.333+0000][24172.741s] GC(268) Using 4 workers of 4 for evacuation
[2019-10-08T14:56:34.361+0000][24172.769s] GC(268) ParNew: 1454046K->56161K(1747648K)
[2019-10-08T14:56:34.361+0000][24172.769s] GC(268) CMS: 513585K->515364K(6291456K)
[2019-10-08T14:56:34.361+0000][24172.769s] GC(268) Metaspace: 59070K->59070K(1103872K)
[2019-10-08T14:56:34.361+0000][24172.769s] GC(268) Pause Young (Allocation Failure) 1921M->558M(7850M) 27.925ms
[2019-10-08T14:56:34.361+0000][24172.769s] GC(268) User=0.11s Sys=0.00s Real=0.03s
[2019-10-08T14:57:54.598+0000][24253.005s] GC(269) Pause Young (Allocation Failure)
[2019-10-08T14:57:54.598+0000][24253.005s] GC(269) Using 4 workers of 4 for evacuation
[2019-10-08T14:57:54.625+0000][24253.032s] GC(269) ParNew: 1454305K->52879K(1747648K)
[2019-10-08T14:57:54.625+0000][24253.032s] GC(269) CMS: 515364K->517424K(6291456K)
[2019-10-08T14:57:54.625+0000][24253.032s] GC(269) Metaspace: 59071K->59071K(1103872K)
[2019-10-08T14:57:54.625+0000][24253.032s] GC(269) Pause Young (Allocation Failure) 1923M->556M(7850M) 26.712ms
[2019-10-08T14:57:54.625+0000][24253.032s] GC(269) User=0.10s Sys=0.00s Real=0.03s
[2019-10-08T14:59:44.853+0000][24363.261s] GC(270) Pause Young (Allocation Failure)
[2019-10-08T14:59:44.853+0000][24363.261s] GC(270) Using 4 workers of 4 for evacuation
[2019-10-08T14:59:44.881+0000][24363.289s] GC(270) ParNew: 1451023K->55093K(1747648K)
[2019-10-08T14:59:44.881+0000][24363.289s] GC(270) CMS: 517424K->517915K(6291456K)
[2019-10-08T14:59:44.881+0000][24363.289s] GC(270) Metaspace: 59071K->59071K(1103872K)
[2019-10-08T14:59:44.881+0000][24363.289s] GC(270) Pause Young (Allocation Failure) 1922M->559M(7850M) 28.131ms
[2019-10-08T14:59:44.881+0000][24363.289s] GC(270) User=0.11s Sys=0.00s Real=0.03s
[2019-10-08T15:00:56.650+0000][24435.057s] GC(271) Pause Young (Allocation Failure)
[2019-10-08T15:00:56.650+0000][24435.057s] GC(271) Using 4 workers of 4 for evacuation
[2019-10-08T15:00:56.681+0000][24435.088s] GC(271) ParNew: 1453237K->61726K(1747648K)
[2019-10-08T15:00:56.681+0000][24435.088s] GC(271) CMS: 517915K->518086K(6291456K)
[2019-10-08T15:00:56.681+0000][24435.088s] GC(271) Metaspace: 59071K->59071K(1103872K)
[2019-10-08T15:00:56.681+0000][24435.088s] GC(271) Pause Young (Allocation Failure) 1924M->566M(7850M) 30.701ms
[2019-10-08T15:00:56.681+0000][24435.088s] GC(271) User=0.10s Sys=0.00s Real=0.04s
[2019-10-08T15:02:47.890+0000][24546.297s] GC(272) Pause Young (Allocation Failure)
[2019-10-08T15:02:47.890+0000][24546.297s] GC(272) Using 4 workers of 4 for evacuation
[2019-10-08T15:02:47.930+0000][24546.337s] GC(272) ParNew: 1459870K->52067K(1747648K)
[2019-10-08T15:02:47.930+0000][24546.337s] GC(272) CMS: 518086K->518277K(6291456K)
[2019-10-08T15:02:47.930+0000][24546.337s] GC(272) Metaspace: 59071K->59071K(1103872K)
[2019-10-08T15:02:47.930+0000][24546.337s] GC(272) Pause Young (Allocation Failure) 1931M->556M(7850M) 39.755ms
[2019-10-08T15:02:47.930+0000][24546.337s] GC(272) User=0.12s Sys=0.00s Real=0.04s
[2019-10-08T15:04:04.301+0000][24622.708s] GC(273) Pause Young (Allocation Failure)
[2019-10-08T15:04:04.301+0000][24622.708s] GC(273) Using 4 workers of 4 for evacuation
[2019-10-08T15:04:04.327+0000][24622.735s] GC(273) ParNew: 1450211K->73450K(1747648K)
[2019-10-08T15:04:04.327+0000][24622.735s] GC(273) CMS: 518277K->518453K(6291456K)
[2019-10-08T15:04:04.327+0000][24622.735s] GC(273) Metaspace: 59071K->59071K(1103872K)
[2019-10-08T15:04:04.327+0000][24622.735s] GC(273) Pause Young (Allocation Failure) 1922M->578M(7850M) 26.769ms
[2019-10-08T15:04:04.327+0000][24622.735s] GC(273) User=0.11s Sys=0.00s Real=0.02s
[2019-10-08T15:05:41.579+0000][24719.986s] GC(274) Pause Young (Allocation Failure)
[2019-10-08T15:05:41.579+0000][24719.986s] GC(274) Using 4 workers of 4 for evacuation
[2019-10-08T15:05:41.605+0000][24720.012s] GC(274) ParNew: 1471594K->50402K(1747648K)
[2019-10-08T15:05:41.605+0000][24720.012s] GC(274) CMS: 518453K->518570K(6291456K)
[2019-10-08T15:05:41.605+0000][24720.012s] GC(274) Metaspace: 59072K->59072K(1103872K)
[2019-10-08T15:05:41.605+0000][24720.013s] GC(274) Pause Young (Allocation Failure) 1943M->555M(7850M) 26.335ms
[2019-10-08T15:05:41.605+0000][24720.013s] GC(274) User=0.10s Sys=0.00s Real=0.03s
[2019-10-08T15:06:56.300+0000][24794.708s] GC(275) Pause Young (Allocation Failure)
[2019-10-08T15:06:56.300+0000][24794.708s] GC(275) Using 4 workers of 4 for evacuation
[2019-10-08T15:06:56.330+0000][24794.738s] GC(275) ParNew: 1448546K->61828K(1747648K)
[2019-10-08T15:06:56.331+0000][24794.738s] GC(275) CMS: 518570K->518676K(6291456K)
[2019-10-08T15:06:56.331+0000][24794.738s] GC(275) Metaspace: 59072K->59072K(1103872K)
[2019-10-08T15:06:56.331+0000][24794.738s] GC(275) Pause Young (Allocation Failure) 1921M->566M(7850M) 30.359ms
[2019-10-08T15:06:56.331+0000][24794.738s] GC(275) User=0.12s Sys=0.00s Real=0.02s
[2019-10-08T15:08:27.827+0000][24886.235s] GC(276) Pause Young (Allocation Failure)
[2019-10-08T15:08:27.827+0000][24886.235s] GC(276) Using 4 workers of 4 for evacuation
[2019-10-08T15:08:27.854+0000][24886.262s] GC(276) ParNew: 1459972K->63212K(1747648K)
[2019-10-08T15:08:27.854+0000][24886.262s] GC(276) CMS: 518676K->519339K(6291456K)
[2019-10-08T15:08:27.854+0000][24886.262s] GC(276) Metaspace: 59074K->59074K(1103872K)
[2019-10-08T15:08:27.855+0000][24886.262s] GC(276) Pause Young (Allocation Failure) 1932M->568M(7850M) 27.243ms
[2019-10-08T15:08:27.855+0000][24886.262s] GC(276) User=0.10s Sys=0.00s Real=0.03s
[2019-10-08T15:10:08.680+0000][24987.088s] GC(277) Pause Young (Allocation Failure)
[2019-10-08T15:10:08.681+0000][24987.088s] GC(277) Using 4 workers of 4 for evacuation
[2019-10-08T15:10:08.707+0000][24987.114s] GC(277) ParNew: 1461356K->52958K(1747648K)
[2019-10-08T15:10:08.707+0000][24987.114s] GC(277) CMS: 519339K->521042K(6291456K)
[2019-10-08T15:10:08.707+0000][24987.115s] GC(277) Metaspace: 59074K->59074K(1103872K)
[2019-10-08T15:10:08.707+0000][24987.115s] GC(277) Pause Young (Allocation Failure) 1934M->560M(7850M) 26.660ms
[2019-10-08T15:10:08.707+0000][24987.115s] GC(277) User=0.10s Sys=0.00s Real=0.02s
[2019-10-08T15:11:46.861+0000][25085.268s] GC(278) Pause Young (Allocation Failure)
[2019-10-08T15:11:46.861+0000][25085.268s] GC(278) Using 4 workers of 4 for evacuation
[2019-10-08T15:11:46.889+0000][25085.297s] GC(278) ParNew: 1451102K->47072K(1747648K)
[2019-10-08T15:11:46.889+0000][25085.297s] GC(278) CMS: 521042K->521214K(6291456K)
[2019-10-08T15:11:46.889+0000][25085.297s] GC(278) Metaspace: 59074K->59074K(1103872K)
[2019-10-08T15:11:46.889+0000][25085.297s] GC(278) Pause Young (Allocation Failure) 1925M->554M(7850M) 28.772ms
[2019-10-08T15:11:46.890+0000][25085.297s] GC(278) User=0.11s Sys=0.00s Real=0.02s
[2019-10-08T15:13:13.529+0000][25171.937s] GC(279) Pause Young (Allocation Failure)
[2019-10-08T15:13:13.529+0000][25171.937s] GC(279) Using 4 workers of 4 for evacuation
[2019-10-08T15:13:13.558+0000][25171.965s] GC(279) ParNew: 1445216K->60916K(1747648K)
[2019-10-08T15:13:13.558+0000][25171.965s] GC(279) CMS: 521214K->521485K(6291456K)
[2019-10-08T15:13:13.558+0000][25171.965s] GC(279) Metaspace: 59074K->59074K(1103872K)
[2019-10-08T15:13:13.558+0000][25171.965s] GC(279) Pause Young (Allocation Failure) 1920M->568M(7850M) 28.598ms
[2019-10-08T15:13:13.558+0000][25171.965s] GC(279) User=0.11s Sys=0.00s Real=0.03s
[2019-10-08T15:15:01.030+0000][25279.437s] GC(280) Pause Young (Allocation Failure)
[2019-10-08T15:15:01.030+0000][25279.437s] GC(280) Using 4 workers of 4 for evacuation
[2019-10-08T15:15:01.059+0000][25279.467s] GC(280) ParNew: 1459060K->54750K(1747648K)
[2019-10-08T15:15:01.059+0000][25279.467s] GC(280) CMS: 521485K->521712K(6291456K)
[2019-10-08T15:15:01.059+0000][25279.467s] GC(280) Metaspace: 59074K->59074K(1103872K)
[2019-10-08T15:15:01.059+0000][25279.467s] GC(280) Pause Young (Allocation Failure) 1934M->562M(7850M) 29.741ms
[2019-10-08T15:15:01.059+0000][25279.467s] GC(280) User=0.12s Sys=0.00s Real=0.03s
[2019-10-08T15:16:46.657+0000][25385.065s] GC(281) Pause Young (Allocation Failure)
[2019-10-08T15:16:46.657+0000][25385.065s] GC(281) Using 4 workers of 4 for evacuation
[2019-10-08T15:16:46.690+0000][25385.098s] GC(281) ParNew: 1452894K->54253K(1747648K)
[2019-10-08T15:16:46.690+0000][25385.098s] GC(281) CMS: 521712K->521798K(6291456K)
[2019-10-08T15:16:46.690+0000][25385.098s] GC(281) Metaspace: 59074K->59074K(1103872K)
[2019-10-08T15:16:46.690+0000][25385.098s] GC(281) Pause Young (Allocation Failure) 1928M->562M(7850M) 33.166ms
[2019-10-08T15:16:46.690+0000][25385.098s] GC(281) User=0.12s Sys=0.00s Real=0.03s
[2019-10-08T15:18:37.742+0000][25496.149s] GC(282) Pause Young (Allocation Failure)
[2019-10-08T15:18:37.742+0000][25496.149s] GC(282) Using 4 workers of 4 for evacuation
[2019-10-08T15:18:37.772+0000][25496.179s] GC(282) ParNew: 1452397K->58129K(1747648K)
[2019-10-08T15:18:37.772+0000][25496.179s] GC(282) CMS: 521798K->522031K(6291456K)
[2019-10-08T15:18:37.772+0000][25496.179s] GC(282) Metaspace: 59075K->59075K(1103872K)
[2019-10-08T15:18:37.772+0000][25496.179s] GC(282) Pause Young (Allocation Failure) 1927M->566M(7850M) 30.066ms
[2019-10-08T15:18:37.772+0000][25496.179s] GC(282) User=0.11s Sys=0.00s Real=0.02s
[2019-10-08T15:20:12.698+0000][25591.106s] GC(283) Pause Young (Allocation Failure)
[2019-10-08T15:20:12.698+0000][25591.106s] GC(283) Using 4 workers of 4 for evacuation
[2019-10-08T15:20:12.728+0000][25591.136s] GC(283) ParNew: 1456273K->69710K(1747648K)
[2019-10-08T15:20:12.728+0000][25591.136s] GC(283) CMS: 522031K->522585K(6291456K)
[2019-10-08T15:20:12.728+0000][25591.136s] GC(283) Metaspace: 59075K->59075K(1103872K)
[2019-10-08T15:20:12.728+0000][25591.136s] GC(283) Pause Young (Allocation Failure) 1931M->578M(7850M) 29.914ms
[2019-10-08T15:20:12.728+0000][25591.136s] GC(283) User=0.11s Sys=0.00s Real=0.03s
[2019-10-08T15:22:13.329+0000][25711.736s] GC(284) Pause Young (Allocation Failure)
[2019-10-08T15:22:13.329+0000][25711.736s] GC(284) Using 4 workers of 4 for evacuation
[2019-10-08T15:22:13.356+0000][25711.764s] GC(284) ParNew: 1467823K->55257K(1747648K)
[2019-10-08T15:22:13.356+0000][25711.764s] GC(284) CMS: 522585K->522696K(6291456K)
[2019-10-08T15:22:13.356+0000][25711.764s] GC(284) Metaspace: 59075K->59075K(1103872K)
[2019-10-08T15:22:13.357+0000][25711.764s] GC(284) Pause Young (Allocation Failure) 1943M->564M(7850M) 27.845ms
[2019-10-08T15:22:13.357+0000][25711.764s] GC(284) User=0.10s Sys=0.00s Real=0.03s
[2019-10-08T15:24:00.376+0000][25818.783s] GC(285) Pause Young (Allocation Failure)
[2019-10-08T15:24:00.376+0000][25818.783s] GC(285) Using 4 workers of 4 for evacuation
[2019-10-08T15:24:00.404+0000][25818.812s] GC(285) ParNew: 1453401K->59798K(1747648K)
[2019-10-08T15:24:00.404+0000][25818.812s] GC(285) CMS: 522696K->524364K(6291456K)
[2019-10-08T15:24:00.404+0000][25818.812s] GC(285) Metaspace: 59075K->59075K(1103872K)
[2019-10-08T15:24:00.405+0000][25818.812s] GC(285) Pause Young (Allocation Failure) 1929M->570M(7850M) 28.683ms
[2019-10-08T15:24:00.405+0000][25818.812s] GC(285) User=0.10s Sys=0.00s Real=0.03s
[2019-10-08T15:25:21.564+0000][25899.972s] GC(286) Pause Young (Allocation Failure)
[2019-10-08T15:25:21.564+0000][25899.972s] GC(286) Using 4 workers of 4 for evacuation
[2019-10-08T15:25:21.592+0000][25900.000s] GC(286) ParNew: 1457942K->59316K(1747648K)
[2019-10-08T15:25:21.592+0000][25900.000s] GC(286) CMS: 524364K->524718K(6291456K)
[2019-10-08T15:25:21.592+0000][25900.000s] GC(286) Metaspace: 59075K->59075K(1103872K)
[2019-10-08T15:25:21.593+0000][25900.000s] GC(286) Pause Young (Allocation Failure) 1935M->570M(7850M) 28.148ms
[2019-10-08T15:25:21.593+0000][25900.000s] GC(286) User=0.11s Sys=0.00s Real=0.03s
[2019-10-08T15:26:57.429+0000][25995.837s] GC(287) Pause Young (Allocation Failure)
[2019-10-08T15:26:57.429+0000][25995.837s] GC(287) Using 4 workers of 4 for evacuation
[2019-10-08T15:26:57.458+0000][25995.866s] GC(287) ParNew: 1457460K->51859K(1747648K)
[2019-10-08T15:26:57.458+0000][25995.866s] GC(287) CMS: 524718K->525041K(6291456K)
[2019-10-08T15:26:57.458+0000][25995.866s] GC(287) Metaspace: 59075K->59075K(1103872K)
[2019-10-08T15:26:57.458+0000][25995.866s] GC(287) Pause Young (Allocation Failure) 1935M->563M(7850M) 29.025ms
[2019-10-08T15:26:57.458+0000][25995.866s] GC(287) User=0.11s Sys=0.00s Real=0.03s
[2019-10-08T15:28:47.014+0000][26105.421s] GC(288) Pause Young (Allocation Failure)
[2019-10-08T15:28:47.014+0000][26105.421s] GC(288) Using 4 workers of 4 for evacuation
[2019-10-08T15:28:47.049+0000][26105.456s] GC(288) ParNew: 1450003K->55834K(1747648K)
[2019-10-08T15:28:47.049+0000][26105.456s] GC(288) CMS: 525041K->527680K(6291456K)
[2019-10-08T15:28:47.049+0000][26105.456s] GC(288) Metaspace: 59075K->59075K(1103872K)
[2019-10-08T15:28:47.049+0000][26105.456s] GC(288) Pause Young (Allocation Failure) 1928M->569M(7850M) 34.812ms
[2019-10-08T15:28:47.049+0000][26105.456s] GC(288) User=0.13s Sys=0.00s Real=0.03s
[2019-10-08T15:30:44.844+0000][26223.252s] GC(289) Pause Young (Allocation Failure)
[2019-10-08T15:30:44.844+0000][26223.252s] GC(289) Using 4 workers of 4 for evacuation
[2019-10-08T15:30:44.871+0000][26223.278s] GC(289) ParNew: 1453978K->50354K(1747648K)
[2019-10-08T15:30:44.871+0000][26223.278s] GC(289) CMS: 527680K->528453K(6291456K)
[2019-10-08T15:30:44.871+0000][26223.278s] GC(289) Metaspace: 59078K->59078K(1103872K)
[2019-10-08T15:30:44.871+0000][26223.278s] GC(289) Pause Young (Allocation Failure) 1935M->565M(7850M) 26.762ms
[2019-10-08T15:30:44.871+0000][26223.278s] GC(289) User=0.10s Sys=0.00s Real=0.02s
[2019-10-08T15:32:45.615+0000][26344.023s] GC(290) Pause Young (Allocation Failure)
[2019-10-08T15:32:45.615+0000][26344.023s] GC(290) Using 4 workers of 4 for evacuation
[2019-10-08T15:32:45.642+0000][26344.050s] GC(290) ParNew: 1448498K->55329K(1747648K)
[2019-10-08T15:32:45.642+0000][26344.050s] GC(290) CMS: 528453K->529704K(6291456K)
[2019-10-08T15:32:45.642+0000][26344.050s] GC(290) Metaspace: 59078K->59078K(1103872K)
[2019-10-08T15:32:45.642+0000][26344.050s] GC(290) Pause Young (Allocation Failure) 1930M->571M(7850M) 27.123ms
[2019-10-08T15:32:45.642+0000][26344.050s] GC(290) User=0.11s Sys=0.00s Real=0.03s
[2019-10-08T15:34:33.545+0000][26451.953s] GC(291) Pause Young (Allocation Failure)
[2019-10-08T15:34:33.545+0000][26451.953s] GC(291) Using 4 workers of 4 for evacuation
[2019-10-08T15:34:33.571+0000][26451.979s] GC(291) ParNew: 1453473K->53917K(1747648K)
[2019-10-08T15:34:33.571+0000][26451.979s] GC(291) CMS: 529704K->529772K(6291456K)
[2019-10-08T15:34:33.571+0000][26451.979s] GC(291) Metaspace: 59078K->59078K(1103872K)
[2019-10-08T15:34:33.571+0000][26451.979s] GC(291) Pause Young (Allocation Failure) 1936M->570M(7850M) 26.004ms
[2019-10-08T15:34:33.571+0000][26451.979s] GC(291) User=0.10s Sys=0.00s Real=0.02s
[2019-10-08T15:36:26.178+0000][26564.585s] GC(292) Pause Young (Allocation Failure)
[2019-10-08T15:36:26.178+0000][26564.585s] GC(292) Using 4 workers of 4 for evacuation
[2019-10-08T15:36:26.207+0000][26564.614s] GC(292) ParNew: 1452061K->56163K(1747648K)
[2019-10-08T15:36:26.207+0000][26564.614s] GC(292) CMS: 529772K->530133K(6291456K)
[2019-10-08T15:36:26.207+0000][26564.614s] GC(292) Metaspace: 59078K->59078K(1103872K)
[2019-10-08T15:36:26.207+0000][26564.614s] GC(292) Pause Young (Allocation Failure) 1935M->572M(7850M) 29.308ms
[2019-10-08T15:36:26.207+0000][26564.614s] GC(292) User=0.11s Sys=0.00s Real=0.03s
[2019-10-08T15:38:28.741+0000][26687.148s] GC(293) Pause Young (Allocation Failure)
[2019-10-08T15:38:28.741+0000][26687.148s] GC(293) Using 4 workers of 4 for evacuation
[2019-10-08T15:38:28.767+0000][26687.175s] GC(293) ParNew: 1454307K->57364K(1747648K)
[2019-10-08T15:38:28.767+0000][26687.175s] GC(293) CMS: 530133K->530234K(6291456K)
[2019-10-08T15:38:28.767+0000][26687.175s] GC(293) Metaspace: 59078K->59078K(1103872K)
[2019-10-08T15:38:28.767+0000][26687.175s] GC(293) Pause Young (Allocation Failure) 1937M->573M(7850M) 26.734ms
[2019-10-08T15:38:28.767+0000][26687.175s] GC(293) User=0.11s Sys=0.00s Real=0.02s
[2019-10-08T15:40:30.089+0000][26808.496s] GC(294) Pause Young (Allocation Failure)
[2019-10-08T15:40:30.089+0000][26808.497s] GC(294) Using 4 workers of 4 for evacuation
[2019-10-08T15:40:30.115+0000][26808.523s] GC(294) ParNew: 1455508K->61392K(1747648K)
[2019-10-08T15:40:30.115+0000][26808.523s] GC(294) CMS: 530234K->530468K(6291456K)
[2019-10-08T15:40:30.115+0000][26808.523s] GC(294) Metaspace: 59078K->59078K(1103872K)
[2019-10-08T15:40:30.115+0000][26808.523s] GC(294) Pause Young (Allocation Failure) 1939M->577M(7850M) 26.385ms
[2019-10-08T15:40:30.116+0000][26808.523s] GC(294) User=0.11s Sys=0.00s Real=0.03s
[2019-10-08T15:42:36.739+0000][26935.147s] GC(295) Pause Young (Allocation Failure)
[2019-10-08T15:42:36.739+0000][26935.147s] GC(295) Using 4 workers of 4 for evacuation
[2019-10-08T15:42:36.766+0000][26935.174s] GC(295) ParNew: 1459518K->52622K(1747648K)
[2019-10-08T15:42:36.766+0000][26935.174s] GC(295) CMS: 530468K->532628K(6291456K)
[2019-10-08T15:42:36.766+0000][26935.174s] GC(295) Metaspace: 59078K->59078K(1103872K)
[2019-10-08T15:42:36.767+0000][26935.174s] GC(295) Pause Young (Allocation Failure) 1943M->571M(7850M) 27.118ms
[2019-10-08T15:42:36.767+0000][26935.174s] GC(295) User=0.11s Sys=0.00s Real=0.03s
[2019-10-08T15:44:49.177+0000][27067.584s] GC(296) Pause Young (Allocation Failure)
[2019-10-08T15:44:49.177+0000][27067.584s] GC(296) Using 4 workers of 4 for evacuation
[2019-10-08T15:44:49.207+0000][27067.614s] GC(296) ParNew: 1450766K->56661K(1747648K)
[2019-10-08T15:44:49.207+0000][27067.614s] GC(296) CMS: 532628K->532738K(6291456K)
[2019-10-08T15:44:49.207+0000][27067.614s] GC(296) Metaspace: 59078K->59078K(1103872K)
[2019-10-08T15:44:49.207+0000][27067.614s] GC(296) Pause Young (Allocation Failure) 1936M->575M(7850M) 29.864ms
[2019-10-08T15:44:49.207+0000][27067.614s] GC(296) User=0.10s Sys=0.01s Real=0.03s
[2019-10-08T15:46:46.763+0000][27185.170s] GC(297) Pause Young (Allocation Failure)
[2019-10-08T15:46:46.763+0000][27185.170s] GC(297) Using 4 workers of 4 for evacuation
[2019-10-08T15:46:46.790+0000][27185.197s] GC(297) ParNew: 1454805K->49866K(1747648K)
[2019-10-08T15:46:46.790+0000][27185.197s] GC(297) CMS: 532738K->532843K(6291456K)
[2019-10-08T15:46:46.790+0000][27185.197s] GC(297) Metaspace: 59096K->59096K(1103872K)
[2019-10-08T15:46:46.790+0000][27185.197s] GC(297) Pause Young (Allocation Failure) 1940M->569M(7850M) 27.346ms
[2019-10-08T15:46:46.790+0000][27185.197s] GC(297) User=0.11s Sys=0.00s Real=0.02s
[2019-10-08T15:48:39.210+0000][27297.617s] GC(298) Pause Young (Allocation Failure)
[2019-10-08T15:48:39.210+0000][27297.617s] GC(298) Using 4 workers of 4 for evacuation
[2019-10-08T15:48:39.239+0000][27297.647s] GC(298) ParNew: 1448010K->53879K(1747648K)
[2019-10-08T15:48:39.240+0000][27297.647s] GC(298) CMS: 532843K->534546K(6291456K)
[2019-10-08T15:48:39.240+0000][27297.647s] GC(298) Metaspace: 59101K->59101K(1103872K)
[2019-10-08T15:48:39.240+0000][27297.647s] GC(298) Pause Young (Allocation Failure) 1934M->574M(7850M) 29.747ms
[2019-10-08T15:48:39.240+0000][27297.647s] GC(298) User=0.12s Sys=0.00s Real=0.03s
[2019-10-08T15:51:01.238+0000][27439.645s] GC(299) Pause Young (Allocation Failure)
[2019-10-08T15:51:01.238+0000][27439.645s] GC(299) Using 4 workers of 4 for evacuation
[2019-10-08T15:51:01.264+0000][27439.671s] GC(299) ParNew: 1452023K->61730K(1747648K)
[2019-10-08T15:51:01.264+0000][27439.671s] GC(299) CMS: 534546K->534680K(6291456K)
[2019-10-08T15:51:01.264+0000][27439.671s] GC(299) Metaspace: 59101K->59101K(1103872K)
[2019-10-08T15:51:01.264+0000][27439.671s] GC(299) Pause Young (Allocation Failure) 1940M->582M(7850M) 25.794ms
[2019-10-08T15:51:01.264+0000][27439.671s] GC(299) User=0.10s Sys=0.00s Real=0.03s
[2019-10-08T15:52:56.693+0000][27555.100s] GC(300) Pause Young (Allocation Failure)
[2019-10-08T15:52:56.693+0000][27555.101s] GC(300) Using 4 workers of 4 for evacuation
[2019-10-08T15:52:56.719+0000][27555.127s] GC(300) ParNew: 1459874K->51991K(1747648K)
[2019-10-08T15:52:56.719+0000][27555.127s] GC(300) CMS: 534680K->535291K(6291456K)
[2019-10-08T15:52:56.719+0000][27555.127s] GC(300) Metaspace: 59101K->59101K(1103872K)
[2019-10-08T15:52:56.720+0000][27555.127s] GC(300) Pause Young (Allocation Failure) 1947M->573M(7850M) 26.435ms
[2019-10-08T15:52:56.720+0000][27555.127s] GC(300) User=0.10s Sys=0.00s Real=0.02s
[2019-10-08T15:55:17.918+0000][27696.325s] GC(301) Pause Young (Allocation Failure)
[2019-10-08T15:55:17.918+0000][27696.325s] GC(301) Using 4 workers of 4 for evacuation
[2019-10-08T15:55:17.946+0000][27696.353s] GC(301) ParNew: 1450135K->64613K(1747648K)
[2019-10-08T15:55:17.946+0000][27696.353s] GC(301) CMS: 535291K->535488K(6291456K)
[2019-10-08T15:55:17.946+0000][27696.353s] GC(301) Metaspace: 59101K->59101K(1103872K)
[2019-10-08T15:55:17.946+0000][27696.353s] GC(301) Pause Young (Allocation Failure) 1938M->586M(7850M) 27.753ms
[2019-10-08T15:55:17.946+0000][27696.353s] GC(301) User=0.10s Sys=0.01s Real=0.03s
[2019-10-08T15:57:17.363+0000][27815.771s] GC(302) Pause Young (Allocation Failure)
[2019-10-08T15:57:17.363+0000][27815.771s] GC(302) Using 4 workers of 4 for evacuation
[2019-10-08T15:57:17.391+0000][27815.798s] GC(302) ParNew: 1462757K->50996K(1747648K)
[2019-10-08T15:57:17.391+0000][27815.798s] GC(302) CMS: 535488K->535665K(6291456K)
[2019-10-08T15:57:17.391+0000][27815.798s] GC(302) Metaspace: 59101K->59101K(1103872K)
[2019-10-08T15:57:17.391+0000][27815.798s] GC(302) Pause Young (Allocation Failure) 1951M->572M(7850M) 27.671ms
[2019-10-08T15:57:17.391+0000][27815.798s] GC(302) User=0.10s Sys=0.00s Real=0.02s
[2019-10-08T15:59:39.391+0000][27957.798s] GC(303) Pause Young (Allocation Failure)
[2019-10-08T15:59:39.391+0000][27957.798s] GC(303) Using 4 workers of 4 for evacuation
[2019-10-08T15:59:39.418+0000][27957.826s] GC(303) ParNew: 1449140K->64657K(1747648K)
[2019-10-08T15:59:39.418+0000][27957.826s] GC(303) CMS: 535665K->537339K(6291456K)
[2019-10-08T15:59:39.418+0000][27957.826s] GC(303) Metaspace: 59101K->59101K(1103872K)
[2019-10-08T15:59:39.418+0000][27957.826s] GC(303) Pause Young (Allocation Failure) 1938M->587M(7850M) 27.316ms
[2019-10-08T15:59:39.418+0000][27957.826s] GC(303) User=0.10s Sys=0.00s Real=0.03s
[2019-10-08T16:01:56.960+0000][28095.367s] GC(304) Pause Young (Allocation Failure)
[2019-10-08T16:01:56.960+0000][28095.367s] GC(304) Using 4 workers of 4 for evacuation
[2019-10-08T16:01:56.988+0000][28095.395s] GC(304) ParNew: 1462801K->52860K(1747648K)
[2019-10-08T16:01:56.988+0000][28095.395s] GC(304) CMS: 537339K->537483K(6291456K)
[2019-10-08T16:01:56.988+0000][28095.395s] GC(304) Metaspace: 59101K->59101K(1103872K)
[2019-10-08T16:01:56.988+0000][28095.395s] GC(304) Pause Young (Allocation Failure) 1953M->576M(7850M) 28.355ms
[2019-10-08T16:01:56.988+0000][28095.395s] GC(304) User=0.10s Sys=0.00s Real=0.03s
[2019-10-08T16:04:38.708+0000][28257.116s] GC(305) Pause Young (Allocation Failure)
[2019-10-08T16:04:38.708+0000][28257.116s] GC(305) Using 4 workers of 4 for evacuation
[2019-10-08T16:04:38.734+0000][28257.141s] GC(305) ParNew: 1451004K->63443K(1747648K)
[2019-10-08T16:04:38.734+0000][28257.141s] GC(305) CMS: 537483K->538103K(6291456K)
[2019-10-08T16:04:38.734+0000][28257.141s] GC(305) Metaspace: 59101K->59101K(1103872K)
[2019-10-08T16:04:38.734+0000][28257.141s] GC(305) Pause Young (Allocation Failure) 1941M->587M(7850M) 25.945ms
[2019-10-08T16:04:38.734+0000][28257.141s] GC(305) User=0.11s Sys=0.00s Real=0.03s
[2019-10-08T16:07:00.237+0000][28398.644s] GC(306) Pause Young (Allocation Failure)
[2019-10-08T16:07:00.237+0000][28398.644s] GC(306) Using 4 workers of 4 for evacuation
[2019-10-08T16:07:00.263+0000][28398.671s] GC(306) ParNew: 1461559K->62819K(1747648K)
[2019-10-08T16:07:00.264+0000][28398.671s] GC(306) CMS: 538103K->538188K(6291456K)
[2019-10-08T16:07:00.264+0000][28398.671s] GC(306) Metaspace: 59111K->59111K(1103872K)
[2019-10-08T16:07:00.264+0000][28398.671s] GC(306) Pause Young (Allocation Failure) 1952M->586M(7850M) 26.807ms
[2019-10-08T16:07:00.264+0000][28398.671s] GC(306) User=0.10s Sys=0.01s Real=0.03s
[2019-10-08T16:09:29.658+0000][28548.066s] GC(307) Pause Young (Allocation Failure)
[2019-10-08T16:09:29.658+0000][28548.066s] GC(307) Using 4 workers of 4 for evacuation
[2019-10-08T16:09:29.685+0000][28548.092s] GC(307) ParNew: 1460963K->56858K(1747648K)
[2019-10-08T16:09:29.685+0000][28548.092s] GC(307) CMS: 538188K->538416K(6291456K)
[2019-10-08T16:09:29.685+0000][28548.092s] GC(307) Metaspace: 59117K->59117K(1103872K)
[2019-10-08T16:09:29.685+0000][28548.092s] GC(307) Pause Young (Allocation Failure) 1952M->581M(7850M) 26.535ms
[2019-10-08T16:09:29.685+0000][28548.092s] GC(307) User=0.10s Sys=0.00s Real=0.03s
[2019-10-08T16:12:14.019+0000][28712.426s] GC(308) Pause Young (Allocation Failure)
[2019-10-08T16:12:14.019+0000][28712.426s] GC(308) Using 4 workers of 4 for evacuation
[2019-10-08T16:12:14.045+0000][28712.453s] GC(308) ParNew: 1455002K->49941K(1747648K)
[2019-10-08T16:12:14.045+0000][28712.453s] GC(308) CMS: 538416K->538499K(6291456K)
[2019-10-08T16:12:14.045+0000][28712.453s] GC(308) Metaspace: 59117K->59117K(1103872K)
[2019-10-08T16:12:14.045+0000][28712.453s] GC(308) Pause Young (Allocation Failure) 1946M->574M(7850M) 26.287ms
[2019-10-08T16:12:14.045+0000][28712.453s] GC(308) User=0.11s Sys=0.00s Real=0.03s
[2019-10-08T16:14:29.182+0000][28847.590s] GC(309) Pause Young (Allocation Failure)
[2019-10-08T16:14:29.182+0000][28847.590s] GC(309) Using 4 workers of 4 for evacuation
[2019-10-08T16:14:29.210+0000][28847.618s] GC(309) ParNew: 1448085K->55734K(1747648K)
[2019-10-08T16:14:29.211+0000][28847.618s] GC(309) CMS: 538499K->538627K(6291456K)
[2019-10-08T16:14:29.211+0000][28847.618s] GC(309) Metaspace: 59117K->59117K(1103872K)
[2019-10-08T16:14:29.211+0000][28847.618s] GC(309) Pause Young (Allocation Failure) 1940M->580M(7850M) 28.233ms
[2019-10-08T16:14:29.211+0000][28847.618s] GC(309) User=0.11s Sys=0.00s Real=0.02s
[2019-10-08T16:16:44.692+0000][28983.100s] GC(310) Pause Young (Allocation Failure)
[2019-10-08T16:16:44.692+0000][28983.100s] GC(310) Using 4 workers of 4 for evacuation
[2019-10-08T16:16:44.723+0000][28983.130s] GC(310) ParNew: 1453878K->62844K(1747648K)
[2019-10-08T16:16:44.723+0000][28983.130s] GC(310) CMS: 538627K->540275K(6291456K)
[2019-10-08T16:16:44.723+0000][28983.130s] GC(310) Metaspace: 59117K->59117K(1103872K)
[2019-10-08T16:16:44.723+0000][28983.130s] GC(310) Pause Young (Allocation Failure) 1945M->588M(7850M) 30.699ms
[2019-10-08T16:16:44.723+0000][28983.130s] GC(310) User=0.12s Sys=0.00s Real=0.03s
[2019-10-08T16:19:04.348+0000][29122.755s] GC(311) Pause Young (Allocation Failure)
[2019-10-08T16:19:04.348+0000][29122.755s] GC(311) Using 4 workers of 4 for evacuation
[2019-10-08T16:19:04.376+0000][29122.783s] GC(311) ParNew: 1460988K->52253K(1747648K)
[2019-10-08T16:19:04.376+0000][29122.783s] GC(311) CMS: 540275K->540373K(6291456K)
[2019-10-08T16:19:04.376+0000][29122.783s] GC(311) Metaspace: 59118K->59118K(1103872K)
[2019-10-08T16:19:04.376+0000][29122.783s] GC(311) Pause Young (Allocation Failure) 1954M->578M(7850M) 28.021ms
[2019-10-08T16:19:04.376+0000][29122.783s] GC(311) User=0.10s Sys=0.00s Real=0.03s
[2019-10-08T16:21:54.871+0000][29293.279s] GC(312) Pause Young (Allocation Failure)
[2019-10-08T16:21:54.871+0000][29293.279s] GC(312) Using 4 workers of 4 for evacuation
[2019-10-08T16:21:54.901+0000][29293.308s] GC(312) ParNew: 1450397K->73509K(1747648K)
[2019-10-08T16:21:54.901+0000][29293.308s] GC(312) CMS: 540373K->540492K(6291456K)
[2019-10-08T16:21:54.901+0000][29293.308s] GC(312) Metaspace: 59118K->59118K(1103872K)
[2019-10-08T16:21:54.901+0000][29293.308s] GC(312) Pause Young (Allocation Failure) 1944M->599M(7850M) 29.458ms
[2019-10-08T16:21:54.901+0000][29293.308s] GC(312) User=0.12s Sys=0.00s Real=0.04s
[2019-10-08T16:24:46.374+0000][29464.782s] GC(313) Pause Young (Allocation Failure)
[2019-10-08T16:24:46.374+0000][29464.782s] GC(313) Using 4 workers of 4 for evacuation
[2019-10-08T16:24:46.403+0000][29464.811s] GC(313) ParNew: 1471653K->63423K(1747648K)
[2019-10-08T16:24:46.403+0000][29464.811s] GC(313) CMS: 540492K->540759K(6291456K)
[2019-10-08T16:24:46.403+0000][29464.811s] GC(313) Metaspace: 59118K->59118K(1103872K)
[2019-10-08T16:24:46.403+0000][29464.811s] GC(313) Pause Young (Allocation Failure) 1964M->590M(7850M) 29.319ms
[2019-10-08T16:24:46.403+0000][29464.811s] GC(313) User=0.11s Sys=0.00s Real=0.03s
[2019-10-08T16:27:29.446+0000][29627.853s] GC(314) Pause Young (Allocation Failure)
[2019-10-08T16:27:29.446+0000][29627.853s] GC(314) Using 4 workers of 4 for evacuation
[2019-10-08T16:27:29.474+0000][29627.882s] GC(314) ParNew: 1461567K->50943K(1747648K)
[2019-10-08T16:27:29.474+0000][29627.882s] GC(314) CMS: 540759K->540973K(6291456K)
[2019-10-08T16:27:29.474+0000][29627.882s] GC(314) Metaspace: 59118K->59118K(1103872K)
[2019-10-08T16:27:29.474+0000][29627.882s] GC(314) Pause Young (Allocation Failure) 1955M->578M(7850M) 28.768ms
[2019-10-08T16:27:29.474+0000][29627.882s] GC(314) User=0.11s Sys=0.00s Real=0.03s
[2019-10-08T16:30:13.945+0000][29792.352s] GC(315) Pause Young (Allocation Failure)
[2019-10-08T16:30:13.945+0000][29792.352s] GC(315) Using 4 workers of 4 for evacuation
[2019-10-08T16:30:13.974+0000][29792.382s] GC(315) ParNew: 1449087K->68511K(1747648K)
[2019-10-08T16:30:13.974+0000][29792.382s] GC(315) CMS: 540973K->541095K(6291456K)
[2019-10-08T16:30:13.974+0000][29792.382s] GC(315) Metaspace: 59121K->59121K(1103872K)
[2019-10-08T16:30:13.974+0000][29792.382s] GC(315) Pause Young (Allocation Failure) 1943M->595M(7850M) 29.342ms
[2019-10-08T16:30:13.974+0000][29792.382s] GC(315) User=0.11s Sys=0.00s Real=0.03s
[2019-10-08T16:33:31.374+0000][29989.781s] GC(316) Pause Young (Allocation Failure)
[2019-10-08T16:33:31.374+0000][29989.781s] GC(316) Using 4 workers of 4 for evacuation
[2019-10-08T16:33:31.402+0000][29989.810s] GC(316) ParNew: 1466655K->55587K(1747648K)
[2019-10-08T16:33:31.402+0000][29989.810s] GC(316) CMS: 541095K->541347K(6291456K)
[2019-10-08T16:33:31.402+0000][29989.810s] GC(316) Metaspace: 59121K->59121K(1103872K)
[2019-10-08T16:33:31.402+0000][29989.810s] GC(316) Pause Young (Allocation Failure) 1960M->582M(7850M) 28.573ms
[2019-10-08T16:33:31.403+0000][29989.810s] GC(316) User=0.11s Sys=0.00s Real=0.03s
[2019-10-08T16:36:09.719+0000][30148.126s] GC(317) Pause Young (Allocation Failure)
[2019-10-08T16:36:09.719+0000][30148.126s] GC(317) Using 4 workers of 4 for evacuation
[2019-10-08T16:36:09.755+0000][30148.162s] GC(317) ParNew: 1453731K->71827K(1747648K)
[2019-10-08T16:36:09.755+0000][30148.162s] GC(317) CMS: 541347K->543396K(6291456K)
[2019-10-08T16:36:09.755+0000][30148.162s] GC(317) Metaspace: 59121K->59121K(1103872K)
[2019-10-08T16:36:09.755+0000][30148.162s] GC(317) Pause Young (Allocation Failure) 1948M->600M(7850M) 36.025ms
[2019-10-08T16:36:09.755+0000][30148.162s] GC(317) User=0.14s Sys=0.00s Real=0.04s
[2019-10-08T16:39:07.755+0000][30326.162s] GC(318) Pause Young (Allocation Failure)
[2019-10-08T16:39:07.755+0000][30326.162s] GC(318) Using 4 workers of 4 for evacuation
[2019-10-08T16:39:07.785+0000][30326.192s] GC(318) ParNew: 1469971K->54940K(1747648K)
[2019-10-08T16:39:07.785+0000][30326.192s] GC(318) CMS: 543396K->545323K(6291456K)
[2019-10-08T16:39:07.785+0000][30326.192s] GC(318) Metaspace: 59121K->59121K(1103872K)
[2019-10-08T16:39:07.785+0000][30326.192s] GC(318) Pause Young (Allocation Failure) 1966M->586M(7850M) 30.365ms
[2019-10-08T16:39:07.785+0000][30326.192s] GC(318) User=0.12s Sys=0.00s Real=0.03s
[2019-10-08T16:42:07.936+0000][30506.343s] GC(319) Pause Young (Allocation Failure)
[2019-10-08T16:42:07.936+0000][30506.343s] GC(319) Using 4 workers of 4 for evacuation
[2019-10-08T16:42:07.963+0000][30506.370s] GC(319) ParNew: 1453084K->67236K(1747648K)
[2019-10-08T16:42:07.963+0000][30506.370s] GC(319) CMS: 545323K->546988K(6291456K)
[2019-10-08T16:42:07.963+0000][30506.370s] GC(319) Metaspace: 59121K->59121K(1103872K)
[2019-10-08T16:42:07.963+0000][30506.370s] GC(319) Pause Young (Allocation Failure) 1951M->599M(7850M) 27.141ms
[2019-10-08T16:42:07.963+0000][30506.370s] GC(319) User=0.10s Sys=0.00s Real=0.03s
[2019-10-08T16:45:07.389+0000][30685.797s] GC(320) Pause Young (Allocation Failure)
[2019-10-08T16:45:07.389+0000][30685.797s] GC(320) Using 4 workers of 4 for evacuation
[2019-10-08T16:45:07.417+0000][30685.824s] GC(320) ParNew: 1465380K->55109K(1747648K)
[2019-10-08T16:45:07.417+0000][30685.824s] GC(320) CMS: 546988K->547062K(6291456K)
[2019-10-08T16:45:07.417+0000][30685.824s] GC(320) Metaspace: 59121K->59121K(1103872K)
[2019-10-08T16:45:07.417+0000][30685.824s] GC(320) Pause Young (Allocation Failure) 1965M->588M(7850M) 27.327ms
[2019-10-08T16:45:07.417+0000][30685.824s] GC(320) User=0.10s Sys=0.00s Real=0.03s
[2019-10-08T16:48:10.331+0000][30868.739s] GC(321) Pause Young (Allocation Failure)
[2019-10-08T16:48:10.332+0000][30868.739s] GC(321) Using 4 workers of 4 for evacuation
[2019-10-08T16:48:10.360+0000][30868.768s] GC(321) ParNew: 1453253K->55754K(1747648K)
[2019-10-08T16:48:10.360+0000][30868.768s] GC(321) CMS: 547062K->547365K(6291456K)
[2019-10-08T16:48:10.360+0000][30868.768s] GC(321) Metaspace: 59121K->59121K(1103872K)
[2019-10-08T16:48:10.360+0000][30868.768s] GC(321) Pause Young (Allocation Failure) 1953M->588M(7850M) 28.979ms
[2019-10-08T16:48:10.360+0000][30868.768s] GC(321) User=0.10s Sys=0.01s Real=0.04s
[2019-10-08T16:51:12.634+0000][31051.042s] GC(322) Pause Young (Allocation Failure)
[2019-10-08T16:51:12.634+0000][31051.042s] GC(322) Using 4 workers of 4 for evacuation
[2019-10-08T16:51:12.662+0000][31051.069s] GC(322) ParNew: 1453898K->59528K(1747648K)
[2019-10-08T16:51:12.662+0000][31051.069s] GC(322) CMS: 547365K->547516K(6291456K)
[2019-10-08T16:51:12.662+0000][31051.069s] GC(322) Metaspace: 59125K->59125K(1103872K)
[2019-10-08T16:51:12.662+0000][31051.069s] GC(322) Pause Young (Allocation Failure) 1954M->592M(7850M) 27.841ms
[2019-10-08T16:51:12.662+0000][31051.069s] GC(322) User=0.11s Sys=0.00s Real=0.03s
[2019-10-08T16:55:12.865+0000][31291.273s] GC(323) Pause Young (Allocation Failure)
[2019-10-08T16:55:12.865+0000][31291.273s] GC(323) Using 4 workers of 4 for evacuation
[2019-10-08T16:55:12.891+0000][31291.299s] GC(323) ParNew: 1457672K->51282K(1747648K)
[2019-10-08T16:55:12.892+0000][31291.299s] GC(323) CMS: 547516K->547582K(6291456K)
[2019-10-08T16:55:12.892+0000][31291.299s] GC(323) Metaspace: 59125K->59125K(1103872K)
[2019-10-08T16:55:12.892+0000][31291.299s] GC(323) Pause Young (Allocation Failure) 1958M->584M(7850M) 26.192ms
[2019-10-08T16:55:12.892+0000][31291.299s] GC(323) User=0.10s Sys=0.00s Real=0.02s
[2019-10-08T16:58:18.122+0000][31476.529s] GC(324) Pause Young (Allocation Failure)
[2019-10-08T16:58:18.122+0000][31476.530s] GC(324) Using 4 workers of 4 for evacuation
[2019-10-08T16:58:18.152+0000][31476.559s] GC(324) ParNew: 1449426K->69645K(1747648K)
[2019-10-08T16:58:18.152+0000][31476.559s] GC(324) CMS: 547582K->547730K(6291456K)
[2019-10-08T16:58:18.152+0000][31476.559s] GC(324) Metaspace: 59125K->59125K(1103872K)
[2019-10-08T16:58:18.152+0000][31476.559s] GC(324) Pause Young (Allocation Failure) 1950M->602M(7850M) 29.911ms
[2019-10-08T16:58:18.152+0000][31476.559s] GC(324) User=0.11s Sys=0.00s Real=0.02s
[2019-10-08T17:02:07.449+0000][31705.856s] GC(325) Pause Young (Allocation Failure)
[2019-10-08T17:02:07.449+0000][31705.856s] GC(325) Using 4 workers of 4 for evacuation
[2019-10-08T17:02:07.484+0000][31705.892s] GC(325) ParNew: 1467789K->51829K(1747648K)
[2019-10-08T17:02:07.484+0000][31705.892s] GC(325) CMS: 547730K->547790K(6291456K)
[2019-10-08T17:02:07.484+0000][31705.892s] GC(325) Metaspace: 59125K->59125K(1103872K)
[2019-10-08T17:02:07.484+0000][31705.892s] GC(325) Pause Young (Allocation Failure) 1968M->585M(7850M) 35.762ms
[2019-10-08T17:02:07.484+0000][31705.892s] GC(325) User=0.11s Sys=0.00s Real=0.04s
[2019-10-08T17:06:13.219+0000][31951.627s] GC(326) Pause Young (Allocation Failure)
[2019-10-08T17:06:13.219+0000][31951.627s] GC(326) Using 4 workers of 4 for evacuation
[2019-10-08T17:06:13.246+0000][31951.654s] GC(326) ParNew: 1449973K->64427K(1747648K)
[2019-10-08T17:06:13.246+0000][31951.654s] GC(326) CMS: 547790K->548088K(6291456K)
[2019-10-08T17:06:13.246+0000][31951.654s] GC(326) Metaspace: 59125K->59125K(1103872K)
[2019-10-08T17:06:13.246+0000][31951.654s] GC(326) Pause Young (Allocation Failure) 1950M->598M(7850M) 27.202ms
[2019-10-08T17:06:13.246+0000][31951.654s] GC(326) User=0.11s Sys=0.00s Real=0.03s
[2019-10-08T17:10:19.467+0000][32197.875s] GC(327) Pause Young (Allocation Failure)
[2019-10-08T17:10:19.467+0000][32197.875s] GC(327) Using 4 workers of 4 for evacuation
[2019-10-08T17:10:19.496+0000][32197.903s] GC(327) ParNew: 1462571K->54825K(1747648K)
[2019-10-08T17:10:19.496+0000][32197.903s] GC(327) CMS: 548088K->548355K(6291456K)
[2019-10-08T17:10:19.496+0000][32197.903s] GC(327) Metaspace: 59128K->59128K(1103872K)
[2019-10-08T17:10:19.496+0000][32197.903s] GC(327) Pause Young (Allocation Failure) 1963M->589M(7850M) 28.541ms
[2019-10-08T17:10:19.496+0000][32197.903s] GC(327) User=0.11s Sys=0.00s Real=0.03s
[2019-10-08T17:14:28.648+0000][32447.056s] GC(328) Pause Young (Allocation Failure)
[2019-10-08T17:14:28.648+0000][32447.056s] GC(328) Using 4 workers of 4 for evacuation
[2019-10-08T17:14:28.678+0000][32447.085s] GC(328) ParNew: 1452969K->57677K(1747648K)
[2019-10-08T17:14:28.678+0000][32447.085s] GC(328) CMS: 548355K->548425K(6291456K)
[2019-10-08T17:14:28.678+0000][32447.085s] GC(328) Metaspace: 59128K->59128K(1103872K)
[2019-10-08T17:14:28.678+0000][32447.085s] GC(328) Pause Young (Allocation Failure) 1954M->591M(7850M) 29.692ms
[2019-10-08T17:14:28.678+0000][32447.085s] GC(328) User=0.11s Sys=0.00s Real=0.03s
[2019-10-08T17:18:34.681+0000][32693.089s] GC(329) Pause Young (Allocation Failure)
[2019-10-08T17:18:34.681+0000][32693.089s] GC(329) Using 4 workers of 4 for evacuation
[2019-10-08T17:18:34.712+0000][32693.119s] GC(329) ParNew: 1455821K->52432K(1747648K)
[2019-10-08T17:18:34.712+0000][32693.119s] GC(329) CMS: 548425K->548501K(6291456K)
[2019-10-08T17:18:34.712+0000][32693.119s] GC(329) Metaspace: 59128K->59128K(1103872K)
[2019-10-08T17:18:34.712+0000][32693.119s] GC(329) Pause Young (Allocation Failure) 1957M->586M(7850M) 30.540ms
[2019-10-08T17:18:34.712+0000][32693.119s] GC(329) User=0.12s Sys=0.00s Real=0.02s
[2019-10-08T17:23:21.924+0000][32980.331s] GC(330) Pause Young (Allocation Failure)
[2019-10-08T17:23:21.924+0000][32980.331s] GC(330) Using 4 workers of 4 for evacuation
[2019-10-08T17:23:21.954+0000][32980.362s] GC(330) ParNew: 1450576K->68351K(1747648K)
[2019-10-08T17:23:21.954+0000][32980.362s] GC(330) CMS: 548501K->548562K(6291456K)
[2019-10-08T17:23:21.954+0000][32980.362s] GC(330) Metaspace: 59129K->59129K(1103872K)
[2019-10-08T17:23:21.954+0000][32980.362s] GC(330) Pause Young (Allocation Failure) 1952M->602M(7850M) 30.333ms
[2019-10-08T17:23:21.954+0000][32980.362s] GC(330) User=0.11s Sys=0.00s Real=0.03s
[2019-10-08T17:28:56.196+0000][33314.604s] GC(331) Pause Young (Allocation Failure)
[2019-10-08T17:28:56.196+0000][33314.604s] GC(331) Using 4 workers of 4 for evacuation
[2019-10-08T17:28:56.226+0000][33314.634s] GC(331) ParNew: 1466495K->56252K(1747648K)
[2019-10-08T17:28:56.226+0000][33314.634s] GC(331) CMS: 548562K->548847K(6291456K)
[2019-10-08T17:28:56.226+0000][33314.634s] GC(331) Metaspace: 59129K->59129K(1103872K)
[2019-10-08T17:28:56.226+0000][33314.634s] GC(331) Pause Young (Allocation Failure) 1967M->590M(7850M) 30.069ms
[2019-10-08T17:28:56.226+0000][33314.634s] GC(331) User=0.12s Sys=0.00s Real=0.03s
[2019-10-08T17:33:31.355+0000][33589.762s] GC(332) Pause Young (Allocation Failure)
[2019-10-08T17:33:31.355+0000][33589.763s] GC(332) Using 4 workers of 4 for evacuation
[2019-10-08T17:33:31.391+0000][33589.798s] GC(332) ParNew: 1454396K->64297K(1747648K)
[2019-10-08T17:33:31.391+0000][33589.798s] GC(332) CMS: 548847K->551756K(6291456K)
[2019-10-08T17:33:31.391+0000][33589.798s] GC(332) Metaspace: 59129K->59129K(1103872K)
[2019-10-08T17:33:31.391+0000][33589.798s] GC(332) Pause Young (Allocation Failure) 1956M->601M(7850M) 35.843ms
[2019-10-08T17:33:31.391+0000][33589.798s] GC(332) User=0.12s Sys=0.01s Real=0.03s
[2019-10-08T17:39:28.795+0000][33947.203s] GC(333) Pause Young (Allocation Failure)
[2019-10-08T17:39:28.795+0000][33947.203s] GC(333) Using 4 workers of 4 for evacuation
[2019-10-08T17:39:28.829+0000][33947.237s] GC(333) ParNew: 1462441K->48818K(1747648K)
[2019-10-08T17:39:28.829+0000][33947.237s] GC(333) CMS: 551756K->551854K(6291456K)
[2019-10-08T17:39:28.829+0000][33947.237s] GC(333) Metaspace: 59130K->59130K(1103872K)
[2019-10-08T17:39:28.829+0000][33947.237s] GC(333) Pause Young (Allocation Failure) 1966M->586M(7850M) 34.189ms
[2019-10-08T17:39:28.829+0000][33947.237s] GC(333) User=0.11s Sys=0.01s Real=0.03s
[2019-10-08T17:44:58.879+0000][34277.286s] GC(334) Pause Young (Allocation Failure)
[2019-10-08T17:44:58.879+0000][34277.286s] GC(334) Using 4 workers of 4 for evacuation
[2019-10-08T17:44:58.907+0000][34277.314s] GC(334) ParNew: 1446962K->59587K(1747648K)
[2019-10-08T17:44:58.907+0000][34277.314s] GC(334) CMS: 551854K->551925K(6291456K)
[2019-10-08T17:44:58.907+0000][34277.314s] GC(334) Metaspace: 59130K->59130K(1103872K)
[2019-10-08T17:44:58.907+0000][34277.314s] GC(334) Pause Young (Allocation Failure) 1951M->597M(7850M) 28.509ms
[2019-10-08T17:44:58.907+0000][34277.314s] GC(334) User=0.12s Sys=0.00s Real=0.03s
[2019-10-08T17:50:28.354+0000][34606.761s] GC(335) Pause Young (Allocation Failure)
[2019-10-08T17:50:28.354+0000][34606.761s] GC(335) Using 4 workers of 4 for evacuation
[2019-10-08T17:50:28.383+0000][34606.790s] GC(335) ParNew: 1457731K->60936K(1747648K)
[2019-10-08T17:50:28.383+0000][34606.790s] GC(335) CMS: 551925K->552292K(6291456K)
[2019-10-08T17:50:28.383+0000][34606.790s] GC(335) Metaspace: 59130K->59130K(1103872K)
[2019-10-08T17:50:28.383+0000][34606.790s] GC(335) Pause Young (Allocation Failure) 1962M->598M(7850M) 29.049ms
[2019-10-08T17:50:28.383+0000][34606.790s] GC(335) User=0.11s Sys=0.00s Real=0.03s
[2019-10-08T17:56:37.175+0000][34975.582s] GC(336) Pause Young (Allocation Failure)
[2019-10-08T17:56:37.175+0000][34975.582s] GC(336) Using 4 workers of 4 for evacuation
[2019-10-08T17:56:37.210+0000][34975.618s] GC(336) ParNew: 1459080K->52278K(1747648K)
[2019-10-08T17:56:37.210+0000][34975.618s] GC(336) CMS: 552292K->555452K(6291456K)
[2019-10-08T17:56:37.210+0000][34975.618s] GC(336) Metaspace: 59130K->59130K(1103872K)
[2019-10-08T17:56:37.210+0000][34975.618s] GC(336) Pause Young (Allocation Failure) 1964M->593M(7850M) 35.384ms
[2019-10-08T17:56:37.210+0000][34975.618s] GC(336) User=0.14s Sys=0.00s Real=0.03s
[2019-10-08T18:02:10.651+0000][35309.058s] GC(337) Pause Young (Allocation Failure)
[2019-10-08T18:02:10.651+0000][35309.058s] GC(337) Using 4 workers of 4 for evacuation
[2019-10-08T18:02:10.679+0000][35309.086s] GC(337) ParNew: 1450422K->66254K(1747648K)
[2019-10-08T18:02:10.679+0000][35309.086s] GC(337) CMS: 555452K->556216K(6291456K)
[2019-10-08T18:02:10.679+0000][35309.086s] GC(337) Metaspace: 59130K->59130K(1103872K)
[2019-10-08T18:02:10.679+0000][35309.086s] GC(337) Pause Young (Allocation Failure) 1958M->607M(7850M) 27.857ms
[2019-10-08T18:02:10.679+0000][35309.086s] GC(337) User=0.11s Sys=0.00s Real=0.03s
[2019-10-08T18:08:34.688+0000][35693.095s] GC(338) Pause Young (Allocation Failure)
[2019-10-08T18:08:34.688+0000][35693.095s] GC(338) Using 4 workers of 4 for evacuation
[2019-10-08T18:08:34.716+0000][35693.123s] GC(338) ParNew: 1464398K->55491K(1747648K)
[2019-10-08T18:08:34.716+0000][35693.123s] GC(338) CMS: 556216K->556367K(6291456K)
[2019-10-08T18:08:34.716+0000][35693.123s] GC(338) Metaspace: 59130K->59130K(1103872K)
[2019-10-08T18:08:34.716+0000][35693.123s] GC(338) Pause Young (Allocation Failure) 1973M->597M(7850M) 27.931ms
[2019-10-08T18:08:34.716+0000][35693.123s] GC(338) User=0.10s Sys=0.00s Real=0.03s
[2019-10-08T18:15:41.690+0000][36120.097s] GC(339) Pause Young (Allocation Failure)
[2019-10-08T18:15:41.690+0000][36120.097s] GC(339) Using 4 workers of 4 for evacuation
[2019-10-08T18:15:41.721+0000][36120.128s] GC(339) ParNew: 1453635K->67923K(1747648K)
[2019-10-08T18:15:41.721+0000][36120.128s] GC(339) CMS: 556367K->556421K(6291456K)
[2019-10-08T18:15:41.721+0000][36120.128s] GC(339) Metaspace: 59130K->59130K(1103872K)
[2019-10-08T18:15:41.721+0000][36120.128s] GC(339) Pause Young (Allocation Failure) 1962M->609M(7850M) 30.629ms
[2019-10-08T18:15:41.721+0000][36120.128s] GC(339) User=0.12s Sys=0.00s Real=0.04s
[2019-10-08T18:23:39.167+0000][36597.575s] GC(340) Pause Young (Allocation Failure)
[2019-10-08T18:23:39.167+0000][36597.575s] GC(340) Using 4 workers of 4 for evacuation
[2019-10-08T18:23:39.197+0000][36597.604s] GC(340) ParNew: 1466067K->60721K(1747648K)
[2019-10-08T18:23:39.197+0000][36597.604s] GC(340) CMS: 556421K->558046K(6291456K)
[2019-10-08T18:23:39.197+0000][36597.604s] GC(340) Metaspace: 59130K->59130K(1103872K)
[2019-10-08T18:23:39.197+0000][36597.604s] GC(340) Pause Young (Allocation Failure) 1975M->604M(7850M) 29.482ms
[2019-10-08T18:23:39.197+0000][36597.604s] GC(340) User=0.11s Sys=0.00s Real=0.03s
[2019-10-08T18:32:38.940+0000][37137.347s] GC(341) Pause Young (Allocation Failure)
[2019-10-08T18:32:38.940+0000][37137.347s] GC(341) Using 4 workers of 4 for evacuation
[2019-10-08T18:32:38.968+0000][37137.376s] GC(341) ParNew: 1458865K->54524K(1747648K)
[2019-10-08T18:32:38.968+0000][37137.376s] GC(341) CMS: 558046K->558340K(6291456K)
[2019-10-08T18:32:38.968+0000][37137.376s] GC(341) Metaspace: 59130K->59130K(1103872K)
[2019-10-08T18:32:38.968+0000][37137.376s] GC(341) Pause Young (Allocation Failure) 1969M->598M(7850M) 28.301ms
[2019-10-08T18:32:38.968+0000][37137.376s] GC(341) User=0.11s Sys=0.00s Real=0.03s
[2019-10-08T18:40:48.358+0000][37626.765s] GC(342) Pause Young (Allocation Failure)
[2019-10-08T18:40:48.358+0000][37626.765s] GC(342) Using 4 workers of 4 for evacuation
[2019-10-08T18:40:48.387+0000][37626.794s] GC(342) ParNew: 1452668K->68692K(1747648K)
[2019-10-08T18:40:48.387+0000][37626.795s] GC(342) CMS: 558340K->561164K(6291456K)
[2019-10-08T18:40:48.387+0000][37626.795s] GC(342) Metaspace: 59135K->59135K(1103872K)
[2019-10-08T18:40:48.387+0000][37626.795s] GC(342) Pause Young (Allocation Failure) 1963M->615M(7850M) 29.576ms
[2019-10-08T18:40:48.387+0000][37626.795s] GC(342) User=0.11s Sys=0.01s Real=0.03s
[2019-10-08T18:50:00.525+0000][38178.932s] GC(343) Pause Young (Allocation Failure)
[2019-10-08T18:50:00.525+0000][38178.932s] GC(343) Using 4 workers of 4 for evacuation
[2019-10-08T18:50:00.553+0000][38178.961s] GC(343) ParNew: 1466836K->49139K(1747648K)
[2019-10-08T18:50:00.553+0000][38178.961s] GC(343) CMS: 561164K->561255K(6291456K)
[2019-10-08T18:50:00.553+0000][38178.961s] GC(343) Metaspace: 59135K->59135K(1103872K)
[2019-10-08T18:50:00.553+0000][38178.961s] GC(343) Pause Young (Allocation Failure) 1980M->596M(7850M) 28.782ms
[2019-10-08T18:50:00.553+0000][38178.961s] GC(343) User=0.11s Sys=0.00s Real=0.03s
[2019-10-08T18:59:19.297+0000][38737.705s] GC(344) Pause Young (Allocation Failure)
[2019-10-08T18:59:19.298+0000][38737.705s] GC(344) Using 4 workers of 4 for evacuation
[2019-10-08T18:59:19.326+0000][38737.733s] GC(344) ParNew: 1447283K->60018K(1747648K)
[2019-10-08T18:59:19.326+0000][38737.733s] GC(344) CMS: 561255K->561347K(6291456K)
[2019-10-08T18:59:19.326+0000][38737.733s] GC(344) Metaspace: 59136K->59136K(1103872K)
[2019-10-08T18:59:19.326+0000][38737.733s] GC(344) Pause Young (Allocation Failure) 1961M->606M(7850M) 28.459ms
[2019-10-08T18:59:19.326+0000][38737.733s] GC(344) User=0.11s Sys=0.00s Real=0.03s
[2019-10-08T19:10:05.750+0000][39384.158s] GC(345) Pause Young (Allocation Failure)
[2019-10-08T19:10:05.750+0000][39384.158s] GC(345) Using 4 workers of 4 for evacuation
[2019-10-08T19:10:05.785+0000][39384.193s] GC(345) ParNew: 1458162K->60476K(1747648K)
[2019-10-08T19:10:05.785+0000][39384.193s] GC(345) CMS: 561347K->561414K(6291456K)
[2019-10-08T19:10:05.785+0000][39384.193s] GC(345) Metaspace: 59136K->59136K(1103872K)
[2019-10-08T19:10:05.785+0000][39384.193s] GC(345) Pause Young (Allocation Failure) 1972M->607M(7850M) 34.792ms
[2019-10-08T19:10:05.785+0000][39384.193s] GC(345) User=0.10s Sys=0.00s Real=0.04s
[2019-10-08T19:22:13.422+0000][40111.829s] GC(346) Pause Young (Allocation Failure)
[2019-10-08T19:22:13.422+0000][40111.829s] GC(346) Using 4 workers of 4 for evacuation
[2019-10-08T19:22:13.450+0000][40111.857s] GC(346) ParNew: 1458620K->48413K(1747648K)
[2019-10-08T19:22:13.450+0000][40111.857s] GC(346) CMS: 561414K->565212K(6291456K)
[2019-10-08T19:22:13.450+0000][40111.857s] GC(346) Metaspace: 59136K->59136K(1103872K)
[2019-10-08T19:22:13.450+0000][40111.857s] GC(346) Pause Young (Allocation Failure) 1972M->599M(7850M) 28.122ms
[2019-10-08T19:22:13.450+0000][40111.857s] GC(346) User=0.10s Sys=0.00s Real=0.02s
[2019-10-08T19:35:50.564+0000][40928.971s] GC(347) Pause Young (Allocation Failure)
[2019-10-08T19:35:50.564+0000][40928.971s] GC(347) Using 4 workers of 4 for evacuation
[2019-10-08T19:35:50.594+0000][40929.002s] GC(347) ParNew: 1446557K->69871K(1747648K)
[2019-10-08T19:35:50.594+0000][40929.002s] GC(347) CMS: 565212K->565963K(6291456K)
[2019-10-08T19:35:50.594+0000][40929.002s] GC(347) Metaspace: 59136K->59136K(1103872K)
[2019-10-08T19:35:50.594+0000][40929.002s] GC(347) Pause Young (Allocation Failure) 1964M->620M(7850M) 30.708ms
[2019-10-08T19:35:50.594+0000][40929.002s] GC(347) User=0.12s Sys=0.00s Real=0.03s
[2019-10-08T19:48:55.861+0000][41714.269s] GC(348) Pause Young (Allocation Failure)
[2019-10-08T19:48:55.861+0000][41714.269s] GC(348) Using 4 workers of 4 for evacuation
[2019-10-08T19:48:55.890+0000][41714.297s] GC(348) ParNew: 1468015K->54506K(1747648K)
[2019-10-08T19:48:55.890+0000][41714.297s] GC(348) CMS: 565963K->566188K(6291456K)
[2019-10-08T19:48:55.890+0000][41714.297s] GC(348) Metaspace: 59136K->59136K(1103872K)
[2019-10-08T19:48:55.890+0000][41714.297s] GC(348) Pause Young (Allocation Failure) 1986M->606M(7850M) 28.785ms
[2019-10-08T19:48:55.890+0000][41714.297s] GC(348) User=0.11s Sys=0.00s Real=0.02s
[2019-10-08T20:00:07.030+0000][42385.438s] GC(349) Pause Young (Allocation Failure)
[2019-10-08T20:00:07.031+0000][42385.438s] GC(349) Using 4 workers of 4 for evacuation
[2019-10-08T20:00:07.058+0000][42385.465s] GC(349) ParNew: 1452650K->65763K(1747648K)
[2019-10-08T20:00:07.058+0000][42385.465s] GC(349) CMS: 566188K->566199K(6291456K)
[2019-10-08T20:00:07.058+0000][42385.465s] GC(349) Metaspace: 59136K->59136K(1103872K)
[2019-10-08T20:00:07.058+0000][42385.465s] GC(349) Pause Young (Allocation Failure) 1971M->617M(7850M) 27.163ms
[2019-10-08T20:00:07.058+0000][42385.465s] GC(349) User=0.10s Sys=0.00s Real=0.03s
[2019-10-08T20:11:06.774+0000][43045.182s] GC(350) Pause Young (Allocation Failure)
[2019-10-08T20:11:06.774+0000][43045.182s] GC(350) Using 4 workers of 4 for evacuation
[2019-10-08T20:11:06.801+0000][43045.208s] GC(350) ParNew: 1463907K->53644K(1747648K)
[2019-10-08T20:11:06.801+0000][43045.208s] GC(350) CMS: 566199K->567509K(6291456K)
[2019-10-08T20:11:06.801+0000][43045.208s] GC(350) Metaspace: 59136K->59136K(1103872K)
[2019-10-08T20:11:06.801+0000][43045.208s] GC(350) Pause Young (Allocation Failure) 1982M->606M(7850M) 26.498ms
[2019-10-08T20:11:06.801+0000][43045.208s] GC(350) User=0.10s Sys=0.00s Real=0.03s
[2019-10-08T20:23:03.643+0000][43762.050s] GC(351) Pause Young (Allocation Failure)
[2019-10-08T20:23:03.643+0000][43762.050s] GC(351) Using 4 workers of 4 for evacuation
[2019-10-08T20:23:03.672+0000][43762.079s] GC(351) ParNew: 1451788K->62487K(1747648K)
[2019-10-08T20:23:03.672+0000][43762.080s] GC(351) CMS: 567509K->569188K(6291456K)
[2019-10-08T20:23:03.672+0000][43762.080s] GC(351) Metaspace: 59136K->59136K(1103872K)
[2019-10-08T20:23:03.672+0000][43762.080s] GC(351) Pause Young (Allocation Failure) 1971M->616M(7850M) 29.316ms
[2019-10-08T20:23:03.672+0000][43762.080s] GC(351) User=0.11s Sys=0.00s Real=0.03s
[2019-10-08T20:38:46.955+0000][44705.362s] GC(352) Pause Young (Allocation Failure)
[2019-10-08T20:38:46.955+0000][44705.362s] GC(352) Using 4 workers of 4 for evacuation
[2019-10-08T20:38:46.983+0000][44705.390s] GC(352) ParNew: 1460631K->58913K(1747648K)
[2019-10-08T20:38:46.983+0000][44705.390s] GC(352) CMS: 569188K->572086K(6291456K)
[2019-10-08T20:38:46.983+0000][44705.390s] GC(352) Metaspace: 59137K->59137K(1103872K)
[2019-10-08T20:38:46.983+0000][44705.390s] GC(352) Pause Young (Allocation Failure) 1982M->616M(7850M) 28.133ms
[2019-10-08T20:38:46.983+0000][44705.390s] GC(352) User=0.11s Sys=0.00s Real=0.03s
[2019-10-08T20:52:47.842+0000][45546.250s] GC(353) Pause Young (Allocation Failure)
[2019-10-08T20:52:47.842+0000][45546.250s] GC(353) Using 4 workers of 4 for evacuation
[2019-10-08T20:52:47.869+0000][45546.276s] GC(353) ParNew: 1457057K->48353K(1747648K)
[2019-10-08T20:52:47.869+0000][45546.276s] GC(353) CMS: 572086K->573682K(6291456K)
[2019-10-08T20:52:47.869+0000][45546.276s] GC(353) Metaspace: 59137K->59137K(1103872K)
[2019-10-08T20:52:47.869+0000][45546.276s] GC(353) Pause Young (Allocation Failure) 1981M->607M(7850M) 26.598ms
[2019-10-08T20:52:47.869+0000][45546.276s] GC(353) User=0.10s Sys=0.00s Real=0.02s
[2019-10-08T21:09:54.698+0000][46573.105s] GC(354) Pause Young (Allocation Failure)
[2019-10-08T21:09:54.698+0000][46573.105s] GC(354) Using 4 workers of 4 for evacuation
[2019-10-08T21:09:54.725+0000][46573.132s] GC(354) ParNew: 1446497K->59320K(1747648K)
[2019-10-08T21:09:54.725+0000][46573.132s] GC(354) CMS: 573682K->575058K(6291456K)
[2019-10-08T21:09:54.725+0000][46573.132s] GC(354) Metaspace: 59137K->59137K(1103872K)
[2019-10-08T21:09:54.725+0000][46573.132s] GC(354) Pause Young (Allocation Failure) 1972M->619M(7850M) 26.948ms
[2019-10-08T21:09:54.725+0000][46573.132s] GC(354) User=0.10s Sys=0.00s Real=0.03s
[2019-10-08T21:23:55.379+0000][47413.787s] GC(355) Pause Young (Allocation Failure)
[2019-10-08T21:23:55.379+0000][47413.787s] GC(355) Using 4 workers of 4 for evacuation
[2019-10-08T21:23:55.404+0000][47413.812s] GC(355) ParNew: 1457464K->48581K(1747648K)
[2019-10-08T21:23:55.404+0000][47413.812s] GC(355) CMS: 575058K->575177K(6291456K)
[2019-10-08T21:23:55.404+0000][47413.812s] GC(355) Metaspace: 59137K->59137K(1103872K)
[2019-10-08T21:23:55.404+0000][47413.812s] GC(355) Pause Young (Allocation Failure) 1984M->609M(7850M) 25.228ms
[2019-10-08T21:23:55.405+0000][47413.812s] GC(355) User=0.10s Sys=0.00s Real=0.03s
[2019-10-08T21:38:51.941+0000][48310.348s] GC(356) Pause Young (Allocation Failure)
[2019-10-08T21:38:51.941+0000][48310.349s] GC(356) Using 4 workers of 4 for evacuation
[2019-10-08T21:38:51.966+0000][48310.373s] GC(356) ParNew: 1446725K->63062K(1747648K)
[2019-10-08T21:38:51.966+0000][48310.373s] GC(356) CMS: 575177K->575286K(6291456K)
[2019-10-08T21:38:51.966+0000][48310.373s] GC(356) Metaspace: 59138K->59138K(1103872K)
[2019-10-08T21:38:51.966+0000][48310.373s] GC(356) Pause Young (Allocation Failure) 1974M->623M(7850M) 24.841ms
[2019-10-08T21:38:51.966+0000][48310.373s] GC(356) User=0.10s Sys=0.00s Real=0.02s
[2019-10-08T21:53:53.380+0000][49211.787s] GC(357) Pause Young (Allocation Failure)
[2019-10-08T21:53:53.380+0000][49211.787s] GC(357) Using 4 workers of 4 for evacuation
[2019-10-08T21:53:53.406+0000][49211.813s] GC(357) ParNew: 1461206K->51033K(1747648K)
[2019-10-08T21:53:53.406+0000][49211.813s] GC(357) CMS: 575286K->575412K(6291456K)
[2019-10-08T21:53:53.406+0000][49211.813s] GC(357) Metaspace: 59138K->59138K(1103872K)
[2019-10-08T21:53:53.406+0000][49211.813s] GC(357) Pause Young (Allocation Failure) 1988M->611M(7850M) 26.132ms
[2019-10-08T21:53:53.406+0000][49211.813s] GC(357) User=0.10s Sys=0.00s Real=0.03s
[2019-10-08T22:07:56.973+0000][50055.381s] GC(358) Pause Young (Allocation Failure)
[2019-10-08T22:07:56.973+0000][50055.381s] GC(358) Using 4 workers of 4 for evacuation
[2019-10-08T22:07:56.999+0000][50055.407s] GC(358) ParNew: 1449177K->63308K(1747648K)
[2019-10-08T22:07:56.999+0000][50055.407s] GC(358) CMS: 575412K->575535K(6291456K)
[2019-10-08T22:07:56.999+0000][50055.407s] GC(358) Metaspace: 59138K->59138K(1103872K)
[2019-10-08T22:07:56.999+0000][50055.407s] GC(358) Pause Young (Allocation Failure) 1977M->623M(7850M) 26.033ms
[2019-10-08T22:07:56.999+0000][50055.407s] GC(358) User=0.10s Sys=0.00s Real=0.02s
[2019-10-08T22:22:13.175+0000][50911.583s] GC(359) Pause Young (Allocation Failure)
[2019-10-08T22:22:13.175+0000][50911.583s] GC(359) Using 4 workers of 4 for evacuation
[2019-10-08T22:22:13.202+0000][50911.609s] GC(359) ParNew: 1461452K->50655K(1747648K)
[2019-10-08T22:22:13.202+0000][50911.609s] GC(359) CMS: 575535K->576728K(6291456K)
[2019-10-08T22:22:13.202+0000][50911.609s] GC(359) Metaspace: 59138K->59138K(1103872K)
[2019-10-08T22:22:13.202+0000][50911.609s] GC(359) Pause Young (Allocation Failure) 1989M->612M(7850M) 26.800ms
[2019-10-08T22:22:13.202+0000][50911.609s] GC(359) User=0.10s Sys=0.01s Real=0.03s
[2019-10-08T22:32:39.286+0000][51537.693s] GC(360) Pause Young (Allocation Failure)
[2019-10-08T22:32:39.286+0000][51537.693s] GC(360) Using 4 workers of 4 for evacuation
[2019-10-08T22:32:39.313+0000][51537.720s] GC(360) ParNew: 1448799K->69938K(1747648K)
[2019-10-08T22:32:39.313+0000][51537.720s] GC(360) CMS: 576728K->577359K(6291456K)
[2019-10-08T22:32:39.313+0000][51537.720s] GC(360) Metaspace: 59138K->59138K(1103872K)
[2019-10-08T22:32:39.313+0000][51537.720s] GC(360) Pause Young (Allocation Failure) 1978M->632M(7850M) 27.160ms
[2019-10-08T22:32:39.313+0000][51537.720s] GC(360) User=0.11s Sys=0.00s Real=0.03s
[2019-10-08T22:40:58.435+0000][52036.842s] GC(361) Pause Young (Allocation Failure)
[2019-10-08T22:40:58.435+0000][52036.842s] GC(361) Using 4 workers of 4 for evacuation
[2019-10-08T22:40:58.471+0000][52036.878s] GC(361) ParNew: 1468082K->57375K(1747648K)
[2019-10-08T22:40:58.471+0000][52036.878s] GC(361) CMS: 577359K->577433K(6291456K)
[2019-10-08T22:40:58.471+0000][52036.878s] GC(361) Metaspace: 59138K->59138K(1103872K)
[2019-10-08T22:40:58.471+0000][52036.878s] GC(361) Pause Young (Allocation Failure) 1997M->619M(7850M) 36.315ms
[2019-10-08T22:40:58.471+0000][52036.878s] GC(361) User=0.11s Sys=0.00s Real=0.03s
[2019-10-08T22:49:37.215+0000][52555.623s] GC(362) Pause Young (Allocation Failure)
[2019-10-08T22:49:37.215+0000][52555.623s] GC(362) Using 4 workers of 4 for evacuation
[2019-10-08T22:49:37.243+0000][52555.650s] GC(362) ParNew: 1455519K->69836K(1747648K)
[2019-10-08T22:49:37.243+0000][52555.650s] GC(362) CMS: 577433K->577658K(6291456K)
[2019-10-08T22:49:37.243+0000][52555.650s] GC(362) Metaspace: 59139K->59139K(1103872K)
[2019-10-08T22:49:37.243+0000][52555.650s] GC(362) Pause Young (Allocation Failure) 1985M->632M(7850M) 27.627ms
[2019-10-08T22:49:37.243+0000][52555.650s] GC(362) User=0.11s Sys=0.00s Real=0.03s
[2019-10-08T22:56:58.933+0000][52997.341s] GC(363) Pause Young (Allocation Failure)
[2019-10-08T22:56:58.934+0000][52997.341s] GC(363) Using 4 workers of 4 for evacuation
[2019-10-08T22:56:58.961+0000][52997.369s] GC(363) ParNew: 1467980K->52025K(1747648K)
[2019-10-08T22:56:58.961+0000][52997.369s] GC(363) CMS: 577658K->579261K(6291456K)
[2019-10-08T22:56:58.961+0000][52997.369s] GC(363) Metaspace: 59139K->59139K(1103872K)
[2019-10-08T22:56:58.961+0000][52997.369s] GC(363) Pause Young (Allocation Failure) 1997M->616M(7850M) 28.016ms
[2019-10-08T22:56:58.961+0000][52997.369s] GC(363) User=0.11s Sys=0.00s Real=0.03s
[2019-10-08T23:03:30.122+0000][53388.530s] GC(364) Pause Young (Allocation Failure)
[2019-10-08T23:03:30.122+0000][53388.530s] GC(364) Using 4 workers of 4 for evacuation
[2019-10-08T23:03:30.149+0000][53388.557s] GC(364) ParNew: 1450169K->63083K(1747648K)
[2019-10-08T23:03:30.149+0000][53388.557s] GC(364) CMS: 579261K->579378K(6291456K)
[2019-10-08T23:03:30.149+0000][53388.557s] GC(364) Metaspace: 59139K->59139K(1103872K)
[2019-10-08T23:03:30.149+0000][53388.557s] GC(364) Pause Young (Allocation Failure) 1981M->627M(7850M) 27.263ms
[2019-10-08T23:03:30.149+0000][53388.557s] GC(364) User=0.10s Sys=0.00s Real=0.02s
[2019-10-08T23:10:31.975+0000][53810.382s] GC(365) Pause Young (Allocation Failure)
[2019-10-08T23:10:31.975+0000][53810.383s] GC(365) Using 4 workers of 4 for evacuation
[2019-10-08T23:10:32.006+0000][53810.414s] GC(365) ParNew: 1461227K->52494K(1747648K)
[2019-10-08T23:10:32.006+0000][53810.414s] GC(365) CMS: 579378K->579428K(6291456K)
[2019-10-08T23:10:32.006+0000][53810.414s] GC(365) Metaspace: 59139K->59139K(1103872K)
[2019-10-08T23:10:32.006+0000][53810.414s] GC(365) Pause Young (Allocation Failure) 1992M->617M(7850M) 31.173ms
[2019-10-08T23:10:32.006+0000][53810.414s] GC(365) User=0.10s Sys=0.00s Real=0.03s
[2019-10-08T23:17:36.063+0000][54234.470s] GC(366) Pause Young (Allocation Failure)
[2019-10-08T23:17:36.063+0000][54234.470s] GC(366) Using 4 workers of 4 for evacuation
[2019-10-08T23:17:36.088+0000][54234.496s] GC(366) ParNew: 1450638K->59016K(1747648K)
[2019-10-08T23:17:36.088+0000][54234.496s] GC(366) CMS: 579428K->579548K(6291456K)
[2019-10-08T23:17:36.088+0000][54234.496s] GC(366) Metaspace: 59140K->59140K(1103872K)
[2019-10-08T23:17:36.088+0000][54234.496s] GC(366) Pause Young (Allocation Failure) 1982M->623M(7850M) 25.572ms
[2019-10-08T23:17:36.088+0000][54234.496s] GC(366) User=0.10s Sys=0.00s Real=0.02s
[2019-10-08T23:22:55.176+0000][54553.584s] GC(367) Pause Young (Allocation Failure)
[2019-10-08T23:22:55.176+0000][54553.584s] GC(367) Using 4 workers of 4 for evacuation
[2019-10-08T23:22:55.206+0000][54553.613s] GC(367) ParNew: 1457160K->51190K(1747648K)
[2019-10-08T23:22:55.206+0000][54553.613s] GC(367) CMS: 579548K->581013K(6291456K)
[2019-10-08T23:22:55.206+0000][54553.613s] GC(367) Metaspace: 59140K->59140K(1103872K)
[2019-10-08T23:22:55.206+0000][54553.613s] GC(367) Pause Young (Allocation Failure) 1988M->617M(7850M) 29.284ms
[2019-10-08T23:22:55.206+0000][54553.613s] GC(367) User=0.11s Sys=0.00s Real=0.03s
[2019-10-08T23:29:05.644+0000][54924.051s] GC(368) Pause Young (Allocation Failure)
[2019-10-08T23:29:05.644+0000][54924.051s] GC(368) Using 4 workers of 4 for evacuation
[2019-10-08T23:29:05.671+0000][54924.078s] GC(368) ParNew: 1449334K->52960K(1747648K)
[2019-10-08T23:29:05.671+0000][54924.078s] GC(368) CMS: 581013K->581183K(6291456K)
[2019-10-08T23:29:05.671+0000][54924.078s] GC(368) Metaspace: 59140K->59140K(1103872K)
[2019-10-08T23:29:05.671+0000][54924.078s] GC(368) Pause Young (Allocation Failure) 1982M->619M(7850M) 27.327ms
[2019-10-08T23:29:05.671+0000][54924.078s] GC(368) User=0.11s Sys=0.00s Real=0.02s
[2019-10-08T23:34:09.785+0000][55228.192s] GC(369) Pause Young (Allocation Failure)
[2019-10-08T23:34:09.785+0000][55228.192s] GC(369) Using 4 workers of 4 for evacuation
[2019-10-08T23:34:09.814+0000][55228.221s] GC(369) ParNew: 1451104K->65351K(1747648K)
[2019-10-08T23:34:09.814+0000][55228.221s] GC(369) CMS: 581183K->582399K(6291456K)
[2019-10-08T23:34:09.814+0000][55228.221s] GC(369) Metaspace: 59140K->59140K(1103872K)
[2019-10-08T23:34:09.814+0000][55228.221s] GC(369) Pause Young (Allocation Failure) 1984M->632M(7850M) 29.095ms
[2019-10-08T23:34:09.814+0000][55228.221s] GC(369) User=0.10s Sys=0.00s Real=0.03s
[2019-10-08T23:40:29.864+0000][55608.271s] GC(370) Pause Young (Allocation Failure)
[2019-10-08T23:40:29.864+0000][55608.271s] GC(370) Using 4 workers of 4 for evacuation
[2019-10-08T23:40:29.891+0000][55608.298s] GC(370) ParNew: 1463495K->49243K(1747648K)
[2019-10-08T23:40:29.891+0000][55608.298s] GC(370) CMS: 582399K->582404K(6291456K)
[2019-10-08T23:40:29.891+0000][55608.298s] GC(370) Metaspace: 59140K->59140K(1103872K)
[2019-10-08T23:40:29.891+0000][55608.298s] GC(370) Pause Young (Allocation Failure) 1997M->616M(7850M) 27.032ms
[2019-10-08T23:40:29.891+0000][55608.298s] GC(370) User=0.11s Sys=0.00s Real=0.02s
[2019-10-08T23:46:12.617+0000][55951.025s] GC(371) Pause Young (Allocation Failure)
[2019-10-08T23:46:12.618+0000][55951.025s] GC(371) Using 4 workers of 4 for evacuation
[2019-10-08T23:46:12.645+0000][55951.052s] GC(371) ParNew: 1447387K->61136K(1747648K)
[2019-10-08T23:46:12.645+0000][55951.052s] GC(371) CMS: 582404K->582585K(6291456K)
[2019-10-08T23:46:12.645+0000][55951.052s] GC(371) Metaspace: 59140K->59140K(1103872K)
[2019-10-08T23:46:12.645+0000][55951.052s] GC(371) Pause Young (Allocation Failure) 1982M->628M(7850M) 27.364ms
[2019-10-08T23:46:12.645+0000][55951.052s] GC(371) User=0.10s Sys=0.00s Real=0.03s
[2019-10-08T23:52:14.213+0000][56312.621s] GC(372) Pause Young (Allocation Failure)
[2019-10-08T23:52:14.213+0000][56312.621s] GC(372) Using 4 workers of 4 for evacuation
[2019-10-08T23:52:14.239+0000][56312.646s] GC(372) ParNew: 1459280K->56124K(1747648K)
[2019-10-08T23:52:14.239+0000][56312.646s] GC(372) CMS: 582585K->582617K(6291456K)
[2019-10-08T23:52:14.239+0000][56312.646s] GC(372) Metaspace: 59140K->59140K(1103872K)
[2019-10-08T23:52:14.239+0000][56312.646s] GC(372) Pause Young (Allocation Failure) 1994M->623M(7850M) 25.616ms
[2019-10-08T23:52:14.239+0000][56312.646s] GC(372) User=0.10s Sys=0.00s Real=0.02s
[2019-10-08T23:56:35.435+0000][56573.842s] GC(373) Pause Young (Allocation Failure)
[2019-10-08T23:56:35.435+0000][56573.842s] GC(373) Using 4 workers of 4 for evacuation
[2019-10-08T23:56:35.462+0000][56573.870s] GC(373) ParNew: 1454268K->55870K(1747648K)
[2019-10-08T23:56:35.462+0000][56573.870s] GC(373) CMS: 582617K->584211K(6291456K)
[2019-10-08T23:56:35.462+0000][56573.870s] GC(373) Metaspace: 59140K->59140K(1103872K)
[2019-10-08T23:56:35.463+0000][56573.870s] GC(373) Pause Young (Allocation Failure) 1989M->625M(7850M) 27.831ms
[2019-10-08T23:56:35.463+0000][56573.870s] GC(373) User=0.11s Sys=0.00s Real=0.03s
[2019-10-09T00:01:13.099+0000][56851.506s] GC(374) Pause Young (Allocation Failure)
[2019-10-09T00:01:13.099+0000][56851.506s] GC(374) Using 4 workers of 4 for evacuation
[2019-10-09T00:01:13.131+0000][56851.538s] GC(374) ParNew: 1454014K->54584K(1747648K)
[2019-10-09T00:01:13.131+0000][56851.538s] GC(374) CMS: 584211K->585893K(6291456K)
[2019-10-09T00:01:13.131+0000][56851.538s] GC(374) Metaspace: 59140K->59140K(1103872K)
[2019-10-09T00:01:13.131+0000][56851.538s] GC(374) Pause Young (Allocation Failure) 1990M->625M(7850M) 31.855ms
[2019-10-09T00:01:13.131+0000][56851.538s] GC(374) User=0.12s Sys=0.00s Real=0.03s
[2019-10-09T00:05:21.894+0000][57100.301s] GC(375) Pause Young (Allocation Failure)
[2019-10-09T00:05:21.894+0000][57100.301s] GC(375) Using 4 workers of 4 for evacuation
[2019-10-09T00:05:21.919+0000][57100.327s] GC(375) ParNew: 1452728K->51522K(1747648K)
[2019-10-09T00:05:21.919+0000][57100.327s] GC(375) CMS: 585893K->586235K(6291456K)
[2019-10-09T00:05:21.919+0000][57100.327s] GC(375) Metaspace: 59140K->59140K(1103872K)
[2019-10-09T00:05:21.919+0000][57100.327s] GC(375) Pause Young (Allocation Failure) 1990M->622M(7850M) 25.552ms
[2019-10-09T00:05:21.919+0000][57100.327s] GC(375) User=0.10s Sys=0.00s Real=0.02s
[2019-10-09T00:09:18.064+0000][57336.472s] GC(376) Pause Young (Allocation Failure)
[2019-10-09T00:09:18.064+0000][57336.472s] GC(376) Using 4 workers of 4 for evacuation
[2019-10-09T00:09:18.088+0000][57336.496s] GC(376) ParNew: 1449666K->45324K(1747648K)
[2019-10-09T00:09:18.088+0000][57336.496s] GC(376) CMS: 586235K->586409K(6291456K)
[2019-10-09T00:09:18.088+0000][57336.496s] GC(376) Metaspace: 59140K->59140K(1103872K)
[2019-10-09T00:09:18.088+0000][57336.496s] GC(376) Pause Young (Allocation Failure) 1988M->616M(7850M) 24.212ms
[2019-10-09T00:09:18.088+0000][57336.496s] GC(376) User=0.10s Sys=0.00s Real=0.02s
[2019-10-09T00:12:12.958+0000][57511.365s] GC(377) Pause Young (Allocation Failure)
[2019-10-09T00:12:12.958+0000][57511.365s] GC(377) Using 4 workers of 4 for evacuation
[2019-10-09T00:12:12.983+0000][57511.390s] GC(377) ParNew: 1443468K->66511K(1747648K)
[2019-10-09T00:12:12.983+0000][57511.390s] GC(377) CMS: 586409K->587646K(6291456K)
[2019-10-09T00:12:12.983+0000][57511.390s] GC(377) Metaspace: 59141K->59141K(1103872K)
[2019-10-09T00:12:12.983+0000][57511.390s] GC(377) Pause Young (Allocation Failure) 1982M->638M(7850M) 25.542ms
[2019-10-09T00:12:12.983+0000][57511.390s] GC(377) User=0.10s Sys=0.00s Real=0.03s
[2019-10-09T00:16:23.140+0000][57761.548s] GC(378) Pause Young (Allocation Failure)
[2019-10-09T00:16:23.141+0000][57761.548s] GC(378) Using 4 workers of 4 for evacuation
[2019-10-09T00:16:23.169+0000][57761.577s] GC(378) ParNew: 1464655K->50952K(1747648K)
[2019-10-09T00:16:23.169+0000][57761.577s] GC(378) CMS: 587646K->587723K(6291456K)
[2019-10-09T00:16:23.169+0000][57761.577s] GC(378) Metaspace: 59141K->59141K(1103872K)
[2019-10-09T00:16:23.169+0000][57761.577s] GC(378) Pause Young (Allocation Failure) 2004M->623M(7850M) 28.845ms
[2019-10-09T00:16:23.169+0000][57761.577s] GC(378) User=0.11s Sys=0.00s Real=0.02s
[2019-10-09T00:19:49.270+0000][57967.678s] GC(379) Pause Young (Allocation Failure)
[2019-10-09T00:19:49.270+0000][57967.678s] GC(379) Using 4 workers of 4 for evacuation
[2019-10-09T00:19:49.300+0000][57967.707s] GC(379) ParNew: 1449096K->74414K(1747648K)
[2019-10-09T00:19:49.300+0000][57967.707s] GC(379) CMS: 587723K->587790K(6291456K)
[2019-10-09T00:19:49.300+0000][57967.707s] GC(379) Metaspace: 59141K->59141K(1103872K)
[2019-10-09T00:19:49.300+0000][57967.707s] GC(379) Pause Young (Allocation Failure) 1989M->646M(7850M) 29.413ms
[2019-10-09T00:19:49.300+0000][57967.707s] GC(379) User=0.11s Sys=0.00s Real=0.03s
[2019-10-09T00:23:05.847+0000][58164.254s] GC(380) Pause Young (Allocation Failure)
[2019-10-09T00:23:05.847+0000][58164.254s] GC(380) Using 4 workers of 4 for evacuation
[2019-10-09T00:23:05.888+0000][58164.296s] GC(380) ParNew: 1472558K->62792K(1747648K)
[2019-10-09T00:23:05.888+0000][58164.296s] GC(380) CMS: 587790K->587947K(6291456K)
[2019-10-09T00:23:05.888+0000][58164.296s] GC(380) Metaspace: 59141K->59141K(1103872K)
[2019-10-09T00:23:05.888+0000][58164.296s] GC(380) Pause Young (Allocation Failure) 2012M->635M(7850M) 41.856ms
[2019-10-09T00:23:05.888+0000][58164.296s] GC(380) User=0.12s Sys=0.00s Real=0.04s
[2019-10-09T00:25:57.302+0000][58335.710s] GC(381) Pause Young (Allocation Failure)
[2019-10-09T00:25:57.302+0000][58335.710s] GC(381) Using 4 workers of 4 for evacuation
[2019-10-09T00:25:57.331+0000][58335.738s] GC(381) ParNew: 1460936K->61700K(1747648K)
[2019-10-09T00:25:57.331+0000][58335.738s] GC(381) CMS: 587947K->588080K(6291456K)
[2019-10-09T00:25:57.331+0000][58335.738s] GC(381) Metaspace: 59141K->59141K(1103872K)
[2019-10-09T00:25:57.331+0000][58335.738s] GC(381) Pause Young (Allocation Failure) 2000M->634M(7850M) 28.353ms
[2019-10-09T00:25:57.331+0000][58335.738s] GC(381) User=0.12s Sys=0.00s Real=0.02s
[2019-10-09T00:29:05.447+0000][58523.854s] GC(382) Pause Young (Allocation Failure)
[2019-10-09T00:29:05.447+0000][58523.854s] GC(382) Using 4 workers of 4 for evacuation
[2019-10-09T00:29:05.475+0000][58523.883s] GC(382) ParNew: 1459844K->59422K(1747648K)
[2019-10-09T00:29:05.475+0000][58523.883s] GC(382) CMS: 588080K->588269K(6291456K)
[2019-10-09T00:29:05.475+0000][58523.883s] GC(382) Metaspace: 59143K->59143K(1103872K)
[2019-10-09T00:29:05.475+0000][58523.883s] GC(382) Pause Young (Allocation Failure) 1999M->632M(7850M) 28.471ms
[2019-10-09T00:29:05.475+0000][58523.883s] GC(382) User=0.11s Sys=0.00s Real=0.03s
[2019-10-09T00:31:20.806+0000][58659.213s] GC(383) Pause Young (Allocation Failure)
[2019-10-09T00:31:20.806+0000][58659.213s] GC(383) Using 4 workers of 4 for evacuation
[2019-10-09T00:31:20.834+0000][58659.242s] GC(383) ParNew: 1457566K->67091K(1747648K)
[2019-10-09T00:31:20.834+0000][58659.242s] GC(383) CMS: 588269K->589713K(6291456K)
[2019-10-09T00:31:20.834+0000][58659.242s] GC(383) Metaspace: 59143K->59143K(1103872K)
[2019-10-09T00:31:20.834+0000][58659.242s] GC(383) Pause Young (Allocation Failure) 1997M->641M(7850M) 28.769ms
[2019-10-09T00:31:20.834+0000][58659.242s] GC(383) User=0.12s Sys=0.00s Real=0.03s
[2019-10-09T00:34:07.292+0000][58825.699s] GC(384) Pause Young (Allocation Failure)
[2019-10-09T00:34:07.292+0000][58825.699s] GC(384) Using 4 workers of 4 for evacuation
[2019-10-09T00:34:07.320+0000][58825.728s] GC(384) ParNew: 1465235K->56731K(1747648K)
[2019-10-09T00:34:07.320+0000][58825.728s] GC(384) CMS: 589713K->589780K(6291456K)
[2019-10-09T00:34:07.320+0000][58825.728s] GC(384) Metaspace: 59143K->59143K(1103872K)
[2019-10-09T00:34:07.320+0000][58825.728s] GC(384) Pause Young (Allocation Failure) 2006M->631M(7850M) 28.431ms
[2019-10-09T00:34:07.320+0000][58825.728s] GC(384) User=0.11s Sys=0.00s Real=0.04s
[2019-10-09T00:37:21.323+0000][59019.730s] GC(385) Pause Young (Allocation Failure)
[2019-10-09T00:37:21.323+0000][59019.731s] GC(385) Using 4 workers of 4 for evacuation
[2019-10-09T00:37:21.352+0000][59019.759s] GC(385) ParNew: 1454875K->68994K(1747648K)
[2019-10-09T00:37:21.352+0000][59019.759s] GC(385) CMS: 589780K->589920K(6291456K)
[2019-10-09T00:37:21.352+0000][59019.759s] GC(385) Metaspace: 59143K->59143K(1103872K)
[2019-10-09T00:37:21.352+0000][59019.759s] GC(385) Pause Young (Allocation Failure) 1996M->643M(7850M) 28.659ms
[2019-10-09T00:37:21.352+0000][59019.759s] GC(385) User=0.12s Sys=0.00s Real=0.02s
[2019-10-09T00:40:08.865+0000][59187.272s] GC(386) Pause Young (Allocation Failure)
[2019-10-09T00:40:08.865+0000][59187.272s] GC(386) Using 4 workers of 4 for evacuation
[2019-10-09T00:40:08.900+0000][59187.307s] GC(386) ParNew: 1467134K->54829K(1747648K)
[2019-10-09T00:40:08.900+0000][59187.307s] GC(386) CMS: 589920K->592060K(6291456K)
[2019-10-09T00:40:08.900+0000][59187.307s] GC(386) Metaspace: 59145K->59145K(1103872K)
[2019-10-09T00:40:08.900+0000][59187.307s] GC(386) Pause Young (Allocation Failure) 2008M->631M(7850M) 35.042ms
[2019-10-09T00:40:08.900+0000][59187.307s] GC(386) User=0.14s Sys=0.00s Real=0.03s
[2019-10-09T00:42:45.318+0000][59343.726s] GC(387) Pause Young (Allocation Failure)
[2019-10-09T00:42:45.318+0000][59343.726s] GC(387) Using 4 workers of 4 for evacuation
[2019-10-09T00:42:45.347+0000][59343.755s] GC(387) ParNew: 1452973K->51481K(1747648K)
[2019-10-09T00:42:45.347+0000][59343.755s] GC(387) CMS: 592060K->593808K(6291456K)
[2019-10-09T00:42:45.347+0000][59343.755s] GC(387) Metaspace: 59145K->59145K(1103872K)
[2019-10-09T00:42:45.347+0000][59343.755s] GC(387) Pause Young (Allocation Failure) 1997M->630M(7850M) 29.029ms
[2019-10-09T00:42:45.347+0000][59343.755s] GC(387) User=0.11s Sys=0.01s Real=0.03s
[2019-10-09T00:45:40.181+0000][59518.589s] GC(388) Pause Young (Allocation Failure)
[2019-10-09T00:45:40.181+0000][59518.589s] GC(388) Using 4 workers of 4 for evacuation
[2019-10-09T00:45:40.207+0000][59518.615s] GC(388) ParNew: 1449625K->65302K(1747648K)
[2019-10-09T00:45:40.207+0000][59518.615s] GC(388) CMS: 593808K->593992K(6291456K)
[2019-10-09T00:45:40.207+0000][59518.615s] GC(388) Metaspace: 59145K->59145K(1103872K)
[2019-10-09T00:45:40.207+0000][59518.615s] GC(388) Pause Young (Allocation Failure) 1995M->643M(7850M) 25.830ms
[2019-10-09T00:45:40.207+0000][59518.615s] GC(388) User=0.10s Sys=0.00s Real=0.02s
[2019-10-09T00:48:08.100+0000][59666.507s] GC(389) Pause Young (Allocation Failure)
[2019-10-09T00:48:08.100+0000][59666.507s] GC(389) Using 4 workers of 4 for evacuation
[2019-10-09T00:48:08.128+0000][59666.535s] GC(389) ParNew: 1463446K->54219K(1747648K)
[2019-10-09T00:48:08.128+0000][59666.536s] GC(389) CMS: 593992K->594223K(6291456K)
[2019-10-09T00:48:08.128+0000][59666.536s] GC(389) Metaspace: 59145K->59145K(1103872K)
[2019-10-09T00:48:08.128+0000][59666.536s] GC(389) Pause Young (Allocation Failure) 2009M->633M(7850M) 28.165ms
[2019-10-09T00:48:08.128+0000][59666.536s] GC(389) User=0.11s Sys=0.01s Real=0.03s
[2019-10-09T00:50:34.893+0000][59813.300s] GC(390) Pause Young (Allocation Failure)
[2019-10-09T00:50:34.893+0000][59813.300s] GC(390) Using 4 workers of 4 for evacuation
[2019-10-09T00:50:34.917+0000][59813.324s] GC(390) ParNew: 1452363K->56675K(1747648K)
[2019-10-09T00:50:34.917+0000][59813.324s] GC(390) CMS: 594223K->594302K(6291456K)
[2019-10-09T00:50:34.917+0000][59813.324s] GC(390) Metaspace: 59146K->59146K(1103872K)
[2019-10-09T00:50:34.917+0000][59813.324s] GC(390) Pause Young (Allocation Failure) 1998M->635M(7850M) 24.573ms
[2019-10-09T00:50:34.917+0000][59813.324s] GC(390) User=0.10s Sys=0.01s Real=0.02s
[2019-10-09T00:52:37.857+0000][59936.265s] GC(391) Pause Young (Allocation Failure)
[2019-10-09T00:52:37.857+0000][59936.265s] GC(391) Using 4 workers of 4 for evacuation
[2019-10-09T00:52:37.883+0000][59936.291s] GC(391) ParNew: 1454819K->48502K(1747648K)
[2019-10-09T00:52:37.883+0000][59936.291s] GC(391) CMS: 594302K->594353K(6291456K)
[2019-10-09T00:52:37.883+0000][59936.291s] GC(391) Metaspace: 59146K->59146K(1103872K)
[2019-10-09T00:52:37.883+0000][59936.291s] GC(391) Pause Young (Allocation Failure) 2001M->627M(7850M) 26.077ms
[2019-10-09T00:52:37.883+0000][59936.291s] GC(391) User=0.10s Sys=0.00s Real=0.03s
[2019-10-09T00:55:20.667+0000][60099.075s] GC(392) Pause Young (Allocation Failure)
[2019-10-09T00:55:20.667+0000][60099.075s] GC(392) Using 4 workers of 4 for evacuation
[2019-10-09T00:55:20.693+0000][60099.100s] GC(392) ParNew: 1446646K->56611K(1747648K)
[2019-10-09T00:55:20.693+0000][60099.100s] GC(392) CMS: 594353K->594417K(6291456K)
[2019-10-09T00:55:20.693+0000][60099.100s] GC(392) Metaspace: 59146K->59146K(1103872K)
[2019-10-09T00:55:20.693+0000][60099.100s] GC(392) Pause Young (Allocation Failure) 1993M->635M(7850M) 25.844ms
[2019-10-09T00:55:20.693+0000][60099.100s] GC(392) User=0.10s Sys=0.00s Real=0.03s
[2019-10-09T00:57:38.648+0000][60237.055s] GC(393) Pause Young (Allocation Failure)
[2019-10-09T00:57:38.648+0000][60237.055s] GC(393) Using 4 workers of 4 for evacuation
[2019-10-09T00:57:38.675+0000][60237.082s] GC(393) ParNew: 1454755K->54321K(1747648K)
[2019-10-09T00:57:38.675+0000][60237.082s] GC(393) CMS: 594417K->594489K(6291456K)
[2019-10-09T00:57:38.675+0000][60237.082s] GC(393) Metaspace: 59146K->59146K(1103872K)
[2019-10-09T00:57:38.675+0000][60237.082s] GC(393) Pause Young (Allocation Failure) 2001M->633M(7850M) 26.758ms
[2019-10-09T00:57:38.675+0000][60237.082s] GC(393) User=0.11s Sys=0.00s Real=0.03s
[2019-10-09T01:00:16.271+0000][60394.679s] GC(394) Pause Young (Allocation Failure)
[2019-10-09T01:00:16.271+0000][60394.679s] GC(394) Using 4 workers of 4 for evacuation
[2019-10-09T01:00:16.297+0000][60394.705s] GC(394) ParNew: 1452465K->68164K(1747648K)
[2019-10-09T01:00:16.297+0000][60394.705s] GC(394) CMS: 594489K->594557K(6291456K)
[2019-10-09T01:00:16.297+0000][60394.705s] GC(394) Metaspace: 59173K->59173K(1103872K)
[2019-10-09T01:00:16.297+0000][60394.705s] GC(394) Pause Young (Allocation Failure) 1998M->647M(7850M) 25.903ms
[2019-10-09T01:00:16.297+0000][60394.705s] GC(394) User=0.10s Sys=0.00s Real=0.03s
[2019-10-09T01:02:40.235+0000][60538.643s] GC(395) Pause Young (Allocation Failure)
[2019-10-09T01:02:40.235+0000][60538.643s] GC(395) Using 4 workers of 4 for evacuation
[2019-10-09T01:02:40.262+0000][60538.669s] GC(395) ParNew: 1466308K->56950K(1747648K)
[2019-10-09T01:02:40.262+0000][60538.669s] GC(395) CMS: 594557K->594694K(6291456K)
[2019-10-09T01:02:40.262+0000][60538.669s] GC(395) Metaspace: 59173K->59173K(1103872K)
[2019-10-09T01:02:40.262+0000][60538.669s] GC(395) Pause Young (Allocation Failure) 2012M->636M(7850M) 26.317ms
[2019-10-09T01:02:40.262+0000][60538.669s] GC(395) User=0.10s Sys=0.00s Real=0.03s
[2019-10-09T01:04:37.635+0000][60656.043s] GC(396) Pause Young (Allocation Failure)
[2019-10-09T01:04:37.635+0000][60656.043s] GC(396) Using 4 workers of 4 for evacuation
[2019-10-09T01:04:37.662+0000][60656.069s] GC(396) ParNew: 1455094K->50698K(1747648K)
[2019-10-09T01:04:37.662+0000][60656.069s] GC(396) CMS: 594694K->595071K(6291456K)
[2019-10-09T01:04:37.662+0000][60656.069s] GC(396) Metaspace: 59173K->59173K(1103872K)
[2019-10-09T01:04:37.662+0000][60656.069s] GC(396) Pause Young (Allocation Failure) 2001M->630M(7850M) 26.885ms
[2019-10-09T01:04:37.662+0000][60656.069s] GC(396) User=0.09s Sys=0.00s Real=0.03s
[2019-10-09T01:06:46.815+0000][60785.223s] GC(397) Pause Young (Allocation Failure)
[2019-10-09T01:06:46.815+0000][60785.223s] GC(397) Using 4 workers of 4 for evacuation
[2019-10-09T01:06:46.843+0000][60785.250s] GC(397) ParNew: 1448842K->75533K(1747648K)
[2019-10-09T01:06:46.843+0000][60785.250s] GC(397) CMS: 595071K->595349K(6291456K)
[2019-10-09T01:06:46.843+0000][60785.250s] GC(397) Metaspace: 59173K->59173K(1103872K)
[2019-10-09T01:06:46.843+0000][60785.250s] GC(397) Pause Young (Allocation Failure) 1996M->655M(7850M) 27.728ms
[2019-10-09T01:06:46.843+0000][60785.250s] GC(397) User=0.11s Sys=0.00s Real=0.03s
[2019-10-09T01:08:43.605+0000][60902.012s] GC(398) Pause Young (Allocation Failure)
[2019-10-09T01:08:43.605+0000][60902.012s] GC(398) Using 4 workers of 4 for evacuation
[2019-10-09T01:08:43.631+0000][60902.039s] GC(398) ParNew: 1473658K->49959K(1747648K)
[2019-10-09T01:08:43.631+0000][60902.039s] GC(398) CMS: 595349K->595502K(6291456K)
[2019-10-09T01:08:43.631+0000][60902.039s] GC(398) Metaspace: 59175K->59175K(1103872K)
[2019-10-09T01:08:43.631+0000][60902.039s] GC(398) Pause Young (Allocation Failure) 2020M->630M(7850M) 26.625ms
[2019-10-09T01:08:43.631+0000][60902.039s] GC(398) User=0.10s Sys=0.00s Real=0.02s
[2019-10-09T01:10:47.068+0000][61025.476s] GC(399) Pause Young (Allocation Failure)
[2019-10-09T01:10:47.069+0000][61025.476s] GC(399) Using 4 workers of 4 for evacuation
[2019-10-09T01:10:47.095+0000][61025.502s] GC(399) ParNew: 1448103K->68554K(1747648K)
[2019-10-09T01:10:47.095+0000][61025.502s] GC(399) CMS: 595502K->595647K(6291456K)
[2019-10-09T01:10:47.095+0000][61025.502s] GC(399) Metaspace: 59175K->59175K(1103872K)
[2019-10-09T01:10:47.095+0000][61025.502s] GC(399) Pause Young (Allocation Failure) 1995M->648M(7850M) 26.257ms
[2019-10-09T01:10:47.095+0000][61025.502s] GC(399) User=0.10s Sys=0.00s Real=0.03s
[2019-10-09T01:12:44.036+0000][61142.444s] GC(400) Pause Young (Allocation Failure)
[2019-10-09T01:12:44.036+0000][61142.444s] GC(400) Using 4 workers of 4 for evacuation
[2019-10-09T01:12:44.064+0000][61142.471s] GC(400) ParNew: 1466698K->60698K(1747648K)
[2019-10-09T01:12:44.064+0000][61142.471s] GC(400) CMS: 595647K->596038K(6291456K)
[2019-10-09T01:12:44.064+0000][61142.471s] GC(400) Metaspace: 59175K->59175K(1103872K)
[2019-10-09T01:12:44.064+0000][61142.471s] GC(400) Pause Young (Allocation Failure) 2014M->641M(7850M) 27.460ms
[2019-10-09T01:12:44.064+0000][61142.471s] GC(400) User=0.10s Sys=0.00s Real=0.03s
[2019-10-09T01:14:11.876+0000][61230.284s] GC(401) Pause Young (Allocation Failure)
[2019-10-09T01:14:11.876+0000][61230.284s] GC(401) Using 4 workers of 4 for evacuation
[2019-10-09T01:14:11.905+0000][61230.312s] GC(401) ParNew: 1458842K->53635K(1747648K)
[2019-10-09T01:14:11.905+0000][61230.312s] GC(401) CMS: 596038K->596449K(6291456K)
[2019-10-09T01:14:11.905+0000][61230.312s] GC(401) Metaspace: 59175K->59175K(1103872K)
[2019-10-09T01:14:11.905+0000][61230.312s] GC(401) Pause Young (Allocation Failure) 2006M->634M(7850M) 28.393ms
[2019-10-09T01:14:11.905+0000][61230.312s] GC(401) User=0.10s Sys=0.00s Real=0.03s
[2019-10-09T01:16:20.120+0000][61358.527s] GC(402) Pause Young (Allocation Failure)
[2019-10-09T01:16:20.120+0000][61358.527s] GC(402) Using 4 workers of 4 for evacuation
[2019-10-09T01:16:20.150+0000][61358.557s] GC(402) ParNew: 1451779K->69420K(1747648K)
[2019-10-09T01:16:20.150+0000][61358.557s] GC(402) CMS: 596449K->596870K(6291456K)
[2019-10-09T01:16:20.150+0000][61358.557s] GC(402) Metaspace: 59175K->59175K(1103872K)
[2019-10-09T01:16:20.150+0000][61358.557s] GC(402) Pause Young (Allocation Failure) 2000M->650M(7850M) 30.048ms
[2019-10-09T01:16:20.150+0000][61358.557s] GC(402) User=0.12s Sys=0.00s Real=0.03s
[2019-10-09T01:17:54.353+0000][61452.761s] GC(403) Pause Young (Allocation Failure)
[2019-10-09T01:17:54.354+0000][61452.761s] GC(403) Using 4 workers of 4 for evacuation
[2019-10-09T01:17:54.384+0000][61452.791s] GC(403) ParNew: 1467564K->63427K(1747648K)
[2019-10-09T01:17:54.384+0000][61452.791s] GC(403) CMS: 596870K->598266K(6291456K)
[2019-10-09T01:17:54.384+0000][61452.791s] GC(403) Metaspace: 59175K->59175K(1103872K)
[2019-10-09T01:17:54.384+0000][61452.791s] GC(403) Pause Young (Allocation Failure) 2016M->646M(7850M) 30.365ms
[2019-10-09T01:17:54.384+0000][61452.791s] GC(403) User=0.12s Sys=0.00s Real=0.03s
[2019-10-09T01:19:47.990+0000][61566.398s] GC(404) Pause Young (Allocation Failure)
[2019-10-09T01:19:47.991+0000][61566.398s] GC(404) Using 4 workers of 4 for evacuation
[2019-10-09T01:19:48.019+0000][61566.426s] GC(404) ParNew: 1461571K->54591K(1747648K)
[2019-10-09T01:19:48.019+0000][61566.427s] GC(404) CMS: 598266K->598462K(6291456K)
[2019-10-09T01:19:48.019+0000][61566.427s] GC(404) Metaspace: 59183K->59183K(1103872K)
[2019-10-09T01:19:48.019+0000][61566.427s] GC(404) Pause Young (Allocation Failure) 2011M->637M(7850M) 28.710ms
[2019-10-09T01:19:48.019+0000][61566.427s] GC(404) User=0.11s Sys=0.00s Real=0.03s
[2019-10-09T01:21:17.437+0000][61655.845s] GC(405) Pause Young (Allocation Failure)
[2019-10-09T01:21:17.437+0000][61655.845s] GC(405) Using 4 workers of 4 for evacuation
[2019-10-09T01:21:17.467+0000][61655.874s] GC(405) ParNew: 1452735K->72383K(1747648K)
[2019-10-09T01:21:17.467+0000][61655.874s] GC(405) CMS: 598462K->598702K(6291456K)
[2019-10-09T01:21:17.467+0000][61655.874s] GC(405) Metaspace: 59183K->59183K(1103872K)
[2019-10-09T01:21:17.467+0000][61655.874s] GC(405) Pause Young (Allocation Failure) 2003M->655M(7850M) 29.705ms
[2019-10-09T01:21:17.467+0000][61655.874s] GC(405) User=0.12s Sys=0.00s Real=0.03s
[2019-10-09T01:22:34.698+0000][61733.106s] GC(406) Pause Young (Allocation Failure)
[2019-10-09T01:22:34.698+0000][61733.106s] GC(406) Using 4 workers of 4 for evacuation
[2019-10-09T01:22:34.730+0000][61733.138s] GC(406) ParNew: 1470527K->55404K(1747648K)
[2019-10-09T01:22:34.730+0000][61733.138s] GC(406) CMS: 598702K->600862K(6291456K)
[2019-10-09T01:22:34.730+0000][61733.138s] GC(406) Metaspace: 59183K->59183K(1103872K)
[2019-10-09T01:22:34.730+0000][61733.138s] GC(406) Pause Young (Allocation Failure) 2020M->640M(7850M) 32.308ms
[2019-10-09T01:22:34.730+0000][61733.138s] GC(406) User=0.10s Sys=0.00s Real=0.03s
[2019-10-09T01:24:08.491+0000][61826.898s] GC(407) Pause Young (Allocation Failure)
[2019-10-09T01:24:08.491+0000][61826.898s] GC(407) Using 4 workers of 4 for evacuation
[2019-10-09T01:24:08.521+0000][61826.928s] GC(407) ParNew: 1453548K->61313K(1747648K)
[2019-10-09T01:24:08.521+0000][61826.928s] GC(407) CMS: 600862K->601126K(6291456K)
[2019-10-09T01:24:08.521+0000][61826.928s] GC(407) Metaspace: 59183K->59183K(1103872K)
[2019-10-09T01:24:08.521+0000][61826.928s] GC(407) Pause Young (Allocation Failure) 2006M->646M(7850M) 30.123ms
[2019-10-09T01:24:08.521+0000][61826.928s] GC(407) User=0.12s Sys=0.00s Real=0.04s
[2019-10-09T01:25:49.316+0000][61927.723s] GC(408) Pause Young (Allocation Failure)
[2019-10-09T01:25:49.316+0000][61927.723s] GC(408) Using 4 workers of 4 for evacuation
[2019-10-09T01:25:49.347+0000][61927.754s] GC(408) ParNew: 1459457K->55046K(1747648K)
[2019-10-09T01:25:49.347+0000][61927.754s] GC(408) CMS: 601126K->601266K(6291456K)
[2019-10-09T01:25:49.347+0000][61927.754s] GC(408) Metaspace: 59183K->59183K(1103872K)
[2019-10-09T01:25:49.347+0000][61927.754s] GC(408) Pause Young (Allocation Failure) 2012M->640M(7850M) 31.066ms
[2019-10-09T01:25:49.347+0000][61927.754s] GC(408) User=0.12s Sys=0.00s Real=0.03s
[2019-10-09T01:27:09.647+0000][62008.054s] GC(409) Pause Young (Allocation Failure)
[2019-10-09T01:27:09.647+0000][62008.055s] GC(409) Using 4 workers of 4 for evacuation
[2019-10-09T01:27:09.675+0000][62008.082s] GC(409) ParNew: 1453190K->75293K(1747648K)
[2019-10-09T01:27:09.675+0000][62008.082s] GC(409) CMS: 601266K->601456K(6291456K)
[2019-10-09T01:27:09.675+0000][62008.082s] GC(409) Metaspace: 59183K->59183K(1103872K)
[2019-10-09T01:27:09.675+0000][62008.082s] GC(409) Pause Young (Allocation Failure) 2006M->660M(7850M) 27.946ms
[2019-10-09T01:27:09.675+0000][62008.082s] GC(409) User=0.11s Sys=0.00s Real=0.03s
[2019-10-09T01:28:42.646+0000][62101.054s] GC(410) Pause Young (Allocation Failure)
[2019-10-09T01:28:42.646+0000][62101.054s] GC(410) Using 4 workers of 4 for evacuation
[2019-10-09T01:28:42.683+0000][62101.090s] GC(410) ParNew: 1473437K->61029K(1747648K)
[2019-10-09T01:28:42.683+0000][62101.090s] GC(410) CMS: 601456K->603661K(6291456K)
[2019-10-09T01:28:42.683+0000][62101.090s] GC(410) Metaspace: 59183K->59183K(1103872K)
[2019-10-09T01:28:42.683+0000][62101.090s] GC(410) Pause Young (Allocation Failure) 2026M->649M(7850M) 36.618ms
[2019-10-09T01:28:42.683+0000][62101.090s] GC(410) User=0.14s Sys=0.00s Real=0.04s
[2019-10-09T01:30:08.598+0000][62187.006s] GC(411) Pause Young (Allocation Failure)
[2019-10-09T01:30:08.598+0000][62187.006s] GC(411) Using 4 workers of 4 for evacuation
[2019-10-09T01:30:08.628+0000][62187.035s] GC(411) ParNew: 1459173K->72601K(1747648K)
[2019-10-09T01:30:08.628+0000][62187.035s] GC(411) CMS: 603661K->603893K(6291456K)
[2019-10-09T01:30:08.628+0000][62187.035s] GC(411) Metaspace: 59183K->59183K(1103872K)
[2019-10-09T01:30:08.628+0000][62187.035s] GC(411) Pause Young (Allocation Failure) 2014M->660M(7850M) 29.228ms
[2019-10-09T01:30:08.628+0000][62187.035s] GC(411) User=0.12s Sys=0.00s Real=0.03s
[2019-10-09T01:31:59.928+0000][62298.335s] GC(412) Pause Young (Allocation Failure)
[2019-10-09T01:31:59.928+0000][62298.336s] GC(412) Using 4 workers of 4 for evacuation
[2019-10-09T01:31:59.960+0000][62298.368s] GC(412) ParNew: 1470745K->68877K(1747648K)
[2019-10-09T01:31:59.960+0000][62298.368s] GC(412) CMS: 603893K->604322K(6291456K)
[2019-10-09T01:31:59.960+0000][62298.368s] GC(412) Metaspace: 59183K->59183K(1103872K)
[2019-10-09T01:31:59.960+0000][62298.368s] GC(412) Pause Young (Allocation Failure) 2026M->657M(7850M) 32.106ms
[2019-10-09T01:31:59.960+0000][62298.368s] GC(412) User=0.10s Sys=0.01s Real=0.04s
[2019-10-09T01:33:48.432+0000][62406.839s] GC(413) Pause Young (Allocation Failure)
[2019-10-09T01:33:48.432+0000][62406.839s] GC(413) Using 4 workers of 4 for evacuation
[2019-10-09T01:33:48.459+0000][62406.867s] GC(413) ParNew: 1467021K->56674K(1747648K)
[2019-10-09T01:33:48.459+0000][62406.867s] GC(413) CMS: 604322K->604583K(6291456K)
[2019-10-09T01:33:48.459+0000][62406.867s] GC(413) Metaspace: 59183K->59183K(1103872K)
[2019-10-09T01:33:48.459+0000][62406.867s] GC(413) Pause Young (Allocation Failure) 2022M->645M(7850M) 27.787ms
[2019-10-09T01:33:48.459+0000][62406.867s] GC(413) User=0.10s Sys=0.00s Real=0.03s
[2019-10-09T01:34:56.153+0000][62474.560s] GC(414) Pause Young (Allocation Failure)
[2019-10-09T01:34:56.153+0000][62474.560s] GC(414) Using 4 workers of 4 for evacuation
[2019-10-09T01:34:56.180+0000][62474.588s] GC(414) ParNew: 1454818K->72701K(1747648K)
[2019-10-09T01:34:56.180+0000][62474.588s] GC(414) CMS: 604583K->604817K(6291456K)
[2019-10-09T01:34:56.180+0000][62474.588s] GC(414) Metaspace: 59183K->59183K(1103872K)
[2019-10-09T01:34:56.180+0000][62474.588s] GC(414) Pause Young (Allocation Failure) 2011M->661M(7850M) 27.531ms
[2019-10-09T01:34:56.180+0000][62474.588s] GC(414) User=0.11s Sys=0.00s Real=0.03s
[2019-10-09T01:36:15.606+0000][62554.013s] GC(415) Pause Young (Allocation Failure)
[2019-10-09T01:36:15.606+0000][62554.013s] GC(415) Using 4 workers of 4 for evacuation
[2019-10-09T01:36:15.632+0000][62554.039s] GC(415) ParNew: 1470845K->49613K(1747648K)
[2019-10-09T01:36:15.632+0000][62554.039s] GC(415) CMS: 604817K->606990K(6291456K)
[2019-10-09T01:36:15.632+0000][62554.040s] GC(415) Metaspace: 59183K->59183K(1103872K)
[2019-10-09T01:36:15.632+0000][62554.040s] GC(415) Pause Young (Allocation Failure) 2027M->641M(7850M) 26.634ms
[2019-10-09T01:36:15.632+0000][62554.040s] GC(415) User=0.10s Sys=0.00s Real=0.03s
[2019-10-09T01:37:51.676+0000][62650.083s] GC(416) Pause Young (Allocation Failure)
[2019-10-09T01:37:51.676+0000][62650.083s] GC(416) Using 4 workers of 4 for evacuation
[2019-10-09T01:37:51.704+0000][62650.111s] GC(416) ParNew: 1447736K->64730K(1747648K)
[2019-10-09T01:37:51.704+0000][62650.111s] GC(416) CMS: 606990K->608828K(6291456K)
[2019-10-09T01:37:51.704+0000][62650.111s] GC(416) Metaspace: 59183K->59183K(1103872K)
[2019-10-09T01:37:51.704+0000][62650.111s] GC(416) Pause Young (Allocation Failure) 2006M->657M(7850M) 28.011ms
[2019-10-09T01:37:51.704+0000][62650.111s] GC(416) User=0.11s Sys=0.00s Real=0.03s
[2019-10-09T01:39:10.849+0000][62729.256s] GC(417) Pause Young (Allocation Failure)
[2019-10-09T01:39:10.849+0000][62729.256s] GC(417) Using 4 workers of 4 for evacuation
[2019-10-09T01:39:10.879+0000][62729.286s] GC(417) ParNew: 1462874K->60704K(1747648K)
[2019-10-09T01:39:10.879+0000][62729.286s] GC(417) CMS: 608828K->611874K(6291456K)
[2019-10-09T01:39:10.879+0000][62729.286s] GC(417) Metaspace: 59183K->59183K(1103872K)
[2019-10-09T01:39:10.879+0000][62729.286s] GC(417) Pause Young (Allocation Failure) 2023M->656M(7850M) 30.418ms
[2019-10-09T01:39:10.879+0000][62729.286s] GC(417) User=0.12s Sys=0.00s Real=0.03s
[2019-10-09T01:40:54.855+0000][62833.262s] GC(418) Pause Young (Allocation Failure)
[2019-10-09T01:40:54.855+0000][62833.262s] GC(418) Using 4 workers of 4 for evacuation
[2019-10-09T01:40:54.880+0000][62833.288s] GC(418) ParNew: 1458848K->54856K(1747648K)
[2019-10-09T01:40:54.880+0000][62833.288s] GC(418) CMS: 611874K->612343K(6291456K)
[2019-10-09T01:40:54.880+0000][62833.288s] GC(418) Metaspace: 59183K->59183K(1103872K)
[2019-10-09T01:40:54.880+0000][62833.288s] GC(418) Pause Young (Allocation Failure) 2022M->651M(7850M) 25.613ms
[2019-10-09T01:40:54.880+0000][62833.288s] GC(418) User=0.10s Sys=0.00s Real=0.03s
[2019-10-09T01:42:16.388+0000][62914.796s] GC(419) Pause Young (Allocation Failure)
[2019-10-09T01:42:16.388+0000][62914.796s] GC(419) Using 4 workers of 4 for evacuation
[2019-10-09T01:42:16.416+0000][62914.823s] GC(419) ParNew: 1453000K->70694K(1747648K)
[2019-10-09T01:42:16.416+0000][62914.823s] GC(419) CMS: 612343K->612554K(6291456K)
[2019-10-09T01:42:16.416+0000][62914.823s] GC(419) Metaspace: 59183K->59183K(1103872K)
[2019-10-09T01:42:16.416+0000][62914.823s] GC(419) Pause Young (Allocation Failure) 2016M->667M(7850M) 27.355ms
[2019-10-09T01:42:16.416+0000][62914.823s] GC(419) User=0.11s Sys=0.00s Real=0.03s
[2019-10-09T01:43:43.666+0000][63002.073s] GC(420) Pause Young (Allocation Failure)
[2019-10-09T01:43:43.666+0000][63002.073s] GC(420) Using 4 workers of 4 for evacuation
[2019-10-09T01:43:43.693+0000][63002.100s] GC(420) ParNew: 1468838K->56927K(1747648K)
[2019-10-09T01:43:43.693+0000][63002.100s] GC(420) CMS: 612554K->612785K(6291456K)
[2019-10-09T01:43:43.693+0000][63002.100s] GC(420) Metaspace: 59183K->59183K(1103872K)
[2019-10-09T01:43:43.693+0000][63002.101s] GC(420) Pause Young (Allocation Failure) 2032M->654M(7850M) 27.309ms
[2019-10-09T01:43:43.693+0000][63002.101s] GC(420) User=0.10s Sys=0.00s Real=0.03s
[2019-10-09T01:45:23.956+0000][63102.363s] GC(421) Pause Young (Allocation Failure)
[2019-10-09T01:45:23.956+0000][63102.363s] GC(421) Using 4 workers of 4 for evacuation
[2019-10-09T01:45:23.984+0000][63102.391s] GC(421) ParNew: 1455071K->62886K(1747648K)
[2019-10-09T01:45:23.984+0000][63102.391s] GC(421) CMS: 612785K->614299K(6291456K)
[2019-10-09T01:45:23.984+0000][63102.391s] GC(421) Metaspace: 59183K->59183K(1103872K)
[2019-10-09T01:45:23.984+0000][63102.391s] GC(421) Pause Young (Allocation Failure) 2019M->661M(7850M) 28.037ms
[2019-10-09T01:45:23.984+0000][63102.391s] GC(421) User=0.11s Sys=0.00s Real=0.03s
[2019-10-09T01:47:03.349+0000][63201.756s] GC(422) Pause Young (Allocation Failure)
[2019-10-09T01:47:03.349+0000][63201.756s] GC(422) Using 4 workers of 4 for evacuation
[2019-10-09T01:47:03.380+0000][63201.787s] GC(422) ParNew: 1461030K->62414K(1747648K)
[2019-10-09T01:47:03.380+0000][63201.787s] GC(422) CMS: 614299K->615958K(6291456K)
[2019-10-09T01:47:03.380+0000][63201.787s] GC(422) Metaspace: 59183K->59183K(1103872K)
[2019-10-09T01:47:03.380+0000][63201.787s] GC(422) Pause Young (Allocation Failure) 2026M->662M(7850M) 31.237ms
[2019-10-09T01:47:03.380+0000][63201.787s] GC(422) User=0.10s Sys=0.01s Real=0.03s
[2019-10-09T01:48:53.117+0000][63311.525s] GC(423) Pause Young (Allocation Failure)
[2019-10-09T01:48:53.117+0000][63311.525s] GC(423) Using 4 workers of 4 for evacuation
[2019-10-09T01:48:53.144+0000][63311.552s] GC(423) ParNew: 1460558K->53888K(1747648K)
[2019-10-09T01:48:53.144+0000][63311.552s] GC(423) CMS: 615958K->616196K(6291456K)
[2019-10-09T01:48:53.144+0000][63311.552s] GC(423) Metaspace: 59183K->59183K(1103872K)
[2019-10-09T01:48:53.144+0000][63311.552s] GC(423) Pause Young (Allocation Failure) 2027M->654M(7850M) 27.166ms
[2019-10-09T01:48:53.144+0000][63311.552s] GC(423) User=0.11s Sys=0.00s Real=0.03s
[2019-10-09T01:50:23.784+0000][63402.191s] GC(424) Pause Young (Allocation Failure)
[2019-10-09T01:50:23.784+0000][63402.191s] GC(424) Using 4 workers of 4 for evacuation
[2019-10-09T01:50:23.811+0000][63402.218s] GC(424) ParNew: 1452032K->69988K(1747648K)
[2019-10-09T01:50:23.811+0000][63402.218s] GC(424) CMS: 616196K->616376K(6291456K)
[2019-10-09T01:50:23.811+0000][63402.218s] GC(424) Metaspace: 59183K->59183K(1103872K)
[2019-10-09T01:50:23.811+0000][63402.218s] GC(424) Pause Young (Allocation Failure) 2019M->670M(7850M) 27.122ms
[2019-10-09T01:50:23.811+0000][63402.218s] GC(424) User=0.11s Sys=0.00s Real=0.02s
[2019-10-09T01:51:54.275+0000][63492.683s] GC(425) Pause Young (Allocation Failure)
[2019-10-09T01:51:54.275+0000][63492.683s] GC(425) Using 4 workers of 4 for evacuation
[2019-10-09T01:51:54.303+0000][63492.710s] GC(425) ParNew: 1468132K->63054K(1747648K)
[2019-10-09T01:51:54.303+0000][63492.710s] GC(425) CMS: 616376K->616564K(6291456K)
[2019-10-09T01:51:54.303+0000][63492.710s] GC(425) Metaspace: 59183K->59183K(1103872K)
[2019-10-09T01:51:54.303+0000][63492.710s] GC(425) Pause Young (Allocation Failure) 2035M->663M(7850M) 27.440ms
[2019-10-09T01:51:54.303+0000][63492.710s] GC(425) User=0.10s Sys=0.00s Real=0.03s
[2019-10-09T01:53:28.526+0000][63586.933s] GC(426) Pause Young (Allocation Failure)
[2019-10-09T01:53:28.526+0000][63586.934s] GC(426) Using 4 workers of 4 for evacuation
[2019-10-09T01:53:28.553+0000][63586.961s] GC(426) ParNew: 1461198K->56682K(1747648K)
[2019-10-09T01:53:28.553+0000][63586.961s] GC(426) CMS: 616564K->619553K(6291456K)
[2019-10-09T01:53:28.553+0000][63586.961s] GC(426) Metaspace: 59183K->59183K(1103872K)
[2019-10-09T01:53:28.553+0000][63586.961s] GC(426) Pause Young (Allocation Failure) 2029M->660M(7850M) 27.365ms
[2019-10-09T01:53:28.553+0000][63586.961s] GC(426) User=0.10s Sys=0.01s Real=0.03s
[2019-10-09T01:55:22.661+0000][63701.068s] GC(427) Pause Young (Allocation Failure)
[2019-10-09T01:55:22.661+0000][63701.068s] GC(427) Using 4 workers of 4 for evacuation
[2019-10-09T01:55:22.688+0000][63701.095s] GC(427) ParNew: 1454826K->60515K(1747648K)
[2019-10-09T01:55:22.688+0000][63701.095s] GC(427) CMS: 619553K->619848K(6291456K)
[2019-10-09T01:55:22.688+0000][63701.095s] GC(427) Metaspace: 59183K->59183K(1103872K)
[2019-10-09T01:55:22.688+0000][63701.095s] GC(427) Pause Young (Allocation Failure) 2025M->664M(7850M) 27.190ms
[2019-10-09T01:55:22.688+0000][63701.095s] GC(427) User=0.10s Sys=0.00s Real=0.02s
[2019-10-09T01:56:51.079+0000][63789.487s] GC(428) Pause Young (Allocation Failure)
[2019-10-09T01:56:51.079+0000][63789.487s] GC(428) Using 4 workers of 4 for evacuation
[2019-10-09T01:56:51.108+0000][63789.515s] GC(428) ParNew: 1458659K->57502K(1747648K)
[2019-10-09T01:56:51.108+0000][63789.515s] GC(428) CMS: 619848K->621620K(6291456K)
[2019-10-09T01:56:51.108+0000][63789.515s] GC(428) Metaspace: 59184K->59184K(1103872K)
[2019-10-09T01:56:51.108+0000][63789.515s] GC(428) Pause Young (Allocation Failure) 2029M->663M(7850M) 28.566ms
[2019-10-09T01:56:51.108+0000][63789.515s] GC(428) User=0.11s Sys=0.00s Real=0.03s
[2019-10-09T01:58:28.162+0000][63886.570s] GC(429) Pause Young (Allocation Failure)
[2019-10-09T01:58:28.162+0000][63886.570s] GC(429) Using 4 workers of 4 for evacuation
[2019-10-09T01:58:28.190+0000][63886.597s] GC(429) ParNew: 1455646K->69676K(1747648K)
[2019-10-09T01:58:28.190+0000][63886.597s] GC(429) CMS: 621620K->621873K(6291456K)
[2019-10-09T01:58:28.190+0000][63886.597s] GC(429) Metaspace: 59184K->59184K(1103872K)
[2019-10-09T01:58:28.190+0000][63886.597s] GC(429) Pause Young (Allocation Failure) 2028M->675M(7850M) 27.751ms
[2019-10-09T01:58:28.190+0000][63886.597s] GC(429) User=0.11s Sys=0.00s Real=0.02s
[2019-10-09T02:00:09.398+0000][63987.805s] GC(430) Pause Young (Allocation Failure)
[2019-10-09T02:00:09.398+0000][63987.805s] GC(430) Using 4 workers of 4 for evacuation
[2019-10-09T02:00:09.426+0000][63987.833s] GC(430) ParNew: 1467820K->55469K(1747648K)
[2019-10-09T02:00:09.426+0000][63987.833s] GC(430) CMS: 621873K->622290K(6291456K)
[2019-10-09T02:00:09.426+0000][63987.833s] GC(430) Metaspace: 59184K->59184K(1103872K)
[2019-10-09T02:00:09.426+0000][63987.833s] GC(430) Pause Young (Allocation Failure) 2040M->661M(7850M) 27.681ms
[2019-10-09T02:00:09.426+0000][63987.833s] GC(430) User=0.11s Sys=0.00s Real=0.03s
[2019-10-09T02:01:41.135+0000][64079.542s] GC(431) Pause Young (Allocation Failure)
[2019-10-09T02:01:41.135+0000][64079.542s] GC(431) Using 4 workers of 4 for evacuation
[2019-10-09T02:01:41.162+0000][64079.569s] GC(431) ParNew: 1453613K->61204K(1747648K)
[2019-10-09T02:01:41.162+0000][64079.569s] GC(431) CMS: 622290K->622439K(6291456K)
[2019-10-09T02:01:41.162+0000][64079.569s] GC(431) Metaspace: 59184K->59184K(1103872K)
[2019-10-09T02:01:41.162+0000][64079.569s] GC(431) Pause Young (Allocation Failure) 2027M->667M(7850M) 27.128ms
[2019-10-09T02:01:41.162+0000][64079.569s] GC(431) User=0.10s Sys=0.01s Real=0.03s
[2019-10-09T02:03:11.973+0000][64170.381s] GC(432) Pause Young (Allocation Failure)
[2019-10-09T02:03:11.973+0000][64170.381s] GC(432) Using 4 workers of 4 for evacuation
[2019-10-09T02:03:12.002+0000][64170.410s] GC(432) ParNew: 1459348K->53277K(1747648K)
[2019-10-09T02:03:12.002+0000][64170.410s] GC(432) CMS: 622439K->622787K(6291456K)
[2019-10-09T02:03:12.002+0000][64170.410s] GC(432) Metaspace: 59184K->59184K(1103872K)
[2019-10-09T02:03:12.002+0000][64170.410s] GC(432) Pause Young (Allocation Failure) 2032M->660M(7850M) 29.136ms
[2019-10-09T02:03:12.002+0000][64170.410s] GC(432) User=0.11s Sys=0.01s Real=0.03s
[2019-10-09T02:04:37.492+0000][64255.900s] GC(433) Pause Young (Allocation Failure)
[2019-10-09T02:04:37.492+0000][64255.900s] GC(433) Using 4 workers of 4 for evacuation
[2019-10-09T02:04:37.519+0000][64255.926s] GC(433) ParNew: 1451421K->69326K(1747648K)
[2019-10-09T02:04:37.519+0000][64255.926s] GC(433) CMS: 622787K->622914K(6291456K)
[2019-10-09T02:04:37.519+0000][64255.926s] GC(433) Metaspace: 59187K->59187K(1103872K)
[2019-10-09T02:04:37.519+0000][64255.926s] GC(433) Pause Young (Allocation Failure) 2025M->676M(7850M) 26.397ms
[2019-10-09T02:04:37.519+0000][64255.926s] GC(433) User=0.11s Sys=0.00s Real=0.03s
[2019-10-09T02:06:21.986+0000][64360.394s] GC(434) Pause Young (Allocation Failure)
[2019-10-09T02:06:21.986+0000][64360.394s] GC(434) Using 4 workers of 4 for evacuation
[2019-10-09T02:06:22.014+0000][64360.421s] GC(434) ParNew: 1467470K->58366K(1747648K)
[2019-10-09T02:06:22.014+0000][64360.421s] GC(434) CMS: 622914K->623118K(6291456K)
[2019-10-09T02:06:22.014+0000][64360.421s] GC(434) Metaspace: 59187K->59187K(1103872K)
[2019-10-09T02:06:22.014+0000][64360.421s] GC(434) Pause Young (Allocation Failure) 2041M->665M(7850M) 27.604ms
[2019-10-09T02:06:22.014+0000][64360.421s] GC(434) User=0.11s Sys=0.00s Real=0.03s
[2019-10-09T02:07:39.256+0000][64437.663s] GC(435) Pause Young (Allocation Failure)
[2019-10-09T02:07:39.256+0000][64437.663s] GC(435) Using 4 workers of 4 for evacuation
[2019-10-09T02:07:39.286+0000][64437.693s] GC(435) ParNew: 1456510K->73848K(1747648K)
[2019-10-09T02:07:39.286+0000][64437.693s] GC(435) CMS: 623118K->625518K(6291456K)
[2019-10-09T02:07:39.286+0000][64437.693s] GC(435) Metaspace: 59187K->59187K(1103872K)
[2019-10-09T02:07:39.286+0000][64437.693s] GC(435) Pause Young (Allocation Failure) 2030M->682M(7850M) 29.837ms
[2019-10-09T02:07:39.286+0000][64437.693s] GC(435) User=0.11s Sys=0.00s Real=0.03s
[2019-10-09T02:09:17.792+0000][64536.200s] GC(436) Pause Young (Allocation Failure)
[2019-10-09T02:09:17.792+0000][64536.200s] GC(436) Using 4 workers of 4 for evacuation
[2019-10-09T02:09:17.821+0000][64536.228s] GC(436) ParNew: 1471992K->60753K(1747648K)
[2019-10-09T02:09:17.821+0000][64536.228s] GC(436) CMS: 625518K->627409K(6291456K)
[2019-10-09T02:09:17.821+0000][64536.228s] GC(436) Metaspace: 59187K->59187K(1103872K)
[2019-10-09T02:09:17.821+0000][64536.228s] GC(436) Pause Young (Allocation Failure) 2048M->672M(7850M) 28.309ms
[2019-10-09T02:09:17.821+0000][64536.228s] GC(436) User=0.11s Sys=0.00s Real=0.03s
[2019-10-09T02:10:49.528+0000][64627.936s] GC(437) Pause Young (Allocation Failure)
[2019-10-09T02:10:49.528+0000][64627.936s] GC(437) Using 4 workers of 4 for evacuation
[2019-10-09T02:10:49.556+0000][64627.963s] GC(437) ParNew: 1458897K->57952K(1747648K)
[2019-10-09T02:10:49.556+0000][64627.963s] GC(437) CMS: 627409K->627783K(6291456K)
[2019-10-09T02:10:49.556+0000][64627.963s] GC(437) Metaspace: 59187K->59187K(1103872K)
[2019-10-09T02:10:49.556+0000][64627.963s] GC(437) Pause Young (Allocation Failure) 2037M->669M(7850M) 27.323ms
[2019-10-09T02:10:49.556+0000][64627.963s] GC(437) User=0.11s Sys=0.00s Real=0.03s
[2019-10-09T02:12:26.618+0000][64725.025s] GC(438) Pause Young (Allocation Failure)
[2019-10-09T02:12:26.618+0000][64725.025s] GC(438) Using 4 workers of 4 for evacuation
[2019-10-09T02:12:26.646+0000][64725.054s] GC(438) ParNew: 1456096K->73423K(1747648K)
[2019-10-09T02:12:26.646+0000][64725.054s] GC(438) CMS: 627783K->628124K(6291456K)
[2019-10-09T02:12:26.646+0000][64725.054s] GC(438) Metaspace: 59187K->59187K(1103872K)
[2019-10-09T02:12:26.646+0000][64725.054s] GC(438) Pause Young (Allocation Failure) 2035M->685M(7850M) 28.577ms
[2019-10-09T02:12:26.646+0000][64725.054s] GC(438) User=0.11s Sys=0.00s Real=0.03s
[2019-10-09T02:13:51.578+0000][64809.986s] GC(439) Pause Young (Allocation Failure)
[2019-10-09T02:13:51.578+0000][64809.986s] GC(439) Using 4 workers of 4 for evacuation
[2019-10-09T02:13:51.606+0000][64810.014s] GC(439) ParNew: 1471563K->58437K(1747648K)
[2019-10-09T02:13:51.606+0000][64810.014s] GC(439) CMS: 628124K->629939K(6291456K)
[2019-10-09T02:13:51.606+0000][64810.014s] GC(439) Metaspace: 59187K->59187K(1103872K)
[2019-10-09T02:13:51.606+0000][64810.014s] GC(439) Pause Young (Allocation Failure) 2050M->672M(7850M) 28.106ms
[2019-10-09T02:13:51.606+0000][64810.014s] GC(439) User=0.11s Sys=0.00s Real=0.03s
[2019-10-09T02:15:21.437+0000][64899.845s] GC(440) Pause Young (Allocation Failure)
[2019-10-09T02:15:21.437+0000][64899.845s] GC(440) Using 4 workers of 4 for evacuation
[2019-10-09T02:15:21.467+0000][64899.874s] GC(440) ParNew: 1456581K->62086K(1747648K)
[2019-10-09T02:15:21.467+0000][64899.874s] GC(440) CMS: 629939K->631739K(6291456K)
[2019-10-09T02:15:21.467+0000][64899.874s] GC(440) Metaspace: 59189K->59189K(1103872K)
[2019-10-09T02:15:21.467+0000][64899.874s] GC(440) Pause Young (Allocation Failure) 2037M->677M(7850M) 29.541ms
[2019-10-09T02:15:21.467+0000][64899.874s] GC(440) User=0.12s Sys=0.00s Real=0.03s
[2019-10-09T02:16:32.114+0000][64970.521s] GC(441) Pause Young (Allocation Failure)
[2019-10-09T02:16:32.114+0000][64970.521s] GC(441) Using 4 workers of 4 for evacuation
[2019-10-09T02:16:32.149+0000][64970.556s] GC(441) ParNew: 1460230K->55535K(1747648K)
[2019-10-09T02:16:32.149+0000][64970.556s] GC(441) CMS: 631739K->631996K(6291456K)
[2019-10-09T02:16:32.149+0000][64970.556s] GC(441) Metaspace: 59189K->59189K(1103872K)
[2019-10-09T02:16:32.149+0000][64970.556s] GC(441) Pause Young (Allocation Failure) 2042M->671M(7850M) 34.917ms
[2019-10-09T02:16:32.149+0000][64970.556s] GC(441) User=0.12s Sys=0.00s Real=0.03s
[2019-10-09T02:18:11.393+0000][65069.800s] GC(442) Pause Young (Allocation Failure)
[2019-10-09T02:18:11.393+0000][65069.800s] GC(442) Using 4 workers of 4 for evacuation
[2019-10-09T02:18:11.422+0000][65069.830s] GC(442) ParNew: 1453679K->79775K(1747648K)
[2019-10-09T02:18:11.422+0000][65069.830s] GC(442) CMS: 631996K->632642K(6291456K)
[2019-10-09T02:18:11.422+0000][65069.830s] GC(442) Metaspace: 59189K->59189K(1103872K)
[2019-10-09T02:18:11.422+0000][65069.830s] GC(442) Pause Young (Allocation Failure) 2036M->695M(7850M) 29.461ms
[2019-10-09T02:18:11.422+0000][65069.830s] GC(442) User=0.12s Sys=0.00s Real=0.03s
[2019-10-09T02:19:26.567+0000][65144.974s] GC(443) Pause Young (Allocation Failure)
[2019-10-09T02:19:26.567+0000][65144.974s] GC(443) Using 4 workers of 4 for evacuation
[2019-10-09T02:19:26.596+0000][65145.004s] GC(443) ParNew: 1477919K->64999K(1747648K)
[2019-10-09T02:19:26.596+0000][65145.004s] GC(443) CMS: 632642K->632807K(6291456K)
[2019-10-09T02:19:26.596+0000][65145.004s] GC(443) Metaspace: 59189K->59189K(1103872K)
[2019-10-09T02:19:26.596+0000][65145.004s] GC(443) Pause Young (Allocation Failure) 2061M->681M(7850M) 29.313ms
[2019-10-09T02:19:26.596+0000][65145.004s] GC(443) User=0.11s Sys=0.00s Real=0.03s
[2019-10-09T02:20:49.814+0000][65228.221s] GC(444) Pause Young (Allocation Failure)
[2019-10-09T02:20:49.814+0000][65228.221s] GC(444) Using 4 workers of 4 for evacuation
[2019-10-09T02:20:49.845+0000][65228.252s] GC(444) ParNew: 1463143K->66813K(1747648K)
[2019-10-09T02:20:49.845+0000][65228.252s] GC(444) CMS: 632807K->633152K(6291456K)
[2019-10-09T02:20:49.845+0000][65228.252s] GC(444) Metaspace: 59189K->59189K(1103872K)
[2019-10-09T02:20:49.845+0000][65228.252s] GC(444) Pause Young (Allocation Failure) 2046M->683M(7850M) 30.979ms
[2019-10-09T02:20:49.845+0000][65228.252s] GC(444) User=0.12s Sys=0.00s Real=0.03s
[2019-10-09T02:22:23.414+0000][65321.822s] GC(445) Pause Young (Allocation Failure)
[2019-10-09T02:22:23.414+0000][65321.822s] GC(445) Using 4 workers of 4 for evacuation
[2019-10-09T02:22:23.444+0000][65321.851s] GC(445) ParNew: 1464957K->68055K(1747648K)
[2019-10-09T02:22:23.444+0000][65321.851s] GC(445) CMS: 633152K->633394K(6291456K)
[2019-10-09T02:22:23.444+0000][65321.851s] GC(445) Metaspace: 59189K->59189K(1103872K)
[2019-10-09T02:22:23.444+0000][65321.851s] GC(445) Pause Young (Allocation Failure) 2048M->685M(7850M) 29.837ms
[2019-10-09T02:22:23.444+0000][65321.851s] GC(445) User=0.12s Sys=0.00s Real=0.03s
[2019-10-09T02:23:46.005+0000][65404.412s] GC(446) Pause Young (Allocation Failure)
[2019-10-09T02:23:46.005+0000][65404.412s] GC(446) Using 4 workers of 4 for evacuation
[2019-10-09T02:23:46.034+0000][65404.441s] GC(446) ParNew: 1466199K->58717K(1747648K)
[2019-10-09T02:23:46.034+0000][65404.441s] GC(446) CMS: 633394K->635266K(6291456K)
[2019-10-09T02:23:46.034+0000][65404.441s] GC(446) Metaspace: 59189K->59189K(1103872K)
[2019-10-09T02:23:46.034+0000][65404.441s] GC(446) Pause Young (Allocation Failure) 2050M->677M(7850M) 29.484ms
[2019-10-09T02:23:46.034+0000][65404.441s] GC(446) User=0.12s Sys=0.00s Real=0.03s
[2019-10-09T02:25:15.254+0000][65493.661s] GC(447) Pause Young (Allocation Failure)
[2019-10-09T02:25:15.254+0000][65493.661s] GC(447) Using 4 workers of 4 for evacuation
[2019-10-09T02:25:15.288+0000][65493.696s] GC(447) ParNew: 1456861K->60623K(1747648K)
[2019-10-09T02:25:15.288+0000][65493.696s] GC(447) CMS: 635266K->635450K(6291456K)
[2019-10-09T02:25:15.288+0000][65493.696s] GC(447) Metaspace: 59190K->59190K(1103872K)
[2019-10-09T02:25:15.288+0000][65493.696s] GC(447) Pause Young (Allocation Failure) 2043M->679M(7850M) 34.784ms
[2019-10-09T02:25:15.288+0000][65493.696s] GC(447) User=0.12s Sys=0.00s Real=0.03s
[2019-10-09T02:26:41.247+0000][65579.654s] GC(448) Pause Young (Allocation Failure)
[2019-10-09T02:26:41.247+0000][65579.654s] GC(448) Using 4 workers of 4 for evacuation
[2019-10-09T02:26:41.280+0000][65579.688s] GC(448) ParNew: 1458767K->73377K(1747648K)
[2019-10-09T02:26:41.280+0000][65579.688s] GC(448) CMS: 635450K->639332K(6291456K)
[2019-10-09T02:26:41.280+0000][65579.688s] GC(448) Metaspace: 59190K->59190K(1103872K)
[2019-10-09T02:26:41.280+0000][65579.688s] GC(448) Pause Young (Allocation Failure) 2045M->696M(7850M) 33.557ms
[2019-10-09T02:26:41.280+0000][65579.688s] GC(448) User=0.13s Sys=0.01s Real=0.04s
[2019-10-09T02:27:51.224+0000][65649.631s] GC(449) Pause Young (Allocation Failure)
[2019-10-09T02:27:51.224+0000][65649.631s] GC(449) Using 4 workers of 4 for evacuation
[2019-10-09T02:27:51.252+0000][65649.660s] GC(449) ParNew: 1471521K->55579K(1747648K)
[2019-10-09T02:27:51.252+0000][65649.660s] GC(449) CMS: 639332K->640035K(6291456K)
[2019-10-09T02:27:51.252+0000][65649.660s] GC(449) Metaspace: 59190K->59190K(1103872K)
[2019-10-09T02:27:51.252+0000][65649.660s] GC(449) Pause Young (Allocation Failure) 2061M->679M(7850M) 28.447ms
[2019-10-09T02:27:51.252+0000][65649.660s] GC(449) User=0.11s Sys=0.00s Real=0.03s
[2019-10-09T02:29:10.788+0000][65729.195s] GC(450) Pause Young (Allocation Failure)
[2019-10-09T02:29:10.788+0000][65729.195s] GC(450) Using 4 workers of 4 for evacuation
[2019-10-09T02:29:10.815+0000][65729.223s] GC(450) ParNew: 1453723K->72080K(1747648K)
[2019-10-09T02:29:10.815+0000][65729.223s] GC(450) CMS: 640035K->640394K(6291456K)
[2019-10-09T02:29:10.815+0000][65729.223s] GC(450) Metaspace: 59190K->59190K(1103872K)
[2019-10-09T02:29:10.815+0000][65729.223s] GC(450) Pause Young (Allocation Failure) 2044M->695M(7850M) 27.540ms
[2019-10-09T02:29:10.815+0000][65729.223s] GC(450) User=0.11s Sys=0.00s Real=0.03s
[2019-10-09T02:31:01.029+0000][65839.437s] GC(451) Pause Young (Allocation Failure)
[2019-10-09T02:31:01.030+0000][65839.437s] GC(451) Using 4 workers of 4 for evacuation
[2019-10-09T02:31:01.057+0000][65839.464s] GC(451) ParNew: 1470224K->60487K(1747648K)
[2019-10-09T02:31:01.057+0000][65839.464s] GC(451) CMS: 640394K->640683K(6291456K)
[2019-10-09T02:31:01.057+0000][65839.464s] GC(451) Metaspace: 59190K->59190K(1103872K)
[2019-10-09T02:31:01.057+0000][65839.464s] GC(451) Pause Young (Allocation Failure) 2061M->684M(7850M) 27.218ms
[2019-10-09T02:31:01.057+0000][65839.464s] GC(451) User=0.11s Sys=0.00s Real=0.03s
[2019-10-09T02:32:16.877+0000][65915.284s] GC(452) Pause Young (Allocation Failure)
[2019-10-09T02:32:16.877+0000][65915.285s] GC(452) Using 4 workers of 4 for evacuation
[2019-10-09T02:32:16.903+0000][65915.311s] GC(452) ParNew: 1458631K->56581K(1747648K)
[2019-10-09T02:32:16.903+0000][65915.311s] GC(452) CMS: 640683K->641027K(6291456K)
[2019-10-09T02:32:16.903+0000][65915.311s] GC(452) Metaspace: 59190K->59190K(1103872K)
[2019-10-09T02:32:16.903+0000][65915.311s] GC(452) Pause Young (Allocation Failure) 2050M->681M(7850M) 26.261ms
[2019-10-09T02:32:16.903+0000][65915.311s] GC(452) User=0.10s Sys=0.00s Real=0.03s
[2019-10-09T02:33:54.633+0000][66013.040s] GC(453) Pause Young (Allocation Failure)
[2019-10-09T02:33:54.633+0000][66013.040s] GC(453) Using 4 workers of 4 for evacuation
[2019-10-09T02:33:54.671+0000][66013.078s] GC(453) ParNew: 1454725K->68800K(1747648K)
[2019-10-09T02:33:54.671+0000][66013.078s] GC(453) CMS: 641027K->641265K(6291456K)
[2019-10-09T02:33:54.671+0000][66013.078s] GC(453) Metaspace: 59198K->59198K(1103872K)
[2019-10-09T02:33:54.671+0000][66013.078s] GC(453) Pause Young (Allocation Failure) 2046M->693M(7850M) 37.771ms
[2019-10-09T02:33:54.671+0000][66013.078s] GC(453) User=0.12s Sys=0.00s Real=0.03s
[2019-10-09T02:35:36.485+0000][66114.893s] GC(454) Pause Young (Allocation Failure)
[2019-10-09T02:35:36.485+0000][66114.893s] GC(454) Using 4 workers of 4 for evacuation
[2019-10-09T02:35:36.512+0000][66114.919s] GC(454) ParNew: 1466944K->55255K(1747648K)
[2019-10-09T02:35:36.512+0000][66114.919s] GC(454) CMS: 641265K->641457K(6291456K)
[2019-10-09T02:35:36.512+0000][66114.919s] GC(454) Metaspace: 59199K->59199K(1103872K)
[2019-10-09T02:35:36.512+0000][66114.919s] GC(454) Pause Young (Allocation Failure) 2058M->680M(7850M) 26.557ms
[2019-10-09T02:35:36.512+0000][66114.919s] GC(454) User=0.10s Sys=0.00s Real=0.02s
[2019-10-09T02:37:02.297+0000][66200.705s] GC(455) Pause Young (Allocation Failure)
[2019-10-09T02:37:02.298+0000][66200.705s] GC(455) Using 4 workers of 4 for evacuation
[2019-10-09T02:37:02.328+0000][66200.735s] GC(455) ParNew: 1453399K->70187K(1747648K)
[2019-10-09T02:37:02.328+0000][66200.735s] GC(455) CMS: 641457K->641674K(6291456K)
[2019-10-09T02:37:02.328+0000][66200.735s] GC(455) Metaspace: 59199K->59199K(1103872K)
[2019-10-09T02:37:02.328+0000][66200.735s] GC(455) Pause Young (Allocation Failure) 2045M->695M(7850M) 30.394ms
[2019-10-09T02:37:02.328+0000][66200.735s] GC(455) User=0.12s Sys=0.00s Real=0.03s
[2019-10-09T02:38:41.702+0000][66300.110s] GC(456) Pause Young (Allocation Failure)
[2019-10-09T02:38:41.702+0000][66300.110s] GC(456) Using 4 workers of 4 for evacuation
[2019-10-09T02:38:41.730+0000][66300.137s] GC(456) ParNew: 1468331K->67477K(1747648K)
[2019-10-09T02:38:41.730+0000][66300.137s] GC(456) CMS: 641674K->641895K(6291456K)
[2019-10-09T02:38:41.730+0000][66300.137s] GC(456) Metaspace: 59201K->59201K(1103872K)
[2019-10-09T02:38:41.730+0000][66300.137s] GC(456) Pause Young (Allocation Failure) 2060M->692M(7850M) 27.564ms
[2019-10-09T02:38:41.730+0000][66300.137s] GC(456) User=0.11s Sys=0.00s Real=0.02s
[2019-10-09T02:39:57.678+0000][66376.086s] GC(457) Pause Young (Allocation Failure)
[2019-10-09T02:39:57.678+0000][66376.086s] GC(457) Using 4 workers of 4 for evacuation
[2019-10-09T02:39:57.705+0000][66376.112s] GC(457) ParNew: 1465621K->57910K(1747648K)
[2019-10-09T02:39:57.705+0000][66376.112s] GC(457) CMS: 641895K->642173K(6291456K)
[2019-10-09T02:39:57.705+0000][66376.112s] GC(457) Metaspace: 59201K->59201K(1103872K)
[2019-10-09T02:39:57.705+0000][66376.112s] GC(457) Pause Young (Allocation Failure) 2058M->683M(7850M) 26.373ms
[2019-10-09T02:39:57.705+0000][66376.112s] GC(457) User=0.11s Sys=0.00s Real=0.03s
[2019-10-09T02:41:26.489+0000][66464.896s] GC(458) Pause Young (Allocation Failure)
[2019-10-09T02:41:26.489+0000][66464.896s] GC(458) Using 4 workers of 4 for evacuation
[2019-10-09T02:41:26.518+0000][66464.925s] GC(458) ParNew: 1456054K->66659K(1747648K)
[2019-10-09T02:41:26.518+0000][66464.925s] GC(458) CMS: 642173K->642290K(6291456K)
[2019-10-09T02:41:26.518+0000][66464.925s] GC(458) Metaspace: 59207K->59207K(1103872K)
[2019-10-09T02:41:26.518+0000][66464.925s] GC(458) Pause Young (Allocation Failure) 2049M->692M(7850M) 29.110ms
[2019-10-09T02:41:26.518+0000][66464.925s] GC(458) User=0.11s Sys=0.00s Real=0.03s
[2019-10-09T02:42:49.217+0000][66547.625s] GC(459) Pause Young (Allocation Failure)
[2019-10-09T02:42:49.217+0000][66547.625s] GC(459) Using 4 workers of 4 for evacuation
[2019-10-09T02:42:49.244+0000][66547.651s] GC(459) ParNew: 1464803K->64079K(1747648K)
[2019-10-09T02:42:49.244+0000][66547.651s] GC(459) CMS: 642290K->642670K(6291456K)
[2019-10-09T02:42:49.244+0000][66547.651s] GC(459) Metaspace: 59207K->59207K(1103872K)
[2019-10-09T02:42:49.244+0000][66547.651s] GC(459) Pause Young (Allocation Failure) 2057M->690M(7850M) 26.880ms
[2019-10-09T02:42:49.244+0000][66547.651s] GC(459) User=0.10s Sys=0.00s Real=0.03s
[2019-10-09T02:44:07.980+0000][66626.387s] GC(460) Pause Young (Allocation Failure)
[2019-10-09T02:44:07.980+0000][66626.387s] GC(460) Using 4 workers of 4 for evacuation
[2019-10-09T02:44:08.006+0000][66626.413s] GC(460) ParNew: 1462223K->54620K(1747648K)
[2019-10-09T02:44:08.006+0000][66626.413s] GC(460) CMS: 642670K->642858K(6291456K)
[2019-10-09T02:44:08.006+0000][66626.413s] GC(460) Metaspace: 59207K->59207K(1103872K)
[2019-10-09T02:44:08.006+0000][66626.413s] GC(460) Pause Young (Allocation Failure) 2055M->681M(7850M) 26.506ms
[2019-10-09T02:44:08.006+0000][66626.413s] GC(460) User=0.10s Sys=0.00s Real=0.03s
[2019-10-09T02:45:21.708+0000][66700.116s] GC(461) Pause Young (Allocation Failure)
[2019-10-09T02:45:21.708+0000][66700.116s] GC(461) Using 4 workers of 4 for evacuation
[2019-10-09T02:45:21.739+0000][66700.147s] GC(461) ParNew: 1452764K->52013K(1747648K)
[2019-10-09T02:45:21.739+0000][66700.147s] GC(461) CMS: 642858K->643019K(6291456K)
[2019-10-09T02:45:21.739+0000][66700.147s] GC(461) Metaspace: 59207K->59207K(1103872K)
[2019-10-09T02:45:21.739+0000][66700.147s] GC(461) Pause Young (Allocation Failure) 2046M->678M(7850M) 31.188ms
[2019-10-09T02:45:21.739+0000][66700.147s] GC(461) User=0.11s Sys=0.00s Real=0.03s
[2019-10-09T02:46:24.985+0000][66763.392s] GC(462) Pause Young (Allocation Failure)
[2019-10-09T02:46:24.985+0000][66763.392s] GC(462) Using 4 workers of 4 for evacuation
[2019-10-09T02:46:25.021+0000][66763.428s] GC(462) ParNew: 1450157K->70219K(1747648K)
[2019-10-09T02:46:25.021+0000][66763.428s] GC(462) CMS: 643019K->644960K(6291456K)
[2019-10-09T02:46:25.021+0000][66763.428s] GC(462) Metaspace: 59207K->59207K(1103872K)
[2019-10-09T02:46:25.021+0000][66763.428s] GC(462) Pause Young (Allocation Failure) 2044M->698M(7850M) 36.078ms
[2019-10-09T02:46:25.021+0000][66763.428s] GC(462) User=0.10s Sys=0.00s Real=0.04s
[2019-10-09T02:47:46.221+0000][66844.628s] GC(463) Pause Young (Allocation Failure)
[2019-10-09T02:47:46.221+0000][66844.629s] GC(463) Using 4 workers of 4 for evacuation
[2019-10-09T02:47:46.249+0000][66844.656s] GC(463) ParNew: 1468363K->57360K(1747648K)
[2019-10-09T02:47:46.249+0000][66844.656s] GC(463) CMS: 644960K->647276K(6291456K)
[2019-10-09T02:47:46.249+0000][66844.656s] GC(463) Metaspace: 59207K->59207K(1103872K)
[2019-10-09T02:47:46.249+0000][66844.656s] GC(463) Pause Young (Allocation Failure) 2063M->688M(7850M) 27.962ms
[2019-10-09T02:47:46.249+0000][66844.656s] GC(463) User=0.11s Sys=0.00s Real=0.02s
[2019-10-09T02:48:55.842+0000][66914.249s] GC(464) Pause Young (Allocation Failure)
[2019-10-09T02:48:55.842+0000][66914.249s] GC(464) Using 4 workers of 4 for evacuation
[2019-10-09T02:48:55.868+0000][66914.276s] GC(464) ParNew: 1455504K->68898K(1747648K)
[2019-10-09T02:48:55.868+0000][66914.276s] GC(464) CMS: 647276K->647530K(6291456K)
[2019-10-09T02:48:55.868+0000][66914.276s] GC(464) Metaspace: 59207K->59207K(1103872K)
[2019-10-09T02:48:55.868+0000][66914.276s] GC(464) Pause Young (Allocation Failure) 2053M->699M(7850M) 26.732ms
[2019-10-09T02:48:55.868+0000][66914.276s] GC(464) User=0.10s Sys=0.00s Real=0.02s
[2019-10-09T02:50:09.610+0000][66988.018s] GC(465) Pause Young (Allocation Failure)
[2019-10-09T02:50:09.610+0000][66988.018s] GC(465) Using 4 workers of 4 for evacuation
[2019-10-09T02:50:09.638+0000][66988.046s] GC(465) ParNew: 1467042K->63591K(1747648K)
[2019-10-09T02:50:09.638+0000][66988.046s] GC(465) CMS: 647530K->647728K(6291456K)
[2019-10-09T02:50:09.638+0000][66988.046s] GC(465) Metaspace: 59207K->59207K(1103872K)
[2019-10-09T02:50:09.638+0000][66988.046s] GC(465) Pause Young (Allocation Failure) 2065M->694M(7850M) 27.842ms
[2019-10-09T02:50:09.638+0000][66988.046s] GC(465) User=0.11s Sys=0.00s Real=0.03s
[2019-10-09T02:51:18.384+0000][67056.791s] GC(466) Pause Young (Allocation Failure)
[2019-10-09T02:51:18.384+0000][67056.791s] GC(466) Using 4 workers of 4 for evacuation
[2019-10-09T02:51:18.411+0000][67056.819s] GC(466) ParNew: 1461735K->50821K(1747648K)
[2019-10-09T02:51:18.411+0000][67056.819s] GC(466) CMS: 647728K->648140K(6291456K)
[2019-10-09T02:51:18.411+0000][67056.819s] GC(466) Metaspace: 59207K->59207K(1103872K)
[2019-10-09T02:51:18.411+0000][67056.819s] GC(466) Pause Young (Allocation Failure) 2060M->682M(7850M) 27.755ms
[2019-10-09T02:51:18.411+0000][67056.819s] GC(466) User=0.11s Sys=0.00s Real=0.02s
[2019-10-09T02:52:36.732+0000][67135.139s] GC(467) Pause Young (Allocation Failure)
[2019-10-09T02:52:36.732+0000][67135.139s] GC(467) Using 4 workers of 4 for evacuation
[2019-10-09T02:52:36.758+0000][67135.165s] GC(467) ParNew: 1448965K->70861K(1747648K)
[2019-10-09T02:52:36.758+0000][67135.165s] GC(467) CMS: 648140K->648319K(6291456K)
[2019-10-09T02:52:36.758+0000][67135.165s] GC(467) Metaspace: 59207K->59207K(1103872K)
[2019-10-09T02:52:36.758+0000][67135.165s] GC(467) Pause Young (Allocation Failure) 2047M->702M(7850M) 25.895ms
[2019-10-09T02:52:36.758+0000][67135.165s] GC(467) User=0.10s Sys=0.01s Real=0.03s
[2019-10-09T02:54:06.533+0000][67224.941s] GC(468) Pause Young (Allocation Failure)
[2019-10-09T02:54:06.533+0000][67224.941s] GC(468) Using 4 workers of 4 for evacuation
[2019-10-09T02:54:06.563+0000][67224.970s] GC(468) ParNew: 1469005K->59277K(1747648K)
[2019-10-09T02:54:06.563+0000][67224.970s] GC(468) CMS: 648319K->650515K(6291456K)
[2019-10-09T02:54:06.563+0000][67224.970s] GC(468) Metaspace: 59207K->59207K(1103872K)
[2019-10-09T02:54:06.563+0000][67224.971s] GC(468) Pause Young (Allocation Failure) 2067M->693M(7850M) 29.784ms
[2019-10-09T02:54:06.563+0000][67224.971s] GC(468) User=0.11s Sys=0.00s Real=0.03s
[2019-10-09T02:55:15.019+0000][67293.427s] GC(469) Pause Young (Allocation Failure)
[2019-10-09T02:55:15.019+0000][67293.427s] GC(469) Using 4 workers of 4 for evacuation
[2019-10-09T02:55:15.048+0000][67293.456s] GC(469) ParNew: 1457421K->55770K(1747648K)
[2019-10-09T02:55:15.048+0000][67293.456s] GC(469) CMS: 650515K->650805K(6291456K)
[2019-10-09T02:55:15.048+0000][67293.456s] GC(469) Metaspace: 59207K->59207K(1103872K)
[2019-10-09T02:55:15.048+0000][67293.456s] GC(469) Pause Young (Allocation Failure) 2058M->690M(7850M) 29.042ms
[2019-10-09T02:55:15.048+0000][67293.456s] GC(469) User=0.12s Sys=0.00s Real=0.03s
[2019-10-09T02:56:31.106+0000][67369.514s] GC(470) Pause Young (Allocation Failure)
[2019-10-09T02:56:31.106+0000][67369.514s] GC(470) Using 4 workers of 4 for evacuation
[2019-10-09T02:56:31.134+0000][67369.542s] GC(470) ParNew: 1453914K->73230K(1747648K)
[2019-10-09T02:56:31.134+0000][67369.542s] GC(470) CMS: 650805K->652694K(6291456K)
[2019-10-09T02:56:31.134+0000][67369.542s] GC(470) Metaspace: 59207K->59207K(1103872K)
[2019-10-09T02:56:31.134+0000][67369.542s] GC(470) Pause Young (Allocation Failure) 2055M->708M(7850M) 28.038ms
[2019-10-09T02:56:31.134+0000][67369.542s] GC(470) User=0.11s Sys=0.01s Real=0.03s
[2019-10-09T02:58:06.520+0000][67464.927s] GC(471) Pause Young (Allocation Failure)
[2019-10-09T02:58:06.520+0000][67464.927s] GC(471) Using 4 workers of 4 for evacuation
[2019-10-09T02:58:06.547+0000][67464.954s] GC(471) ParNew: 1471374K->59714K(1747648K)
[2019-10-09T02:58:06.547+0000][67464.954s] GC(471) CMS: 652694K->652917K(6291456K)
[2019-10-09T02:58:06.547+0000][67464.954s] GC(471) Metaspace: 59207K->59207K(1103872K)
[2019-10-09T02:58:06.547+0000][67464.954s] GC(471) Pause Young (Allocation Failure) 2074M->695M(7850M) 27.056ms
[2019-10-09T02:58:06.547+0000][67464.954s] GC(471) User=0.11s Sys=0.00s Real=0.03s
[2019-10-09T02:59:26.287+0000][67544.694s] GC(472) Pause Young (Allocation Failure)
[2019-10-09T02:59:26.287+0000][67544.694s] GC(472) Using 4 workers of 4 for evacuation
[2019-10-09T02:59:26.316+0000][67544.723s] GC(472) ParNew: 1457858K->50551K(1747648K)
[2019-10-09T02:59:26.316+0000][67544.723s] GC(472) CMS: 652917K->656669K(6291456K)
[2019-10-09T02:59:26.316+0000][67544.723s] GC(472) Metaspace: 59208K->59208K(1103872K)
[2019-10-09T02:59:26.316+0000][67544.723s] GC(472) Pause Young (Allocation Failure) 2061M->690M(7850M) 29.302ms
[2019-10-09T02:59:26.316+0000][67544.723s] GC(472) User=0.10s Sys=0.01s Real=0.03s
[2019-10-09T03:00:33.005+0000][67611.413s] GC(473) Pause Young (Allocation Failure)
[2019-10-09T03:00:33.005+0000][67611.413s] GC(473) Using 4 workers of 4 for evacuation
[2019-10-09T03:00:33.034+0000][67611.441s] GC(473) ParNew: 1448695K->65259K(1747648K)
[2019-10-09T03:00:33.034+0000][67611.441s] GC(473) CMS: 656669K->657059K(6291456K)
[2019-10-09T03:00:33.034+0000][67611.441s] GC(473) Metaspace: 59220K->59220K(1103872K)
[2019-10-09T03:00:33.034+0000][67611.441s] GC(473) Pause Young (Allocation Failure) 2056M->705M(7850M) 28.562ms
[2019-10-09T03:00:33.034+0000][67611.441s] GC(473) User=0.11s Sys=0.00s Real=0.03s
[2019-10-09T03:02:03.107+0000][67701.514s] GC(474) Pause Young (Allocation Failure)
[2019-10-09T03:02:03.107+0000][67701.514s] GC(474) Using 4 workers of 4 for evacuation
[2019-10-09T03:02:03.137+0000][67701.545s] GC(474) ParNew: 1463403K->65312K(1747648K)
[2019-10-09T03:02:03.137+0000][67701.545s] GC(474) CMS: 657059K->657253K(6291456K)
[2019-10-09T03:02:03.137+0000][67701.545s] GC(474) Metaspace: 59221K->59221K(1103872K)
[2019-10-09T03:02:03.137+0000][67701.545s] GC(474) Pause Young (Allocation Failure) 2070M->705M(7850M) 30.379ms
[2019-10-09T03:02:03.137+0000][67701.545s] GC(474) User=0.12s Sys=0.00s Real=0.03s
[2019-10-09T03:03:25.253+0000][67783.660s] GC(475) Pause Young (Allocation Failure)
[2019-10-09T03:03:25.253+0000][67783.661s] GC(475) Using 4 workers of 4 for evacuation
[2019-10-09T03:03:25.284+0000][67783.691s] GC(475) ParNew: 1463456K->68395K(1747648K)
[2019-10-09T03:03:25.284+0000][67783.691s] GC(475) CMS: 657253K->657551K(6291456K)
[2019-10-09T03:03:25.284+0000][67783.691s] GC(475) Metaspace: 59221K->59221K(1103872K)
[2019-10-09T03:03:25.284+0000][67783.691s] GC(475) Pause Young (Allocation Failure) 2071M->708M(7850M) 30.539ms
[2019-10-09T03:03:25.284+0000][67783.691s] GC(475) User=0.12s Sys=0.00s Real=0.03s
[2019-10-09T03:04:54.333+0000][67872.740s] GC(476) Pause Young (Allocation Failure)
[2019-10-09T03:04:54.333+0000][67872.741s] GC(476) Using 4 workers of 4 for evacuation
[2019-10-09T03:04:54.361+0000][67872.769s] GC(476) ParNew: 1466509K->64345K(1747648K)
[2019-10-09T03:04:54.361+0000][67872.769s] GC(476) CMS: 657551K->657850K(6291456K)
[2019-10-09T03:04:54.362+0000][67872.769s] GC(476) Metaspace: 59221K->59221K(1103872K)
[2019-10-09T03:04:54.362+0000][67872.769s] GC(476) Pause Young (Allocation Failure) 2074M->705M(7850M) 28.452ms
[2019-10-09T03:04:54.362+0000][67872.769s] GC(476) User=0.11s Sys=0.00s Real=0.03s
[2019-10-09T03:06:23.967+0000][67962.374s] GC(477) Pause Young (Allocation Failure)
[2019-10-09T03:06:23.967+0000][67962.374s] GC(477) Using 4 workers of 4 for evacuation
[2019-10-09T03:06:24.006+0000][67962.413s] GC(477) ParNew: 1462489K->56817K(1747648K)
[2019-10-09T03:06:24.006+0000][67962.414s] GC(477) CMS: 657850K->658128K(6291456K)
[2019-10-09T03:06:24.006+0000][67962.414s] GC(477) Metaspace: 59221K->59221K(1103872K)
[2019-10-09T03:06:24.006+0000][67962.414s] GC(477) Pause Young (Allocation Failure) 2070M->698M(7850M) 39.143ms
[2019-10-09T03:06:24.006+0000][67962.414s] GC(477) User=0.11s Sys=0.00s Real=0.04s
[2019-10-09T03:07:41.853+0000][68040.261s] GC(478) Pause Young (Allocation Failure)
[2019-10-09T03:07:41.853+0000][68040.261s] GC(478) Using 4 workers of 4 for evacuation
[2019-10-09T03:07:41.883+0000][68040.290s] GC(478) ParNew: 1454961K->59818K(1747648K)
[2019-10-09T03:07:41.883+0000][68040.290s] GC(478) CMS: 658128K->658408K(6291456K)
[2019-10-09T03:07:41.883+0000][68040.290s] GC(478) Metaspace: 59221K->59221K(1103872K)
[2019-10-09T03:07:41.883+0000][68040.290s] GC(478) Pause Young (Allocation Failure) 2063M->701M(7850M) 29.568ms
[2019-10-09T03:07:41.883+0000][68040.290s] GC(478) User=0.11s Sys=0.00s Real=0.03s
[2019-10-09T03:09:03.791+0000][68122.198s] GC(479) Pause Young (Allocation Failure)
[2019-10-09T03:09:03.791+0000][68122.198s] GC(479) Using 4 workers of 4 for evacuation
[2019-10-09T03:09:03.819+0000][68122.226s] GC(479) ParNew: 1457962K->78602K(1747648K)
[2019-10-09T03:09:03.819+0000][68122.226s] GC(479) CMS: 658408K->658630K(6291456K)
[2019-10-09T03:09:03.819+0000][68122.226s] GC(479) Metaspace: 59221K->59221K(1103872K)
[2019-10-09T03:09:03.819+0000][68122.226s] GC(479) Pause Young (Allocation Failure) 2066M->719M(7850M) 27.718ms
[2019-10-09T03:09:03.819+0000][68122.226s] GC(479) User=0.11s Sys=0.00s Real=0.03s
[2019-10-09T03:10:34.547+0000][68212.954s] GC(480) Pause Young (Allocation Failure)
[2019-10-09T03:10:34.547+0000][68212.954s] GC(480) Using 4 workers of 4 for evacuation
[2019-10-09T03:10:34.574+0000][68212.982s] GC(480) ParNew: 1476746K->54236K(1747648K)
[2019-10-09T03:10:34.574+0000][68212.982s] GC(480) CMS: 658630K->658883K(6291456K)
[2019-10-09T03:10:34.574+0000][68212.982s] GC(480) Metaspace: 59221K->59221K(1103872K)
[2019-10-09T03:10:34.574+0000][68212.982s] GC(480) Pause Young (Allocation Failure) 2085M->696M(7850M) 27.734ms
[2019-10-09T03:10:34.574+0000][68212.982s] GC(480) User=0.11s Sys=0.00s Real=0.03s
[2019-10-09T03:11:58.817+0000][68297.225s] GC(481) Pause Young (Allocation Failure)
[2019-10-09T03:11:58.818+0000][68297.225s] GC(481) Using 4 workers of 4 for evacuation
[2019-10-09T03:11:58.845+0000][68297.252s] GC(481) ParNew: 1452380K->70160K(1747648K)
[2019-10-09T03:11:58.845+0000][68297.252s] GC(481) CMS: 658883K->659038K(6291456K)
[2019-10-09T03:11:58.845+0000][68297.252s] GC(481) Metaspace: 59225K->59225K(1103872K)
[2019-10-09T03:11:58.845+0000][68297.252s] GC(481) Pause Young (Allocation Failure) 2061M->712M(7850M) 27.532ms
[2019-10-09T03:11:58.845+0000][68297.252s] GC(481) User=0.10s Sys=0.00s Real=0.03s
[2019-10-09T03:13:18.589+0000][68376.996s] GC(482) Pause Young (Allocation Failure)
[2019-10-09T03:13:18.589+0000][68376.997s] GC(482) Using 4 workers of 4 for evacuation
[2019-10-09T03:13:18.618+0000][68377.025s] GC(482) ParNew: 1468304K->64311K(1747648K)
[2019-10-09T03:13:18.618+0000][68377.026s] GC(482) CMS: 659038K->659523K(6291456K)
[2019-10-09T03:13:18.618+0000][68377.026s] GC(482) Metaspace: 59225K->59225K(1103872K)
[2019-10-09T03:13:18.618+0000][68377.026s] GC(482) Pause Young (Allocation Failure) 2077M->706M(7850M) 29.111ms
[2019-10-09T03:13:18.618+0000][68377.026s] GC(482) User=0.10s Sys=0.00s Real=0.03s
[2019-10-09T03:14:39.068+0000][68457.475s] GC(483) Pause Young (Allocation Failure)
[2019-10-09T03:14:39.068+0000][68457.475s] GC(483) Using 4 workers of 4 for evacuation
[2019-10-09T03:14:39.096+0000][68457.504s] GC(483) ParNew: 1462455K->57837K(1747648K)
[2019-10-09T03:14:39.096+0000][68457.504s] GC(483) CMS: 659523K->659730K(6291456K)
[2019-10-09T03:14:39.096+0000][68457.504s] GC(483) Metaspace: 59225K->59225K(1103872K)
[2019-10-09T03:14:39.096+0000][68457.504s] GC(483) Pause Young (Allocation Failure) 2072M->700M(7850M) 28.822ms
[2019-10-09T03:14:39.096+0000][68457.504s] GC(483) User=0.11s Sys=0.00s Real=0.03s
[2019-10-09T03:15:52.723+0000][68531.130s] GC(484) Pause Young (Allocation Failure)
[2019-10-09T03:15:52.723+0000][68531.130s] GC(484) Using 4 workers of 4 for evacuation
[2019-10-09T03:15:52.753+0000][68531.161s] GC(484) ParNew: 1455981K->63822K(1747648K)
[2019-10-09T03:15:52.753+0000][68531.161s] GC(484) CMS: 659730K->661662K(6291456K)
[2019-10-09T03:15:52.753+0000][68531.161s] GC(484) Metaspace: 59225K->59225K(1103872K)
[2019-10-09T03:15:52.753+0000][68531.161s] GC(484) Pause Young (Allocation Failure) 2066M->708M(7850M) 30.489ms
[2019-10-09T03:15:52.753+0000][68531.161s] GC(484) User=0.12s Sys=0.00s Real=0.03s
[2019-10-09T03:17:18.618+0000][68617.025s] GC(485) Pause Young (Allocation Failure)
[2019-10-09T03:17:18.618+0000][68617.025s] GC(485) Using 4 workers of 4 for evacuation
[2019-10-09T03:17:18.648+0000][68617.056s] GC(485) ParNew: 1461966K->62841K(1747648K)
[2019-10-09T03:17:18.648+0000][68617.056s] GC(485) CMS: 661662K->663761K(6291456K)
[2019-10-09T03:17:18.648+0000][68617.056s] GC(485) Metaspace: 59225K->59225K(1103872K)
[2019-10-09T03:17:18.648+0000][68617.056s] GC(485) Pause Young (Allocation Failure) 2073M->709M(7850M) 30.592ms
[2019-10-09T03:17:18.648+0000][68617.056s] GC(485) User=0.11s Sys=0.01s Real=0.03s
[2019-10-09T03:18:33.351+0000][68691.758s] GC(486) Pause Young (Allocation Failure)
[2019-10-09T03:18:33.351+0000][68691.758s] GC(486) Using 4 workers of 4 for evacuation
[2019-10-09T03:18:33.380+0000][68691.788s] GC(486) ParNew: 1460985K->60656K(1747648K)
[2019-10-09T03:18:33.380+0000][68691.788s] GC(486) CMS: 663761K->664144K(6291456K)
[2019-10-09T03:18:33.380+0000][68691.788s] GC(486) Metaspace: 59225K->59225K(1103872K)
[2019-10-09T03:18:33.380+0000][68691.788s] GC(486) Pause Young (Allocation Failure) 2074M->707M(7850M) 29.354ms
[2019-10-09T03:18:33.380+0000][68691.788s] GC(486) User=0.12s Sys=0.00s Real=0.04s
[2019-10-09T03:19:48.447+0000][68766.854s] GC(487) Pause Young (Allocation Failure)
[2019-10-09T03:19:48.447+0000][68766.854s] GC(487) Using 4 workers of 4 for evacuation
[2019-10-09T03:19:48.477+0000][68766.884s] GC(487) ParNew: 1458800K->62803K(1747648K)
[2019-10-09T03:19:48.477+0000][68766.884s] GC(487) CMS: 664144K->664304K(6291456K)
[2019-10-09T03:19:48.477+0000][68766.884s] GC(487) Metaspace: 59225K->59225K(1103872K)
[2019-10-09T03:19:48.477+0000][68766.884s] GC(487) Pause Young (Allocation Failure) 2073M->710M(7850M) 30.233ms
[2019-10-09T03:19:48.477+0000][68766.884s] GC(487) User=0.12s Sys=0.00s Real=0.03s
[2019-10-09T03:20:57.926+0000][68836.333s] GC(488) Pause Young (Allocation Failure)
[2019-10-09T03:20:57.926+0000][68836.333s] GC(488) Using 4 workers of 4 for evacuation
[2019-10-09T03:20:57.957+0000][68836.364s] GC(488) ParNew: 1460947K->59018K(1747648K)
[2019-10-09T03:20:57.957+0000][68836.364s] GC(488) CMS: 664304K->664534K(6291456K)
[2019-10-09T03:20:57.957+0000][68836.364s] GC(488) Metaspace: 59225K->59225K(1103872K)
[2019-10-09T03:20:57.957+0000][68836.364s] GC(488) Pause Young (Allocation Failure) 2075M->706M(7850M) 31.013ms
[2019-10-09T03:20:57.957+0000][68836.364s] GC(488) User=0.12s Sys=0.00s Real=0.03s
[2019-10-09T03:22:05.519+0000][68903.926s] GC(489) Pause Young (Allocation Failure)
[2019-10-09T03:22:05.519+0000][68903.926s] GC(489) Using 4 workers of 4 for evacuation
[2019-10-09T03:22:05.549+0000][68903.956s] GC(489) ParNew: 1457162K->72999K(1747648K)
[2019-10-09T03:22:05.549+0000][68903.956s] GC(489) CMS: 664534K->664761K(6291456K)
[2019-10-09T03:22:05.549+0000][68903.956s] GC(489) Metaspace: 59225K->59225K(1103872K)
[2019-10-09T03:22:05.549+0000][68903.956s] GC(489) Pause Young (Allocation Failure) 2071M->720M(7850M) 30.141ms
[2019-10-09T03:22:05.549+0000][68903.956s] GC(489) User=0.12s Sys=0.01s Real=0.03s
[2019-10-09T03:23:31.447+0000][68989.855s] GC(490) Pause Young (Allocation Failure)
[2019-10-09T03:23:31.447+0000][68989.855s] GC(490) Using 4 workers of 4 for evacuation
[2019-10-09T03:23:31.477+0000][68989.885s] GC(490) ParNew: 1471143K->66626K(1747648K)
[2019-10-09T03:23:31.477+0000][68989.885s] GC(490) CMS: 664761K->665068K(6291456K)
[2019-10-09T03:23:31.477+0000][68989.885s] GC(490) Metaspace: 59225K->59225K(1103872K)
[2019-10-09T03:23:31.478+0000][68989.885s] GC(490) Pause Young (Allocation Failure) 2085M->714M(7850M) 30.230ms
[2019-10-09T03:23:31.478+0000][68989.885s] GC(490) User=0.11s Sys=0.00s Real=0.03s
[2019-10-09T03:24:43.739+0000][69062.147s] GC(491) Pause Young (Allocation Failure)
[2019-10-09T03:24:43.740+0000][69062.147s] GC(491) Using 4 workers of 4 for evacuation
[2019-10-09T03:24:43.774+0000][69062.181s] GC(491) ParNew: 1464770K->55026K(1747648K)
[2019-10-09T03:24:43.774+0000][69062.181s] GC(491) CMS: 665068K->665420K(6291456K)
[2019-10-09T03:24:43.774+0000][69062.181s] GC(491) Metaspace: 59225K->59225K(1103872K)
[2019-10-09T03:24:43.774+0000][69062.181s] GC(491) Pause Young (Allocation Failure) 2079M->703M(7850M) 34.492ms
[2019-10-09T03:24:43.774+0000][69062.181s] GC(491) User=0.10s Sys=0.00s Real=0.04s
[2019-10-09T03:25:56.994+0000][69135.401s] GC(492) Pause Young (Allocation Failure)
[2019-10-09T03:25:56.994+0000][69135.401s] GC(492) Using 4 workers of 4 for evacuation
[2019-10-09T03:25:57.028+0000][69135.435s] GC(492) ParNew: 1453170K->74328K(1747648K)
[2019-10-09T03:25:57.028+0000][69135.435s] GC(492) CMS: 665420K->667347K(6291456K)
[2019-10-09T03:25:57.028+0000][69135.435s] GC(492) Metaspace: 59225K->59225K(1103872K)
[2019-10-09T03:25:57.028+0000][69135.435s] GC(492) Pause Young (Allocation Failure) 2068M->724M(7850M) 33.900ms
[2019-10-09T03:25:57.028+0000][69135.435s] GC(492) User=0.13s Sys=0.00s Real=0.03s
[2019-10-09T03:27:03.566+0000][69201.974s] GC(493) Pause Young (Allocation Failure)
[2019-10-09T03:27:03.566+0000][69201.974s] GC(493) Using 4 workers of 4 for evacuation
[2019-10-09T03:27:03.595+0000][69202.003s] GC(493) ParNew: 1472472K->62669K(1747648K)
[2019-10-09T03:27:03.595+0000][69202.003s] GC(493) CMS: 667347K->667771K(6291456K)
[2019-10-09T03:27:03.595+0000][69202.003s] GC(493) Metaspace: 59225K->59225K(1103872K)
[2019-10-09T03:27:03.596+0000][69202.003s] GC(493) Pause Young (Allocation Failure) 2089M->713M(7850M) 29.097ms
[2019-10-09T03:27:03.596+0000][69202.003s] GC(493) User=0.11s Sys=0.00s Real=0.03s
[2019-10-09T03:28:37.954+0000][69296.361s] GC(494) Pause Young (Allocation Failure)
[2019-10-09T03:28:37.954+0000][69296.361s] GC(494) Using 4 workers of 4 for evacuation
[2019-10-09T03:28:37.982+0000][69296.389s] GC(494) ParNew: 1460813K->65876K(1747648K)
[2019-10-09T03:28:37.982+0000][69296.389s] GC(494) CMS: 667771K->669741K(6291456K)
[2019-10-09T03:28:37.982+0000][69296.389s] GC(494) Metaspace: 59225K->59225K(1103872K)
[2019-10-09T03:28:37.982+0000][69296.389s] GC(494) Pause Young (Allocation Failure) 2078M->718M(7850M) 28.212ms
[2019-10-09T03:28:37.982+0000][69296.389s] GC(494) User=0.11s Sys=0.00s Real=0.03s
[2019-10-09T03:29:52.683+0000][69371.091s] GC(495) Pause Young (Allocation Failure)
[2019-10-09T03:29:52.683+0000][69371.091s] GC(495) Using 4 workers of 4 for evacuation
[2019-10-09T03:29:52.709+0000][69371.117s] GC(495) ParNew: 1464020K->59520K(1747648K)
[2019-10-09T03:29:52.709+0000][69371.117s] GC(495) CMS: 669741K->670211K(6291456K)
[2019-10-09T03:29:52.709+0000][69371.117s] GC(495) Metaspace: 59225K->59225K(1103872K)
[2019-10-09T03:29:52.710+0000][69371.117s] GC(495) Pause Young (Allocation Failure) 2083M->712M(7850M) 26.200ms
[2019-10-09T03:29:52.710+0000][69371.117s] GC(495) User=0.10s Sys=0.00s Real=0.02s
[2019-10-09T03:31:09.818+0000][69448.226s] GC(496) Pause Young (Allocation Failure)
[2019-10-09T03:31:09.819+0000][69448.226s] GC(496) Using 4 workers of 4 for evacuation
[2019-10-09T03:31:09.845+0000][69448.252s] GC(496) ParNew: 1457664K->55692K(1747648K)
[2019-10-09T03:31:09.845+0000][69448.252s] GC(496) CMS: 670211K->670412K(6291456K)
[2019-10-09T03:31:09.845+0000][69448.252s] GC(496) Metaspace: 59225K->59225K(1103872K)
[2019-10-09T03:31:09.845+0000][69448.252s] GC(496) Pause Young (Allocation Failure) 2078M->709M(7850M) 26.658ms
[2019-10-09T03:31:09.845+0000][69448.252s] GC(496) User=0.11s Sys=0.00s Real=0.03s
[2019-10-09T03:32:45.175+0000][69543.582s] GC(497) Pause Young (Allocation Failure)
[2019-10-09T03:32:45.175+0000][69543.583s] GC(497) Using 4 workers of 4 for evacuation
[2019-10-09T03:32:45.202+0000][69543.609s] GC(497) ParNew: 1453836K->76462K(1747648K)
[2019-10-09T03:32:45.202+0000][69543.609s] GC(497) CMS: 670412K->670648K(6291456K)
[2019-10-09T03:32:45.202+0000][69543.609s] GC(497) Metaspace: 59225K->59225K(1103872K)
[2019-10-09T03:32:45.202+0000][69543.609s] GC(497) Pause Young (Allocation Failure) 2074M->729M(7850M) 26.679ms
[2019-10-09T03:32:45.202+0000][69543.609s] GC(497) User=0.10s Sys=0.00s Real=0.03s
[2019-10-09T03:33:59.022+0000][69617.430s] GC(498) Pause Young (Allocation Failure)
[2019-10-09T03:33:59.022+0000][69617.430s] GC(498) Using 4 workers of 4 for evacuation
[2019-10-09T03:33:59.053+0000][69617.460s] GC(498) ParNew: 1474606K->64432K(1747648K)
[2019-10-09T03:33:59.053+0000][69617.460s] GC(498) CMS: 670648K->670823K(6291456K)
[2019-10-09T03:33:59.053+0000][69617.460s] GC(498) Metaspace: 59225K->59225K(1103872K)
[2019-10-09T03:33:59.053+0000][69617.460s] GC(498) Pause Young (Allocation Failure) 2094M->718M(7850M) 30.441ms
[2019-10-09T03:33:59.053+0000][69617.460s] GC(498) User=0.11s Sys=0.00s Real=0.03s
[2019-10-09T03:35:25.272+0000][69703.679s] GC(499) Pause Young (Allocation Failure)
[2019-10-09T03:35:25.272+0000][69703.679s] GC(499) Using 4 workers of 4 for evacuation
[2019-10-09T03:35:25.298+0000][69703.706s] GC(499) ParNew: 1462576K->77307K(1747648K)
[2019-10-09T03:35:25.298+0000][69703.706s] GC(499) CMS: 670823K->671060K(6291456K)
[2019-10-09T03:35:25.298+0000][69703.706s] GC(499) Metaspace: 59225K->59225K(1103872K)
[2019-10-09T03:35:25.298+0000][69703.706s] GC(499) Pause Young (Allocation Failure) 2083M->730M(7850M) 26.765ms
[2019-10-09T03:35:25.298+0000][69703.706s] GC(499) User=0.10s Sys=0.00s Real=0.03s
[2019-10-09T03:36:43.056+0000][69781.464s] GC(500) Pause Young (Allocation Failure)
[2019-10-09T03:36:43.056+0000][69781.464s] GC(500) Using 4 workers of 4 for evacuation
[2019-10-09T03:36:43.083+0000][69781.491s] GC(500) ParNew: 1475451K->63240K(1747648K)
[2019-10-09T03:36:43.083+0000][69781.491s] GC(500) CMS: 671060K->671216K(6291456K)
[2019-10-09T03:36:43.083+0000][69781.491s] GC(500) Metaspace: 59226K->59226K(1103872K)
[2019-10-09T03:36:43.083+0000][69781.491s] GC(500) Pause Young (Allocation Failure) 2096M->717M(7850M) 27.143ms
[2019-10-09T03:36:43.083+0000][69781.491s] GC(500) User=0.11s Sys=0.00s Real=0.03s
[2019-10-09T03:38:01.778+0000][69860.185s] GC(501) Pause Young (Allocation Failure)
[2019-10-09T03:38:01.778+0000][69860.185s] GC(501) Using 4 workers of 4 for evacuation
[2019-10-09T03:38:01.805+0000][69860.213s] GC(501) ParNew: 1461384K->64343K(1747648K)
[2019-10-09T03:38:01.805+0000][69860.213s] GC(501) CMS: 671216K->673068K(6291456K)
[2019-10-09T03:38:01.805+0000][69860.213s] GC(501) Metaspace: 59226K->59226K(1103872K)
[2019-10-09T03:38:01.805+0000][69860.213s] GC(501) Pause Young (Allocation Failure) 2082M->720M(7850M) 27.526ms
[2019-10-09T03:38:01.805+0000][69860.213s] GC(501) User=0.11s Sys=0.00s Real=0.03s
[2019-10-09T03:39:14.321+0000][69932.728s] GC(502) Pause Young (Allocation Failure)
[2019-10-09T03:39:14.321+0000][69932.729s] GC(502) Using 4 workers of 4 for evacuation
[2019-10-09T03:39:14.349+0000][69932.757s] GC(502) ParNew: 1462487K->60553K(1747648K)
[2019-10-09T03:39:14.349+0000][69932.757s] GC(502) CMS: 673068K->673300K(6291456K)
[2019-10-09T03:39:14.349+0000][69932.757s] GC(502) Metaspace: 59226K->59226K(1103872K)
[2019-10-09T03:39:14.349+0000][69932.757s] GC(502) Pause Young (Allocation Failure) 2085M->716M(7850M) 28.250ms
[2019-10-09T03:39:14.349+0000][69932.757s] GC(502) User=0.11s Sys=0.00s Real=0.02s
[2019-10-09T03:40:39.023+0000][70017.431s] GC(503) Pause Young (Allocation Failure)
[2019-10-09T03:40:39.024+0000][70017.431s] GC(503) Using 4 workers of 4 for evacuation
[2019-10-09T03:40:39.050+0000][70017.458s] GC(503) ParNew: 1458697K->64133K(1747648K)
[2019-10-09T03:40:39.050+0000][70017.458s] GC(503) CMS: 673300K->673504K(6291456K)
[2019-10-09T03:40:39.050+0000][70017.458s] GC(503) Metaspace: 59227K->59227K(1103872K)
[2019-10-09T03:40:39.050+0000][70017.458s] GC(503) Pause Young (Allocation Failure) 2082M->720M(7850M) 26.901ms
[2019-10-09T03:40:39.050+0000][70017.458s] GC(503) User=0.10s Sys=0.00s Real=0.02s
[2019-10-09T03:42:03.651+0000][70102.058s] GC(504) Pause Young (Allocation Failure)
[2019-10-09T03:42:03.651+0000][70102.058s] GC(504) Using 4 workers of 4 for evacuation
[2019-10-09T03:42:03.679+0000][70102.086s] GC(504) ParNew: 1462277K->54354K(1747648K)
[2019-10-09T03:42:03.679+0000][70102.086s] GC(504) CMS: 673504K->673739K(6291456K)
[2019-10-09T03:42:03.679+0000][70102.086s] GC(504) Metaspace: 59227K->59227K(1103872K)
[2019-10-09T03:42:03.679+0000][70102.087s] GC(504) Pause Young (Allocation Failure) 2085M->711M(7850M) 28.260ms
[2019-10-09T03:42:03.679+0000][70102.087s] GC(504) User=0.11s Sys=0.00s Real=0.03s
[2019-10-09T03:43:18.508+0000][70176.915s] GC(505) Pause Young (Allocation Failure)
[2019-10-09T03:43:18.508+0000][70176.915s] GC(505) Using 4 workers of 4 for evacuation
[2019-10-09T03:43:18.538+0000][70176.945s] GC(505) ParNew: 1452498K->62544K(1747648K)
[2019-10-09T03:43:18.538+0000][70176.945s] GC(505) CMS: 673739K->675377K(6291456K)
[2019-10-09T03:43:18.538+0000][70176.945s] GC(505) Metaspace: 59227K->59227K(1103872K)
[2019-10-09T03:43:18.538+0000][70176.945s] GC(505) Pause Young (Allocation Failure) 2076M->720M(7850M) 30.110ms
[2019-10-09T03:43:18.538+0000][70176.945s] GC(505) User=0.11s Sys=0.00s Real=0.03s
[2019-10-09T03:44:48.613+0000][70267.020s] GC(506) Pause Young (Allocation Failure)
[2019-10-09T03:44:48.613+0000][70267.020s] GC(506) Using 4 workers of 4 for evacuation
[2019-10-09T03:44:48.641+0000][70267.048s] GC(506) ParNew: 1460688K->63649K(1747648K)
[2019-10-09T03:44:48.641+0000][70267.048s] GC(506) CMS: 675377K->675827K(6291456K)
[2019-10-09T03:44:48.641+0000][70267.048s] GC(506) Metaspace: 59227K->59227K(1103872K)
[2019-10-09T03:44:48.641+0000][70267.048s] GC(506) Pause Young (Allocation Failure) 2086M->722M(7850M) 27.865ms
[2019-10-09T03:44:48.641+0000][70267.048s] GC(506) User=0.12s Sys=0.00s Real=0.03s
[2019-10-09T03:46:01.191+0000][70339.598s] GC(507) Pause Young (Allocation Failure)
[2019-10-09T03:46:01.191+0000][70339.599s] GC(507) Using 4 workers of 4 for evacuation
[2019-10-09T03:46:01.220+0000][70339.627s] GC(507) ParNew: 1461793K->61658K(1747648K)
[2019-10-09T03:46:01.220+0000][70339.627s] GC(507) CMS: 675827K->676130K(6291456K)
[2019-10-09T03:46:01.220+0000][70339.627s] GC(507) Metaspace: 59228K->59228K(1103872K)
[2019-10-09T03:46:01.220+0000][70339.627s] GC(507) Pause Young (Allocation Failure) 2087M->720M(7850M) 29.019ms
[2019-10-09T03:46:01.220+0000][70339.628s] GC(507) User=0.10s Sys=0.01s Real=0.04s
[2019-10-09T03:47:26.762+0000][70425.169s] GC(508) Pause Young (Allocation Failure)
[2019-10-09T03:47:26.762+0000][70425.169s] GC(508) Using 4 workers of 4 for evacuation
[2019-10-09T03:47:26.789+0000][70425.197s] GC(508) ParNew: 1459802K->79085K(1747648K)
[2019-10-09T03:47:26.789+0000][70425.197s] GC(508) CMS: 676130K->676491K(6291456K)
[2019-10-09T03:47:26.789+0000][70425.197s] GC(508) Metaspace: 59228K->59228K(1103872K)
[2019-10-09T03:47:26.789+0000][70425.197s] GC(508) Pause Young (Allocation Failure) 2085M->737M(7850M) 27.378ms
[2019-10-09T03:47:26.789+0000][70425.197s] GC(508) User=0.11s Sys=0.00s Real=0.02s
[2019-10-09T03:49:14.571+0000][70532.979s] GC(509) Pause Young (Allocation Failure)
[2019-10-09T03:49:14.571+0000][70532.979s] GC(509) Using 4 workers of 4 for evacuation
[2019-10-09T03:49:14.599+0000][70533.006s] GC(509) ParNew: 1477229K->64514K(1747648K)
[2019-10-09T03:49:14.599+0000][70533.006s] GC(509) CMS: 676491K->676781K(6291456K)
[2019-10-09T03:49:14.599+0000][70533.006s] GC(509) Metaspace: 59228K->59228K(1103872K)
[2019-10-09T03:49:14.599+0000][70533.006s] GC(509) Pause Young (Allocation Failure) 2103M->723M(7850M) 27.431ms
[2019-10-09T03:49:14.599+0000][70533.006s] GC(509) User=0.11s Sys=0.00s Real=0.03s
[2019-10-09T03:50:41.935+0000][70620.342s] GC(510) Pause Young (Allocation Failure)
[2019-10-09T03:50:41.935+0000][70620.342s] GC(510) Using 4 workers of 4 for evacuation
[2019-10-09T03:50:41.963+0000][70620.370s] GC(510) ParNew: 1462658K->53260K(1747648K)
[2019-10-09T03:50:41.963+0000][70620.370s] GC(510) CMS: 676781K->677319K(6291456K)
[2019-10-09T03:50:41.963+0000][70620.370s] GC(510) Metaspace: 59228K->59228K(1103872K)
[2019-10-09T03:50:41.963+0000][70620.370s] GC(510) Pause Young (Allocation Failure) 2089M->713M(7850M) 28.433ms
[2019-10-09T03:50:41.963+0000][70620.370s] GC(510) User=0.10s Sys=0.01s Real=0.03s
[2019-10-09T03:52:14.037+0000][70712.444s] GC(511) Pause Young (Allocation Failure)
[2019-10-09T03:52:14.037+0000][70712.445s] GC(511) Using 4 workers of 4 for evacuation
[2019-10-09T03:52:14.064+0000][70712.472s] GC(511) ParNew: 1451404K->62185K(1747648K)
[2019-10-09T03:52:14.064+0000][70712.472s] GC(511) CMS: 677319K->677547K(6291456K)
[2019-10-09T03:52:14.064+0000][70712.472s] GC(511) Metaspace: 59228K->59228K(1103872K)
[2019-10-09T03:52:14.064+0000][70712.472s] GC(511) Pause Young (Allocation Failure) 2078M->722M(7850M) 27.133ms
[2019-10-09T03:52:14.064+0000][70712.472s] GC(511) User=0.10s Sys=0.00s Real=0.03s
[2019-10-09T03:53:55.514+0000][70813.922s] GC(512) Pause Young (Allocation Failure)
[2019-10-09T03:53:55.515+0000][70813.922s] GC(512) Using 4 workers of 4 for evacuation
[2019-10-09T03:53:55.543+0000][70813.950s] GC(512) ParNew: 1460329K->54348K(1747648K)
[2019-10-09T03:53:55.543+0000][70813.950s] GC(512) CMS: 677547K->679087K(6291456K)
[2019-10-09T03:53:55.543+0000][70813.950s] GC(512) Metaspace: 59228K->59228K(1103872K)
[2019-10-09T03:53:55.543+0000][70813.950s] GC(512) Pause Young (Allocation Failure) 2087M->716M(7850M) 28.194ms
[2019-10-09T03:53:55.543+0000][70813.950s] GC(512) User=0.11s Sys=0.00s Real=0.03s
[2019-10-09T03:55:23.246+0000][70901.653s] GC(513) Pause Young (Allocation Failure)
[2019-10-09T03:55:23.246+0000][70901.653s] GC(513) Using 4 workers of 4 for evacuation
[2019-10-09T03:55:23.272+0000][70901.679s] GC(513) ParNew: 1452492K->79329K(1747648K)
[2019-10-09T03:55:23.272+0000][70901.679s] GC(513) CMS: 679087K->679592K(6291456K)
[2019-10-09T03:55:23.272+0000][70901.680s] GC(513) Metaspace: 59228K->59228K(1103872K)
[2019-10-09T03:55:23.272+0000][70901.680s] GC(513) Pause Young (Allocation Failure) 2081M->741M(7850M) 26.159ms
[2019-10-09T03:55:23.272+0000][70901.680s] GC(513) User=0.10s Sys=0.00s Real=0.03s
[2019-10-09T03:56:50.374+0000][70988.781s] GC(514) Pause Young (Allocation Failure)
[2019-10-09T03:56:50.374+0000][70988.781s] GC(514) Using 4 workers of 4 for evacuation
[2019-10-09T03:56:50.402+0000][70988.810s] GC(514) ParNew: 1477473K->58358K(1747648K)
[2019-10-09T03:56:50.402+0000][70988.810s] GC(514) CMS: 679592K->679878K(6291456K)
[2019-10-09T03:56:50.402+0000][70988.810s] GC(514) Metaspace: 59228K->59228K(1103872K)
[2019-10-09T03:56:50.402+0000][70988.810s] GC(514) Pause Young (Allocation Failure) 2106M->720M(7850M) 28.364ms
[2019-10-09T03:56:50.402+0000][70988.810s] GC(514) User=0.11s Sys=0.00s Real=0.03s
[2019-10-09T03:58:21.689+0000][71080.096s] GC(515) Pause Young (Allocation Failure)
[2019-10-09T03:58:21.689+0000][71080.096s] GC(515) Using 4 workers of 4 for evacuation
[2019-10-09T03:58:21.716+0000][71080.123s] GC(515) ParNew: 1456480K->59275K(1747648K)
[2019-10-09T03:58:21.716+0000][71080.123s] GC(515) CMS: 679878K->680053K(6291456K)
[2019-10-09T03:58:21.716+0000][71080.123s] GC(515) Metaspace: 59228K->59228K(1103872K)
[2019-10-09T03:58:21.716+0000][71080.123s] GC(515) Pause Young (Allocation Failure) 2086M->722M(7850M) 27.026ms
[2019-10-09T03:58:21.716+0000][71080.123s] GC(515) User=0.10s Sys=0.00s Real=0.03s
[2019-10-09T03:59:49.263+0000][71167.671s] GC(516) Pause Young (Allocation Failure)
[2019-10-09T03:59:49.263+0000][71167.671s] GC(516) Using 4 workers of 4 for evacuation
[2019-10-09T03:59:49.290+0000][71167.698s] GC(516) ParNew: 1457419K->60659K(1747648K)
[2019-10-09T03:59:49.290+0000][71167.698s] GC(516) CMS: 680053K->680345K(6291456K)
[2019-10-09T03:59:49.290+0000][71167.698s] GC(516) Metaspace: 59228K->59228K(1103872K)
[2019-10-09T03:59:49.290+0000][71167.698s] GC(516) Pause Young (Allocation Failure) 2087M->723M(7850M) 27.190ms
[2019-10-09T03:59:49.290+0000][71167.698s] GC(516) User=0.11s Sys=0.00s Real=0.02s
[2019-10-09T04:01:20.816+0000][71259.223s] GC(517) Pause Young (Allocation Failure)
[2019-10-09T04:01:20.816+0000][71259.223s] GC(517) Using 4 workers of 4 for evacuation
[2019-10-09T04:01:20.851+0000][71259.258s] GC(517) ParNew: 1458778K->54421K(1747648K)
[2019-10-09T04:01:20.851+0000][71259.258s] GC(517) CMS: 680345K->680763K(6291456K)
[2019-10-09T04:01:20.851+0000][71259.259s] GC(517) Metaspace: 59228K->59228K(1103872K)
[2019-10-09T04:01:20.851+0000][71259.259s] GC(517) Pause Young (Allocation Failure) 2088M->717M(7850M) 35.440ms
[2019-10-09T04:01:20.851+0000][71259.259s] GC(517) User=0.10s Sys=0.00s Real=0.03s
[2019-10-09T04:02:37.547+0000][71335.954s] GC(518) Pause Young (Allocation Failure)
[2019-10-09T04:02:37.547+0000][71335.954s] GC(518) Using 4 workers of 4 for evacuation
[2019-10-09T04:02:37.575+0000][71335.982s] GC(518) ParNew: 1452565K->71889K(1747648K)
[2019-10-09T04:02:37.575+0000][71335.982s] GC(518) CMS: 680763K->680982K(6291456K)
[2019-10-09T04:02:37.575+0000][71335.982s] GC(518) Metaspace: 59228K->59228K(1103872K)
[2019-10-09T04:02:37.575+0000][71335.982s] GC(518) Pause Young (Allocation Failure) 2083M->735M(7850M) 28.430ms
[2019-10-09T04:02:37.575+0000][71335.982s] GC(518) User=0.10s Sys=0.00s Real=0.03s
[2019-10-09T04:04:26.578+0000][71444.985s] GC(519) Pause Young (Allocation Failure)
[2019-10-09T04:04:26.578+0000][71444.985s] GC(519) Using 4 workers of 4 for evacuation
[2019-10-09T04:04:26.606+0000][71445.014s] GC(519) ParNew: 1470033K->55576K(1747648K)
[2019-10-09T04:04:26.606+0000][71445.014s] GC(519) CMS: 680982K->681205K(6291456K)
[2019-10-09T04:04:26.606+0000][71445.014s] GC(519) Metaspace: 59228K->59228K(1103872K)
[2019-10-09T04:04:26.606+0000][71445.014s] GC(519) Pause Young (Allocation Failure) 2100M->719M(7850M) 28.588ms
[2019-10-09T04:04:26.606+0000][71445.014s] GC(519) User=0.11s Sys=0.00s Real=0.03s
[2019-10-09T04:06:10.780+0000][71549.187s] GC(520) Pause Young (Allocation Failure)
[2019-10-09T04:06:10.780+0000][71549.188s] GC(520) Using 4 workers of 4 for evacuation
[2019-10-09T04:06:10.809+0000][71549.216s] GC(520) ParNew: 1453720K->74989K(1747648K)
[2019-10-09T04:06:10.809+0000][71549.217s] GC(520) CMS: 681205K->681602K(6291456K)
[2019-10-09T04:06:10.809+0000][71549.217s] GC(520) Metaspace: 59228K->59228K(1103872K)
[2019-10-09T04:06:10.809+0000][71549.217s] GC(520) Pause Young (Allocation Failure) 2084M->738M(7850M) 29.075ms
[2019-10-09T04:06:10.809+0000][71549.217s] GC(520) User=0.11s Sys=0.00s Real=0.03s
[2019-10-09T04:07:45.659+0000][71644.066s] GC(521) Pause Young (Allocation Failure)
[2019-10-09T04:07:45.659+0000][71644.066s] GC(521) Using 4 workers of 4 for evacuation
[2019-10-09T04:07:45.689+0000][71644.096s] GC(521) ParNew: 1473133K->63449K(1747648K)
[2019-10-09T04:07:45.689+0000][71644.096s] GC(521) CMS: 681602K->683665K(6291456K)
[2019-10-09T04:07:45.689+0000][71644.096s] GC(521) Metaspace: 59232K->59232K(1103872K)
[2019-10-09T04:07:45.689+0000][71644.096s] GC(521) Pause Young (Allocation Failure) 2104M->729M(7850M) 29.649ms
[2019-10-09T04:07:45.689+0000][71644.096s] GC(521) User=0.11s Sys=0.00s Real=0.03s
[2019-10-09T04:09:31.093+0000][71749.500s] GC(522) Pause Young (Allocation Failure)
[2019-10-09T04:09:31.093+0000][71749.500s] GC(522) Using 4 workers of 4 for evacuation
[2019-10-09T04:09:31.122+0000][71749.530s] GC(522) ParNew: 1461593K->75332K(1747648K)
[2019-10-09T04:09:31.123+0000][71749.530s] GC(522) CMS: 683665K->683958K(6291456K)
[2019-10-09T04:09:31.123+0000][71749.530s] GC(522) Metaspace: 59234K->59234K(1103872K)
[2019-10-09T04:09:31.123+0000][71749.530s] GC(522) Pause Young (Allocation Failure) 2094M->741M(7850M) 30.038ms
[2019-10-09T04:09:31.123+0000][71749.530s] GC(522) User=0.12s Sys=0.00s Real=0.03s
[2019-10-09T04:11:12.808+0000][71851.215s] GC(523) Pause Young (Allocation Failure)
[2019-10-09T04:11:12.808+0000][71851.215s] GC(523) Using 4 workers of 4 for evacuation
[2019-10-09T04:11:12.837+0000][71851.245s] GC(523) ParNew: 1473476K->67532K(1747648K)
[2019-10-09T04:11:12.837+0000][71851.245s] GC(523) CMS: 683958K->684195K(6291456K)
[2019-10-09T04:11:12.837+0000][71851.245s] GC(523) Metaspace: 59234K->59234K(1103872K)
[2019-10-09T04:11:12.837+0000][71851.245s] GC(523) Pause Young (Allocation Failure) 2106M->734M(7850M) 29.743ms
[2019-10-09T04:11:12.837+0000][71851.245s] GC(523) User=0.12s Sys=0.00s Real=0.03s
[2019-10-09T04:12:53.099+0000][71951.506s] GC(524) Pause Young (Allocation Failure)
[2019-10-09T04:12:53.099+0000][71951.506s] GC(524) Using 4 workers of 4 for evacuation
[2019-10-09T04:12:53.127+0000][71951.535s] GC(524) ParNew: 1465676K->58082K(1747648K)
[2019-10-09T04:12:53.127+0000][71951.535s] GC(524) CMS: 684195K->684351K(6291456K)
[2019-10-09T04:12:53.127+0000][71951.535s] GC(524) Metaspace: 59234K->59234K(1103872K)
[2019-10-09T04:12:53.127+0000][71951.535s] GC(524) Pause Young (Allocation Failure) 2099M->725M(7850M) 28.761ms
[2019-10-09T04:12:53.127+0000][71951.535s] GC(524) User=0.12s Sys=0.00s Real=0.03s
[2019-10-09T04:14:38.086+0000][72056.494s] GC(525) Pause Young (Allocation Failure)
[2019-10-09T04:14:38.086+0000][72056.494s] GC(525) Using 4 workers of 4 for evacuation
[2019-10-09T04:14:38.114+0000][72056.521s] GC(525) ParNew: 1456226K->60922K(1747648K)
[2019-10-09T04:14:38.114+0000][72056.521s] GC(525) CMS: 684351K->685897K(6291456K)
[2019-10-09T04:14:38.114+0000][72056.521s] GC(525) Metaspace: 59234K->59234K(1103872K)
[2019-10-09T04:14:38.114+0000][72056.521s] GC(525) Pause Young (Allocation Failure) 2090M->729M(7850M) 27.421ms
[2019-10-09T04:14:38.114+0000][72056.521s] GC(525) User=0.11s Sys=0.00s Real=0.03s
[2019-10-09T04:16:30.889+0000][72169.296s] GC(526) Pause Young (Allocation Failure)
[2019-10-09T04:16:30.889+0000][72169.296s] GC(526) Using 4 workers of 4 for evacuation
[2019-10-09T04:16:30.920+0000][72169.327s] GC(526) ParNew: 1459066K->53132K(1747648K)
[2019-10-09T04:16:30.920+0000][72169.327s] GC(526) CMS: 685897K->686185K(6291456K)
[2019-10-09T04:16:30.920+0000][72169.327s] GC(526) Metaspace: 59234K->59234K(1103872K)
[2019-10-09T04:16:30.920+0000][72169.327s] GC(526) Pause Young (Allocation Failure) 2094M->721M(7850M) 30.970ms
[2019-10-09T04:16:30.920+0000][72169.327s] GC(526) User=0.12s Sys=0.00s Real=0.03s
[2019-10-09T04:17:59.038+0000][72257.446s] GC(527) Pause Young (Allocation Failure)
[2019-10-09T04:17:59.039+0000][72257.446s] GC(527) Using 4 workers of 4 for evacuation
[2019-10-09T04:17:59.068+0000][72257.476s] GC(527) ParNew: 1451276K->71543K(1747648K)
[2019-10-09T04:17:59.068+0000][72257.476s] GC(527) CMS: 686185K->686436K(6291456K)
[2019-10-09T04:17:59.068+0000][72257.476s] GC(527) Metaspace: 59234K->59234K(1103872K)
[2019-10-09T04:17:59.068+0000][72257.476s] GC(527) Pause Young (Allocation Failure) 2087M->740M(7850M) 29.822ms
[2019-10-09T04:17:59.068+0000][72257.476s] GC(527) User=0.11s Sys=0.00s Real=0.03s
[2019-10-09T04:19:35.989+0000][72354.396s] GC(528) Pause Young (Allocation Failure)
[2019-10-09T04:19:35.989+0000][72354.396s] GC(528) Using 4 workers of 4 for evacuation
[2019-10-09T04:19:36.019+0000][72354.426s] GC(528) ParNew: 1469687K->54332K(1747648K)
[2019-10-09T04:19:36.019+0000][72354.426s] GC(528) CMS: 686436K->686720K(6291456K)
[2019-10-09T04:19:36.019+0000][72354.426s] GC(528) Metaspace: 59234K->59234K(1103872K)
[2019-10-09T04:19:36.019+0000][72354.426s] GC(528) Pause Young (Allocation Failure) 2105M->723M(7850M) 30.017ms
[2019-10-09T04:19:36.019+0000][72354.426s] GC(528) User=0.12s Sys=0.00s Real=0.03s
[2019-10-09T04:20:59.595+0000][72438.002s] GC(529) Pause Young (Allocation Failure)
[2019-10-09T04:20:59.595+0000][72438.002s] GC(529) Using 4 workers of 4 for evacuation
[2019-10-09T04:20:59.624+0000][72438.032s] GC(529) ParNew: 1452476K->70082K(1747648K)
[2019-10-09T04:20:59.624+0000][72438.032s] GC(529) CMS: 686720K->687217K(6291456K)
[2019-10-09T04:20:59.625+0000][72438.032s] GC(529) Metaspace: 59234K->59234K(1103872K)
[2019-10-09T04:20:59.625+0000][72438.032s] GC(529) Pause Young (Allocation Failure) 2089M->739M(7850M) 29.934ms
[2019-10-09T04:20:59.625+0000][72438.032s] GC(529) User=0.12s Sys=0.00s Real=0.03s
[2019-10-09T04:23:00.057+0000][72558.465s] GC(530) Pause Young (Allocation Failure)
[2019-10-09T04:23:00.058+0000][72558.465s] GC(530) Using 4 workers of 4 for evacuation
[2019-10-09T04:23:00.087+0000][72558.495s] GC(530) ParNew: 1468226K->66222K(1747648K)
[2019-10-09T04:23:00.087+0000][72558.495s] GC(530) CMS: 687217K->687461K(6291456K)
[2019-10-09T04:23:00.087+0000][72558.495s] GC(530) Metaspace: 59234K->59234K(1103872K)
[2019-10-09T04:23:00.087+0000][72558.495s] GC(530) Pause Young (Allocation Failure) 2104M->736M(7850M) 30.017ms
[2019-10-09T04:23:00.087+0000][72558.495s] GC(530) User=0.12s Sys=0.00s Real=0.03s
[2019-10-09T04:24:43.163+0000][72661.571s] GC(531) Pause Young (Allocation Failure)
[2019-10-09T04:24:43.163+0000][72661.571s] GC(531) Using 4 workers of 4 for evacuation
[2019-10-09T04:24:43.194+0000][72661.601s] GC(531) ParNew: 1464366K->57048K(1747648K)
[2019-10-09T04:24:43.194+0000][72661.601s] GC(531) CMS: 687461K->687729K(6291456K)
[2019-10-09T04:24:43.194+0000][72661.601s] GC(531) Metaspace: 59235K->59235K(1103872K)
[2019-10-09T04:24:43.194+0000][72661.601s] GC(531) Pause Young (Allocation Failure) 2101M->727M(7850M) 30.688ms
[2019-10-09T04:24:43.194+0000][72661.601s] GC(531) User=0.12s Sys=0.00s Real=0.03s
[2019-10-09T04:26:22.359+0000][72760.766s] GC(532) Pause Young (Allocation Failure)
[2019-10-09T04:26:22.359+0000][72760.766s] GC(532) Using 4 workers of 4 for evacuation
[2019-10-09T04:26:22.389+0000][72760.797s] GC(532) ParNew: 1455192K->76342K(1747648K)
[2019-10-09T04:26:22.389+0000][72760.797s] GC(532) CMS: 687729K->687989K(6291456K)
[2019-10-09T04:26:22.389+0000][72760.797s] GC(532) Metaspace: 59235K->59235K(1103872K)
[2019-10-09T04:26:22.389+0000][72760.797s] GC(532) Pause Young (Allocation Failure) 2092M->746M(7850M) 30.459ms
[2019-10-09T04:26:22.389+0000][72760.797s] GC(532) User=0.12s Sys=0.00s Real=0.03s
[2019-10-09T04:28:01.459+0000][72859.867s] GC(533) Pause Young (Allocation Failure)
[2019-10-09T04:28:01.459+0000][72859.867s] GC(533) Using 4 workers of 4 for evacuation
[2019-10-09T04:28:01.490+0000][72859.897s] GC(533) ParNew: 1474486K->58416K(1747648K)
[2019-10-09T04:28:01.490+0000][72859.897s] GC(533) CMS: 687989K->691161K(6291456K)
[2019-10-09T04:28:01.490+0000][72859.897s] GC(533) Metaspace: 59235K->59235K(1103872K)
[2019-10-09T04:28:01.490+0000][72859.897s] GC(533) Pause Young (Allocation Failure) 2111M->732M(7850M) 30.970ms
[2019-10-09T04:28:01.490+0000][72859.897s] GC(533) User=0.12s Sys=0.01s Real=0.03s
[2019-10-09T04:29:52.433+0000][72970.840s] GC(534) Pause Young (Allocation Failure)
[2019-10-09T04:29:52.433+0000][72970.840s] GC(534) Using 4 workers of 4 for evacuation
[2019-10-09T04:29:52.467+0000][72970.875s] GC(534) ParNew: 1456560K->60118K(1747648K)
[2019-10-09T04:29:52.467+0000][72970.875s] GC(534) CMS: 691161K->693456K(6291456K)
[2019-10-09T04:29:52.467+0000][72970.875s] GC(534) Metaspace: 59235K->59235K(1103872K)
[2019-10-09T04:29:52.467+0000][72970.875s] GC(534) Pause Young (Allocation Failure) 2097M->735M(7850M) 34.349ms
[2019-10-09T04:29:52.467+0000][72970.875s] GC(534) User=0.12s Sys=0.00s Real=0.03s
[2019-10-09T04:31:36.698+0000][73075.105s] GC(535) Pause Young (Allocation Failure)
[2019-10-09T04:31:36.698+0000][73075.105s] GC(535) Using 4 workers of 4 for evacuation
[2019-10-09T04:31:36.725+0000][73075.133s] GC(535) ParNew: 1458262K->54611K(1747648K)
[2019-10-09T04:31:36.725+0000][73075.133s] GC(535) CMS: 693456K->693752K(6291456K)
[2019-10-09T04:31:36.725+0000][73075.133s] GC(535) Metaspace: 59235K->59235K(1103872K)
[2019-10-09T04:31:36.725+0000][73075.133s] GC(535) Pause Young (Allocation Failure) 2101M->730M(7850M) 27.527ms
[2019-10-09T04:31:36.725+0000][73075.133s] GC(535) User=0.11s Sys=0.00s Real=0.03s
[2019-10-09T04:33:09.424+0000][73167.831s] GC(536) Pause Young (Allocation Failure)
[2019-10-09T04:33:09.424+0000][73167.831s] GC(536) Using 4 workers of 4 for evacuation
[2019-10-09T04:33:09.452+0000][73167.860s] GC(536) ParNew: 1452755K->71137K(1747648K)
[2019-10-09T04:33:09.452+0000][73167.860s] GC(536) CMS: 693752K->695551K(6291456K)
[2019-10-09T04:33:09.452+0000][73167.860s] GC(536) Metaspace: 59235K->59235K(1103872K)
[2019-10-09T04:33:09.452+0000][73167.860s] GC(536) Pause Young (Allocation Failure) 2096M->748M(7850M) 28.585ms
[2019-10-09T04:33:09.452+0000][73167.860s] GC(536) User=0.12s Sys=0.00s Real=0.03s
[2019-10-09T04:34:49.211+0000][73267.618s] GC(537) Pause Young (Allocation Failure)
[2019-10-09T04:34:49.211+0000][73267.618s] GC(537) Using 4 workers of 4 for evacuation
[2019-10-09T04:34:49.239+0000][73267.646s] GC(537) ParNew: 1469281K->63001K(1747648K)
[2019-10-09T04:34:49.239+0000][73267.646s] GC(537) CMS: 695551K->695943K(6291456K)
[2019-10-09T04:34:49.239+0000][73267.646s] GC(537) Metaspace: 59235K->59235K(1103872K)
[2019-10-09T04:34:49.239+0000][73267.646s] GC(537) Pause Young (Allocation Failure) 2114M->741M(7850M) 27.668ms
[2019-10-09T04:34:49.239+0000][73267.646s] GC(537) User=0.11s Sys=0.00s Real=0.03s
[2019-10-09T04:36:20.641+0000][73359.049s] GC(538) Pause Young (Allocation Failure)
[2019-10-09T04:36:20.641+0000][73359.049s] GC(538) Using 4 workers of 4 for evacuation
[2019-10-09T04:36:20.671+0000][73359.078s] GC(538) ParNew: 1461145K->63122K(1747648K)
[2019-10-09T04:36:20.671+0000][73359.078s] GC(538) CMS: 695943K->696544K(6291456K)
[2019-10-09T04:36:20.671+0000][73359.078s] GC(538) Metaspace: 59235K->59235K(1103872K)
[2019-10-09T04:36:20.671+0000][73359.078s] GC(538) Pause Young (Allocation Failure) 2106M->741M(7850M) 29.417ms
[2019-10-09T04:36:20.671+0000][73359.078s] GC(538) User=0.10s Sys=0.00s Real=0.02s
[2019-10-09T04:38:17.078+0000][73475.486s] GC(539) Pause Young (Allocation Failure)
[2019-10-09T04:38:17.079+0000][73475.486s] GC(539) Using 4 workers of 4 for evacuation
[2019-10-09T04:38:17.105+0000][73475.513s] GC(539) ParNew: 1461266K->66177K(1747648K)
[2019-10-09T04:38:17.105+0000][73475.513s] GC(539) CMS: 696544K->696759K(6291456K)
[2019-10-09T04:38:17.105+0000][73475.513s] GC(539) Metaspace: 59235K->59235K(1103872K)
[2019-10-09T04:38:17.105+0000][73475.513s] GC(539) Pause Young (Allocation Failure) 2107M->745M(7850M) 26.902ms
[2019-10-09T04:38:17.105+0000][73475.513s] GC(539) User=0.11s Sys=0.00s Real=0.03s
[2019-10-09T04:39:53.750+0000][73572.157s] GC(540) Pause Young (Allocation Failure)
[2019-10-09T04:39:53.750+0000][73572.157s] GC(540) Using 4 workers of 4 for evacuation
[2019-10-09T04:39:53.778+0000][73572.186s] GC(540) ParNew: 1464321K->56605K(1747648K)
[2019-10-09T04:39:53.778+0000][73572.186s] GC(540) CMS: 696759K->698528K(6291456K)
[2019-10-09T04:39:53.778+0000][73572.186s] GC(540) Metaspace: 59235K->59235K(1103872K)
[2019-10-09T04:39:53.778+0000][73572.186s] GC(540) Pause Young (Allocation Failure) 2110M->737M(7850M) 28.781ms
[2019-10-09T04:39:53.778+0000][73572.186s] GC(540) User=0.11s Sys=0.00s Real=0.03s
[2019-10-09T04:41:28.405+0000][73666.813s] GC(541) Pause Young (Allocation Failure)
[2019-10-09T04:41:28.405+0000][73666.813s] GC(541) Using 4 workers of 4 for evacuation
[2019-10-09T04:41:28.433+0000][73666.840s] GC(541) ParNew: 1454735K->70827K(1747648K)
[2019-10-09T04:41:28.433+0000][73666.840s] GC(541) CMS: 698528K->698811K(6291456K)
[2019-10-09T04:41:28.433+0000][73666.840s] GC(541) Metaspace: 59235K->59235K(1103872K)
[2019-10-09T04:41:28.433+0000][73666.840s] GC(541) Pause Young (Allocation Failure) 2102M->751M(7850M) 27.361ms
[2019-10-09T04:41:28.433+0000][73666.840s] GC(541) User=0.10s Sys=0.01s Real=0.03s
[2019-10-09T04:43:17.839+0000][73776.247s] GC(542) Pause Young (Allocation Failure)
[2019-10-09T04:43:17.839+0000][73776.247s] GC(542) Using 4 workers of 4 for evacuation
[2019-10-09T04:43:17.866+0000][73776.274s] GC(542) ParNew: 1468971K->58896K(1747648K)
[2019-10-09T04:43:17.866+0000][73776.274s] GC(542) CMS: 698811K->698979K(6291456K)
[2019-10-09T04:43:17.866+0000][73776.274s] GC(542) Metaspace: 59235K->59235K(1103872K)
[2019-10-09T04:43:17.866+0000][73776.274s] GC(542) Pause Young (Allocation Failure) 2116M->740M(7850M) 27.090ms
[2019-10-09T04:43:17.867+0000][73776.274s] GC(542) User=0.10s Sys=0.00s Real=0.03s
[2019-10-09T04:45:00.775+0000][73879.182s] GC(543) Pause Young (Allocation Failure)
[2019-10-09T04:45:00.775+0000][73879.182s] GC(543) Using 4 workers of 4 for evacuation
[2019-10-09T04:45:00.802+0000][73879.209s] GC(543) ParNew: 1457040K->60059K(1747648K)
[2019-10-09T04:45:00.802+0000][73879.209s] GC(543) CMS: 698979K->699245K(6291456K)
[2019-10-09T04:45:00.802+0000][73879.209s] GC(543) Metaspace: 59237K->59237K(1103872K)
[2019-10-09T04:45:00.802+0000][73879.209s] GC(543) Pause Young (Allocation Failure) 2105M->741M(7850M) 27.345ms
[2019-10-09T04:45:00.802+0000][73879.209s] GC(543) User=0.11s Sys=0.00s Real=0.03s
[2019-10-09T04:46:21.484+0000][73959.891s] GC(544) Pause Young (Allocation Failure)
[2019-10-09T04:46:21.484+0000][73959.891s] GC(544) Using 4 workers of 4 for evacuation
[2019-10-09T04:46:21.510+0000][73959.917s] GC(544) ParNew: 1458203K->67126K(1747648K)
[2019-10-09T04:46:21.510+0000][73959.917s] GC(544) CMS: 699245K->699476K(6291456K)
[2019-10-09T04:46:21.510+0000][73959.917s] GC(544) Metaspace: 59237K->59237K(1103872K)
[2019-10-09T04:46:21.510+0000][73959.918s] GC(544) Pause Young (Allocation Failure) 2106M->748M(7850M) 26.581ms
[2019-10-09T04:46:21.510+0000][73959.918s] GC(544) User=0.10s Sys=0.00s Real=0.02s
[2019-10-09T04:48:06.977+0000][74065.384s] GC(545) Pause Young (Allocation Failure)
[2019-10-09T04:48:06.977+0000][74065.384s] GC(545) Using 4 workers of 4 for evacuation
[2019-10-09T04:48:07.005+0000][74065.412s] GC(545) ParNew: 1465270K->51400K(1747648K)
[2019-10-09T04:48:07.005+0000][74065.412s] GC(545) CMS: 699476K->699741K(6291456K)
[2019-10-09T04:48:07.005+0000][74065.412s] GC(545) Metaspace: 59237K->59237K(1103872K)
[2019-10-09T04:48:07.005+0000][74065.412s] GC(545) Pause Young (Allocation Failure) 2114M->733M(7850M) 28.067ms
[2019-10-09T04:48:07.005+0000][74065.412s] GC(545) User=0.11s Sys=0.00s Real=0.03s
[2019-10-09T04:49:44.387+0000][74162.794s] GC(546) Pause Young (Allocation Failure)
[2019-10-09T04:49:44.387+0000][74162.794s] GC(546) Using 4 workers of 4 for evacuation
[2019-10-09T04:49:44.413+0000][74162.821s] GC(546) ParNew: 1449544K->57089K(1747648K)
[2019-10-09T04:49:44.413+0000][74162.821s] GC(546) CMS: 699741K->699905K(6291456K)
[2019-10-09T04:49:44.413+0000][74162.821s] GC(546) Metaspace: 59237K->59237K(1103872K)
[2019-10-09T04:49:44.413+0000][74162.821s] GC(546) Pause Young (Allocation Failure) 2098M->739M(7850M) 26.684ms
[2019-10-09T04:49:44.413+0000][74162.821s] GC(546) User=0.11s Sys=0.00s Real=0.03s
[2019-10-09T04:51:36.706+0000][74275.114s] GC(547) Pause Young (Allocation Failure)
[2019-10-09T04:51:36.706+0000][74275.114s] GC(547) Using 4 workers of 4 for evacuation
[2019-10-09T04:51:36.735+0000][74275.142s] GC(547) ParNew: 1455233K->51596K(1747648K)
[2019-10-09T04:51:36.735+0000][74275.142s] GC(547) CMS: 699905K->701831K(6291456K)
[2019-10-09T04:51:36.735+0000][74275.142s] GC(547) Metaspace: 59237K->59237K(1103872K)
[2019-10-09T04:51:36.735+0000][74275.142s] GC(547) Pause Young (Allocation Failure) 2104M->735M(7850M) 28.612ms
[2019-10-09T04:51:36.735+0000][74275.142s] GC(547) User=0.11s Sys=0.01s Real=0.03s
[2019-10-09T04:53:24.484+0000][74382.891s] GC(548) Pause Young (Allocation Failure)
[2019-10-09T04:53:24.484+0000][74382.891s] GC(548) Using 4 workers of 4 for evacuation
[2019-10-09T04:53:24.510+0000][74382.917s] GC(548) ParNew: 1449740K->52278K(1747648K)
[2019-10-09T04:53:24.510+0000][74382.917s] GC(548) CMS: 701831K->702200K(6291456K)
[2019-10-09T04:53:24.510+0000][74382.917s] GC(548) Metaspace: 59237K->59237K(1103872K)
[2019-10-09T04:53:24.510+0000][74382.917s] GC(548) Pause Young (Allocation Failure) 2101M->736M(7850M) 26.396ms
[2019-10-09T04:53:24.510+0000][74382.917s] GC(548) User=0.11s Sys=0.00s Real=0.02s
[2019-10-09T04:55:10.069+0000][74488.476s] GC(549) Pause Young (Allocation Failure)
[2019-10-09T04:55:10.069+0000][74488.476s] GC(549) Using 4 workers of 4 for evacuation
[2019-10-09T04:55:10.096+0000][74488.503s] GC(549) ParNew: 1450422K->67043K(1747648K)
[2019-10-09T04:55:10.096+0000][74488.503s] GC(549) CMS: 702200K->702521K(6291456K)
[2019-10-09T04:55:10.096+0000][74488.503s] GC(549) Metaspace: 59237K->59237K(1103872K)
[2019-10-09T04:55:10.096+0000][74488.504s] GC(549) Pause Young (Allocation Failure) 2102M->751M(7850M) 27.514ms
[2019-10-09T04:55:10.096+0000][74488.504s] GC(549) User=0.11s Sys=0.00s Real=0.03s
[2019-10-09T04:56:51.983+0000][74590.391s] GC(550) Pause Young (Allocation Failure)
[2019-10-09T04:56:51.983+0000][74590.391s] GC(550) Using 4 workers of 4 for evacuation
[2019-10-09T04:56:52.010+0000][74590.417s] GC(550) ParNew: 1465187K->54786K(1747648K)
[2019-10-09T04:56:52.010+0000][74590.417s] GC(550) CMS: 702521K->702824K(6291456K)
[2019-10-09T04:56:52.010+0000][74590.417s] GC(550) Metaspace: 59241K->59241K(1103872K)
[2019-10-09T04:56:52.010+0000][74590.417s] GC(550) Pause Young (Allocation Failure) 2116M->739M(7850M) 26.349ms
[2019-10-09T04:56:52.010+0000][74590.417s] GC(550) User=0.10s Sys=0.00s Real=0.02s
[2019-10-09T04:58:32.759+0000][74691.167s] GC(551) Pause Young (Allocation Failure)
[2019-10-09T04:58:32.759+0000][74691.167s] GC(551) Using 4 workers of 4 for evacuation
[2019-10-09T04:58:32.786+0000][74691.193s] GC(551) ParNew: 1452930K->71971K(1747648K)
[2019-10-09T04:58:32.786+0000][74691.193s] GC(551) CMS: 702824K->704776K(6291456K)
[2019-10-09T04:58:32.786+0000][74691.193s] GC(551) Metaspace: 59241K->59241K(1103872K)
[2019-10-09T04:58:32.786+0000][74691.193s] GC(551) Pause Young (Allocation Failure) 2105M->758M(7850M) 26.832ms
[2019-10-09T04:58:32.786+0000][74691.193s] GC(551) User=0.10s Sys=0.00s Real=0.03s
[2019-10-09T05:00:24.263+0000][74802.671s] GC(552) Pause Young (Allocation Failure)
[2019-10-09T05:00:24.263+0000][74802.671s] GC(552) Using 4 workers of 4 for evacuation
[2019-10-09T05:00:24.291+0000][74802.699s] GC(552) ParNew: 1470115K->64324K(1747648K)
[2019-10-09T05:00:24.291+0000][74802.699s] GC(552) CMS: 704776K->704898K(6291456K)
[2019-10-09T05:00:24.291+0000][74802.699s] GC(552) Metaspace: 59241K->59241K(1103872K)
[2019-10-09T05:00:24.291+0000][74802.699s] GC(552) Pause Young (Allocation Failure) 2123M->751M(7850M) 28.029ms
[2019-10-09T05:00:24.291+0000][74802.699s] GC(552) User=0.11s Sys=0.00s Real=0.02s
[2019-10-09T05:02:13.523+0000][74911.930s] GC(553) Pause Young (Allocation Failure)
[2019-10-09T05:02:13.523+0000][74911.930s] GC(553) Using 4 workers of 4 for evacuation
[2019-10-09T05:02:13.552+0000][74911.959s] GC(553) ParNew: 1462468K->58310K(1747648K)
[2019-10-09T05:02:13.552+0000][74911.960s] GC(553) CMS: 704898K->705175K(6291456K)
[2019-10-09T05:02:13.552+0000][74911.960s] GC(553) Metaspace: 59241K->59241K(1103872K)
[2019-10-09T05:02:13.552+0000][74911.960s] GC(553) Pause Young (Allocation Failure) 2116M->745M(7850M) 29.258ms
[2019-10-09T05:02:13.552+0000][74911.960s] GC(553) User=0.11s Sys=0.00s Real=0.03s
[2019-10-09T05:03:57.218+0000][75015.626s] GC(554) Pause Young (Allocation Failure)
[2019-10-09T05:03:57.218+0000][75015.626s] GC(554) Using 4 workers of 4 for evacuation
[2019-10-09T05:03:57.246+0000][75015.653s] GC(554) ParNew: 1456454K->76865K(1747648K)
[2019-10-09T05:03:57.246+0000][75015.653s] GC(554) CMS: 705175K->705360K(6291456K)
[2019-10-09T05:03:57.246+0000][75015.653s] GC(554) Metaspace: 59242K->59242K(1103872K)
[2019-10-09T05:03:57.246+0000][75015.653s] GC(554) Pause Young (Allocation Failure) 2110M->763M(7850M) 27.498ms
[2019-10-09T05:03:57.246+0000][75015.653s] GC(554) User=0.11s Sys=0.00s Real=0.03s
[2019-10-09T05:05:28.185+0000][75106.592s] GC(555) Pause Young (Allocation Failure)
[2019-10-09T05:05:28.185+0000][75106.592s] GC(555) Using 4 workers of 4 for evacuation
[2019-10-09T05:05:28.213+0000][75106.621s] GC(555) ParNew: 1475009K->56493K(1747648K)
[2019-10-09T05:05:28.213+0000][75106.621s] GC(555) CMS: 705360K->705627K(6291456K)
[2019-10-09T05:05:28.213+0000][75106.621s] GC(555) Metaspace: 59242K->59242K(1103872K)
[2019-10-09T05:05:28.213+0000][75106.621s] GC(555) Pause Young (Allocation Failure) 2129M->744M(7850M) 28.725ms
[2019-10-09T05:05:28.213+0000][75106.621s] GC(555) User=0.11s Sys=0.00s Real=0.03s
[2019-10-09T05:07:06.840+0000][75205.247s] GC(556) Pause Young (Allocation Failure)
[2019-10-09T05:07:06.840+0000][75205.247s] GC(556) Using 4 workers of 4 for evacuation
[2019-10-09T05:07:06.871+0000][75205.278s] GC(556) ParNew: 1454637K->82538K(1747648K)
[2019-10-09T05:07:06.871+0000][75205.278s] GC(556) CMS: 705627K->705995K(6291456K)
[2019-10-09T05:07:06.871+0000][75205.278s] GC(556) Metaspace: 59242K->59242K(1103872K)
[2019-10-09T05:07:06.871+0000][75205.278s] GC(556) Pause Young (Allocation Failure) 2109M->770M(7850M) 30.822ms
[2019-10-09T05:07:06.871+0000][75205.278s] GC(556) User=0.12s Sys=0.00s Real=0.03s
[2019-10-09T05:08:44.966+0000][75303.374s] GC(557) Pause Young (Allocation Failure)
[2019-10-09T05:08:44.966+0000][75303.374s] GC(557) Using 4 workers of 4 for evacuation
[2019-10-09T05:08:44.995+0000][75303.403s] GC(557) ParNew: 1480682K->55656K(1747648K)
[2019-10-09T05:08:44.995+0000][75303.403s] GC(557) CMS: 705995K->707783K(6291456K)
[2019-10-09T05:08:44.995+0000][75303.403s] GC(557) Metaspace: 59242K->59242K(1103872K)
[2019-10-09T05:08:44.995+0000][75303.403s] GC(557) Pause Young (Allocation Failure) 2135M->745M(7850M) 29.027ms
[2019-10-09T05:08:44.995+0000][75303.403s] GC(557) User=0.12s Sys=0.00s Real=0.03s
[2019-10-09T05:10:15.731+0000][75394.138s] GC(558) Pause Young (Allocation Failure)
[2019-10-09T05:10:15.731+0000][75394.138s] GC(558) Using 4 workers of 4 for evacuation
[2019-10-09T05:10:15.759+0000][75394.167s] GC(558) ParNew: 1453800K->69081K(1747648K)
[2019-10-09T05:10:15.759+0000][75394.167s] GC(558) CMS: 707783K->707965K(6291456K)
[2019-10-09T05:10:15.759+0000][75394.167s] GC(558) Metaspace: 59242K->59242K(1103872K)
[2019-10-09T05:10:15.759+0000][75394.167s] GC(558) Pause Young (Allocation Failure) 2110M->758M(7850M) 28.214ms
[2019-10-09T05:10:15.759+0000][75394.167s] GC(558) User=0.11s Sys=0.00s Real=0.03s
[2019-10-09T05:11:48.617+0000][75487.025s] GC(559) Pause Young (Allocation Failure)
[2019-10-09T05:11:48.617+0000][75487.025s] GC(559) Using 4 workers of 4 for evacuation
[2019-10-09T05:11:48.650+0000][75487.057s] GC(559) ParNew: 1467225K->62118K(1747648K)
[2019-10-09T05:11:48.650+0000][75487.057s] GC(559) CMS: 707965K->712298K(6291456K)
[2019-10-09T05:11:48.650+0000][75487.057s] GC(559) Metaspace: 59242K->59242K(1103872K)
[2019-10-09T05:11:48.650+0000][75487.057s] GC(559) Pause Young (Allocation Failure) 2124M->756M(7850M) 32.191ms
[2019-10-09T05:11:48.650+0000][75487.057s] GC(559) User=0.12s Sys=0.00s Real=0.03s
[2019-10-09T05:13:01.262+0000][75559.670s] GC(560) Pause Young (Allocation Failure)
[2019-10-09T05:13:01.262+0000][75559.670s] GC(560) Using 4 workers of 4 for evacuation
[2019-10-09T05:13:01.290+0000][75559.697s] GC(560) ParNew: 1460262K->59031K(1747648K)
[2019-10-09T05:13:01.290+0000][75559.697s] GC(560) CMS: 712298K->712603K(6291456K)
[2019-10-09T05:13:01.290+0000][75559.697s] GC(560) Metaspace: 59242K->59242K(1103872K)
[2019-10-09T05:13:01.290+0000][75559.697s] GC(560) Pause Young (Allocation Failure) 2121M->753M(7850M) 27.477ms
[2019-10-09T05:13:01.290+0000][75559.697s] GC(560) User=0.10s Sys=0.00s Real=0.02s
[2019-10-09T05:14:32.209+0000][75650.617s] GC(561) Pause Young (Allocation Failure)
[2019-10-09T05:14:32.209+0000][75650.617s] GC(561) Using 4 workers of 4 for evacuation
[2019-10-09T05:14:32.236+0000][75650.644s] GC(561) ParNew: 1457175K->55357K(1747648K)
[2019-10-09T05:14:32.236+0000][75650.644s] GC(561) CMS: 712603K->713295K(6291456K)
[2019-10-09T05:14:32.237+0000][75650.644s] GC(561) Metaspace: 59249K->59249K(1103872K)
[2019-10-09T05:14:32.237+0000][75650.644s] GC(561) Pause Young (Allocation Failure) 2118M->750M(7850M) 27.348ms
[2019-10-09T05:14:32.237+0000][75650.644s] GC(561) User=0.10s Sys=0.00s Real=0.03s
[2019-10-09T05:16:11.945+0000][75750.353s] GC(562) Pause Young (Allocation Failure)
[2019-10-09T05:16:11.945+0000][75750.353s] GC(562) Using 4 workers of 4 for evacuation
[2019-10-09T05:16:11.975+0000][75750.383s] GC(562) ParNew: 1453501K->53785K(1747648K)
[2019-10-09T05:16:11.975+0000][75750.383s] GC(562) CMS: 713295K->716755K(6291456K)
[2019-10-09T05:16:11.975+0000][75750.383s] GC(562) Metaspace: 59249K->59249K(1103872K)
[2019-10-09T05:16:11.975+0000][75750.383s] GC(562) Pause Young (Allocation Failure) 2116M->752M(7850M) 29.947ms
[2019-10-09T05:16:11.975+0000][75750.383s] GC(562) User=0.11s Sys=0.00s Real=0.03s
[2019-10-09T05:17:29.617+0000][75828.024s] GC(563) Pause Young (Allocation Failure)
[2019-10-09T05:17:29.617+0000][75828.024s] GC(563) Using 4 workers of 4 for evacuation
[2019-10-09T05:17:29.647+0000][75828.055s] GC(563) ParNew: 1451929K->57891K(1747648K)
[2019-10-09T05:17:29.647+0000][75828.055s] GC(563) CMS: 716755K->718931K(6291456K)
[2019-10-09T05:17:29.647+0000][75828.055s] GC(563) Metaspace: 59249K->59249K(1103872K)
[2019-10-09T05:17:29.647+0000][75828.055s] GC(563) Pause Young (Allocation Failure) 2117M->758M(7850M) 30.330ms
[2019-10-09T05:17:29.647+0000][75828.055s] GC(563) User=0.11s Sys=0.00s Real=0.03s
[2019-10-09T05:19:00.802+0000][75919.209s] GC(564) Pause Young (Allocation Failure)
[2019-10-09T05:19:00.802+0000][75919.209s] GC(564) Using 4 workers of 4 for evacuation
[2019-10-09T05:19:00.831+0000][75919.239s] GC(564) ParNew: 1456035K->58914K(1747648K)
[2019-10-09T05:19:00.831+0000][75919.239s] GC(564) CMS: 718931K->719233K(6291456K)
[2019-10-09T05:19:00.831+0000][75919.239s] GC(564) Metaspace: 59249K->59249K(1103872K)
[2019-10-09T05:19:00.831+0000][75919.239s] GC(564) Pause Young (Allocation Failure) 2123M->759M(7850M) 29.902ms
[2019-10-09T05:19:00.832+0000][75919.239s] GC(564) User=0.11s Sys=0.00s Real=0.02s
[2019-10-09T05:20:37.784+0000][76016.192s] GC(565) Pause Young (Allocation Failure)
[2019-10-09T05:20:37.785+0000][76016.192s] GC(565) Using 4 workers of 4 for evacuation
[2019-10-09T05:20:37.828+0000][76016.235s] GC(565) ParNew: 1457058K->79052K(1747648K)
[2019-10-09T05:20:37.828+0000][76016.235s] GC(565) CMS: 719233K->719399K(6291456K)
[2019-10-09T05:20:37.828+0000][76016.235s] GC(565) Metaspace: 59249K->59249K(1103872K)
[2019-10-09T05:20:37.828+0000][76016.235s] GC(565) Pause Young (Allocation Failure) 2125M->779M(7850M) 43.427ms
[2019-10-09T05:20:37.828+0000][76016.235s] GC(565) User=0.13s Sys=0.00s Real=0.04s
[2019-10-09T05:22:26.192+0000][76124.599s] GC(566) Pause Young (Allocation Failure)
[2019-10-09T05:22:26.192+0000][76124.599s] GC(566) Using 4 workers of 4 for evacuation
[2019-10-09T05:22:26.222+0000][76124.630s] GC(566) ParNew: 1477196K->69027K(1747648K)
[2019-10-09T05:22:26.222+0000][76124.630s] GC(566) CMS: 719399K->719589K(6291456K)
[2019-10-09T05:22:26.222+0000][76124.630s] GC(566) Metaspace: 59252K->59252K(1103872K)
[2019-10-09T05:22:26.222+0000][76124.630s] GC(566) Pause Young (Allocation Failure) 2145M->770M(7850M) 30.583ms
[2019-10-09T05:22:26.222+0000][76124.630s] GC(566) User=0.12s Sys=0.00s Real=0.04s
[2019-10-09T05:23:46.621+0000][76205.028s] GC(567) Pause Young (Allocation Failure)
[2019-10-09T05:23:46.621+0000][76205.028s] GC(567) Using 4 workers of 4 for evacuation
[2019-10-09T05:23:46.649+0000][76205.057s] GC(567) ParNew: 1467171K->55418K(1747648K)
[2019-10-09T05:23:46.649+0000][76205.057s] GC(567) CMS: 719589K->719765K(6291456K)
[2019-10-09T05:23:46.649+0000][76205.057s] GC(567) Metaspace: 59252K->59252K(1103872K)
[2019-10-09T05:23:46.649+0000][76205.057s] GC(567) Pause Young (Allocation Failure) 2135M->757M(7850M) 28.579ms
[2019-10-09T05:23:46.649+0000][76205.057s] GC(567) User=0.11s Sys=0.00s Real=0.02s
[2019-10-09T05:25:48.686+0000][76327.093s] GC(568) Pause Young (Allocation Failure)
[2019-10-09T05:25:48.686+0000][76327.094s] GC(568) Using 4 workers of 4 for evacuation
[2019-10-09T05:25:48.716+0000][76327.124s] GC(568) ParNew: 1453562K->71320K(1747648K)
[2019-10-09T05:25:48.716+0000][76327.124s] GC(568) CMS: 719765K->721588K(6291456K)
[2019-10-09T05:25:48.716+0000][76327.124s] GC(568) Metaspace: 59252K->59252K(1103872K)
[2019-10-09T05:25:48.716+0000][76327.124s] GC(568) Pause Young (Allocation Failure) 2122M->774M(7850M) 30.118ms
[2019-10-09T05:25:48.716+0000][76327.124s] GC(568) User=0.11s Sys=0.00s Real=0.03s
[2019-10-09T05:27:15.587+0000][76413.994s] GC(569) Pause Young (Allocation Failure)
[2019-10-09T05:27:15.587+0000][76413.994s] GC(569) Using 4 workers of 4 for evacuation
[2019-10-09T05:27:15.618+0000][76414.026s] GC(569) ParNew: 1469464K->48273K(1747648K)
[2019-10-09T05:27:15.618+0000][76414.026s] GC(569) CMS: 721588K->724617K(6291456K)
[2019-10-09T05:27:15.618+0000][76414.026s] GC(569) Metaspace: 59252K->59252K(1103872K)
[2019-10-09T05:27:15.618+0000][76414.026s] GC(569) Pause Young (Allocation Failure) 2139M->754M(7850M) 31.709ms
[2019-10-09T05:27:15.618+0000][76414.026s] GC(569) User=0.11s Sys=0.00s Real=0.03s
[2019-10-09T05:28:48.347+0000][76506.755s] GC(570) Pause Young (Allocation Failure)
[2019-10-09T05:28:48.347+0000][76506.755s] GC(570) Using 4 workers of 4 for evacuation
[2019-10-09T05:28:48.380+0000][76506.788s] GC(570) ParNew: 1446417K->55638K(1747648K)
[2019-10-09T05:28:48.380+0000][76506.788s] GC(570) CMS: 724617K->726792K(6291456K)
[2019-10-09T05:28:48.380+0000][76506.788s] GC(570) Metaspace: 59252K->59252K(1103872K)
[2019-10-09T05:28:48.381+0000][76506.788s] GC(570) Pause Young (Allocation Failure) 2120M->764M(7850M) 33.346ms
[2019-10-09T05:28:48.381+0000][76506.788s] GC(570) User=0.13s Sys=0.00s Real=0.04s
[2019-10-09T05:30:18.436+0000][76596.843s] GC(571) Pause Young (Allocation Failure)
[2019-10-09T05:30:18.436+0000][76596.843s] GC(571) Using 4 workers of 4 for evacuation
[2019-10-09T05:30:18.462+0000][76596.869s] GC(571) ParNew: 1453782K->47249K(1747648K)
[2019-10-09T05:30:18.462+0000][76596.869s] GC(571) CMS: 726792K->727665K(6291456K)
[2019-10-09T05:30:18.462+0000][76596.869s] GC(571) Metaspace: 59252K->59252K(1103872K)
[2019-10-09T05:30:18.462+0000][76596.869s] GC(571) Pause Young (Allocation Failure) 2129M->756M(7850M) 26.224ms
[2019-10-09T05:30:18.462+0000][76596.869s] GC(571) User=0.11s Sys=0.00s Real=0.03s
[2019-10-09T05:31:43.249+0000][76681.657s] GC(572) Pause Young (Allocation Failure)
[2019-10-09T05:31:43.249+0000][76681.657s] GC(572) Using 4 workers of 4 for evacuation
[2019-10-09T05:31:43.275+0000][76681.683s] GC(572) ParNew: 1445393K->59248K(1747648K)
[2019-10-09T05:31:43.275+0000][76681.683s] GC(572) CMS: 727665K->727911K(6291456K)
[2019-10-09T05:31:43.275+0000][76681.683s] GC(572) Metaspace: 59253K->59253K(1103872K)
[2019-10-09T05:31:43.275+0000][76681.683s] GC(572) Pause Young (Allocation Failure) 2122M->768M(7850M) 26.098ms
[2019-10-09T05:31:43.276+0000][76681.683s] GC(572) User=0.11s Sys=0.00s Real=0.03s
[2019-10-09T05:33:22.767+0000][76781.174s] GC(573) Pause Young (Allocation Failure)
[2019-10-09T05:33:22.767+0000][76781.174s] GC(573) Using 4 workers of 4 for evacuation
[2019-10-09T05:33:22.794+0000][76781.202s] GC(573) ParNew: 1457392K->44997K(1747648K)
[2019-10-09T05:33:22.794+0000][76781.202s] GC(573) CMS: 727911K->728409K(6291456K)
[2019-10-09T05:33:22.794+0000][76781.202s] GC(573) Metaspace: 59261K->59261K(1103872K)
[2019-10-09T05:33:22.795+0000][76781.202s] GC(573) Pause Young (Allocation Failure) 2134M->755M(7850M) 27.586ms
[2019-10-09T05:33:22.795+0000][76781.202s] GC(573) User=0.09s Sys=0.00s Real=0.03s
[2019-10-09T05:34:43.040+0000][76861.447s] GC(574) Pause Young (Allocation Failure)
[2019-10-09T05:34:43.040+0000][76861.447s] GC(574) Using 4 workers of 4 for evacuation
[2019-10-09T05:34:43.066+0000][76861.473s] GC(574) ParNew: 1443130K->59803K(1747648K)
[2019-10-09T05:34:43.066+0000][76861.473s] GC(574) CMS: 728409K->728767K(6291456K)
[2019-10-09T05:34:43.066+0000][76861.473s] GC(574) Metaspace: 59263K->59263K(1103872K)
[2019-10-09T05:34:43.066+0000][76861.473s] GC(574) Pause Young (Allocation Failure) 2120M->770M(7850M) 25.751ms
[2019-10-09T05:34:43.066+0000][76861.473s] GC(574) User=0.10s Sys=0.00s Real=0.03s
[2019-10-09T05:36:07.377+0000][76945.784s] GC(575) Pause Young (Allocation Failure)
[2019-10-09T05:36:07.377+0000][76945.784s] GC(575) Using 4 workers of 4 for evacuation
[2019-10-09T05:36:07.409+0000][76945.817s] GC(575) ParNew: 1457947K->45443K(1747648K)
[2019-10-09T05:36:07.409+0000][76945.817s] GC(575) CMS: 728767K->730541K(6291456K)
[2019-10-09T05:36:07.409+0000][76945.817s] GC(575) Metaspace: 59263K->59263K(1103872K)
[2019-10-09T05:36:07.409+0000][76945.817s] GC(575) Pause Young (Allocation Failure) 2135M->757M(7850M) 32.725ms
[2019-10-09T05:36:07.409+0000][76945.817s] GC(575) User=0.11s Sys=0.00s Real=0.03s
[2019-10-09T05:37:48.287+0000][77046.694s] GC(576) Pause Young (Allocation Failure)
[2019-10-09T05:37:48.287+0000][77046.694s] GC(576) Using 4 workers of 4 for evacuation
[2019-10-09T05:37:48.313+0000][77046.720s] GC(576) ParNew: 1443587K->55298K(1747648K)
[2019-10-09T05:37:48.313+0000][77046.720s] GC(576) CMS: 730541K->730832K(6291456K)
[2019-10-09T05:37:48.313+0000][77046.720s] GC(576) Metaspace: 59265K->59265K(1103872K)
[2019-10-09T05:37:48.313+0000][77046.720s] GC(576) Pause Young (Allocation Failure) 2123M->767M(7850M) 26.039ms
[2019-10-09T05:37:48.313+0000][77046.720s] GC(576) User=0.11s Sys=0.00s Real=0.03s
[2019-10-09T05:39:30.486+0000][77148.893s] GC(577) Pause Young (Allocation Failure)
[2019-10-09T05:39:30.486+0000][77148.893s] GC(577) Using 4 workers of 4 for evacuation
[2019-10-09T05:39:30.512+0000][77148.920s] GC(577) ParNew: 1453442K->50326K(1747648K)
[2019-10-09T05:39:30.512+0000][77148.920s] GC(577) CMS: 730832K->731027K(6291456K)
[2019-10-09T05:39:30.512+0000][77148.920s] GC(577) Metaspace: 59265K->59265K(1103872K)
[2019-10-09T05:39:30.512+0000][77148.920s] GC(577) Pause Young (Allocation Failure) 2133M->763M(7850M) 26.246ms
[2019-10-09T05:39:30.512+0000][77148.920s] GC(577) User=0.10s Sys=0.00s Real=0.03s
[2019-10-09T05:40:54.470+0000][77232.878s] GC(578) Pause Young (Allocation Failure)
[2019-10-09T05:40:54.470+0000][77232.878s] GC(578) Using 4 workers of 4 for evacuation
[2019-10-09T05:40:54.496+0000][77232.903s] GC(578) ParNew: 1448470K->54523K(1747648K)
[2019-10-09T05:40:54.496+0000][77232.903s] GC(578) CMS: 731027K->732694K(6291456K)
[2019-10-09T05:40:54.496+0000][77232.903s] GC(578) Metaspace: 59265K->59265K(1103872K)
[2019-10-09T05:40:54.496+0000][77232.903s] GC(578) Pause Young (Allocation Failure) 2128M->768M(7850M) 25.626ms
[2019-10-09T05:40:54.496+0000][77232.903s] GC(578) User=0.10s Sys=0.00s Real=0.03s
[2019-10-09T05:42:46.898+0000][77345.305s] GC(579) Pause Young (Allocation Failure)
[2019-10-09T05:42:46.898+0000][77345.305s] GC(579) Using 4 workers of 4 for evacuation
[2019-10-09T05:42:46.925+0000][77345.333s] GC(579) ParNew: 1452667K->56988K(1747648K)
[2019-10-09T05:42:46.925+0000][77345.333s] GC(579) CMS: 732694K->732861K(6291456K)
[2019-10-09T05:42:46.925+0000][77345.333s] GC(579) Metaspace: 59265K->59265K(1103872K)
[2019-10-09T05:42:46.925+0000][77345.333s] GC(579) Pause Young (Allocation Failure) 2134M->771M(7850M) 27.620ms
[2019-10-09T05:42:46.925+0000][77345.333s] GC(579) User=0.11s Sys=0.00s Real=0.03s
[2019-10-09T05:44:26.063+0000][77444.470s] GC(580) Pause Young (Allocation Failure)
[2019-10-09T05:44:26.063+0000][77444.471s] GC(580) Using 4 workers of 4 for evacuation
[2019-10-09T05:44:26.091+0000][77444.498s] GC(580) ParNew: 1455132K->55063K(1747648K)
[2019-10-09T05:44:26.091+0000][77444.498s] GC(580) CMS: 732861K->733107K(6291456K)
[2019-10-09T05:44:26.091+0000][77444.498s] GC(580) Metaspace: 59265K->59265K(1103872K)
[2019-10-09T05:44:26.091+0000][77444.498s] GC(580) Pause Young (Allocation Failure) 2136M->769M(7850M) 27.693ms
[2019-10-09T05:44:26.091+0000][77444.498s] GC(580) User=0.10s Sys=0.00s Real=0.02s
[2019-10-09T05:45:58.898+0000][77537.305s] GC(581) Pause Young (Allocation Failure)
[2019-10-09T05:45:58.898+0000][77537.305s] GC(581) Using 4 workers of 4 for evacuation
[2019-10-09T05:45:58.925+0000][77537.332s] GC(581) ParNew: 1453207K->66730K(1747648K)
[2019-10-09T05:45:58.925+0000][77537.332s] GC(581) CMS: 733107K->734894K(6291456K)
[2019-10-09T05:45:58.925+0000][77537.332s] GC(581) Metaspace: 59266K->59266K(1103872K)
[2019-10-09T05:45:58.925+0000][77537.332s] GC(581) Pause Young (Allocation Failure) 2135M->782M(7850M) 26.888ms
[2019-10-09T05:45:58.925+0000][77537.332s] GC(581) User=0.10s Sys=0.00s Real=0.03s
[2019-10-09T05:47:45.853+0000][77644.261s] GC(582) Pause Young (Allocation Failure)
[2019-10-09T05:47:45.853+0000][77644.261s] GC(582) Using 4 workers of 4 for evacuation
[2019-10-09T05:47:45.879+0000][77644.287s] GC(582) ParNew: 1464874K->50181K(1747648K)
[2019-10-09T05:47:45.880+0000][77644.287s] GC(582) CMS: 734894K->734992K(6291456K)
[2019-10-09T05:47:45.880+0000][77644.287s] GC(582) Metaspace: 59267K->59267K(1103872K)
[2019-10-09T05:47:45.880+0000][77644.287s] GC(582) Pause Young (Allocation Failure) 2148M->766M(7850M) 26.250ms
[2019-10-09T05:47:45.880+0000][77644.287s] GC(582) User=0.10s Sys=0.00s Real=0.02s
[2019-10-09T05:48:57.332+0000][77715.739s] GC(583) Pause Young (Allocation Failure)
[2019-10-09T05:48:57.332+0000][77715.739s] GC(583) Using 4 workers of 4 for evacuation
[2019-10-09T05:48:57.358+0000][77715.765s] GC(583) ParNew: 1448325K->61842K(1747648K)
[2019-10-09T05:48:57.358+0000][77715.765s] GC(583) CMS: 734992K->735230K(6291456K)
[2019-10-09T05:48:57.358+0000][77715.765s] GC(583) Metaspace: 59267K->59267K(1103872K)
[2019-10-09T05:48:57.358+0000][77715.765s] GC(583) Pause Young (Allocation Failure) 2132M->778M(7850M) 26.056ms
[2019-10-09T05:48:57.358+0000][77715.765s] GC(583) User=0.10s Sys=0.00s Real=0.03s
[2019-10-09T05:50:32.784+0000][77811.192s] GC(584) Pause Young (Allocation Failure)
[2019-10-09T05:50:32.785+0000][77811.192s] GC(584) Using 4 workers of 4 for evacuation
[2019-10-09T05:50:32.810+0000][77811.218s] GC(584) ParNew: 1459986K->42701K(1747648K)
[2019-10-09T05:50:32.810+0000][77811.218s] GC(584) CMS: 735230K->735471K(6291456K)
[2019-10-09T05:50:32.810+0000][77811.218s] GC(584) Metaspace: 59267K->59267K(1103872K)
[2019-10-09T05:50:32.810+0000][77811.218s] GC(584) Pause Young (Allocation Failure) 2143M->759M(7850M) 25.754ms
[2019-10-09T05:50:32.810+0000][77811.218s] GC(584) User=0.10s Sys=0.00s Real=0.02s
[2019-10-09T05:52:00.726+0000][77899.133s] GC(585) Pause Young (Allocation Failure)
[2019-10-09T05:52:00.726+0000][77899.133s] GC(585) Using 4 workers of 4 for evacuation
[2019-10-09T05:52:00.752+0000][77899.159s] GC(585) ParNew: 1440845K->58445K(1747648K)
[2019-10-09T05:52:00.752+0000][77899.159s] GC(585) CMS: 735471K->737698K(6291456K)
[2019-10-09T05:52:00.752+0000][77899.159s] GC(585) Metaspace: 59267K->59267K(1103872K)
[2019-10-09T05:52:00.752+0000][77899.159s] GC(585) Pause Young (Allocation Failure) 2125M->777M(7850M) 25.711ms
[2019-10-09T05:52:00.752+0000][77899.159s] GC(585) User=0.10s Sys=0.00s Real=0.02s
[2019-10-09T05:53:25.246+0000][77983.654s] GC(586) Pause Young (Allocation Failure)
[2019-10-09T05:53:25.247+0000][77983.654s] GC(586) Using 4 workers of 4 for evacuation
[2019-10-09T05:53:25.276+0000][77983.683s] GC(586) ParNew: 1456589K->48931K(1747648K)
[2019-10-09T05:53:25.276+0000][77983.683s] GC(586) CMS: 737698K->738131K(6291456K)
[2019-10-09T05:53:25.276+0000][77983.683s] GC(586) Metaspace: 59267K->59267K(1103872K)
[2019-10-09T05:53:25.276+0000][77983.683s] GC(586) Pause Young (Allocation Failure) 2142M->768M(7850M) 29.202ms
[2019-10-09T05:53:25.276+0000][77983.683s] GC(586) User=0.11s Sys=0.00s Real=0.03s
[2019-10-09T05:55:13.209+0000][78091.616s] GC(587) Pause Young (Allocation Failure)
[2019-10-09T05:55:13.209+0000][78091.616s] GC(587) Using 4 workers of 4 for evacuation
[2019-10-09T05:55:13.234+0000][78091.642s] GC(587) ParNew: 1447075K->61121K(1747648K)
[2019-10-09T05:55:13.234+0000][78091.642s] GC(587) CMS: 738131K->738335K(6291456K)
[2019-10-09T05:55:13.234+0000][78091.642s] GC(587) Metaspace: 59267K->59267K(1103872K)
[2019-10-09T05:55:13.234+0000][78091.642s] GC(587) Pause Young (Allocation Failure) 2133M->780M(7850M) 25.445ms
[2019-10-09T05:55:13.235+0000][78091.642s] GC(587) User=0.10s Sys=0.00s Real=0.03s
[2019-10-09T05:56:48.656+0000][78187.064s] GC(588) Pause Young (Allocation Failure)
[2019-10-09T05:56:48.656+0000][78187.064s] GC(588) Using 4 workers of 4 for evacuation
[2019-10-09T05:56:48.682+0000][78187.089s] GC(588) ParNew: 1459265K->51098K(1747648K)
[2019-10-09T05:56:48.682+0000][78187.089s] GC(588) CMS: 738335K->738551K(6291456K)
[2019-10-09T05:56:48.682+0000][78187.089s] GC(588) Metaspace: 59267K->59267K(1103872K)
[2019-10-09T05:56:48.682+0000][78187.089s] GC(588) Pause Young (Allocation Failure) 2146M->771M(7850M) 25.646ms
[2019-10-09T05:56:48.682+0000][78187.089s] GC(588) User=0.10s Sys=0.00s Real=0.03s
[2019-10-09T05:58:06.289+0000][78264.697s] GC(589) Pause Young (Allocation Failure)
[2019-10-09T05:58:06.289+0000][78264.697s] GC(589) Using 4 workers of 4 for evacuation
[2019-10-09T05:58:06.316+0000][78264.723s] GC(589) ParNew: 1449242K->64017K(1747648K)
[2019-10-09T05:58:06.316+0000][78264.723s] GC(589) CMS: 738551K->738822K(6291456K)
[2019-10-09T05:58:06.316+0000][78264.723s] GC(589) Metaspace: 59267K->59267K(1103872K)
[2019-10-09T05:58:06.316+0000][78264.723s] GC(589) Pause Young (Allocation Failure) 2136M->784M(7850M) 26.297ms
[2019-10-09T05:58:06.316+0000][78264.723s] GC(589) User=0.10s Sys=0.00s Real=0.03s
[2019-10-09T05:59:40.089+0000][78358.497s] GC(590) Pause Young (Allocation Failure)
[2019-10-09T05:59:40.089+0000][78358.497s] GC(590) Using 4 workers of 4 for evacuation
[2019-10-09T05:59:40.118+0000][78358.525s] GC(590) ParNew: 1462161K->50967K(1747648K)
[2019-10-09T05:59:40.118+0000][78358.525s] GC(590) CMS: 738822K->739104K(6291456K)
[2019-10-09T05:59:40.118+0000][78358.525s] GC(590) Metaspace: 59267K->59267K(1103872K)
[2019-10-09T05:59:40.118+0000][78358.525s] GC(590) Pause Young (Allocation Failure) 2149M->771M(7850M) 28.408ms
[2019-10-09T05:59:40.118+0000][78358.525s] GC(590) User=0.11s Sys=0.00s Real=0.03s
[2019-10-09T06:01:22.433+0000][78460.840s] GC(591) Pause Young (Allocation Failure)
[2019-10-09T06:01:22.433+0000][78460.840s] GC(591) Using 4 workers of 4 for evacuation
[2019-10-09T06:01:22.459+0000][78460.867s] GC(591) ParNew: 1449111K->54630K(1747648K)
[2019-10-09T06:01:22.459+0000][78460.867s] GC(591) CMS: 739104K->742289K(6291456K)
[2019-10-09T06:01:22.459+0000][78460.867s] GC(591) Metaspace: 59267K->59267K(1103872K)
[2019-10-09T06:01:22.459+0000][78460.867s] GC(591) Pause Young (Allocation Failure) 2136M->778M(7850M) 26.582ms
[2019-10-09T06:01:22.459+0000][78460.867s] GC(591) User=0.11s Sys=0.00s Real=0.02s
[2019-10-09T06:03:06.246+0000][78564.653s] GC(592) Pause Young (Allocation Failure)
[2019-10-09T06:03:06.246+0000][78564.653s] GC(592) Using 4 workers of 4 for evacuation
[2019-10-09T06:03:06.273+0000][78564.680s] GC(592) ParNew: 1452774K->49768K(1747648K)
[2019-10-09T06:03:06.273+0000][78564.680s] GC(592) CMS: 742289K->742677K(6291456K)
[2019-10-09T06:03:06.273+0000][78564.680s] GC(592) Metaspace: 59267K->59267K(1103872K)
[2019-10-09T06:03:06.273+0000][78564.680s] GC(592) Pause Young (Allocation Failure) 2143M->773M(7850M) 26.983ms
[2019-10-09T06:03:06.273+0000][78564.680s] GC(592) User=0.10s Sys=0.00s Real=0.03s
[2019-10-09T06:04:28.450+0000][78646.857s] GC(593) Pause Young (Allocation Failure)
[2019-10-09T06:04:28.450+0000][78646.857s] GC(593) Using 4 workers of 4 for evacuation
[2019-10-09T06:04:28.476+0000][78646.883s] GC(593) ParNew: 1447912K->60694K(1747648K)
[2019-10-09T06:04:28.476+0000][78646.883s] GC(593) CMS: 742677K->742904K(6291456K)
[2019-10-09T06:04:28.476+0000][78646.883s] GC(593) Metaspace: 59267K->59267K(1103872K)
[2019-10-09T06:04:28.476+0000][78646.883s] GC(593) Pause Young (Allocation Failure) 2139M->784M(7850M) 26.116ms
[2019-10-09T06:04:28.476+0000][78646.883s] GC(593) User=0.10s Sys=0.00s Real=0.03s
[2019-10-09T06:06:11.709+0000][78750.117s] GC(594) Pause Young (Allocation Failure)
[2019-10-09T06:06:11.709+0000][78750.117s] GC(594) Using 4 workers of 4 for evacuation
[2019-10-09T06:06:11.736+0000][78750.143s] GC(594) ParNew: 1458838K->55540K(1747648K)
[2019-10-09T06:06:11.736+0000][78750.143s] GC(594) CMS: 742904K->743094K(6291456K)
[2019-10-09T06:06:11.736+0000][78750.143s] GC(594) Metaspace: 59267K->59267K(1103872K)
[2019-10-09T06:06:11.736+0000][78750.143s] GC(594) Pause Young (Allocation Failure) 2150M->779M(7850M) 26.753ms
[2019-10-09T06:06:11.736+0000][78750.143s] GC(594) User=0.11s Sys=0.00s Real=0.03s
[2019-10-09T06:07:59.932+0000][78858.339s] GC(595) Pause Young (Allocation Failure)
[2019-10-09T06:07:59.932+0000][78858.339s] GC(595) Using 4 workers of 4 for evacuation
[2019-10-09T06:07:59.958+0000][78858.365s] GC(595) ParNew: 1453684K->54560K(1747648K)
[2019-10-09T06:07:59.958+0000][78858.365s] GC(595) CMS: 743094K->743354K(6291456K)
[2019-10-09T06:07:59.958+0000][78858.365s] GC(595) Metaspace: 59267K->59267K(1103872K)
[2019-10-09T06:07:59.958+0000][78858.365s] GC(595) Pause Young (Allocation Failure) 2145M->779M(7850M) 26.531ms
[2019-10-09T06:07:59.958+0000][78858.366s] GC(595) User=0.10s Sys=0.00s Real=0.03s
[2019-10-09T06:09:25.968+0000][78944.376s] GC(596) Pause Young (Allocation Failure)
[2019-10-09T06:09:25.968+0000][78944.376s] GC(596) Using 4 workers of 4 for evacuation
[2019-10-09T06:09:25.994+0000][78944.402s] GC(596) ParNew: 1452704K->65831K(1747648K)
[2019-10-09T06:09:25.994+0000][78944.402s] GC(596) CMS: 743354K->743854K(6291456K)
[2019-10-09T06:09:25.994+0000][78944.402s] GC(596) Metaspace: 59267K->59267K(1103872K)
[2019-10-09T06:09:25.994+0000][78944.402s] GC(596) Pause Young (Allocation Failure) 2144M->790M(7850M) 26.186ms
[2019-10-09T06:09:25.994+0000][78944.402s] GC(596) User=0.10s Sys=0.00s Real=0.03s
[2019-10-09T06:10:59.538+0000][79037.946s] GC(597) Pause Young (Allocation Failure)
[2019-10-09T06:10:59.538+0000][79037.946s] GC(597) Using 4 workers of 4 for evacuation
[2019-10-09T06:10:59.566+0000][79037.973s] GC(597) ParNew: 1463975K->43518K(1747648K)
[2019-10-09T06:10:59.566+0000][79037.973s] GC(597) CMS: 743854K->744185K(6291456K)
[2019-10-09T06:10:59.566+0000][79037.973s] GC(597) Metaspace: 59267K->59267K(1103872K)
[2019-10-09T06:10:59.566+0000][79037.973s] GC(597) Pause Young (Allocation Failure) 2156M->769M(7850M) 27.326ms
[2019-10-09T06:10:59.566+0000][79037.973s] GC(597) User=0.10s Sys=0.00s Real=0.03s
[2019-10-09T06:12:22.325+0000][79120.732s] GC(598) Pause Young (Allocation Failure)
[2019-10-09T06:12:22.325+0000][79120.732s] GC(598) Using 4 workers of 4 for evacuation
[2019-10-09T06:12:22.352+0000][79120.760s] GC(598) ParNew: 1441662K->59985K(1747648K)
[2019-10-09T06:12:22.352+0000][79120.760s] GC(598) CMS: 744185K->744443K(6291456K)
[2019-10-09T06:12:22.352+0000][79120.760s] GC(598) Metaspace: 59267K->59267K(1103872K)
[2019-10-09T06:12:22.352+0000][79120.760s] GC(598) Pause Young (Allocation Failure) 2134M->785M(7850M) 27.477ms
[2019-10-09T06:12:22.352+0000][79120.760s] GC(598) User=0.11s Sys=0.00s Real=0.03s
[2019-10-09T06:14:00.989+0000][79219.396s] GC(599) Pause Young (Allocation Failure)
[2019-10-09T06:14:00.989+0000][79219.397s] GC(599) Using 4 workers of 4 for evacuation
[2019-10-09T06:14:01.016+0000][79219.423s] GC(599) ParNew: 1458129K->60243K(1747648K)
[2019-10-09T06:14:01.016+0000][79219.423s] GC(599) CMS: 744443K->744717K(6291456K)
[2019-10-09T06:14:01.016+0000][79219.423s] GC(599) Metaspace: 59279K->59279K(1103872K)
[2019-10-09T06:14:01.016+0000][79219.423s] GC(599) Pause Young (Allocation Failure) 2150M->786M(7850M) 26.992ms
[2019-10-09T06:14:01.016+0000][79219.423s] GC(599) User=0.10s Sys=0.00s Real=0.03s
[2019-10-09T06:15:18.877+0000][79297.285s] GC(600) Pause Young (Allocation Failure)
[2019-10-09T06:15:18.877+0000][79297.285s] GC(600) Using 4 workers of 4 for evacuation
[2019-10-09T06:15:18.912+0000][79297.319s] GC(600) ParNew: 1458387K->57036K(1747648K)
[2019-10-09T06:15:18.912+0000][79297.319s] GC(600) CMS: 744717K->744984K(6291456K)
[2019-10-09T06:15:18.912+0000][79297.319s] GC(600) Metaspace: 59279K->59279K(1103872K)
[2019-10-09T06:15:18.912+0000][79297.319s] GC(600) Pause Young (Allocation Failure) 2151M->783M(7850M) 34.445ms
[2019-10-09T06:15:18.912+0000][79297.319s] GC(600) User=0.12s Sys=0.00s Real=0.03s
[2019-10-09T06:16:44.188+0000][79382.595s] GC(601) Pause Young (Allocation Failure)
[2019-10-09T06:16:44.188+0000][79382.595s] GC(601) Using 4 workers of 4 for evacuation
[2019-10-09T06:16:44.219+0000][79382.626s] GC(601) ParNew: 1455180K->59470K(1747648K)
[2019-10-09T06:16:44.219+0000][79382.626s] GC(601) CMS: 744984K->745362K(6291456K)
[2019-10-09T06:16:44.219+0000][79382.626s] GC(601) Metaspace: 59569K->59569K(1103872K)
[2019-10-09T06:16:44.219+0000][79382.626s] GC(601) Pause Young (Allocation Failure) 2148M->785M(7850M) 30.822ms
[2019-10-09T06:16:44.219+0000][79382.626s] GC(601) User=0.12s Sys=0.00s Real=0.03s
[2019-10-09T06:18:12.201+0000][79470.609s] GC(602) Pause Young (Allocation Failure)
[2019-10-09T06:18:12.201+0000][79470.609s] GC(602) Using 4 workers of 4 for evacuation
[2019-10-09T06:18:12.230+0000][79470.638s] GC(602) ParNew: 1457614K->55037K(1747648K)
[2019-10-09T06:18:12.230+0000][79470.638s] GC(602) CMS: 745362K->745697K(6291456K)
[2019-10-09T06:18:12.230+0000][79470.638s] GC(602) Metaspace: 59569K->59569K(1103872K)
[2019-10-09T06:18:12.230+0000][79470.638s] GC(602) Pause Young (Allocation Failure) 2151M->781M(7850M) 29.052ms
[2019-10-09T06:18:12.230+0000][79470.638s] GC(602) User=0.12s Sys=0.00s Real=0.02s
[2019-10-09T06:19:21.692+0000][79540.100s] GC(603) Pause Young (Allocation Failure)
[2019-10-09T06:19:21.692+0000][79540.100s] GC(603) Using 4 workers of 4 for evacuation
[2019-10-09T06:19:21.723+0000][79540.131s] GC(603) ParNew: 1453181K->66350K(1747648K)
[2019-10-09T06:19:21.723+0000][79540.131s] GC(603) CMS: 745697K->746052K(6291456K)
[2019-10-09T06:19:21.723+0000][79540.131s] GC(603) Metaspace: 59569K->59569K(1103872K)
[2019-10-09T06:19:21.723+0000][79540.131s] GC(603) Pause Young (Allocation Failure) 2147M->793M(7850M) 30.978ms
[2019-10-09T06:19:21.723+0000][79540.131s] GC(603) User=0.11s Sys=0.00s Real=0.03s
[2019-10-09T06:21:12.081+0000][79650.489s] GC(604) Pause Young (Allocation Failure)
[2019-10-09T06:21:12.081+0000][79650.489s] GC(604) Using 4 workers of 4 for evacuation
[2019-10-09T06:21:12.111+0000][79650.518s] GC(604) ParNew: 1464494K->50611K(1747648K)
[2019-10-09T06:21:12.111+0000][79650.518s] GC(604) CMS: 746052K->746410K(6291456K)
[2019-10-09T06:21:12.111+0000][79650.518s] GC(604) Metaspace: 59569K->59569K(1103872K)
[2019-10-09T06:21:12.111+0000][79650.518s] GC(604) Pause Young (Allocation Failure) 2158M->778M(7850M) 29.514ms
[2019-10-09T06:21:12.111+0000][79650.518s] GC(604) User=0.12s Sys=0.00s Real=0.02s
[2019-10-09T06:22:38.545+0000][79736.952s] GC(605) Pause Young (Allocation Failure)
[2019-10-09T06:22:38.545+0000][79736.952s] GC(605) Using 4 workers of 4 for evacuation
[2019-10-09T06:22:38.574+0000][79736.981s] GC(605) ParNew: 1448755K->66416K(1747648K)
[2019-10-09T06:22:38.574+0000][79736.981s] GC(605) CMS: 746410K->746606K(6291456K)
[2019-10-09T06:22:38.574+0000][79736.981s] GC(605) Metaspace: 59569K->59569K(1103872K)
[2019-10-09T06:22:38.574+0000][79736.981s] GC(605) Pause Young (Allocation Failure) 2143M->793M(7850M) 28.955ms
[2019-10-09T06:22:38.574+0000][79736.981s] GC(605) User=0.12s Sys=0.00s Real=0.03s
[2019-10-09T06:24:26.153+0000][79844.560s] GC(606) Pause Young (Allocation Failure)
[2019-10-09T06:24:26.153+0000][79844.560s] GC(606) Using 4 workers of 4 for evacuation
[2019-10-09T06:24:26.183+0000][79844.590s] GC(606) ParNew: 1464560K->56208K(1747648K)
[2019-10-09T06:24:26.183+0000][79844.591s] GC(606) CMS: 746606K->746792K(6291456K)
[2019-10-09T06:24:26.183+0000][79844.591s] GC(606) Metaspace: 59570K->59570K(1103872K)
[2019-10-09T06:24:26.183+0000][79844.591s] GC(606) Pause Young (Allocation Failure) 2159M->784M(7850M) 30.166ms
[2019-10-09T06:24:26.183+0000][79844.591s] GC(606) User=0.11s Sys=0.00s Real=0.03s
[2019-10-09T06:25:46.511+0000][79924.918s] GC(607) Pause Young (Allocation Failure)
[2019-10-09T06:25:46.511+0000][79924.918s] GC(607) Using 4 workers of 4 for evacuation
[2019-10-09T06:25:46.541+0000][79924.949s] GC(607) ParNew: 1454352K->66591K(1747648K)
[2019-10-09T06:25:46.541+0000][79924.949s] GC(607) CMS: 746792K->748640K(6291456K)
[2019-10-09T06:25:46.541+0000][79924.949s] GC(607) Metaspace: 59570K->59570K(1103872K)
[2019-10-09T06:25:46.541+0000][79924.949s] GC(607) Pause Young (Allocation Failure) 2149M->796M(7850M) 30.548ms
[2019-10-09T06:25:46.541+0000][79924.949s] GC(607) User=0.11s Sys=0.00s Real=0.04s
[2019-10-09T06:27:12.691+0000][80011.098s] GC(608) Pause Young (Allocation Failure)
[2019-10-09T06:27:12.691+0000][80011.098s] GC(608) Using 4 workers of 4 for evacuation
[2019-10-09T06:27:12.721+0000][80011.128s] GC(608) ParNew: 1464735K->52835K(1747648K)
[2019-10-09T06:27:12.721+0000][80011.128s] GC(608) CMS: 748640K->750056K(6291456K)
[2019-10-09T06:27:12.721+0000][80011.128s] GC(608) Metaspace: 59570K->59570K(1103872K)
[2019-10-09T06:27:12.721+0000][80011.128s] GC(608) Pause Young (Allocation Failure) 2161M->784M(7850M) 29.855ms
[2019-10-09T06:27:12.721+0000][80011.128s] GC(608) User=0.12s Sys=0.00s Real=0.04s
[2019-10-09T06:28:47.342+0000][80105.750s] GC(609) Pause Young (Allocation Failure)
[2019-10-09T06:28:47.342+0000][80105.750s] GC(609) Using 4 workers of 4 for evacuation
[2019-10-09T06:28:47.371+0000][80105.778s] GC(609) ParNew: 1450979K->53864K(1747648K)
[2019-10-09T06:28:47.371+0000][80105.778s] GC(609) CMS: 750056K->751306K(6291456K)
[2019-10-09T06:28:47.371+0000][80105.778s] GC(609) Metaspace: 59570K->59570K(1103872K)
[2019-10-09T06:28:47.371+0000][80105.778s] GC(609) Pause Young (Allocation Failure) 2149M->786M(7850M) 28.787ms
[2019-10-09T06:28:47.371+0000][80105.778s] GC(609) User=0.11s Sys=0.00s Real=0.02s
[2019-10-09T06:30:26.949+0000][80205.356s] GC(610) Pause Young (Allocation Failure)
[2019-10-09T06:30:26.949+0000][80205.357s] GC(610) Using 4 workers of 4 for evacuation
[2019-10-09T06:30:26.975+0000][80205.382s] GC(610) ParNew: 1451992K->51937K(1747648K)
[2019-10-09T06:30:26.975+0000][80205.382s] GC(610) CMS: 751306K->751606K(6291456K)
[2019-10-09T06:30:26.975+0000][80205.382s] GC(610) Metaspace: 59570K->59570K(1103872K)
[2019-10-09T06:30:26.975+0000][80205.382s] GC(610) Pause Young (Allocation Failure) 2151M->784M(7850M) 25.874ms
[2019-10-09T06:30:26.975+0000][80205.382s] GC(610) User=0.10s Sys=0.00s Real=0.03s
[2019-10-09T06:31:56.397+0000][80294.804s] GC(611) Pause Young (Allocation Failure)
[2019-10-09T06:31:56.397+0000][80294.804s] GC(611) Using 4 workers of 4 for evacuation
[2019-10-09T06:31:56.424+0000][80294.832s] GC(611) ParNew: 1450081K->53607K(1747648K)
[2019-10-09T06:31:56.424+0000][80294.832s] GC(611) CMS: 751606K->751741K(6291456K)
[2019-10-09T06:31:56.424+0000][80294.832s] GC(611) Metaspace: 59570K->59570K(1103872K)
[2019-10-09T06:31:56.424+0000][80294.832s] GC(611) Pause Young (Allocation Failure) 2150M->786M(7850M) 27.421ms
[2019-10-09T06:31:56.424+0000][80294.832s] GC(611) User=0.10s Sys=0.00s Real=0.03s
[2019-10-09T06:33:30.582+0000][80388.989s] GC(612) Pause Young (Allocation Failure)
[2019-10-09T06:33:30.582+0000][80388.989s] GC(612) Using 4 workers of 4 for evacuation
[2019-10-09T06:33:30.608+0000][80389.015s] GC(612) ParNew: 1451751K->54288K(1747648K)
[2019-10-09T06:33:30.608+0000][80389.015s] GC(612) CMS: 751741K->752183K(6291456K)
[2019-10-09T06:33:30.608+0000][80389.015s] GC(612) Metaspace: 59570K->59570K(1103872K)
[2019-10-09T06:33:30.608+0000][80389.015s] GC(612) Pause Young (Allocation Failure) 2151M->787M(7850M) 26.304ms
[2019-10-09T06:33:30.608+0000][80389.015s] GC(612) User=0.11s Sys=0.00s Real=0.02s
[2019-10-09T06:34:46.995+0000][80465.403s] GC(613) Pause Young (Allocation Failure)
[2019-10-09T06:34:46.995+0000][80465.403s] GC(613) Using 4 workers of 4 for evacuation
[2019-10-09T06:34:47.021+0000][80465.429s] GC(613) ParNew: 1452432K->58918K(1747648K)
[2019-10-09T06:34:47.021+0000][80465.429s] GC(613) CMS: 752183K->752417K(6291456K)
[2019-10-09T06:34:47.021+0000][80465.429s] GC(613) Metaspace: 59570K->59570K(1103872K)
[2019-10-09T06:34:47.021+0000][80465.429s] GC(613) Pause Young (Allocation Failure) 2152M->792M(7850M) 26.079ms
[2019-10-09T06:34:47.021+0000][80465.429s] GC(613) User=0.10s Sys=0.00s Real=0.03s
[2019-10-09T06:36:23.597+0000][80562.005s] GC(614) Pause Young (Allocation Failure)
[2019-10-09T06:36:23.598+0000][80562.005s] GC(614) Using 4 workers of 4 for evacuation
[2019-10-09T06:36:23.624+0000][80562.032s] GC(614) ParNew: 1457062K->57903K(1747648K)
[2019-10-09T06:36:23.624+0000][80562.032s] GC(614) CMS: 752417K->752601K(6291456K)
[2019-10-09T06:36:23.624+0000][80562.032s] GC(614) Metaspace: 59571K->59571K(1103872K)
[2019-10-09T06:36:23.624+0000][80562.032s] GC(614) Pause Young (Allocation Failure) 2157M->791M(7850M) 26.983ms
[2019-10-09T06:36:23.624+0000][80562.032s] GC(614) User=0.10s Sys=0.00s Real=0.03s
[2019-10-09T06:37:38.125+0000][80636.532s] GC(615) Pause Young (Allocation Failure)
[2019-10-09T06:37:38.125+0000][80636.532s] GC(615) Using 4 workers of 4 for evacuation
[2019-10-09T06:37:38.154+0000][80636.561s] GC(615) ParNew: 1456047K->48436K(1747648K)
[2019-10-09T06:37:38.154+0000][80636.561s] GC(615) CMS: 752601K->754224K(6291456K)
[2019-10-09T06:37:38.154+0000][80636.561s] GC(615) Metaspace: 59571K->59571K(1103872K)
[2019-10-09T06:37:38.154+0000][80636.561s] GC(615) Pause Young (Allocation Failure) 2156M->783M(7850M) 28.921ms
[2019-10-09T06:37:38.154+0000][80636.561s] GC(615) User=0.11s Sys=0.00s Real=0.03s
[2019-10-09T06:39:10.941+0000][80729.348s] GC(616) Pause Young (Allocation Failure)
[2019-10-09T06:39:10.941+0000][80729.348s] GC(616) Using 4 workers of 4 for evacuation
[2019-10-09T06:39:10.967+0000][80729.374s] GC(616) ParNew: 1446580K->55411K(1747648K)
[2019-10-09T06:39:10.967+0000][80729.374s] GC(616) CMS: 754224K->754294K(6291456K)
[2019-10-09T06:39:10.967+0000][80729.374s] GC(616) Metaspace: 59573K->59573K(1103872K)
[2019-10-09T06:39:10.967+0000][80729.374s] GC(616) Pause Young (Allocation Failure) 2149M->790M(7850M) 26.120ms
[2019-10-09T06:39:10.967+0000][80729.374s] GC(616) User=0.11s Sys=0.00s Real=0.02s
[2019-10-09T06:40:40.550+0000][80818.957s] GC(617) Pause Young (Allocation Failure)
[2019-10-09T06:40:40.550+0000][80818.958s] GC(617) Using 4 workers of 4 for evacuation
[2019-10-09T06:40:40.576+0000][80818.984s] GC(617) ParNew: 1453555K->48246K(1747648K)
[2019-10-09T06:40:40.576+0000][80818.984s] GC(617) CMS: 754294K->754724K(6291456K)
[2019-10-09T06:40:40.576+0000][80818.984s] GC(617) Metaspace: 59573K->59573K(1103872K)
[2019-10-09T06:40:40.576+0000][80818.984s] GC(617) Pause Young (Allocation Failure) 2156M->784M(7850M) 26.379ms
[2019-10-09T06:40:40.577+0000][80818.984s] GC(617) User=0.10s Sys=0.00s Real=0.03s
[2019-10-09T06:42:08.852+0000][80907.259s] GC(618) Pause Young (Allocation Failure)
[2019-10-09T06:42:08.852+0000][80907.259s] GC(618) Using 4 workers of 4 for evacuation
[2019-10-09T06:42:08.885+0000][80907.293s] GC(618) ParNew: 1446390K->65591K(1747648K)
[2019-10-09T06:42:08.885+0000][80907.293s] GC(618) CMS: 754724K->754954K(6291456K)
[2019-10-09T06:42:08.885+0000][80907.293s] GC(618) Metaspace: 59573K->59573K(1103872K)
[2019-10-09T06:42:08.885+0000][80907.293s] GC(618) Pause Young (Allocation Failure) 2149M->801M(7850M) 33.590ms
[2019-10-09T06:42:08.885+0000][80907.293s] GC(618) User=0.11s Sys=0.00s Real=0.04s
[2019-10-09T06:43:31.381+0000][80989.789s] GC(619) Pause Young (Allocation Failure)
[2019-10-09T06:43:31.381+0000][80989.789s] GC(619) Using 4 workers of 4 for evacuation
[2019-10-09T06:43:31.408+0000][80989.815s] GC(619) ParNew: 1463735K->52035K(1747648K)
[2019-10-09T06:43:31.408+0000][80989.815s] GC(619) CMS: 754954K->755226K(6291456K)
[2019-10-09T06:43:31.408+0000][80989.815s] GC(619) Metaspace: 59573K->59573K(1103872K)
[2019-10-09T06:43:31.408+0000][80989.815s] GC(619) Pause Young (Allocation Failure) 2166M->788M(7850M) 26.413ms
[2019-10-09T06:43:31.408+0000][80989.815s] GC(619) User=0.11s Sys=0.00s Real=0.02s
[2019-10-09T06:44:51.794+0000][81070.201s] GC(620) Pause Young (Allocation Failure)
[2019-10-09T06:44:51.794+0000][81070.201s] GC(620) Using 4 workers of 4 for evacuation
[2019-10-09T06:44:51.821+0000][81070.229s] GC(620) ParNew: 1450179K->57771K(1747648K)
[2019-10-09T06:44:51.821+0000][81070.229s] GC(620) CMS: 755226K->756678K(6291456K)
[2019-10-09T06:44:51.821+0000][81070.229s] GC(620) Metaspace: 59573K->59573K(1103872K)
[2019-10-09T06:44:51.821+0000][81070.229s] GC(620) Pause Young (Allocation Failure) 2153M->795M(7850M) 27.877ms
[2019-10-09T06:44:51.821+0000][81070.229s] GC(620) User=0.10s Sys=0.00s Real=0.03s
[2019-10-09T06:45:58.200+0000][81136.607s] GC(621) Pause Young (Allocation Failure)
[2019-10-09T06:45:58.200+0000][81136.607s] GC(621) Using 4 workers of 4 for evacuation
[2019-10-09T06:45:58.226+0000][81136.633s] GC(621) ParNew: 1455915K->44587K(1747648K)
[2019-10-09T06:45:58.226+0000][81136.633s] GC(621) CMS: 756678K->756837K(6291456K)
[2019-10-09T06:45:58.226+0000][81136.633s] GC(621) Metaspace: 59575K->59575K(1103872K)
[2019-10-09T06:45:58.226+0000][81136.633s] GC(621) Pause Young (Allocation Failure) 2160M->782M(7850M) 26.178ms
[2019-10-09T06:45:58.226+0000][81136.633s] GC(621) User=0.10s Sys=0.00s Real=0.03s
[2019-10-09T06:47:15.166+0000][81213.574s] GC(622) Pause Young (Allocation Failure)
[2019-10-09T06:47:15.166+0000][81213.574s] GC(622) Using 4 workers of 4 for evacuation
[2019-10-09T06:47:15.192+0000][81213.600s] GC(622) ParNew: 1442731K->65048K(1747648K)
[2019-10-09T06:47:15.192+0000][81213.600s] GC(622) CMS: 756837K->757447K(6291456K)
[2019-10-09T06:47:15.192+0000][81213.600s] GC(622) Metaspace: 59575K->59575K(1103872K)
[2019-10-09T06:47:15.192+0000][81213.600s] GC(622) Pause Young (Allocation Failure) 2148M->803M(7850M) 26.070ms
[2019-10-09T06:47:15.192+0000][81213.600s] GC(622) User=0.10s Sys=0.00s Real=0.03s
[2019-10-09T06:47:30.873+0000][81229.280s] GC(623) Pause Young (Allocation Failure)
[2019-10-09T06:47:30.873+0000][81229.280s] GC(623) Using 4 workers of 4 for evacuation
[2019-10-09T06:47:31.249+0000][81229.656s] GC(623) ParNew: 1463192K->349504K(1747648K)
[2019-10-09T06:47:31.249+0000][81229.656s] GC(623) CMS: 757447K->789036K(6291456K)
[2019-10-09T06:47:31.249+0000][81229.656s] GC(623) Metaspace: 59575K->59575K(1103872K)
[2019-10-09T06:47:31.249+0000][81229.656s] GC(623) Pause Young (Allocation Failure) 2168M->1111M(7850M) 375.765ms
[2019-10-09T06:47:31.249+0000][81229.656s] GC(623) User=1.48s Sys=0.01s Real=0.37s
[2019-10-09T06:47:32.130+0000][81230.537s] GC(624) Pause Young (Allocation Failure)
[2019-10-09T06:47:32.130+0000][81230.537s] GC(624) Using 4 workers of 4 for evacuation
[2019-10-09T06:47:33.312+0000][81231.719s] GC(624) ParNew: 1747648K->349504K(1747648K)
[2019-10-09T06:47:33.312+0000][81231.719s] GC(624) CMS: 789036K->1316327K(6291456K)
[2019-10-09T06:47:33.312+0000][81231.719s] GC(624) Metaspace: 59575K->59575K(1103872K)
[2019-10-09T06:47:33.312+0000][81231.719s] GC(624) Pause Young (Allocation Failure) 2477M->1626M(7850M) 1181.831ms
[2019-10-09T06:47:33.312+0000][81231.719s] GC(624) User=4.33s Sys=0.31s Real=1.18s
[2019-10-09T06:47:34.207+0000][81232.615s] GC(625) Pause Young (Allocation Failure)
[2019-10-09T06:47:34.207+0000][81232.615s] GC(625) Using 4 workers of 4 for evacuation
[2019-10-09T06:47:35.353+0000][81233.761s] GC(625) ParNew: 1747648K->349504K(1747648K)
[2019-10-09T06:47:35.353+0000][81233.761s] GC(625) CMS: 1316327K->1758800K(6291456K)
[2019-10-09T06:47:35.353+0000][81233.761s] GC(625) Metaspace: 59575K->59575K(1103872K)
[2019-10-09T06:47:35.353+0000][81233.761s] GC(625) Pause Young (Allocation Failure) 2992M->2058M(7850M) 1146.054ms
[2019-10-09T06:47:35.353+0000][81233.761s] GC(625) User=4.38s Sys=0.16s Real=1.15s
[2019-10-09T06:47:36.211+0000][81234.619s] GC(626) Pause Young (Allocation Failure)
[2019-10-09T06:47:36.211+0000][81234.619s] GC(626) Using 4 workers of 4 for evacuation
[2019-10-09T06:47:37.287+0000][81235.694s] GC(626) ParNew: 1747648K->349504K(1747648K)
[2019-10-09T06:47:37.287+0000][81235.694s] GC(626) CMS: 1758800K->2167119K(6291456K)
[2019-10-09T06:47:37.287+0000][81235.694s] GC(626) Metaspace: 59575K->59575K(1103872K)
[2019-10-09T06:47:37.287+0000][81235.694s] GC(626) Pause Young (Allocation Failure) 3424M->2457M(7850M) 1075.602ms
[2019-10-09T06:47:37.287+0000][81235.694s] GC(626) User=4.12s Sys=0.17s Real=1.08s
[2019-10-09T06:47:38.164+0000][81236.571s] GC(627) Pause Young (Allocation Failure)
[2019-10-09T06:47:38.164+0000][81236.571s] GC(627) Using 4 workers of 4 for evacuation
[2019-10-09T06:47:39.292+0000][81237.700s] GC(627) ParNew: 1747648K->349504K(1747648K)
[2019-10-09T06:47:39.292+0000][81237.700s] GC(627) CMS: 2167119K->2601725K(6291456K)
[2019-10-09T06:47:39.292+0000][81237.700s] GC(627) Metaspace: 59575K->59575K(1103872K)
[2019-10-09T06:47:39.293+0000][81237.700s] GC(627) Pause Young (Allocation Failure) 3823M->2882M(7850M) 1128.810ms
[2019-10-09T06:47:39.293+0000][81237.700s] GC(627) User=4.22s Sys=0.24s Real=1.13s
[2019-10-09T06:47:40.319+0000][81238.726s] GC(628) Pause Young (Allocation Failure)
[2019-10-09T06:47:40.319+0000][81238.726s] GC(628) Using 4 workers of 4 for evacuation
[2019-10-09T06:47:41.382+0000][81239.789s] GC(628) ParNew: 1747648K->349504K(1747648K)
[2019-10-09T06:47:41.382+0000][81239.789s] GC(628) CMS: 2601725K->3013647K(6291456K)
[2019-10-09T06:47:41.382+0000][81239.789s] GC(628) Metaspace: 59575K->59575K(1103872K)
[2019-10-09T06:47:41.382+0000][81239.789s] GC(628) Pause Young (Allocation Failure) 4247M->3284M(7850M) 1062.937ms
[2019-10-09T06:47:41.382+0000][81239.789s] GC(628) User=4.06s Sys=0.16s Real=1.07s
[2019-10-09T06:47:42.263+0000][81240.670s] GC(629) Pause Young (Allocation Failure)
[2019-10-09T06:47:42.263+0000][81240.670s] GC(629) Using 4 workers of 4 for evacuation
[2019-10-09T06:47:43.355+0000][81241.762s] GC(629) ParNew: 1747648K->349504K(1747648K)
[2019-10-09T06:47:43.355+0000][81241.762s] GC(629) CMS: 3013647K->3423587K(6291456K)
[2019-10-09T06:47:43.355+0000][81241.762s] GC(629) Metaspace: 59575K->59575K(1103872K)
[2019-10-09T06:47:43.355+0000][81241.762s] GC(629) Pause Young (Allocation Failure) 4649M->3684M(7850M) 1091.805ms
[2019-10-09T06:47:43.355+0000][81241.762s] GC(629) User=4.16s Sys=0.16s Real=1.09s
[2019-10-09T06:47:43.355+0000][81241.762s] GC(630) Pause Initial Mark
[2019-10-09T06:47:43.483+0000][81241.890s] GC(630) Pause Initial Mark 3709M->3709M(7850M) 127.736ms
[2019-10-09T06:47:43.483+0000][81241.890s] GC(630) User=0.47s Sys=0.00s Real=0.13s
[2019-10-09T06:47:43.483+0000][81241.890s] GC(630) Concurrent Mark
[2019-10-09T06:47:43.483+0000][81241.890s] GC(630) Using 4 workers of 4 for marking
[2019-10-09T06:47:45.543+0000][81243.951s] GC(631) Pause Young (Allocation Failure)
[2019-10-09T06:47:45.543+0000][81243.951s] GC(631) Using 4 workers of 4 for evacuation
[2019-10-09T06:47:46.921+0000][81245.328s] GC(631) ParNew: 1747648K->349504K(1747648K)
[2019-10-09T06:47:46.921+0000][81245.328s] GC(631) CMS: 3423587K->3915351K(6291456K)
[2019-10-09T06:47:46.921+0000][81245.328s] GC(631) Metaspace: 59575K->59575K(1103872K)
[2019-10-09T06:47:46.921+0000][81245.328s] GC(631) Pause Young (Allocation Failure) 5050M->4164M(7850M) 1377.317ms
[2019-10-09T06:47:46.921+0000][81245.328s] GC(631) User=5.39s Sys=0.08s Real=1.38s
[2019-10-09T06:47:47.176+0000][81245.584s] GC(630) Concurrent Mark 3693.238ms
[2019-10-09T06:47:47.176+0000][81245.584s] GC(630) User=14.62s Sys=0.08s Real=3.69s
[2019-10-09T06:47:47.176+0000][81245.584s] GC(630) Concurrent Preclean
[2019-10-09T06:47:47.711+0000][81246.118s] GC(630) Concurrent Preclean 534.292ms
[2019-10-09T06:47:47.711+0000][81246.118s] GC(630) User=1.07s Sys=0.00s Real=0.53s
[2019-10-09T06:47:47.711+0000][81246.118s] GC(630) Concurrent Abortable Preclean
[2019-10-09T06:47:47.964+0000][81246.371s] GC(632) Pause Young (Allocation Failure)
[2019-10-09T06:47:47.964+0000][81246.371s] GC(632) Using 4 workers of 4 for evacuation
[2019-10-09T06:47:49.243+0000][81247.650s] GC(632) ParNew: 1747648K->349504K(1747648K)
[2019-10-09T06:47:49.243+0000][81247.650s] GC(632) CMS: 3915351K->4301827K(6291456K)
[2019-10-09T06:47:49.243+0000][81247.650s] GC(632) Metaspace: 59575K->59575K(1103872K)
[2019-10-09T06:47:49.243+0000][81247.650s] GC(632) Pause Young (Allocation Failure) 5530M->4542M(7850M) 1279.067ms
[2019-10-09T06:47:49.243+0000][81247.650s] GC(632) User=4.92s Sys=0.14s Real=1.28s
[2019-10-09T06:47:49.808+0000][81248.216s] GC(630) Concurrent Abortable Preclean 2097.608ms
[2019-10-09T06:47:49.808+0000][81248.216s] GC(630) User=6.98s Sys=0.17s Real=2.10s
[2019-10-09T06:47:49.809+0000][81248.216s] GC(630) Pause Remark
[2019-10-09T06:47:49.809+0000][81248.216s] GC(633) Pause Young (CMS Final Remark)
[2019-10-09T06:47:49.809+0000][81248.216s] GC(633) Using 4 workers of 4 for evacuation
[2019-10-09T06:47:50.696+0000][81249.103s] GC(633) ParNew: 1217669K->349504K(1747648K)
[2019-10-09T06:47:50.696+0000][81249.103s] GC(633) CMS: 4301827K->4586736K(6291456K)
[2019-10-09T06:47:50.696+0000][81249.103s] GC(633) Metaspace: 59575K->59575K(1103872K)
[2019-10-09T06:47:50.696+0000][81249.103s] GC(633) Pause Young (CMS Final Remark) 5390M->4820M(7850M) 887.452ms
[2019-10-09T06:47:50.696+0000][81249.103s] GC(633) User=3.41s Sys=0.12s Real=0.89s
[2019-10-09T06:47:51.035+0000][81249.443s] GC(630) Pause Remark 5390M->4820M(7850M) 1226.613ms
[2019-10-09T06:47:51.035+0000][81249.443s] GC(630) User=4.65s Sys=0.12s Real=1.23s
[2019-10-09T06:47:51.035+0000][81249.443s] GC(630) Concurrent Sweep
[2019-10-09T06:47:51.922+0000][81250.329s] GC(634) Pause Young (Allocation Failure)
[2019-10-09T06:47:51.922+0000][81250.329s] GC(634) Using 4 workers of 4 for evacuation
[2019-10-09T06:47:53.053+0000][81251.460s] GC(634) ParNew: 1747648K->349504K(1747648K)
[2019-10-09T06:47:53.053+0000][81251.460s] GC(634) CMS: 4196775K->4567443K(6291456K)
[2019-10-09T06:47:53.053+0000][81251.460s] GC(634) Metaspace: 59575K->59575K(1103872K)
[2019-10-09T06:47:53.053+0000][81251.460s] GC(634) Pause Young (Allocation Failure) 5805M->4801M(7850M) 1130.925ms
[2019-10-09T06:47:53.053+0000][81251.460s] GC(634) User=4.41s Sys=0.00s Real=1.13s
[2019-10-09T06:47:54.298+0000][81252.706s] GC(635) Pause Young (Allocation Failure)
[2019-10-09T06:47:54.299+0000][81252.706s] GC(635) Using 4 workers of 4 for evacuation
[2019-10-09T06:47:55.587+0000][81253.995s] GC(635) ParNew: 1747648K->349504K(1747648K)
[2019-10-09T06:47:55.587+0000][81253.995s] GC(635) CMS: 4562875K->4990571K(6291456K)
[2019-10-09T06:47:55.587+0000][81253.995s] GC(635) Metaspace: 59575K->59575K(1103872K)
[2019-10-09T06:47:55.587+0000][81253.995s] GC(635) Pause Young (Allocation Failure) 6162M->5214M(7850M) 1288.769ms
[2019-10-09T06:47:55.587+0000][81253.995s] GC(635) User=5.01s Sys=0.12s Real=1.29s
[2019-10-09T06:47:56.240+0000][81254.647s] GC(630) Concurrent Sweep 5204.357ms
[2019-10-09T06:47:56.240+0000][81254.647s] GC(630) User=15.14s Sys=0.14s Real=5.20s
[2019-10-09T06:47:56.240+0000][81254.647s] GC(630) Concurrent Reset
[2019-10-09T06:47:56.255+0000][81254.663s] GC(630) Concurrent Reset 15.622ms
[2019-10-09T06:47:56.255+0000][81254.663s] GC(630) User=0.03s Sys=0.00s Real=0.02s
[2019-10-09T06:47:56.255+0000][81254.663s] GC(630) Old: 3423587K->4990571K(6291456K)
[2019-10-09T06:47:56.536+0000][81254.944s] GC(636) Pause Young (Allocation Failure)
[2019-10-09T06:47:56.536+0000][81254.944s] GC(636) Using 4 workers of 4 for evacuation
[2019-10-09T06:47:57.699+0000][81256.106s] GC(636) ParNew: 1747648K->349504K(1747648K)
[2019-10-09T06:47:57.699+0000][81256.106s] GC(636) CMS: 4990571K->5427792K(6291456K)
[2019-10-09T06:47:57.699+0000][81256.106s] GC(636) Metaspace: 59021K->59021K(1103872K)
[2019-10-09T06:47:57.699+0000][81256.106s] GC(636) Pause Young (Allocation Failure) 6580M->5641M(7850M) 1162.605ms
[2019-10-09T06:47:57.699+0000][81256.106s] GC(636) User=4.44s Sys=0.19s Real=1.16s
[2019-10-09T06:47:57.699+0000][81256.107s] GC(637) Pause Initial Mark
[2019-10-09T06:47:57.830+0000][81256.238s] GC(637) Pause Initial Mark 5668M->5668M(7850M) 130.835ms
[2019-10-09T06:47:57.830+0000][81256.238s] GC(637) User=0.49s Sys=0.00s Real=0.13s
[2019-10-09T06:47:57.830+0000][81256.238s] GC(637) Concurrent Mark
[2019-10-09T06:47:57.830+0000][81256.238s] GC(637) Using 4 workers of 4 for marking
[2019-10-09T06:47:59.704+0000][81258.111s] GC(638) Pause Young (Allocation Failure)
[2019-10-09T06:47:59.704+0000][81258.111s] GC(638) Using 4 workers of 4 for evacuation
[2019-10-09T06:48:01.062+0000][81259.470s] GC(638) ParNew: 1747648K->349504K(1747648K)
[2019-10-09T06:48:01.062+0000][81259.470s] GC(638) CMS: 5427792K->5858966K(6291456K)
[2019-10-09T06:48:01.062+0000][81259.470s] GC(638) Metaspace: 59021K->59021K(1103872K)
[2019-10-09T06:48:01.062+0000][81259.470s] GC(638) Pause Young (Allocation Failure) 7007M->6062M(7850M) 1358.806ms
[2019-10-09T06:48:01.062+0000][81259.470s] GC(638) User=5.33s Sys=0.10s Real=1.36s
[2019-10-09T06:48:02.655+0000][81261.062s] GC(639) Pause Young (Allocation Failure)
[2019-10-09T06:48:02.655+0000][81261.062s] GC(639) Using 4 workers of 4 for evacuation
[2019-10-09T06:48:02.655+0000][81261.062s] GC(640) Pause Full (Allocation Failure)
[2019-10-09T06:48:04.946+0000][81263.354s] GC(637) Concurrent Mark 7115.881ms
[2019-10-09T06:48:04.946+0000][81263.354s] GC(637) User=28.28s Sys=0.10s Real=7.12s
[2019-10-09T06:48:04.947+0000][81263.355s] GC(640) Phase 1: Mark live objects
[2019-10-09T06:48:10.239+0000][81268.647s] GC(640) Phase 1: Mark live objects 5292.076ms
[2019-10-09T06:48:10.239+0000][81268.647s] GC(640) Phase 2: Compute new object addresses
[2019-10-09T06:48:14.567+0000][81272.974s] GC(640) Phase 2: Compute new object addresses 4327.302ms
[2019-10-09T06:48:14.567+0000][81272.974s] GC(640) Phase 3: Adjust pointers
[2019-10-09T06:48:19.646+0000][81278.053s] GC(640) Phase 3: Adjust pointers 5078.910ms
[2019-10-09T06:48:19.646+0000][81278.053s] GC(640) Phase 4: Move objects
[2019-10-09T06:48:22.459+0000][81280.867s] GC(640) Phase 4: Move objects 2813.622ms
[2019-10-09T06:48:22.478+0000][81280.885s] GC(640) Pause Full (Allocation Failure) 7428M->6356M(7850M) 19822.705ms
[2019-10-09T06:48:22.478+0000][81280.885s] GC(639) ParNew: 1747648K->218018K(1747648K)
[2019-10-09T06:48:22.478+0000][81280.885s] GC(639) CMS: 5858966K->6291455K(6291456K)
[2019-10-09T06:48:22.478+0000][81280.885s] GC(639) Metaspace: 59021K->59021K(1103872K)
[2019-10-09T06:48:22.478+0000][81280.885s] GC(639) Pause Young (Allocation Failure) 7428M->6356M(7850M) 19822.865ms
[2019-10-09T06:48:22.478+0000][81280.885s] GC(639) User=26.69s Sys=0.00s Real=19.82s
[2019-10-09T06:48:24.478+0000][81282.885s] GC(641) Pause Initial Mark
[2019-10-09T06:48:24.931+0000][81283.338s] GC(641) Pause Initial Mark 7685M->7685M(7850M) 452.775ms
[2019-10-09T06:48:24.931+0000][81283.338s] GC(641) User=1.79s Sys=0.00s Real=0.45s
[2019-10-09T06:48:24.931+0000][81283.338s] GC(641) Concurrent Mark
[2019-10-09T06:48:24.931+0000][81283.338s] GC(641) Using 4 workers of 4 for marking
[2019-10-09T06:48:28.268+0000][81286.675s] GC(642) Pause Full (Allocation Failure)
[2019-10-09T06:48:29.765+0000][81288.173s] GC(641) Concurrent Mark 4834.281ms
[2019-10-09T06:48:29.765+0000][81288.173s] GC(641) User=19.27s Sys=0.00s Real=4.84s
[2019-10-09T06:48:29.767+0000][81288.174s] GC(642) Phase 1: Mark live objects
[2019-10-09T06:48:35.391+0000][81293.799s] GC(642) Phase 1: Mark live objects 5624.471ms
[2019-10-09T06:48:35.391+0000][81293.799s] GC(642) Phase 2: Compute new object addresses
[2019-10-09T06:48:39.944+0000][81298.352s] GC(642) Phase 2: Compute new object addresses 4553.246ms
[2019-10-09T06:48:39.944+0000][81298.352s] GC(642) Phase 3: Adjust pointers
[2019-10-09T06:48:45.280+0000][81303.687s] GC(642) Phase 3: Adjust pointers 5335.230ms
[2019-10-09T06:48:45.280+0000][81303.687s] GC(642) Phase 4: Move objects
[2019-10-09T06:48:48.018+0000][81306.425s] GC(642) Phase 4: Move objects 2738.350ms
[2019-10-09T06:48:48.036+0000][81306.444s] GC(642) ParNew: 1747647K->646920K(1747648K)
[2019-10-09T06:48:48.036+0000][81306.444s] GC(642) CMS: 6291455K->6291455K(6291456K)
[2019-10-09T06:48:48.036+0000][81306.444s] GC(642) Metaspace: 59050K->59050K(1103872K)
[2019-10-09T06:48:48.036+0000][81306.444s] GC(642) Pause Full (Allocation Failure) 7850M->6775M(7850M) 19768.501ms
[2019-10-09T06:48:48.036+0000][81306.444s] GC(642) User=24.25s Sys=0.00s Real=19.77s
[2019-10-09T06:48:50.037+0000][81308.444s] GC(643) Pause Initial Mark
[2019-10-09T06:48:50.683+0000][81309.090s] GC(643) Pause Initial Mark 7679M->7679M(7850M) 645.954ms
[2019-10-09T06:48:50.683+0000][81309.090s] GC(643) User=1.72s Sys=0.00s Real=0.65s
[2019-10-09T06:48:50.683+0000][81309.090s] GC(643) Concurrent Mark
[2019-10-09T06:48:50.683+0000][81309.090s] GC(643) Using 4 workers of 4 for marking
[2019-10-09T06:48:54.310+0000][81312.717s] GC(644) Pause Full (Allocation Failure)
[2019-10-09T06:48:55.688+0000][81314.095s] GC(643) Concurrent Mark 5005.193ms
[2019-10-09T06:48:55.688+0000][81314.095s] GC(643) User=19.96s Sys=0.00s Real=5.00s
[2019-10-09T06:48:55.689+0000][81314.096s] GC(644) Phase 1: Mark live objects
[2019-10-09T06:49:01.567+0000][81319.975s] GC(644) Phase 1: Mark live objects 5878.521ms
[2019-10-09T06:49:01.567+0000][81319.975s] GC(644) Phase 2: Compute new object addresses
[2019-10-09T06:49:06.167+0000][81324.575s] GC(644) Phase 2: Compute new object addresses 4600.064ms
[2019-10-09T06:49:06.167+0000][81324.575s] GC(644) Phase 3: Adjust pointers
[2019-10-09T06:49:11.646+0000][81330.054s] GC(644) Phase 3: Adjust pointers 5479.060ms
[2019-10-09T06:49:11.646+0000][81330.054s] GC(644) Phase 4: Move objects
[2019-10-09T06:49:14.477+0000][81332.884s] GC(644) Phase 4: Move objects 2830.214ms
[2019-10-09T06:49:14.495+0000][81332.902s] GC(644) ParNew: 1747647K->972751K(1747648K)
[2019-10-09T06:49:14.495+0000][81332.902s] GC(644) CMS: 6291455K->6291455K(6291456K)
[2019-10-09T06:49:14.495+0000][81332.902s] GC(644) Metaspace: 59056K->59056K(1103872K)
[2019-10-09T06:49:14.495+0000][81332.902s] GC(644) Pause Full (Allocation Failure) 7850M->7093M(7850M) 20185.019ms
[2019-10-09T06:49:14.495+0000][81332.902s] GC(644) User=24.32s Sys=0.00s Real=20.19s
[2019-10-09T06:49:16.495+0000][81334.902s] GC(645) Pause Initial Mark
[2019-10-09T06:49:17.316+0000][81335.724s] GC(645) Pause Initial Mark 7701M->7701M(7850M) 821.243ms
[2019-10-09T06:49:17.316+0000][81335.724s] GC(645) User=1.54s Sys=0.00s Real=0.82s
[2019-10-09T06:49:17.316+0000][81335.724s] GC(645) Concurrent Mark
[2019-10-09T06:49:17.316+0000][81335.724s] GC(645) Using 4 workers of 4 for marking
[2019-10-09T06:49:20.302+0000][81338.710s] GC(646) Pause Full (Allocation Failure)
[2019-10-09T06:49:22.068+0000][81340.476s] GC(645) Concurrent Mark 4751.949ms
[2019-10-09T06:49:22.068+0000][81340.476s] GC(645) User=18.94s Sys=0.00s Real=4.75s
[2019-10-09T06:49:22.069+0000][81340.476s] GC(646) Phase 1: Mark live objects
[2019-10-09T06:49:28.123+0000][81346.531s] GC(646) Phase 1: Mark live objects 6054.103ms
[2019-10-09T06:49:28.123+0000][81346.531s] GC(646) Phase 2: Compute new object addresses
[2019-10-09T06:49:32.756+0000][81351.164s] GC(646) Phase 2: Compute new object addresses 4633.275ms
[2019-10-09T06:49:32.756+0000][81351.164s] GC(646) Phase 3: Adjust pointers
[2019-10-09T06:49:38.326+0000][81356.734s] GC(646) Phase 3: Adjust pointers 5569.812ms
[2019-10-09T06:49:38.326+0000][81356.734s] GC(646) Phase 4: Move objects
[2019-10-09T06:49:41.235+0000][81359.642s] GC(646) Phase 4: Move objects 2908.185ms
[2019-10-09T06:49:41.253+0000][81359.660s] GC(646) ParNew: 1747647K->1202642K(1747648K)
[2019-10-09T06:49:41.253+0000][81359.660s] GC(646) CMS: 6291455K->6291455K(6291456K)
[2019-10-09T06:49:41.253+0000][81359.660s] GC(646) Metaspace: 59070K->59070K(1103872K)
[2019-10-09T06:49:41.253+0000][81359.660s] GC(646) Pause Full (Allocation Failure) 7850M->7318M(7850M) 20950.675ms
[2019-10-09T06:49:41.253+0000][81359.660s] GC(646) User=26.24s Sys=0.00s Real=20.95s
[2019-10-09T06:49:43.257+0000][81361.665s] GC(647) Pause Initial Mark
[2019-10-09T06:49:44.193+0000][81362.601s] GC(647) Pause Initial Mark 7718M->7718M(7850M) 935.943ms
[2019-10-09T06:49:44.193+0000][81362.601s] GC(647) User=1.35s Sys=0.00s Real=0.94s
[2019-10-09T06:49:44.193+0000][81362.601s] GC(647) Concurrent Mark
[2019-10-09T06:49:44.193+0000][81362.601s] GC(647) Using 4 workers of 4 for marking
[2019-10-09T06:49:47.313+0000][81365.721s] GC(648) Pause Full (Allocation Failure)
[2019-10-09T06:49:49.051+0000][81367.458s] GC(647) Concurrent Mark 4857.488ms
[2019-10-09T06:49:49.052+0000][81367.459s] GC(647) User=19.31s Sys=0.00s Real=4.85s
[2019-10-09T06:49:49.052+0000][81367.460s] GC(648) Phase 1: Mark live objects
[2019-10-09T06:49:55.217+0000][81373.624s] GC(648) Phase 1: Mark live objects 6164.215ms
[2019-10-09T06:49:55.217+0000][81373.624s] GC(648) Phase 2: Compute new object addresses
[2019-10-09T06:49:59.857+0000][81378.265s] GC(648) Phase 2: Compute new object addresses 4640.498ms
[2019-10-09T06:49:59.857+0000][81378.265s] GC(648) Phase 3: Adjust pointers
[2019-10-09T06:50:05.553+0000][81383.960s] GC(648) Phase 3: Adjust pointers 5695.849ms
[2019-10-09T06:50:05.553+0000][81383.960s] GC(648) Phase 4: Move objects
[2019-10-09T06:50:08.511+0000][81386.918s] GC(648) Phase 4: Move objects 2957.645ms
[2019-10-09T06:50:08.529+0000][81386.936s] GC(648) ParNew: 1747648K->1362852K(1747648K)
[2019-10-09T06:50:08.529+0000][81386.936s] GC(648) CMS: 6291455K->6291455K(6291456K)
[2019-10-09T06:50:08.529+0000][81386.936s] GC(648) Metaspace: 59076K->59076K(1103872K)
[2019-10-09T06:50:08.529+0000][81386.937s] GC(648) Pause Full (Allocation Failure) 7850M->7474M(7850M) 21215.700ms
[2019-10-09T06:50:08.529+0000][81386.937s] GC(648) User=26.36s Sys=0.00s Real=21.21s
[2019-10-09T06:50:10.529+0000][81388.936s] GC(649) Pause Initial Mark
[2019-10-09T06:50:11.646+0000][81390.053s] GC(649) Pause Initial Mark 7730M->7730M(7850M) 1117.040ms
[2019-10-09T06:50:11.646+0000][81390.053s] GC(649) User=1.42s Sys=0.00s Real=1.12s
[2019-10-09T06:50:11.646+0000][81390.054s] GC(649) Concurrent Mark
[2019-10-09T06:50:11.646+0000][81390.054s] GC(649) Using 4 workers of 4 for marking
[2019-10-09T06:50:14.123+0000][81392.530s] GC(650) Pause Full (Allocation Failure)
[2019-10-09T06:50:16.299+0000][81394.706s] GC(649) Concurrent Mark 4652.561ms
[2019-10-09T06:50:16.299+0000][81394.706s] GC(649) User=18.57s Sys=0.00s Real=4.65s
[2019-10-09T06:50:16.299+0000][81394.707s] GC(650) Phase 1: Mark live objects
[2019-10-09T06:50:22.564+0000][81400.972s] GC(650) Phase 1: Mark live objects 6264.907ms
[2019-10-09T06:50:22.564+0000][81400.972s] GC(650) Phase 2: Compute new object addresses
[2019-10-09T06:50:27.221+0000][81405.628s] GC(650) Phase 2: Compute new object addresses 4656.265ms
[2019-10-09T06:50:27.221+0000][81405.628s] GC(650) Phase 3: Adjust pointers
[2019-10-09T06:50:32.908+0000][81411.315s] GC(650) Phase 3: Adjust pointers 5687.106ms
[2019-10-09T06:50:32.908+0000][81411.315s] GC(650) Phase 4: Move objects
[2019-10-09T06:50:36.044+0000][81414.451s] GC(650) Phase 4: Move objects 3135.848ms
[2019-10-09T06:50:36.062+0000][81414.469s] GC(650) ParNew: 1747648K->1476772K(1747648K)
[2019-10-09T06:50:36.062+0000][81414.469s] GC(650) CMS: 6291455K->6291455K(6291456K)
[2019-10-09T06:50:36.062+0000][81414.469s] GC(650) Metaspace: 59081K->59081K(1103872K)
[2019-10-09T06:50:36.062+0000][81414.469s] GC(650) Pause Full (Allocation Failure) 7850M->7586M(7850M) 21939.146ms
[2019-10-09T06:50:36.062+0000][81414.469s] GC(650) User=28.47s Sys=0.00s Real=21.94s
[2019-10-09T06:50:38.062+0000][81416.470s] GC(651) Pause Initial Mark
[2019-10-09T06:50:39.086+0000][81417.493s] GC(651) Pause Initial Mark 7812M->7812M(7850M) 1023.508ms
[2019-10-09T06:50:39.086+0000][81417.493s] GC(651) User=1.24s Sys=0.00s Real=1.02s
[2019-10-09T06:50:39.086+0000][81417.493s] GC(651) Concurrent Mark
[2019-10-09T06:50:39.086+0000][81417.493s] GC(651) Using 4 workers of 4 for marking
[2019-10-09T06:50:39.856+0000][81418.263s] GC(652) Pause Full (Allocation Failure)
[2019-10-09T06:50:43.526+0000][81421.933s] GC(651) Concurrent Mark 4440.091ms
[2019-10-09T06:50:43.526+0000][81421.933s] GC(651) User=17.71s Sys=0.00s Real=4.44s
[2019-10-09T06:50:43.527+0000][81421.934s] GC(652) Phase 1: Mark live objects
[2019-10-09T06:50:49.856+0000][81428.264s] GC(652) Phase 1: Mark live objects 6329.923ms
[2019-10-09T06:50:49.857+0000][81428.264s] GC(652) Phase 2: Compute new object addresses
[2019-10-09T06:50:54.522+0000][81432.930s] GC(652) Phase 2: Compute new object addresses 4665.706ms
[2019-10-09T06:50:54.522+0000][81432.930s] GC(652) Phase 3: Adjust pointers
[2019-10-09T06:51:00.229+0000][81438.637s] GC(652) Phase 3: Adjust pointers 5706.966ms
[2019-10-09T06:51:00.229+0000][81438.637s] GC(652) Phase 4: Move objects
[2019-10-09T06:51:03.219+0000][81441.626s] GC(652) Phase 4: Move objects 2989.685ms
[2019-10-09T06:51:03.237+0000][81441.645s] GC(652) ParNew: 1747647K->1557487K(1747648K)
[2019-10-09T06:51:03.237+0000][81441.645s] GC(652) CMS: 6291455K->6291455K(6291456K)
[2019-10-09T06:51:03.237+0000][81441.645s] GC(652) Metaspace: 59093K->59093K(1103872K)
[2019-10-09T06:51:03.237+0000][81441.645s] GC(652) Pause Full (Allocation Failure) 7850M->7664M(7850M) 23381.749ms
[2019-10-09T06:51:03.237+0000][81441.645s] GC(652) User=34.38s Sys=0.00s Real=23.38s
[2019-10-09T06:51:04.897+0000][81443.304s] GC(653) Pause Full (Allocation Failure)
[2019-10-09T06:51:04.898+0000][81443.306s] GC(653) Phase 1: Mark live objects
[2019-10-09T06:51:11.267+0000][81449.675s] GC(653) Phase 1: Mark live objects 6369.052ms
[2019-10-09T06:51:11.267+0000][81449.675s] GC(653) Phase 2: Compute new object addresses
[2019-10-09T06:51:15.936+0000][81454.343s] GC(653) Phase 2: Compute new object addresses 4668.288ms
[2019-10-09T06:51:15.936+0000][81454.343s] GC(653) Phase 3: Adjust pointers
[2019-10-09T06:51:21.686+0000][81460.093s] GC(653) Phase 3: Adjust pointers 5749.854ms
[2019-10-09T06:51:21.686+0000][81460.093s] GC(653) Phase 4: Move objects
[2019-10-09T06:51:24.703+0000][81463.111s] GC(653) Phase 4: Move objects 3017.747ms
[2019-10-09T06:51:24.722+0000][81463.129s] GC(653) ParNew: 1747648K->1608797K(1747648K)
[2019-10-09T06:51:24.722+0000][81463.129s] GC(653) CMS: 6291455K->6291455K(6291456K)
[2019-10-09T06:51:24.722+0000][81463.129s] GC(653) Metaspace: 59095K->59095K(1103872K)
[2019-10-09T06:51:24.722+0000][81463.129s] GC(653) Pause Full (Allocation Failure) 7850M->7715M(7850M) 19824.711ms
[2019-10-09T06:51:24.722+0000][81463.129s] GC(653) User=19.83s Sys=0.00s Real=19.83s
[2019-10-09T06:51:24.722+0000][81463.130s] GC(654) Pause Initial Mark
[2019-10-09T06:51:25.867+0000][81464.275s] GC(654) Pause Initial Mark 7715M->7715M(7850M) 1144.962ms
[2019-10-09T06:51:25.867+0000][81464.275s] GC(654) User=1.44s Sys=0.00s Real=1.14s
[2019-10-09T06:51:25.867+0000][81464.275s] GC(654) Concurrent Mark
[2019-10-09T06:51:25.867+0000][81464.275s] GC(654) Using 4 workers of 4 for marking
[2019-10-09T06:51:28.617+0000][81467.024s] GC(655) Pause Full (Allocation Failure)
[2019-10-09T06:51:30.412+0000][81468.819s] GC(654) Concurrent Mark 4544.733ms
[2019-10-09T06:51:30.412+0000][81468.820s] GC(654) User=17.94s Sys=0.00s Real=4.55s
[2019-10-09T06:51:30.413+0000][81468.820s] GC(655) Phase 1: Mark live objects
[2019-10-09T06:51:36.805+0000][81475.212s] GC(655) Phase 1: Mark live objects 6391.782ms
[2019-10-09T06:51:36.805+0000][81475.212s] GC(655) Phase 2: Compute new object addresses
[2019-10-09T06:51:41.472+0000][81479.879s] GC(655) Phase 2: Compute new object addresses 4667.179ms
[2019-10-09T06:51:41.472+0000][81479.879s] GC(655) Phase 3: Adjust pointers
[2019-10-09T06:51:47.232+0000][81485.640s] GC(655) Phase 3: Adjust pointers 5760.268ms
[2019-10-09T06:51:47.232+0000][81485.640s] GC(655) Phase 4: Move objects
[2019-10-09T06:51:50.257+0000][81488.665s] GC(655) Phase 4: Move objects 3025.076ms
[2019-10-09T06:51:50.275+0000][81488.683s] GC(655) ParNew: 1747647K->1647546K(1747648K)
[2019-10-09T06:51:50.275+0000][81488.683s] GC(655) CMS: 6291455K->6291455K(6291456K)
[2019-10-09T06:51:50.275+0000][81488.683s] GC(655) Metaspace: 59099K->59099K(1103872K)
[2019-10-09T06:51:50.275+0000][81488.683s] GC(655) Pause Full (Allocation Failure) 7850M->7752M(7850M) 21658.963ms
[2019-10-09T06:51:50.276+0000][81488.683s] GC(655) User=27.04s Sys=0.00s Real=21.66s
[2019-10-09T06:51:51.115+0000][81489.522s] GC(656) Pause Full (Allocation Failure)
[2019-10-09T06:51:51.116+0000][81489.523s] GC(656) Phase 1: Mark live objects
[2019-10-09T06:51:57.498+0000][81495.906s] GC(656) Phase 1: Mark live objects 6382.485ms
[2019-10-09T06:51:57.498+0000][81495.906s] GC(656) Phase 2: Compute new object addresses
[2019-10-09T06:52:02.181+0000][81500.589s] GC(656) Phase 2: Compute new object addresses 4682.874ms
[2019-10-09T06:52:02.181+0000][81500.589s] GC(656) Phase 3: Adjust pointers
[2019-10-09T06:52:07.870+0000][81506.278s] GC(656) Phase 3: Adjust pointers 5689.031ms
[2019-10-09T06:52:07.870+0000][81506.278s] GC(656) Phase 4: Move objects
[2019-10-09T06:52:10.865+0000][81509.273s] GC(656) Phase 4: Move objects 2994.766ms
[2019-10-09T06:52:10.883+0000][81509.291s] GC(656) ParNew: 1747647K->1675656K(1747648K)
[2019-10-09T06:52:10.883+0000][81509.291s] GC(656) CMS: 6291455K->6291455K(6291456K)
[2019-10-09T06:52:10.883+0000][81509.291s] GC(656) Metaspace: 59108K->59108K(1103872K)
[2019-10-09T06:52:10.884+0000][81509.291s] GC(656) Pause Full (Allocation Failure) 7850M->7780M(7850M) 19768.832ms
[2019-10-09T06:52:10.884+0000][81509.291s] GC(656) User=19.79s Sys=0.00s Real=19.77s
[2019-10-09T06:52:10.884+0000][81509.291s] GC(657) Pause Initial Mark
[2019-10-09T06:52:11.904+0000][81510.311s] GC(657) Pause Initial Mark 7780M->7780M(7850M) 1019.671ms
[2019-10-09T06:52:11.904+0000][81510.311s] GC(657) User=1.22s Sys=0.00s Real=1.02s
[2019-10-09T06:52:11.904+0000][81510.311s] GC(657) Concurrent Mark
[2019-10-09T06:52:11.904+0000][81510.311s] GC(657) Using 4 workers of 4 for marking
[2019-10-09T06:52:13.245+0000][81511.652s] GC(658) Pause Full (Allocation Failure)
[2019-10-09T06:52:16.371+0000][81514.778s] GC(657) Concurrent Mark 4467.206ms
[2019-10-09T06:52:16.371+0000][81514.778s] GC(657) User=17.70s Sys=0.00s Real=4.46s
[2019-10-09T06:52:16.372+0000][81514.779s] GC(658) Phase 1: Mark live objects
[2019-10-09T06:52:22.773+0000][81521.180s] GC(658) Phase 1: Mark live objects 6401.304ms
[2019-10-09T06:52:22.773+0000][81521.180s] GC(658) Phase 2: Compute new object addresses
[2019-10-09T06:52:27.447+0000][81525.854s] GC(658) Phase 2: Compute new object addresses 4673.680ms
[2019-10-09T06:52:27.447+0000][81525.854s] GC(658) Phase 3: Adjust pointers
[2019-10-09T06:52:33.226+0000][81531.633s] GC(658) Phase 3: Adjust pointers 5779.378ms
[2019-10-09T06:52:33.226+0000][81531.634s] GC(658) Phase 4: Move objects
[2019-10-09T06:52:36.257+0000][81534.664s] GC(658) Phase 4: Move objects 3030.433ms
[2019-10-09T06:52:36.275+0000][81534.682s] GC(658) ParNew: 1747647K->1694500K(1747648K)
[2019-10-09T06:52:36.275+0000][81534.682s] GC(658) CMS: 6291455K->6291456K(6291456K)
[2019-10-09T06:52:36.275+0000][81534.682s] GC(658) Metaspace: 59144K->59144K(1103872K)
[2019-10-09T06:52:36.275+0000][81534.682s] GC(658) Pause Full (Allocation Failure) 7850M->7798M(7850M) 23030.327ms
[2019-10-09T06:52:36.275+0000][81534.682s] GC(658) User=32.40s Sys=0.00s Real=23.03s
[2019-10-09T06:52:36.734+0000][81535.142s] GC(659) Pause Full (Allocation Failure)
[2019-10-09T06:52:36.736+0000][81535.143s] GC(659) Phase 1: Mark live objects
[2019-10-09T06:52:43.193+0000][81541.601s] GC(659) Phase 1: Mark live objects 6457.577ms
[2019-10-09T06:52:43.193+0000][81541.601s] GC(659) Phase 2: Compute new object addresses
[2019-10-09T06:52:47.881+0000][81546.289s] GC(659) Phase 2: Compute new object addresses 4687.870ms
[2019-10-09T06:52:47.881+0000][81546.289s] GC(659) Phase 3: Adjust pointers
[2019-10-09T06:52:53.625+0000][81552.033s] GC(659) Phase 3: Adjust pointers 5743.844ms
[2019-10-09T06:52:53.625+0000][81552.033s] GC(659) Phase 4: Move objects
[2019-10-09T06:52:56.677+0000][81555.085s] GC(659) Phase 4: Move objects 3052.111ms
[2019-10-09T06:52:56.696+0000][81555.103s] GC(659) ParNew: 1747647K->1709909K(1747648K)
[2019-10-09T06:52:56.696+0000][81555.103s] GC(659) CMS: 6291456K->6291456K(6291456K)
[2019-10-09T06:52:56.696+0000][81555.103s] GC(659) Metaspace: 59150K->59150K(1103872K)
[2019-10-09T06:52:56.696+0000][81555.103s] GC(659) Pause Full (Allocation Failure) 7850M->7813M(7850M) 19961.471ms
[2019-10-09T06:52:56.696+0000][81555.103s] GC(659) User=19.98s Sys=0.00s Real=19.96s
[2019-10-09T06:52:56.708+0000][81555.116s] GC(660) Pause Initial Mark
[2019-10-09T06:52:57.728+0000][81556.135s] GC(660) Pause Initial Mark 7815M->7815M(7850M) 1019.538ms
[2019-10-09T06:52:57.728+0000][81556.135s] GC(660) User=1.25s Sys=0.00s Real=1.02s
[2019-10-09T06:52:57.728+0000][81556.135s] GC(660) Concurrent Mark
[2019-10-09T06:52:57.728+0000][81556.135s] GC(660) Using 4 workers of 4 for marking
[2019-10-09T06:52:58.403+0000][81556.811s] GC(661) Pause Full (Allocation Failure)
[2019-10-09T06:53:02.220+0000][81560.627s] GC(660) Concurrent Mark 4491.522ms
[2019-10-09T06:53:02.220+0000][81560.627s] GC(660) User=17.58s Sys=0.00s Real=4.49s
[2019-10-09T06:53:02.220+0000][81560.628s] GC(661) Phase 1: Mark live objects
[2019-10-09T06:53:08.656+0000][81567.063s] GC(661) Phase 1: Mark live objects 6435.263ms
[2019-10-09T06:53:08.656+0000][81567.063s] GC(661) Phase 2: Compute new object addresses
[2019-10-09T06:53:13.332+0000][81571.739s] GC(661) Phase 2: Compute new object addresses 4676.509ms
[2019-10-09T06:53:13.332+0000][81571.740s] GC(661) Phase 3: Adjust pointers
[2019-10-09T06:53:19.177+0000][81577.585s] GC(661) Phase 3: Adjust pointers 5845.167ms
[2019-10-09T06:53:19.177+0000][81577.585s] GC(661) Phase 4: Move objects
[2019-10-09T06:53:22.278+0000][81580.686s] GC(661) Phase 4: Move objects 3100.892ms
[2019-10-09T06:53:22.297+0000][81580.704s] GC(661) ParNew: 1747647K->1711403K(1747648K)
[2019-10-09T06:53:22.297+0000][81580.704s] GC(661) CMS: 6291456K->6291455K(6291456K)
[2019-10-09T06:53:22.297+0000][81580.704s] GC(661) Metaspace: 59206K->59206K(1103872K)
[2019-10-09T06:53:22.297+0000][81580.704s] GC(661) Pause Full (Allocation Failure) 7850M->7815M(7850M) 23893.616ms
[2019-10-09T06:53:22.297+0000][81580.704s] GC(661) User=35.26s Sys=0.00s Real=23.89s
[2019-10-09T06:53:22.611+0000][81581.018s] GC(662) Pause Full (Allocation Failure)
[2019-10-09T06:53:22.612+0000][81581.020s] GC(662) Phase 1: Mark live objects
[2019-10-09T06:53:29.069+0000][81587.477s] GC(662) Phase 1: Mark live objects 6456.887ms
[2019-10-09T06:53:29.069+0000][81587.477s] GC(662) Phase 2: Compute new object addresses
[2019-10-09T06:53:33.753+0000][81592.160s] GC(662) Phase 2: Compute new object addresses 4683.677ms
[2019-10-09T06:53:33.753+0000][81592.160s] GC(662) Phase 3: Adjust pointers
[2019-10-09T06:53:39.572+0000][81597.979s] GC(662) Phase 3: Adjust pointers 5818.766ms
[2019-10-09T06:53:39.572+0000][81597.979s] GC(662) Phase 4: Move objects
[2019-10-09T06:53:42.615+0000][81601.023s] GC(662) Phase 4: Move objects 3043.582ms
[2019-10-09T06:53:42.634+0000][81601.041s] GC(662) ParNew: 1747647K->1718177K(1747648K)
[2019-10-09T06:53:42.634+0000][81601.041s] GC(662) CMS: 6291455K->6291455K(6291456K)
[2019-10-09T06:53:42.634+0000][81601.041s] GC(662) Metaspace: 59206K->59206K(1103872K)
[2019-10-09T06:53:42.634+0000][81601.041s] GC(662) Pause Full (Allocation Failure) 7850M->7821M(7850M) 20023.141ms
[2019-10-09T06:53:42.634+0000][81601.041s] GC(662) User=20.03s Sys=0.00s Real=20.03s
[2019-10-09T06:53:42.635+0000][81601.042s] GC(663) Pause Initial Mark
[2019-10-09T06:53:43.656+0000][81602.063s] GC(663) Pause Initial Mark 7821M->7821M(7850M) 1021.308ms
[2019-10-09T06:53:43.656+0000][81602.063s] GC(663) User=1.26s Sys=0.00s Real=1.02s
[2019-10-09T06:53:43.656+0000][81602.063s] GC(663) Concurrent Mark
[2019-10-09T06:53:43.656+0000][81602.063s] GC(663) Using 4 workers of 4 for marking
[2019-10-09T06:53:43.972+0000][81602.380s] GC(664) Pause Full (Allocation Failure)
[2019-10-09T06:53:47.709+0000][81606.116s] GC(663) Concurrent Mark 4052.508ms
[2019-10-09T06:53:47.709+0000][81606.116s] GC(663) User=16.05s Sys=0.00s Real=4.05s
[2019-10-09T06:53:47.709+0000][81606.117s] GC(664) Phase 1: Mark live objects
[2019-10-09T06:53:54.125+0000][81612.532s] GC(664) Phase 1: Mark live objects 6415.483ms
[2019-10-09T06:53:54.125+0000][81612.532s] GC(664) Phase 2: Compute new object addresses
[2019-10-09T06:53:58.830+0000][81617.237s] GC(664) Phase 2: Compute new object addresses 4705.155ms
[2019-10-09T06:53:58.830+0000][81617.237s] GC(664) Phase 3: Adjust pointers
[2019-10-09T06:54:04.642+0000][81623.050s] GC(664) Phase 3: Adjust pointers 5812.193ms
[2019-10-09T06:54:04.642+0000][81623.050s] GC(664) Phase 4: Move objects
[2019-10-09T06:54:07.774+0000][81626.181s] GC(664) Phase 4: Move objects 3131.639ms
[2019-10-09T06:54:07.792+0000][81626.200s] GC(664) ParNew: 1747450K->1577603K(1747648K)
[2019-10-09T06:54:07.792+0000][81626.200s] GC(664) CMS: 6291455K->6291455K(6291456K)
[2019-10-09T06:54:07.792+0000][81626.200s] GC(664) Metaspace: 59209K->59209K(1103872K)
[2019-10-09T06:54:07.792+0000][81626.200s] GC(664) Pause Full (Allocation Failure) 7850M->7684M(7850M) 23819.910ms
[2019-10-09T06:54:07.792+0000][81626.200s] GC(664) User=35.01s Sys=0.00s Real=23.82s
[2019-10-09T06:54:09.203+0000][81627.610s] GC(665) Pause Full (Allocation Failure)
[2019-10-09T06:54:09.204+0000][81627.612s] GC(665) Phase 1: Mark live objects
[2019-10-09T06:54:15.738+0000][81634.145s] GC(665) Phase 1: Mark live objects 6533.264ms
[2019-10-09T06:54:15.738+0000][81634.145s] GC(665) Phase 2: Compute new object addresses
[2019-10-09T06:54:20.523+0000][81638.930s] GC(665) Phase 2: Compute new object addresses 4785.009ms
[2019-10-09T06:54:20.523+0000][81638.930s] GC(665) Phase 3: Adjust pointers
[2019-10-09T06:54:26.459+0000][81644.867s] GC(665) Phase 3: Adjust pointers 5936.505ms
[2019-10-09T06:54:26.459+0000][81644.867s] GC(665) Phase 4: Move objects
[2019-10-09T06:54:29.554+0000][81647.961s] GC(665) Phase 4: Move objects 3094.694ms
[2019-10-09T06:54:29.572+0000][81647.980s] GC(665) ParNew: 1747647K->1556212K(1747648K)
[2019-10-09T06:54:29.572+0000][81647.980s] GC(665) CMS: 6291456K->6291456K(6291456K)
[2019-10-09T06:54:29.572+0000][81647.980s] GC(665) Metaspace: 59268K->59268K(1103872K)
[2019-10-09T06:54:29.572+0000][81647.980s] GC(665) Pause Full (Allocation Failure) 7850M->7663M(7850M) 20369.699ms
[2019-10-09T06:54:29.573+0000][81647.980s] GC(665) User=20.38s Sys=0.00s Real=20.37s
[2019-10-09T06:54:29.573+0000][81647.981s] GC(666) Pause Initial Mark
[2019-10-09T06:54:30.588+0000][81648.995s] GC(666) Pause Initial Mark 7663M->7663M(7850M) 1014.542ms
[2019-10-09T06:54:30.588+0000][81648.995s] GC(666) User=1.13s Sys=0.00s Real=1.01s
[2019-10-09T06:54:30.588+0000][81648.995s] GC(666) Concurrent Mark
[2019-10-09T06:54:30.588+0000][81648.995s] GC(666) Using 4 workers of 4 for marking
[2019-10-09T06:54:34.286+0000][81652.693s] GC(667) Pause Full (Allocation Failure)
[2019-10-09T06:54:36.343+0000][81654.750s] GC(666) Concurrent Mark 5755.170ms
[2019-10-09T06:54:36.343+0000][81654.751s] GC(666) User=22.23s Sys=0.00s Real=5.76s
[2019-10-09T06:54:36.344+0000][81654.751s] GC(667) Phase 1: Mark live objects
[2019-10-09T06:54:42.892+0000][81661.299s] GC(667) Phase 1: Mark live objects 6548.118ms
[2019-10-09T06:54:42.892+0000][81661.299s] GC(667) Phase 2: Compute new object addresses
[2019-10-09T06:54:47.711+0000][81666.119s] GC(667) Phase 2: Compute new object addresses 4819.502ms
[2019-10-09T06:54:47.711+0000][81666.119s] GC(667) Phase 3: Adjust pointers
[2019-10-09T06:54:53.597+0000][81672.004s] GC(667) Phase 3: Adjust pointers 5885.550ms
[2019-10-09T06:54:53.597+0000][81672.004s] GC(667) Phase 4: Move objects
[2019-10-09T06:54:56.681+0000][81675.088s] GC(667) Phase 4: Move objects 3083.472ms
[2019-10-09T06:54:56.699+0000][81675.106s] GC(667) ParNew: 1747648K->1433822K(1747648K)
[2019-10-09T06:54:56.699+0000][81675.106s] GC(667) CMS: 6291456K->6291455K(6291456K)
[2019-10-09T06:54:56.699+0000][81675.106s] GC(667) Metaspace: 59403K->59403K(1103872K)
[2019-10-09T06:54:56.699+0000][81675.106s] GC(667) Pause Full (Allocation Failure) 7850M->7544M(7850M) 22413.192ms
[2019-10-09T06:54:56.699+0000][81675.106s] GC(667) User=28.38s Sys=0.00s Real=22.41s
[2019-10-09T06:54:58.699+0000][81677.107s] GC(668) Pause Initial Mark
[2019-10-09T06:54:59.719+0000][81678.126s] GC(668) Pause Initial Mark 7775M->7775M(7850M) 1019.650ms
[2019-10-09T06:54:59.719+0000][81678.126s] GC(668) User=1.23s Sys=0.00s Real=1.02s
[2019-10-09T06:54:59.719+0000][81678.126s] GC(668) Concurrent Mark
[2019-10-09T06:54:59.719+0000][81678.127s] GC(668) Using 4 workers of 4 for marking
[2019-10-09T06:55:01.415+0000][81679.823s] GC(669) Pause Full (Allocation Failure)
[2019-10-09T06:55:05.883+0000][81684.290s] GC(668) Concurrent Mark 6163.487ms
[2019-10-09T06:55:05.883+0000][81684.290s] GC(668) User=24.34s Sys=0.00s Real=6.17s
[2019-10-09T06:55:05.883+0000][81684.291s] GC(669) Phase 1: Mark live objects
[2019-10-09T06:55:12.491+0000][81690.898s] GC(669) Phase 1: Mark live objects 6607.888ms
[2019-10-09T06:55:12.491+0000][81690.899s] GC(669) Phase 2: Compute new object addresses
[2019-10-09T06:55:17.415+0000][81695.822s] GC(669) Phase 2: Compute new object addresses 4923.955ms
[2019-10-09T06:55:17.415+0000][81695.823s] GC(669) Phase 3: Adjust pointers
[2019-10-09T06:55:23.360+0000][81701.768s] GC(669) Phase 3: Adjust pointers 5945.136ms
[2019-10-09T06:55:23.360+0000][81701.768s] GC(669) Phase 4: Move objects
[2019-10-09T06:55:26.475+0000][81704.883s] GC(669) Phase 4: Move objects 3114.758ms
[2019-10-09T06:55:26.493+0000][81704.901s] GC(669) ParNew: 1747647K->1509646K(1747648K)
[2019-10-09T06:55:26.493+0000][81704.901s] GC(669) CMS: 6291456K->6291455K(6291456K)
[2019-10-09T06:55:26.493+0000][81704.901s] GC(669) Metaspace: 59443K->59443K(1103872K)
[2019-10-09T06:55:26.494+0000][81704.901s] GC(669) Pause Full (Allocation Failure) 7850M->7618M(7850M) 25078.152ms
[2019-10-09T06:55:26.494+0000][81704.901s] GC(669) User=38.28s Sys=0.00s Real=25.08s
[2019-10-09T06:55:28.493+0000][81706.901s] GC(670) Pause Initial Mark
[2019-10-09T06:55:29.510+0000][81707.917s] GC(670) Pause Initial Mark 7843M->7843M(7850M) 1016.593ms
[2019-10-09T06:55:29.510+0000][81707.917s] GC(670) User=1.28s Sys=0.00s Real=1.01s
[2019-10-09T06:55:29.510+0000][81707.917s] GC(670) Concurrent Mark
[2019-10-09T06:55:29.510+0000][81707.917s] GC(670) Using 4 workers of 4 for marking
[2019-10-09T06:55:29.633+0000][81708.041s] GC(671) Pause Full (Allocation Failure)
[2019-10-09T06:55:35.344+0000][81713.751s] GC(670) Concurrent Mark 5833.899ms
[2019-10-09T06:55:35.344+0000][81713.751s] GC(670) User=22.99s Sys=0.00s Real=5.84s
[2019-10-09T06:55:35.344+0000][81713.752s] GC(671) Phase 1: Mark live objects
[2019-10-09T06:55:41.971+0000][81720.378s] GC(671) Phase 1: Mark live objects 6626.442ms
[2019-10-09T06:55:41.971+0000][81720.378s] GC(671) Phase 2: Compute new object addresses
[2019-10-09T06:55:46.889+0000][81725.297s] GC(671) Phase 2: Compute new object addresses 4918.202ms
[2019-10-09T06:55:46.889+0000][81725.297s] GC(671) Phase 3: Adjust pointers
[2019-10-09T06:55:52.843+0000][81731.250s] GC(671) Phase 3: Adjust pointers 5953.788ms
[2019-10-09T06:55:52.843+0000][81731.250s] GC(671) Phase 4: Move objects
[2019-10-09T06:55:55.938+0000][81734.345s] GC(671) Phase 4: Move objects 3095.043ms
[2019-10-09T06:55:55.956+0000][81734.364s] GC(671) ParNew: 1747647K->1580536K(1747648K)
[2019-10-09T06:55:55.956+0000][81734.364s] GC(671) CMS: 6291456K->6291455K(6291456K)
[2019-10-09T06:55:55.956+0000][81734.364s] GC(671) Metaspace: 59445K->59445K(1103872K)
[2019-10-09T06:55:55.956+0000][81734.364s] GC(671) Pause Full (Allocation Failure) 7850M->7687M(7850M) 26322.923ms
[2019-10-09T06:55:55.956+0000][81734.364s] GC(671) User=43.12s Sys=0.00s Real=26.32s
[2019-10-09T06:55:55.959+0000][81734.367s] Heap
[2019-10-09T06:55:55.959+0000][81734.367s]  par new generation   total 1747648K, used 1580799K [0x00000005c0000000, 0x0000000640000000, 0x0000000640000000)
[2019-10-09T06:55:55.959+0000][81734.367s]   eden space 1398144K, 100% used [0x00000005c0000000, 0x0000000615560000, 0x0000000615560000)
[2019-10-09T06:55:55.959+0000][81734.367s]   from space 349504K,  52% used [0x0000000615560000, 0x00000006207bfc78, 0x000000062aab0000)
[2019-10-09T06:55:55.959+0000][81734.367s]   to   space 349504K,   0% used [0x000000062aab0000, 0x000000062aab0000, 0x0000000640000000)
[2019-10-09T06:55:55.959+0000][81734.367s]  concurrent mark-sweep generation total 6291456K, used 6291455K [0x0000000640000000, 0x00000007c0000000, 0x00000007c0000000)
[2019-10-09T06:55:55.959+0000][81734.367s]  Metaspace       used 59465K, capacity 60619K, committed 61652K, reserved 1103872K
[2019-10-09T06:55:55.959+0000][81734.367s]   class space    used 5793K, capacity 6234K, committed 6556K, reserved 1048576K
